INFO:  --------------------------------Een Init----------------------------------
INFO:  Code will run in cuda:0
INFO:  --------------------------------Dataset Init------------------------------
INFO:  --------------------------------Model Init--------------------------------
INFO:  --------------------------------Session Init------------------------------
INFO:  ------------------------------------ Main --------------------------------
INFO:  --------------------------------------------------
INFO:  TRAIN:epoch = 0/6000 classification_loss = 0.00000 train_time = 0.75
INFO:  ----------
INFO:  late_risk Accuracy: 0.00% val_time = 1762327376.69
INFO:  day_for_shipping Accuracy: 2.49% val_time = 1762327376.69
INFO:  on_time Accuracy: 23.70% val_time = 1762327376.69
INFO:  ----------
INFO:  best_overall_accuracy: 8.73% 
INFO:  --------------------------------------------------
INFO:  TRAIN:epoch = 1/6000 classification_loss = 0.00000 train_time = 0.14
INFO:  ----------
INFO:  late_risk Accuracy: 50.78% val_time = 1762327376.85
INFO:  day_for_shipping Accuracy: 2.99% val_time = 1762327376.85
INFO:  on_time Accuracy: 76.30% val_time = 1762327376.85
INFO:  ----------
INFO:  best_overall_accuracy: 43.35% 
INFO:  --------------------------------------------------
INFO:  TRAIN:epoch = 2/6000 classification_loss = 0.00000 train_time = 0.10
INFO:  ----------
INFO:  late_risk Accuracy: 50.78% val_time = 1762327376.98
INFO:  day_for_shipping Accuracy: 2.99% val_time = 1762327376.98
INFO:  on_time Accuracy: 76.30% val_time = 1762327376.98
INFO:  --------------------------------------------------
INFO:  TRAIN:epoch = 3/6000 classification_loss = 0.00000 train_time = 0.10
INFO:  ----------
INFO:  late_risk Accuracy: 50.78% val_time = 1762327377.09
INFO:  day_for_shipping Accuracy: 2.99% val_time = 1762327377.09
INFO:  on_time Accuracy: 76.30% val_time = 1762327377.09
INFO:  --------------------------------------------------
INFO:  TRAIN:epoch = 4/6000 classification_loss = 0.00000 train_time = 0.10
INFO:  ----------
INFO:  late_risk Accuracy: 50.78% val_time = 1762327377.21
INFO:  day_for_shipping Accuracy: 0.00% val_time = 1762327377.21
INFO:  on_time Accuracy: 0.00% val_time = 1762327377.21
INFO:  --------------------------------------------------
INFO:  TRAIN:epoch = 5/6000 classification_loss = 0.00000 train_time = 0.10
INFO:  ----------
INFO:  late_risk Accuracy: 50.78% val_time = 1762327377.33
INFO:  day_for_shipping Accuracy: 0.00% val_time = 1762327377.33
INFO:  on_time Accuracy: 0.00% val_time = 1762327377.33
INFO:  --------------------------------------------------
INFO:  TRAIN:epoch = 6/6000 classification_loss = 0.00000 train_time = 0.10
INFO:  ----------
INFO:  late_risk Accuracy: 50.78% val_time = 1762327377.45
INFO:  day_for_shipping Accuracy: 0.00% val_time = 1762327377.45
INFO:  on_time Accuracy: 0.00% val_time = 1762327377.45
INFO:  --------------------------------------------------
INFO:  TRAIN:epoch = 7/6000 classification_loss = 0.00000 train_time = 0.22
INFO:  ----------
INFO:  late_risk Accuracy: 0.00% val_time = 1762327377.69
INFO:  day_for_shipping Accuracy: 0.00% val_time = 1762327377.69
INFO:  on_time Accuracy: 0.00% val_time = 1762327377.69
INFO:  --------------------------------------------------
INFO:  TRAIN:epoch = 8/6000 classification_loss = 0.00000 train_time = 0.10
INFO:  ----------
INFO:  late_risk Accuracy: 50.78% val_time = 1762327377.81
INFO:  day_for_shipping Accuracy: 0.04% val_time = 1762327377.81
INFO:  on_time Accuracy: 0.00% val_time = 1762327377.81
INFO:  --------------------------------------------------
INFO:  TRAIN:epoch = 9/6000 classification_loss = 0.00000 train_time = 0.10
INFO:  ----------
INFO:  late_risk Accuracy: 50.78% val_time = 1762327377.92
INFO:  day_for_shipping Accuracy: 2.99% val_time = 1762327377.92
INFO:  on_time Accuracy: 76.30% val_time = 1762327377.92
INFO:  --------------------------------------------------
INFO:  TRAIN:epoch = 10/6000 classification_loss = 0.00000 train_time = 0.10
INFO:  ----------
INFO:  late_risk Accuracy: 49.22% val_time = 1762327378.04
INFO:  day_for_shipping Accuracy: 2.49% val_time = 1762327378.04
INFO:  on_time Accuracy: 23.70% val_time = 1762327378.04
INFO:  --------------------------------------------------
INFO:  TRAIN:epoch = 11/6000 classification_loss = 0.00000 train_time = 0.10
INFO:  ----------
INFO:  late_risk Accuracy: 50.78% val_time = 1762327378.16
INFO:  day_for_shipping Accuracy: 0.00% val_time = 1762327378.16
INFO:  on_time Accuracy: 76.30% val_time = 1762327378.16
INFO:  --------------------------------------------------
INFO:  TRAIN:epoch = 12/6000 classification_loss = 0.00000 train_time = 0.10
INFO:  ----------
INFO:  late_risk Accuracy: 50.78% val_time = 1762327378.28
INFO:  day_for_shipping Accuracy: 0.04% val_time = 1762327378.28
INFO:  on_time Accuracy: 76.30% val_time = 1762327378.28
INFO:  --------------------------------------------------
INFO:  TRAIN:epoch = 13/6000 classification_loss = 0.00000 train_time = 0.10
INFO:  ----------
INFO:  late_risk Accuracy: 0.00% val_time = 1762327378.40
INFO:  day_for_shipping Accuracy: 0.04% val_time = 1762327378.40
INFO:  on_time Accuracy: 0.00% val_time = 1762327378.40
INFO:  --------------------------------------------------
INFO:  TRAIN:epoch = 14/6000 classification_loss = 0.00000 train_time = 0.10
INFO:  ----------
INFO:  late_risk Accuracy: 50.78% val_time = 1762327378.52
INFO:  day_for_shipping Accuracy: 2.99% val_time = 1762327378.52
INFO:  on_time Accuracy: 76.30% val_time = 1762327378.52
INFO:  --------------------------------------------------
INFO:  TRAIN:epoch = 15/6000 classification_loss = 0.00000 train_time = 0.10
INFO:  ----------
INFO:  late_risk Accuracy: 50.78% val_time = 1762327378.64
INFO:  day_for_shipping Accuracy: 0.00% val_time = 1762327378.64
INFO:  on_time Accuracy: 0.00% val_time = 1762327378.64
INFO:  --------------------------------------------------
INFO:  TRAIN:epoch = 16/6000 classification_loss = 0.00000 train_time = 0.10
INFO:  ----------
INFO:  late_risk Accuracy: 49.22% val_time = 1762327378.76
INFO:  day_for_shipping Accuracy: 0.00% val_time = 1762327378.76
INFO:  on_time Accuracy: 0.00% val_time = 1762327378.76
INFO:  --------------------------------------------------
INFO:  TRAIN:epoch = 17/6000 classification_loss = 0.00000 train_time = 0.10
INFO:  ----------
INFO:  late_risk Accuracy: 49.22% val_time = 1762327378.87
INFO:  day_for_shipping Accuracy: 2.49% val_time = 1762327378.87
INFO:  on_time Accuracy: 23.70% val_time = 1762327378.87
INFO:  --------------------------------------------------
INFO:  TRAIN:epoch = 18/6000 classification_loss = 0.00000 train_time = 0.10
INFO:  ----------
INFO:  late_risk Accuracy: 50.78% val_time = 1762327378.99
INFO:  day_for_shipping Accuracy: 2.99% val_time = 1762327378.99
INFO:  on_time Accuracy: 76.30% val_time = 1762327378.99
INFO:  --------------------------------------------------
INFO:  TRAIN:epoch = 19/6000 classification_loss = 0.00000 train_time = 0.10
INFO:  ----------
INFO:  late_risk Accuracy: 50.78% val_time = 1762327379.10
INFO:  day_for_shipping Accuracy: 2.99% val_time = 1762327379.10
INFO:  on_time Accuracy: 76.30% val_time = 1762327379.10
INFO:  --------------------------------------------------
INFO:  TRAIN:epoch = 20/6000 classification_loss = 0.00000 train_time = 0.10
INFO:  ----------
INFO:  late_risk Accuracy: 50.78% val_time = 1762327379.22
INFO:  day_for_shipping Accuracy: 0.00% val_time = 1762327379.22
INFO:  on_time Accuracy: 0.00% val_time = 1762327379.22
INFO:  --------------------------------------------------
INFO:  TRAIN:epoch = 21/6000 classification_loss = 0.00000 train_time = 0.10
INFO:  ----------
INFO:  late_risk Accuracy: 49.22% val_time = 1762327379.33
INFO:  day_for_shipping Accuracy: 0.14% val_time = 1762327379.33
INFO:  on_time Accuracy: 0.00% val_time = 1762327379.33
INFO:  --------------------------------------------------
INFO:  TRAIN:epoch = 22/6000 classification_loss = 0.00000 train_time = 0.10
INFO:  ----------
INFO:  late_risk Accuracy: 49.22% val_time = 1762327379.45
INFO:  day_for_shipping Accuracy: 0.14% val_time = 1762327379.45
INFO:  on_time Accuracy: 76.30% val_time = 1762327379.45
INFO:  --------------------------------------------------
INFO:  TRAIN:epoch = 23/6000 classification_loss = 0.00000 train_time = 0.21
INFO:  ----------
INFO:  late_risk Accuracy: 49.22% val_time = 1762327379.68
INFO:  day_for_shipping Accuracy: 0.00% val_time = 1762327379.68
INFO:  on_time Accuracy: 76.30% val_time = 1762327379.68
INFO:  --------------------------------------------------
INFO:  TRAIN:epoch = 24/6000 classification_loss = 0.00000 train_time = 0.10
INFO:  ----------
INFO:  late_risk Accuracy: 49.22% val_time = 1762327379.80
INFO:  day_for_shipping Accuracy: 0.00% val_time = 1762327379.80
INFO:  on_time Accuracy: 76.30% val_time = 1762327379.80
INFO:  --------------------------------------------------
INFO:  TRAIN:epoch = 25/6000 classification_loss = 0.00000 train_time = 0.10
INFO:  ----------
INFO:  late_risk Accuracy: 49.22% val_time = 1762327379.91
INFO:  day_for_shipping Accuracy: 0.04% val_time = 1762327379.91
INFO:  on_time Accuracy: 76.30% val_time = 1762327379.91
INFO:  --------------------------------------------------
INFO:  TRAIN:epoch = 26/6000 classification_loss = 0.00000 train_time = 0.10
INFO:  ----------
INFO:  late_risk Accuracy: 49.22% val_time = 1762327380.03
INFO:  day_for_shipping Accuracy: 0.07% val_time = 1762327380.03
INFO:  on_time Accuracy: 0.00% val_time = 1762327380.03
INFO:  --------------------------------------------------
INFO:  TRAIN:epoch = 27/6000 classification_loss = 0.00000 train_time = 0.10
INFO:  ----------
INFO:  late_risk Accuracy: 50.78% val_time = 1762327380.15
INFO:  day_for_shipping Accuracy: 2.99% val_time = 1762327380.15
INFO:  on_time Accuracy: 76.30% val_time = 1762327380.15
INFO:  --------------------------------------------------
INFO:  TRAIN:epoch = 28/6000 classification_loss = 0.00000 train_time = 0.10
INFO:  ----------
INFO:  late_risk Accuracy: 49.22% val_time = 1762327380.26
INFO:  day_for_shipping Accuracy: 0.04% val_time = 1762327380.26
INFO:  on_time Accuracy: 0.00% val_time = 1762327380.26
INFO:  --------------------------------------------------
INFO:  TRAIN:epoch = 29/6000 classification_loss = 0.00000 train_time = 0.10
INFO:  ----------
INFO:  late_risk Accuracy: 49.22% val_time = 1762327380.38
INFO:  day_for_shipping Accuracy: 2.99% val_time = 1762327380.38
INFO:  on_time Accuracy: 76.30% val_time = 1762327380.38
INFO:  --------------------------------------------------
INFO:  TRAIN:epoch = 30/6000 classification_loss = 0.00000 train_time = 0.10
INFO:  ----------
INFO:  late_risk Accuracy: 50.78% val_time = 1762327380.49
INFO:  day_for_shipping Accuracy: 0.00% val_time = 1762327380.49
INFO:  on_time Accuracy: 76.30% val_time = 1762327380.49
INFO:  --------------------------------------------------
INFO:  TRAIN:epoch = 31/6000 classification_loss = 0.00000 train_time = 0.10
INFO:  ----------
INFO:  late_risk Accuracy: 50.78% val_time = 1762327380.61
INFO:  day_for_shipping Accuracy: 0.00% val_time = 1762327380.61
INFO:  on_time Accuracy: 76.30% val_time = 1762327380.61
INFO:  --------------------------------------------------
INFO:  TRAIN:epoch = 32/6000 classification_loss = 0.00000 train_time = 0.10
INFO:  ----------
INFO:  late_risk Accuracy: 49.22% val_time = 1762327380.72
INFO:  day_for_shipping Accuracy: 0.00% val_time = 1762327380.72
INFO:  on_time Accuracy: 76.30% val_time = 1762327380.72
INFO:  --------------------------------------------------
INFO:  TRAIN:epoch = 33/6000 classification_loss = 0.00000 train_time = 0.10
INFO:  ----------
INFO:  late_risk Accuracy: 49.22% val_time = 1762327380.84
INFO:  day_for_shipping Accuracy: 0.00% val_time = 1762327380.84
INFO:  on_time Accuracy: 76.30% val_time = 1762327380.84
INFO:  --------------------------------------------------
INFO:  TRAIN:epoch = 34/6000 classification_loss = 0.00000 train_time = 0.10
INFO:  ----------
INFO:  late_risk Accuracy: 49.22% val_time = 1762327380.95
INFO:  day_for_shipping Accuracy: 0.00% val_time = 1762327380.95
INFO:  on_time Accuracy: 76.30% val_time = 1762327380.95
INFO:  --------------------------------------------------
INFO:  TRAIN:epoch = 35/6000 classification_loss = 0.00000 train_time = 0.10
INFO:  ----------
INFO:  late_risk Accuracy: 50.78% val_time = 1762327381.07
INFO:  day_for_shipping Accuracy: 0.04% val_time = 1762327381.07
INFO:  on_time Accuracy: 76.30% val_time = 1762327381.07
INFO:  --------------------------------------------------
INFO:  TRAIN:epoch = 36/6000 classification_loss = 0.00000 train_time = 0.10
INFO:  ----------
INFO:  late_risk Accuracy: 50.78% val_time = 1762327381.18
INFO:  day_for_shipping Accuracy: 0.00% val_time = 1762327381.18
INFO:  on_time Accuracy: 76.30% val_time = 1762327381.18
INFO:  --------------------------------------------------
INFO:  TRAIN:epoch = 37/6000 classification_loss = 0.00000 train_time = 0.10
INFO:  ----------
INFO:  late_risk Accuracy: 49.22% val_time = 1762327381.30
INFO:  day_for_shipping Accuracy: 0.00% val_time = 1762327381.30
INFO:  on_time Accuracy: 76.30% val_time = 1762327381.30
INFO:  --------------------------------------------------
INFO:  TRAIN:epoch = 38/6000 classification_loss = 0.00000 train_time = 0.10
INFO:  ----------
INFO:  late_risk Accuracy: 50.78% val_time = 1762327381.41
INFO:  day_for_shipping Accuracy: 0.00% val_time = 1762327381.41
INFO:  on_time Accuracy: 76.30% val_time = 1762327381.41
INFO:  --------------------------------------------------
INFO:  TRAIN:epoch = 39/6000 classification_loss = 0.00000 train_time = 0.21
INFO:  ----------
INFO:  late_risk Accuracy: 49.22% val_time = 1762327381.64
INFO:  day_for_shipping Accuracy: 0.00% val_time = 1762327381.64
INFO:  on_time Accuracy: 76.30% val_time = 1762327381.64
INFO:  --------------------------------------------------
INFO:  TRAIN:epoch = 40/6000 classification_loss = 0.00000 train_time = 0.10
INFO:  ----------
INFO:  late_risk Accuracy: 49.22% val_time = 1762327381.76
INFO:  day_for_shipping Accuracy: 0.04% val_time = 1762327381.76
INFO:  on_time Accuracy: 76.30% val_time = 1762327381.76
INFO:  --------------------------------------------------
INFO:  TRAIN:epoch = 41/6000 classification_loss = 0.00000 train_time = 0.10
INFO:  ----------
INFO:  late_risk Accuracy: 50.78% val_time = 1762327381.88
INFO:  day_for_shipping Accuracy: 0.07% val_time = 1762327381.88
INFO:  on_time Accuracy: 76.30% val_time = 1762327381.88
INFO:  --------------------------------------------------
INFO:  TRAIN:epoch = 42/6000 classification_loss = 0.00000 train_time = 0.10
INFO:  ----------
INFO:  late_risk Accuracy: 50.78% val_time = 1762327381.99
INFO:  day_for_shipping Accuracy: 0.00% val_time = 1762327381.99
INFO:  on_time Accuracy: 76.30% val_time = 1762327381.99
INFO:  --------------------------------------------------
INFO:  TRAIN:epoch = 43/6000 classification_loss = 0.00000 train_time = 0.10
INFO:  ----------
INFO:  late_risk Accuracy: 49.22% val_time = 1762327382.11
INFO:  day_for_shipping Accuracy: 0.04% val_time = 1762327382.11
INFO:  on_time Accuracy: 76.30% val_time = 1762327382.11
INFO:  --------------------------------------------------
INFO:  TRAIN:epoch = 44/6000 classification_loss = 0.00000 train_time = 0.10
INFO:  ----------
INFO:  late_risk Accuracy: 50.78% val_time = 1762327382.22
INFO:  day_for_shipping Accuracy: 0.14% val_time = 1762327382.22
INFO:  on_time Accuracy: 76.30% val_time = 1762327382.22
INFO:  --------------------------------------------------
INFO:  TRAIN:epoch = 45/6000 classification_loss = 0.00000 train_time = 0.10
INFO:  ----------
INFO:  late_risk Accuracy: 50.78% val_time = 1762327382.34
INFO:  day_for_shipping Accuracy: 0.00% val_time = 1762327382.34
INFO:  on_time Accuracy: 76.30% val_time = 1762327382.34
INFO:  --------------------------------------------------
INFO:  TRAIN:epoch = 46/6000 classification_loss = 0.00000 train_time = 0.10
INFO:  ----------
INFO:  late_risk Accuracy: 50.78% val_time = 1762327382.45
INFO:  day_for_shipping Accuracy: 0.00% val_time = 1762327382.45
INFO:  on_time Accuracy: 76.30% val_time = 1762327382.45
INFO:  --------------------------------------------------
INFO:  TRAIN:epoch = 47/6000 classification_loss = 0.00000 train_time = 0.10
INFO:  ----------
INFO:  late_risk Accuracy: 49.22% val_time = 1762327382.57
INFO:  day_for_shipping Accuracy: 0.14% val_time = 1762327382.57
INFO:  on_time Accuracy: 76.30% val_time = 1762327382.57
INFO:  --------------------------------------------------
INFO:  TRAIN:epoch = 48/6000 classification_loss = 0.00000 train_time = 0.10
INFO:  ----------
INFO:  late_risk Accuracy: 49.22% val_time = 1762327382.68
INFO:  day_for_shipping Accuracy: 0.00% val_time = 1762327382.68
INFO:  on_time Accuracy: 76.30% val_time = 1762327382.68
INFO:  --------------------------------------------------
INFO:  TRAIN:epoch = 49/6000 classification_loss = 0.00000 train_time = 0.10
INFO:  ----------
INFO:  late_risk Accuracy: 50.78% val_time = 1762327382.80
INFO:  day_for_shipping Accuracy: 0.00% val_time = 1762327382.80
INFO:  on_time Accuracy: 76.30% val_time = 1762327382.80
INFO:  --------------------------------------------------
INFO:  TRAIN:epoch = 50/6000 classification_loss = 0.00000 train_time = 0.10
INFO:  ----------
INFO:  late_risk Accuracy: 66.88% val_time = 1762327382.91
INFO:  day_for_shipping Accuracy: 0.00% val_time = 1762327382.91
INFO:  on_time Accuracy: 76.30% val_time = 1762327382.91
INFO:  ----------
INFO:  best_overall_accuracy: 47.73% 
INFO:  --------------------------------------------------
INFO:  TRAIN:epoch = 51/6000 classification_loss = 0.00000 train_time = 0.10
INFO:  ----------
INFO:  late_risk Accuracy: 72.49% val_time = 1762327383.03
INFO:  day_for_shipping Accuracy: 0.07% val_time = 1762327383.03
INFO:  on_time Accuracy: 76.30% val_time = 1762327383.03
INFO:  ----------
INFO:  best_overall_accuracy: 49.62% 
INFO:  --------------------------------------------------
INFO:  TRAIN:epoch = 52/6000 classification_loss = 0.00000 train_time = 0.10
INFO:  ----------
INFO:  late_risk Accuracy: 72.49% val_time = 1762327383.14
INFO:  day_for_shipping Accuracy: 0.04% val_time = 1762327383.14
INFO:  on_time Accuracy: 76.30% val_time = 1762327383.14
INFO:  --------------------------------------------------
INFO:  TRAIN:epoch = 53/6000 classification_loss = 0.00000 train_time = 0.10
INFO:  ----------
INFO:  late_risk Accuracy: 72.49% val_time = 1762327383.26
INFO:  day_for_shipping Accuracy: 0.00% val_time = 1762327383.26
INFO:  on_time Accuracy: 76.30% val_time = 1762327383.26
INFO:  --------------------------------------------------
INFO:  TRAIN:epoch = 54/6000 classification_loss = 0.00000 train_time = 0.22
INFO:  ----------
INFO:  late_risk Accuracy: 72.49% val_time = 1762327383.49
INFO:  day_for_shipping Accuracy: 0.00% val_time = 1762327383.49
INFO:  on_time Accuracy: 76.30% val_time = 1762327383.49
INFO:  --------------------------------------------------
INFO:  TRAIN:epoch = 55/6000 classification_loss = 0.00000 train_time = 0.10
INFO:  ----------
INFO:  late_risk Accuracy: 72.49% val_time = 1762327383.60
INFO:  day_for_shipping Accuracy: 0.04% val_time = 1762327383.60
INFO:  on_time Accuracy: 76.30% val_time = 1762327383.60
INFO:  --------------------------------------------------
INFO:  TRAIN:epoch = 56/6000 classification_loss = 0.00000 train_time = 0.10
INFO:  ----------
INFO:  late_risk Accuracy: 72.49% val_time = 1762327383.72
INFO:  day_for_shipping Accuracy: 0.04% val_time = 1762327383.72
INFO:  on_time Accuracy: 76.30% val_time = 1762327383.72
INFO:  --------------------------------------------------
INFO:  TRAIN:epoch = 57/6000 classification_loss = 0.00000 train_time = 0.10
INFO:  ----------
INFO:  late_risk Accuracy: 72.49% val_time = 1762327383.84
INFO:  day_for_shipping Accuracy: 0.00% val_time = 1762327383.84
INFO:  on_time Accuracy: 76.30% val_time = 1762327383.84
INFO:  --------------------------------------------------
INFO:  TRAIN:epoch = 58/6000 classification_loss = 0.00000 train_time = 0.10
INFO:  ----------
INFO:  late_risk Accuracy: 66.88% val_time = 1762327383.95
INFO:  day_for_shipping Accuracy: 0.00% val_time = 1762327383.95
INFO:  on_time Accuracy: 76.30% val_time = 1762327383.95
INFO:  --------------------------------------------------
INFO:  TRAIN:epoch = 59/6000 classification_loss = 0.00000 train_time = 0.10
INFO:  ----------
INFO:  late_risk Accuracy: 66.88% val_time = 1762327384.07
INFO:  day_for_shipping Accuracy: 0.04% val_time = 1762327384.07
INFO:  on_time Accuracy: 76.30% val_time = 1762327384.07
INFO:  --------------------------------------------------
INFO:  TRAIN:epoch = 60/6000 classification_loss = 0.00000 train_time = 0.10
INFO:  ----------
INFO:  late_risk Accuracy: 72.49% val_time = 1762327384.18
INFO:  day_for_shipping Accuracy: 0.00% val_time = 1762327384.18
INFO:  on_time Accuracy: 76.30% val_time = 1762327384.18
INFO:  --------------------------------------------------
INFO:  TRAIN:epoch = 61/6000 classification_loss = 0.00000 train_time = 0.10
INFO:  ----------
INFO:  late_risk Accuracy: 72.49% val_time = 1762327384.30
INFO:  day_for_shipping Accuracy: 0.00% val_time = 1762327384.30
INFO:  on_time Accuracy: 76.30% val_time = 1762327384.30
INFO:  --------------------------------------------------
INFO:  TRAIN:epoch = 62/6000 classification_loss = 0.00000 train_time = 0.10
INFO:  ----------
INFO:  late_risk Accuracy: 72.49% val_time = 1762327384.42
INFO:  day_for_shipping Accuracy: 0.00% val_time = 1762327384.42
INFO:  on_time Accuracy: 76.30% val_time = 1762327384.42
INFO:  --------------------------------------------------
INFO:  TRAIN:epoch = 63/6000 classification_loss = 0.00000 train_time = 0.10
INFO:  ----------
INFO:  late_risk Accuracy: 72.49% val_time = 1762327384.53
INFO:  day_for_shipping Accuracy: 0.00% val_time = 1762327384.53
INFO:  on_time Accuracy: 76.30% val_time = 1762327384.53
INFO:  --------------------------------------------------
INFO:  TRAIN:epoch = 64/6000 classification_loss = 0.00000 train_time = 0.10
INFO:  ----------
INFO:  late_risk Accuracy: 72.49% val_time = 1762327384.65
INFO:  day_for_shipping Accuracy: 0.04% val_time = 1762327384.65
INFO:  on_time Accuracy: 76.30% val_time = 1762327384.65
INFO:  --------------------------------------------------
INFO:  TRAIN:epoch = 65/6000 classification_loss = 0.00000 train_time = 0.10
INFO:  ----------
INFO:  late_risk Accuracy: 66.88% val_time = 1762327384.77
INFO:  day_for_shipping Accuracy: 0.00% val_time = 1762327384.77
INFO:  on_time Accuracy: 76.30% val_time = 1762327384.77
INFO:  --------------------------------------------------
INFO:  TRAIN:epoch = 66/6000 classification_loss = 0.00000 train_time = 0.10
INFO:  ----------
INFO:  late_risk Accuracy: 72.49% val_time = 1762327384.88
INFO:  day_for_shipping Accuracy: 0.00% val_time = 1762327384.88
INFO:  on_time Accuracy: 76.30% val_time = 1762327384.88
INFO:  --------------------------------------------------
INFO:  TRAIN:epoch = 67/6000 classification_loss = 0.00000 train_time = 0.10
INFO:  ----------
INFO:  late_risk Accuracy: 72.49% val_time = 1762327385.00
INFO:  day_for_shipping Accuracy: 0.00% val_time = 1762327385.00
INFO:  on_time Accuracy: 76.30% val_time = 1762327385.00
INFO:  --------------------------------------------------
INFO:  TRAIN:epoch = 68/6000 classification_loss = 0.00000 train_time = 0.10
INFO:  ----------
INFO:  late_risk Accuracy: 72.49% val_time = 1762327385.11
INFO:  day_for_shipping Accuracy: 0.04% val_time = 1762327385.11
INFO:  on_time Accuracy: 76.30% val_time = 1762327385.11
INFO:  --------------------------------------------------
INFO:  TRAIN:epoch = 69/6000 classification_loss = 0.00000 train_time = 0.21
INFO:  ----------
INFO:  late_risk Accuracy: 66.88% val_time = 1762327385.34
INFO:  day_for_shipping Accuracy: 0.04% val_time = 1762327385.34
INFO:  on_time Accuracy: 76.30% val_time = 1762327385.34
INFO:  --------------------------------------------------
INFO:  TRAIN:epoch = 70/6000 classification_loss = 0.00000 train_time = 0.10
INFO:  ----------
INFO:  late_risk Accuracy: 72.49% val_time = 1762327385.46
INFO:  day_for_shipping Accuracy: 0.00% val_time = 1762327385.46
INFO:  on_time Accuracy: 76.30% val_time = 1762327385.46
INFO:  --------------------------------------------------
INFO:  TRAIN:epoch = 71/6000 classification_loss = 0.00000 train_time = 0.10
INFO:  ----------
INFO:  late_risk Accuracy: 72.49% val_time = 1762327385.58
INFO:  day_for_shipping Accuracy: 0.00% val_time = 1762327385.58
INFO:  on_time Accuracy: 76.30% val_time = 1762327385.58
INFO:  --------------------------------------------------
INFO:  TRAIN:epoch = 72/6000 classification_loss = 0.00000 train_time = 0.10
INFO:  ----------
INFO:  late_risk Accuracy: 72.49% val_time = 1762327385.69
INFO:  day_for_shipping Accuracy: 0.00% val_time = 1762327385.69
INFO:  on_time Accuracy: 76.30% val_time = 1762327385.69
INFO:  --------------------------------------------------
INFO:  TRAIN:epoch = 73/6000 classification_loss = 0.00000 train_time = 0.10
INFO:  ----------
INFO:  late_risk Accuracy: 72.49% val_time = 1762327385.81
INFO:  day_for_shipping Accuracy: 0.00% val_time = 1762327385.81
INFO:  on_time Accuracy: 76.30% val_time = 1762327385.81
INFO:  --------------------------------------------------
INFO:  TRAIN:epoch = 74/6000 classification_loss = 0.00000 train_time = 0.10
INFO:  ----------
INFO:  late_risk Accuracy: 72.49% val_time = 1762327385.92
INFO:  day_for_shipping Accuracy: 0.00% val_time = 1762327385.92
INFO:  on_time Accuracy: 76.30% val_time = 1762327385.92
INFO:  --------------------------------------------------
INFO:  TRAIN:epoch = 75/6000 classification_loss = 0.00000 train_time = 0.10
INFO:  ----------
INFO:  late_risk Accuracy: 72.49% val_time = 1762327386.04
INFO:  day_for_shipping Accuracy: 0.00% val_time = 1762327386.04
INFO:  on_time Accuracy: 76.30% val_time = 1762327386.04
INFO:  --------------------------------------------------
INFO:  TRAIN:epoch = 76/6000 classification_loss = 0.00000 train_time = 0.10
INFO:  ----------
INFO:  late_risk Accuracy: 72.49% val_time = 1762327386.15
INFO:  day_for_shipping Accuracy: 0.00% val_time = 1762327386.15
INFO:  on_time Accuracy: 76.30% val_time = 1762327386.15
INFO:  --------------------------------------------------
INFO:  TRAIN:epoch = 77/6000 classification_loss = 0.00000 train_time = 0.10
INFO:  ----------
INFO:  late_risk Accuracy: 72.49% val_time = 1762327386.26
INFO:  day_for_shipping Accuracy: 0.00% val_time = 1762327386.26
INFO:  on_time Accuracy: 76.30% val_time = 1762327386.26
INFO:  --------------------------------------------------
INFO:  TRAIN:epoch = 78/6000 classification_loss = 0.00000 train_time = 0.10
INFO:  ----------
INFO:  late_risk Accuracy: 72.49% val_time = 1762327386.38
INFO:  day_for_shipping Accuracy: 0.07% val_time = 1762327386.38
INFO:  on_time Accuracy: 76.30% val_time = 1762327386.38
INFO:  --------------------------------------------------
INFO:  TRAIN:epoch = 79/6000 classification_loss = 0.00000 train_time = 0.10
INFO:  ----------
INFO:  late_risk Accuracy: 72.49% val_time = 1762327386.49
INFO:  day_for_shipping Accuracy: 0.07% val_time = 1762327386.49
INFO:  on_time Accuracy: 76.30% val_time = 1762327386.49
INFO:  --------------------------------------------------
INFO:  TRAIN:epoch = 80/6000 classification_loss = 0.00000 train_time = 0.10
INFO:  ----------
INFO:  late_risk Accuracy: 72.49% val_time = 1762327386.61
INFO:  day_for_shipping Accuracy: 0.07% val_time = 1762327386.61
INFO:  on_time Accuracy: 76.30% val_time = 1762327386.61
INFO:  --------------------------------------------------
INFO:  TRAIN:epoch = 81/6000 classification_loss = 0.00000 train_time = 0.10
INFO:  ----------
INFO:  late_risk Accuracy: 72.49% val_time = 1762327386.72
INFO:  day_for_shipping Accuracy: 0.07% val_time = 1762327386.72
INFO:  on_time Accuracy: 76.30% val_time = 1762327386.72
INFO:  --------------------------------------------------
INFO:  TRAIN:epoch = 82/6000 classification_loss = 0.00000 train_time = 0.10
INFO:  ----------
INFO:  late_risk Accuracy: 72.49% val_time = 1762327386.84
INFO:  day_for_shipping Accuracy: 0.07% val_time = 1762327386.84
INFO:  on_time Accuracy: 76.30% val_time = 1762327386.84
INFO:  --------------------------------------------------
INFO:  TRAIN:epoch = 83/6000 classification_loss = 0.00000 train_time = 0.10
INFO:  ----------
INFO:  late_risk Accuracy: 72.49% val_time = 1762327386.96
INFO:  day_for_shipping Accuracy: 0.07% val_time = 1762327386.96
INFO:  on_time Accuracy: 76.30% val_time = 1762327386.96
INFO:  --------------------------------------------------
INFO:  TRAIN:epoch = 84/6000 classification_loss = 0.00000 train_time = 0.10
INFO:  ----------
INFO:  late_risk Accuracy: 72.49% val_time = 1762327387.07
INFO:  day_for_shipping Accuracy: 0.07% val_time = 1762327387.07
INFO:  on_time Accuracy: 76.30% val_time = 1762327387.07
INFO:  --------------------------------------------------
INFO:  TRAIN:epoch = 85/6000 classification_loss = 0.00000 train_time = 0.22
INFO:  ----------
INFO:  late_risk Accuracy: 72.49% val_time = 1762327387.30
INFO:  day_for_shipping Accuracy: 0.07% val_time = 1762327387.30
INFO:  on_time Accuracy: 76.30% val_time = 1762327387.30
INFO:  --------------------------------------------------
INFO:  TRAIN:epoch = 86/6000 classification_loss = 0.00000 train_time = 0.10
INFO:  ----------
INFO:  late_risk Accuracy: 72.49% val_time = 1762327387.42
INFO:  day_for_shipping Accuracy: 0.07% val_time = 1762327387.42
INFO:  on_time Accuracy: 76.30% val_time = 1762327387.42
INFO:  --------------------------------------------------
INFO:  TRAIN:epoch = 87/6000 classification_loss = 0.00000 train_time = 0.10
INFO:  ----------
INFO:  late_risk Accuracy: 72.49% val_time = 1762327387.53
INFO:  day_for_shipping Accuracy: 0.07% val_time = 1762327387.53
INFO:  on_time Accuracy: 76.30% val_time = 1762327387.53
INFO:  --------------------------------------------------
INFO:  TRAIN:epoch = 88/6000 classification_loss = 0.00000 train_time = 0.10
INFO:  ----------
INFO:  late_risk Accuracy: 72.49% val_time = 1762327387.65
INFO:  day_for_shipping Accuracy: 0.07% val_time = 1762327387.65
INFO:  on_time Accuracy: 76.30% val_time = 1762327387.65
INFO:  --------------------------------------------------
INFO:  TRAIN:epoch = 89/6000 classification_loss = 0.00000 train_time = 0.10
INFO:  ----------
INFO:  late_risk Accuracy: 72.49% val_time = 1762327387.77
INFO:  day_for_shipping Accuracy: 0.07% val_time = 1762327387.77
INFO:  on_time Accuracy: 76.30% val_time = 1762327387.77
INFO:  --------------------------------------------------
INFO:  TRAIN:epoch = 90/6000 classification_loss = 0.00000 train_time = 0.10
INFO:  ----------
INFO:  late_risk Accuracy: 72.49% val_time = 1762327387.88
INFO:  day_for_shipping Accuracy: 0.07% val_time = 1762327387.88
INFO:  on_time Accuracy: 76.30% val_time = 1762327387.88
INFO:  --------------------------------------------------
INFO:  TRAIN:epoch = 91/6000 classification_loss = 0.00000 train_time = 0.10
INFO:  ----------
INFO:  late_risk Accuracy: 72.49% val_time = 1762327388.00
INFO:  day_for_shipping Accuracy: 0.07% val_time = 1762327388.00
INFO:  on_time Accuracy: 76.30% val_time = 1762327388.00
INFO:  --------------------------------------------------
INFO:  TRAIN:epoch = 92/6000 classification_loss = 0.00000 train_time = 0.10
INFO:  ----------
INFO:  late_risk Accuracy: 72.49% val_time = 1762327388.11
INFO:  day_for_shipping Accuracy: 0.00% val_time = 1762327388.11
INFO:  on_time Accuracy: 76.30% val_time = 1762327388.11
INFO:  --------------------------------------------------
INFO:  TRAIN:epoch = 93/6000 classification_loss = 0.00000 train_time = 0.10
INFO:  ----------
INFO:  late_risk Accuracy: 72.49% val_time = 1762327388.23
INFO:  day_for_shipping Accuracy: 0.00% val_time = 1762327388.23
INFO:  on_time Accuracy: 76.30% val_time = 1762327388.23
INFO:  --------------------------------------------------
INFO:  TRAIN:epoch = 94/6000 classification_loss = 0.00000 train_time = 0.10
INFO:  ----------
INFO:  late_risk Accuracy: 72.49% val_time = 1762327388.34
INFO:  day_for_shipping Accuracy: 0.00% val_time = 1762327388.34
INFO:  on_time Accuracy: 76.30% val_time = 1762327388.34
INFO:  --------------------------------------------------
INFO:  TRAIN:epoch = 95/6000 classification_loss = 0.00000 train_time = 0.10
INFO:  ----------
INFO:  late_risk Accuracy: 72.49% val_time = 1762327388.46
INFO:  day_for_shipping Accuracy: 0.00% val_time = 1762327388.46
INFO:  on_time Accuracy: 76.30% val_time = 1762327388.46
INFO:  --------------------------------------------------
INFO:  TRAIN:epoch = 96/6000 classification_loss = 0.00000 train_time = 0.10
INFO:  ----------
INFO:  late_risk Accuracy: 72.49% val_time = 1762327388.57
INFO:  day_for_shipping Accuracy: 0.00% val_time = 1762327388.57
INFO:  on_time Accuracy: 76.30% val_time = 1762327388.57
INFO:  --------------------------------------------------
INFO:  TRAIN:epoch = 97/6000 classification_loss = 0.00000 train_time = 0.10
INFO:  ----------
INFO:  late_risk Accuracy: 72.49% val_time = 1762327388.69
INFO:  day_for_shipping Accuracy: 0.00% val_time = 1762327388.69
INFO:  on_time Accuracy: 76.30% val_time = 1762327388.69
INFO:  --------------------------------------------------
INFO:  TRAIN:epoch = 98/6000 classification_loss = 0.00000 train_time = 0.10
INFO:  ----------
INFO:  late_risk Accuracy: 72.49% val_time = 1762327388.80
INFO:  day_for_shipping Accuracy: 0.00% val_time = 1762327388.80
INFO:  on_time Accuracy: 76.30% val_time = 1762327388.80
INFO:  --------------------------------------------------
INFO:  TRAIN:epoch = 99/6000 classification_loss = 0.00000 train_time = 0.10
INFO:  ----------
INFO:  late_risk Accuracy: 72.49% val_time = 1762327388.92
INFO:  day_for_shipping Accuracy: 0.00% val_time = 1762327388.92
INFO:  on_time Accuracy: 76.30% val_time = 1762327388.92
INFO:  --------------------------------------------------
INFO:  TRAIN:epoch = 100/6000 classification_loss = 0.00000 train_time = 0.22
INFO:  ----------
INFO:  late_risk Accuracy: 72.49% val_time = 1762327389.15
INFO:  day_for_shipping Accuracy: 0.00% val_time = 1762327389.15
INFO:  on_time Accuracy: 76.30% val_time = 1762327389.15
INFO:  --------------------------------------------------
INFO:  TRAIN:epoch = 101/6000 classification_loss = 0.00000 train_time = 0.10
INFO:  ----------
INFO:  late_risk Accuracy: 72.49% val_time = 1762327389.27
INFO:  day_for_shipping Accuracy: 0.00% val_time = 1762327389.27
INFO:  on_time Accuracy: 76.30% val_time = 1762327389.27
INFO:  --------------------------------------------------
INFO:  TRAIN:epoch = 102/6000 classification_loss = 0.00000 train_time = 0.10
INFO:  ----------
INFO:  late_risk Accuracy: 72.49% val_time = 1762327389.38
INFO:  day_for_shipping Accuracy: 0.00% val_time = 1762327389.38
INFO:  on_time Accuracy: 76.30% val_time = 1762327389.38
INFO:  simulator training stage cost time: 13.475479364395142
INFO:  best_acc1 0.7249466950959488
INFO:  best_acc2 0.0007107320540156361
INFO:  best_acc3 0.7629708599857854
INFO:  best_overall_accuracy 0.49620942904524995
