INFO:  --------------------------------Een Init----------------------------------
INFO:  Code will run in cuda:0
INFO:  --------------------------------Dataset Init------------------------------
INFO:  --------------------------------Model Init--------------------------------
INFO:  --------------------------------Session Init------------------------------
INFO:  ------------------------------------ Main --------------------------------
INFO:  --------------------------------------------------
INFO:  TRAIN:epoch = 0/6000 classification_loss = 0.00000 train_time = 0.61
INFO:  ----------
INFO:  late_risk Accuracy: 0.00% val_time = 1762577746.69
INFO:  day_for_shipping Accuracy: 2.49% val_time = 1762577746.69
INFO:  on_time Accuracy: 23.70% val_time = 1762577746.69
INFO:  ----------
INFO:  best_overall_accuracy: 8.73% 
INFO:  --------------------------------------------------
INFO:  TRAIN:epoch = 1/6000 classification_loss = 0.00000 train_time = 0.10
INFO:  ----------
INFO:  late_risk Accuracy: 50.78% val_time = 1762577746.81
INFO:  day_for_shipping Accuracy: 2.99% val_time = 1762577746.81
INFO:  on_time Accuracy: 76.30% val_time = 1762577746.81
INFO:  ----------
INFO:  best_overall_accuracy: 43.35% 
INFO:  --------------------------------------------------
INFO:  TRAIN:epoch = 2/6000 classification_loss = 0.00000 train_time = 0.10
INFO:  ----------
INFO:  late_risk Accuracy: 50.78% val_time = 1762577746.93
INFO:  day_for_shipping Accuracy: 2.99% val_time = 1762577746.93
INFO:  on_time Accuracy: 76.30% val_time = 1762577746.93
INFO:  --------------------------------------------------
INFO:  TRAIN:epoch = 3/6000 classification_loss = 0.00000 train_time = 0.10
INFO:  ----------
INFO:  late_risk Accuracy: 50.78% val_time = 1762577747.05
INFO:  day_for_shipping Accuracy: 2.99% val_time = 1762577747.05
INFO:  on_time Accuracy: 76.30% val_time = 1762577747.05
INFO:  --------------------------------------------------
INFO:  TRAIN:epoch = 4/6000 classification_loss = 0.00000 train_time = 0.10
INFO:  ----------
INFO:  late_risk Accuracy: 50.78% val_time = 1762577747.17
INFO:  day_for_shipping Accuracy: 0.00% val_time = 1762577747.17
INFO:  on_time Accuracy: 0.00% val_time = 1762577747.17
INFO:  --------------------------------------------------
INFO:  TRAIN:epoch = 5/6000 classification_loss = 0.00000 train_time = 0.10
INFO:  ----------
INFO:  late_risk Accuracy: 50.78% val_time = 1762577747.28
INFO:  day_for_shipping Accuracy: 0.00% val_time = 1762577747.28
INFO:  on_time Accuracy: 0.00% val_time = 1762577747.28
INFO:  --------------------------------------------------
INFO:  TRAIN:epoch = 6/6000 classification_loss = 0.00000 train_time = 0.10
INFO:  ----------
INFO:  late_risk Accuracy: 50.78% val_time = 1762577747.40
INFO:  day_for_shipping Accuracy: 0.00% val_time = 1762577747.40
INFO:  on_time Accuracy: 0.00% val_time = 1762577747.40
INFO:  --------------------------------------------------
INFO:  TRAIN:epoch = 7/6000 classification_loss = 0.00000 train_time = 0.22
INFO:  ----------
INFO:  late_risk Accuracy: 0.00% val_time = 1762577747.64
INFO:  day_for_shipping Accuracy: 0.00% val_time = 1762577747.64
INFO:  on_time Accuracy: 0.00% val_time = 1762577747.64
INFO:  --------------------------------------------------
INFO:  TRAIN:epoch = 8/6000 classification_loss = 0.00000 train_time = 0.10
INFO:  ----------
INFO:  late_risk Accuracy: 50.78% val_time = 1762577747.75
INFO:  day_for_shipping Accuracy: 0.04% val_time = 1762577747.75
INFO:  on_time Accuracy: 0.00% val_time = 1762577747.75
INFO:  --------------------------------------------------
INFO:  TRAIN:epoch = 9/6000 classification_loss = 0.00000 train_time = 0.10
INFO:  ----------
INFO:  late_risk Accuracy: 50.78% val_time = 1762577747.87
INFO:  day_for_shipping Accuracy: 2.99% val_time = 1762577747.87
INFO:  on_time Accuracy: 76.30% val_time = 1762577747.87
INFO:  --------------------------------------------------
INFO:  TRAIN:epoch = 10/6000 classification_loss = 0.00000 train_time = 0.10
INFO:  ----------
INFO:  late_risk Accuracy: 49.22% val_time = 1762577747.99
INFO:  day_for_shipping Accuracy: 2.49% val_time = 1762577747.99
INFO:  on_time Accuracy: 23.70% val_time = 1762577747.99
INFO:  --------------------------------------------------
INFO:  TRAIN:epoch = 11/6000 classification_loss = 0.00000 train_time = 0.10
INFO:  ----------
INFO:  late_risk Accuracy: 50.78% val_time = 1762577748.11
INFO:  day_for_shipping Accuracy: 0.00% val_time = 1762577748.11
INFO:  on_time Accuracy: 76.30% val_time = 1762577748.11
INFO:  --------------------------------------------------
INFO:  TRAIN:epoch = 12/6000 classification_loss = 0.00000 train_time = 0.10
INFO:  ----------
INFO:  late_risk Accuracy: 50.78% val_time = 1762577748.23
INFO:  day_for_shipping Accuracy: 0.04% val_time = 1762577748.23
INFO:  on_time Accuracy: 76.30% val_time = 1762577748.23
INFO:  --------------------------------------------------
INFO:  TRAIN:epoch = 13/6000 classification_loss = 0.00000 train_time = 0.10
INFO:  ----------
INFO:  late_risk Accuracy: 0.00% val_time = 1762577748.35
INFO:  day_for_shipping Accuracy: 0.04% val_time = 1762577748.35
INFO:  on_time Accuracy: 0.00% val_time = 1762577748.35
INFO:  --------------------------------------------------
INFO:  TRAIN:epoch = 14/6000 classification_loss = 0.00000 train_time = 0.10
INFO:  ----------
INFO:  late_risk Accuracy: 50.78% val_time = 1762577748.47
INFO:  day_for_shipping Accuracy: 2.99% val_time = 1762577748.47
INFO:  on_time Accuracy: 76.30% val_time = 1762577748.47
INFO:  --------------------------------------------------
INFO:  TRAIN:epoch = 15/6000 classification_loss = 0.00000 train_time = 0.10
INFO:  ----------
INFO:  late_risk Accuracy: 50.78% val_time = 1762577748.58
INFO:  day_for_shipping Accuracy: 0.00% val_time = 1762577748.58
INFO:  on_time Accuracy: 0.00% val_time = 1762577748.58
INFO:  --------------------------------------------------
INFO:  TRAIN:epoch = 16/6000 classification_loss = 0.00000 train_time = 0.10
INFO:  ----------
INFO:  late_risk Accuracy: 49.22% val_time = 1762577748.70
INFO:  day_for_shipping Accuracy: 0.00% val_time = 1762577748.70
INFO:  on_time Accuracy: 0.00% val_time = 1762577748.70
INFO:  --------------------------------------------------
INFO:  TRAIN:epoch = 17/6000 classification_loss = 0.00000 train_time = 0.10
INFO:  ----------
INFO:  late_risk Accuracy: 49.22% val_time = 1762577748.82
INFO:  day_for_shipping Accuracy: 2.49% val_time = 1762577748.82
INFO:  on_time Accuracy: 23.70% val_time = 1762577748.82
INFO:  --------------------------------------------------
INFO:  TRAIN:epoch = 18/6000 classification_loss = 0.00000 train_time = 0.10
INFO:  ----------
INFO:  late_risk Accuracy: 50.78% val_time = 1762577748.94
INFO:  day_for_shipping Accuracy: 2.99% val_time = 1762577748.94
INFO:  on_time Accuracy: 76.30% val_time = 1762577748.94
INFO:  --------------------------------------------------
INFO:  TRAIN:epoch = 19/6000 classification_loss = 0.00000 train_time = 0.10
INFO:  ----------
INFO:  late_risk Accuracy: 50.78% val_time = 1762577749.05
INFO:  day_for_shipping Accuracy: 2.99% val_time = 1762577749.05
INFO:  on_time Accuracy: 76.30% val_time = 1762577749.05
INFO:  --------------------------------------------------
INFO:  TRAIN:epoch = 20/6000 classification_loss = 0.00000 train_time = 0.10
INFO:  ----------
INFO:  late_risk Accuracy: 50.78% val_time = 1762577749.17
INFO:  day_for_shipping Accuracy: 0.00% val_time = 1762577749.17
INFO:  on_time Accuracy: 0.00% val_time = 1762577749.17
INFO:  --------------------------------------------------
INFO:  TRAIN:epoch = 21/6000 classification_loss = 0.00000 train_time = 0.10
INFO:  ----------
INFO:  late_risk Accuracy: 49.22% val_time = 1762577749.29
INFO:  day_for_shipping Accuracy: 0.14% val_time = 1762577749.29
INFO:  on_time Accuracy: 0.00% val_time = 1762577749.29
INFO:  --------------------------------------------------
INFO:  TRAIN:epoch = 22/6000 classification_loss = 0.00000 train_time = 0.10
INFO:  ----------
INFO:  late_risk Accuracy: 49.22% val_time = 1762577749.41
INFO:  day_for_shipping Accuracy: 0.14% val_time = 1762577749.41
INFO:  on_time Accuracy: 76.30% val_time = 1762577749.41
INFO:  --------------------------------------------------
INFO:  TRAIN:epoch = 23/6000 classification_loss = 0.00000 train_time = 0.22
INFO:  ----------
INFO:  late_risk Accuracy: 49.22% val_time = 1762577749.64
INFO:  day_for_shipping Accuracy: 0.00% val_time = 1762577749.64
INFO:  on_time Accuracy: 76.30% val_time = 1762577749.64
INFO:  --------------------------------------------------
INFO:  TRAIN:epoch = 24/6000 classification_loss = 0.00000 train_time = 0.10
INFO:  ----------
INFO:  late_risk Accuracy: 49.22% val_time = 1762577749.76
INFO:  day_for_shipping Accuracy: 0.00% val_time = 1762577749.76
INFO:  on_time Accuracy: 76.30% val_time = 1762577749.76
INFO:  --------------------------------------------------
INFO:  TRAIN:epoch = 25/6000 classification_loss = 0.00000 train_time = 0.10
INFO:  ----------
INFO:  late_risk Accuracy: 49.22% val_time = 1762577749.88
INFO:  day_for_shipping Accuracy: 0.04% val_time = 1762577749.88
INFO:  on_time Accuracy: 76.30% val_time = 1762577749.88
INFO:  --------------------------------------------------
INFO:  TRAIN:epoch = 26/6000 classification_loss = 0.00000 train_time = 0.10
INFO:  ----------
INFO:  late_risk Accuracy: 49.22% val_time = 1762577749.99
INFO:  day_for_shipping Accuracy: 0.07% val_time = 1762577749.99
INFO:  on_time Accuracy: 0.00% val_time = 1762577749.99
INFO:  --------------------------------------------------
INFO:  TRAIN:epoch = 27/6000 classification_loss = 0.00000 train_time = 0.10
INFO:  ----------
INFO:  late_risk Accuracy: 50.78% val_time = 1762577750.11
INFO:  day_for_shipping Accuracy: 2.99% val_time = 1762577750.11
INFO:  on_time Accuracy: 76.30% val_time = 1762577750.11
INFO:  --------------------------------------------------
INFO:  TRAIN:epoch = 28/6000 classification_loss = 0.00000 train_time = 0.10
INFO:  ----------
INFO:  late_risk Accuracy: 49.22% val_time = 1762577750.23
INFO:  day_for_shipping Accuracy: 0.04% val_time = 1762577750.23
INFO:  on_time Accuracy: 0.00% val_time = 1762577750.23
INFO:  --------------------------------------------------
INFO:  TRAIN:epoch = 29/6000 classification_loss = 0.00000 train_time = 0.10
INFO:  ----------
INFO:  late_risk Accuracy: 49.22% val_time = 1762577750.35
INFO:  day_for_shipping Accuracy: 2.99% val_time = 1762577750.35
INFO:  on_time Accuracy: 76.30% val_time = 1762577750.35
INFO:  --------------------------------------------------
INFO:  TRAIN:epoch = 30/6000 classification_loss = 0.00000 train_time = 0.10
INFO:  ----------
INFO:  late_risk Accuracy: 50.78% val_time = 1762577750.47
INFO:  day_for_shipping Accuracy: 0.00% val_time = 1762577750.47
INFO:  on_time Accuracy: 76.30% val_time = 1762577750.47
INFO:  --------------------------------------------------
INFO:  TRAIN:epoch = 31/6000 classification_loss = 0.00000 train_time = 0.10
INFO:  ----------
INFO:  late_risk Accuracy: 50.78% val_time = 1762577750.58
INFO:  day_for_shipping Accuracy: 0.00% val_time = 1762577750.58
INFO:  on_time Accuracy: 76.30% val_time = 1762577750.58
INFO:  --------------------------------------------------
INFO:  TRAIN:epoch = 32/6000 classification_loss = 0.00000 train_time = 0.10
INFO:  ----------
INFO:  late_risk Accuracy: 49.22% val_time = 1762577750.70
INFO:  day_for_shipping Accuracy: 0.00% val_time = 1762577750.70
INFO:  on_time Accuracy: 76.30% val_time = 1762577750.70
INFO:  --------------------------------------------------
INFO:  TRAIN:epoch = 33/6000 classification_loss = 0.00000 train_time = 0.10
INFO:  ----------
INFO:  late_risk Accuracy: 49.22% val_time = 1762577750.82
INFO:  day_for_shipping Accuracy: 0.00% val_time = 1762577750.82
INFO:  on_time Accuracy: 76.30% val_time = 1762577750.82
INFO:  --------------------------------------------------
INFO:  TRAIN:epoch = 34/6000 classification_loss = 0.00000 train_time = 0.10
INFO:  ----------
INFO:  late_risk Accuracy: 49.22% val_time = 1762577750.94
INFO:  day_for_shipping Accuracy: 0.00% val_time = 1762577750.94
INFO:  on_time Accuracy: 76.30% val_time = 1762577750.94
INFO:  --------------------------------------------------
INFO:  TRAIN:epoch = 35/6000 classification_loss = 0.00000 train_time = 0.10
INFO:  ----------
INFO:  late_risk Accuracy: 50.78% val_time = 1762577751.06
INFO:  day_for_shipping Accuracy: 0.04% val_time = 1762577751.06
INFO:  on_time Accuracy: 76.30% val_time = 1762577751.06
INFO:  --------------------------------------------------
INFO:  TRAIN:epoch = 36/6000 classification_loss = 0.00000 train_time = 0.10
INFO:  ----------
INFO:  late_risk Accuracy: 50.78% val_time = 1762577751.18
INFO:  day_for_shipping Accuracy: 0.00% val_time = 1762577751.18
INFO:  on_time Accuracy: 76.30% val_time = 1762577751.18
INFO:  --------------------------------------------------
INFO:  TRAIN:epoch = 37/6000 classification_loss = 0.00000 train_time = 0.10
INFO:  ----------
INFO:  late_risk Accuracy: 49.22% val_time = 1762577751.30
INFO:  day_for_shipping Accuracy: 0.00% val_time = 1762577751.30
INFO:  on_time Accuracy: 76.30% val_time = 1762577751.30
INFO:  --------------------------------------------------
INFO:  TRAIN:epoch = 38/6000 classification_loss = 0.00000 train_time = 0.10
INFO:  ----------
INFO:  late_risk Accuracy: 50.78% val_time = 1762577751.42
INFO:  day_for_shipping Accuracy: 0.00% val_time = 1762577751.42
INFO:  on_time Accuracy: 76.30% val_time = 1762577751.42
INFO:  --------------------------------------------------
INFO:  TRAIN:epoch = 39/6000 classification_loss = 0.00000 train_time = 0.22
INFO:  ----------
INFO:  late_risk Accuracy: 49.22% val_time = 1762577751.65
INFO:  day_for_shipping Accuracy: 0.00% val_time = 1762577751.65
INFO:  on_time Accuracy: 76.30% val_time = 1762577751.65
INFO:  --------------------------------------------------
INFO:  TRAIN:epoch = 40/6000 classification_loss = 0.00000 train_time = 0.10
INFO:  ----------
INFO:  late_risk Accuracy: 49.22% val_time = 1762577751.77
INFO:  day_for_shipping Accuracy: 0.04% val_time = 1762577751.77
INFO:  on_time Accuracy: 76.30% val_time = 1762577751.77
INFO:  --------------------------------------------------
INFO:  TRAIN:epoch = 41/6000 classification_loss = 0.00000 train_time = 0.10
INFO:  ----------
INFO:  late_risk Accuracy: 50.78% val_time = 1762577751.89
INFO:  day_for_shipping Accuracy: 0.07% val_time = 1762577751.89
INFO:  on_time Accuracy: 76.30% val_time = 1762577751.89
INFO:  --------------------------------------------------
INFO:  TRAIN:epoch = 42/6000 classification_loss = 0.00000 train_time = 0.10
INFO:  ----------
INFO:  late_risk Accuracy: 50.78% val_time = 1762577752.01
INFO:  day_for_shipping Accuracy: 0.00% val_time = 1762577752.01
INFO:  on_time Accuracy: 76.30% val_time = 1762577752.01
INFO:  --------------------------------------------------
INFO:  TRAIN:epoch = 43/6000 classification_loss = 0.00000 train_time = 0.10
INFO:  ----------
INFO:  late_risk Accuracy: 49.22% val_time = 1762577752.12
INFO:  day_for_shipping Accuracy: 0.04% val_time = 1762577752.12
INFO:  on_time Accuracy: 76.30% val_time = 1762577752.12
INFO:  --------------------------------------------------
INFO:  TRAIN:epoch = 44/6000 classification_loss = 0.00000 train_time = 0.10
INFO:  ----------
INFO:  late_risk Accuracy: 50.78% val_time = 1762577752.24
INFO:  day_for_shipping Accuracy: 0.14% val_time = 1762577752.24
INFO:  on_time Accuracy: 76.30% val_time = 1762577752.24
INFO:  --------------------------------------------------
INFO:  TRAIN:epoch = 45/6000 classification_loss = 0.00000 train_time = 0.10
INFO:  ----------
INFO:  late_risk Accuracy: 50.78% val_time = 1762577752.36
INFO:  day_for_shipping Accuracy: 0.00% val_time = 1762577752.36
INFO:  on_time Accuracy: 76.30% val_time = 1762577752.36
INFO:  --------------------------------------------------
INFO:  TRAIN:epoch = 46/6000 classification_loss = 0.00000 train_time = 0.10
INFO:  ----------
INFO:  late_risk Accuracy: 50.78% val_time = 1762577752.48
INFO:  day_for_shipping Accuracy: 0.00% val_time = 1762577752.48
INFO:  on_time Accuracy: 76.30% val_time = 1762577752.48
INFO:  --------------------------------------------------
INFO:  TRAIN:epoch = 47/6000 classification_loss = 0.00000 train_time = 0.10
INFO:  ----------
INFO:  late_risk Accuracy: 49.22% val_time = 1762577752.60
INFO:  day_for_shipping Accuracy: 0.14% val_time = 1762577752.60
INFO:  on_time Accuracy: 76.30% val_time = 1762577752.60
INFO:  --------------------------------------------------
INFO:  TRAIN:epoch = 48/6000 classification_loss = 0.00000 train_time = 0.10
INFO:  ----------
INFO:  late_risk Accuracy: 49.22% val_time = 1762577752.72
INFO:  day_for_shipping Accuracy: 0.00% val_time = 1762577752.72
INFO:  on_time Accuracy: 76.30% val_time = 1762577752.72
INFO:  --------------------------------------------------
INFO:  TRAIN:epoch = 49/6000 classification_loss = 0.00000 train_time = 0.10
INFO:  ----------
INFO:  late_risk Accuracy: 50.78% val_time = 1762577752.83
INFO:  day_for_shipping Accuracy: 0.00% val_time = 1762577752.83
INFO:  on_time Accuracy: 76.30% val_time = 1762577752.83
INFO:  --------------------------------------------------
INFO:  TRAIN:epoch = 50/6000 classification_loss = 0.00000 train_time = 0.10
INFO:  ----------
INFO:  late_risk Accuracy: 66.88% val_time = 1762577752.95
INFO:  day_for_shipping Accuracy: 0.00% val_time = 1762577752.95
INFO:  on_time Accuracy: 76.30% val_time = 1762577752.95
INFO:  ----------
INFO:  best_overall_accuracy: 47.73% 
INFO:  --------------------------------------------------
INFO:  TRAIN:epoch = 51/6000 classification_loss = 0.00000 train_time = 0.10
INFO:  ----------
INFO:  late_risk Accuracy: 72.49% val_time = 1762577753.07
INFO:  day_for_shipping Accuracy: 0.07% val_time = 1762577753.07
INFO:  on_time Accuracy: 76.30% val_time = 1762577753.07
INFO:  ----------
INFO:  best_overall_accuracy: 49.62% 
INFO:  --------------------------------------------------
INFO:  TRAIN:epoch = 52/6000 classification_loss = 0.00000 train_time = 0.10
INFO:  ----------
INFO:  late_risk Accuracy: 72.49% val_time = 1762577753.19
INFO:  day_for_shipping Accuracy: 0.04% val_time = 1762577753.19
INFO:  on_time Accuracy: 76.30% val_time = 1762577753.19
INFO:  --------------------------------------------------
INFO:  TRAIN:epoch = 53/6000 classification_loss = 0.00000 train_time = 0.10
INFO:  ----------
INFO:  late_risk Accuracy: 72.49% val_time = 1762577753.31
INFO:  day_for_shipping Accuracy: 0.00% val_time = 1762577753.31
INFO:  on_time Accuracy: 76.30% val_time = 1762577753.31
INFO:  --------------------------------------------------
INFO:  TRAIN:epoch = 54/6000 classification_loss = 0.00000 train_time = 0.22
INFO:  ----------
INFO:  late_risk Accuracy: 72.49% val_time = 1762577753.54
INFO:  day_for_shipping Accuracy: 0.00% val_time = 1762577753.54
INFO:  on_time Accuracy: 76.30% val_time = 1762577753.54
INFO:  --------------------------------------------------
INFO:  TRAIN:epoch = 55/6000 classification_loss = 0.00000 train_time = 0.10
INFO:  ----------
INFO:  late_risk Accuracy: 72.49% val_time = 1762577753.66
INFO:  day_for_shipping Accuracy: 0.04% val_time = 1762577753.66
INFO:  on_time Accuracy: 76.30% val_time = 1762577753.66
INFO:  --------------------------------------------------
INFO:  TRAIN:epoch = 56/6000 classification_loss = 0.00000 train_time = 0.10
INFO:  ----------
INFO:  late_risk Accuracy: 72.49% val_time = 1762577753.78
INFO:  day_for_shipping Accuracy: 0.04% val_time = 1762577753.78
INFO:  on_time Accuracy: 76.30% val_time = 1762577753.78
INFO:  --------------------------------------------------
INFO:  TRAIN:epoch = 57/6000 classification_loss = 0.00000 train_time = 0.10
INFO:  ----------
INFO:  late_risk Accuracy: 72.49% val_time = 1762577753.90
INFO:  day_for_shipping Accuracy: 0.00% val_time = 1762577753.90
INFO:  on_time Accuracy: 76.30% val_time = 1762577753.90
INFO:  --------------------------------------------------
INFO:  TRAIN:epoch = 58/6000 classification_loss = 0.00000 train_time = 0.10
INFO:  ----------
INFO:  late_risk Accuracy: 66.88% val_time = 1762577754.01
INFO:  day_for_shipping Accuracy: 0.00% val_time = 1762577754.01
INFO:  on_time Accuracy: 76.30% val_time = 1762577754.01
INFO:  --------------------------------------------------
INFO:  TRAIN:epoch = 59/6000 classification_loss = 0.00000 train_time = 0.10
INFO:  ----------
INFO:  late_risk Accuracy: 66.88% val_time = 1762577754.13
INFO:  day_for_shipping Accuracy: 0.04% val_time = 1762577754.13
INFO:  on_time Accuracy: 76.30% val_time = 1762577754.13
INFO:  --------------------------------------------------
INFO:  TRAIN:epoch = 60/6000 classification_loss = 0.00000 train_time = 0.10
INFO:  ----------
INFO:  late_risk Accuracy: 72.49% val_time = 1762577754.25
INFO:  day_for_shipping Accuracy: 0.00% val_time = 1762577754.25
INFO:  on_time Accuracy: 76.30% val_time = 1762577754.25
INFO:  --------------------------------------------------
INFO:  TRAIN:epoch = 61/6000 classification_loss = 0.00000 train_time = 0.10
INFO:  ----------
INFO:  late_risk Accuracy: 72.49% val_time = 1762577754.37
INFO:  day_for_shipping Accuracy: 0.00% val_time = 1762577754.37
INFO:  on_time Accuracy: 76.30% val_time = 1762577754.37
INFO:  --------------------------------------------------
INFO:  TRAIN:epoch = 62/6000 classification_loss = 0.00000 train_time = 0.11
INFO:  ----------
INFO:  late_risk Accuracy: 72.49% val_time = 1762577754.49
INFO:  day_for_shipping Accuracy: 0.00% val_time = 1762577754.49
INFO:  on_time Accuracy: 76.30% val_time = 1762577754.49
INFO:  --------------------------------------------------
INFO:  TRAIN:epoch = 63/6000 classification_loss = 0.00000 train_time = 0.10
INFO:  ----------
INFO:  late_risk Accuracy: 72.49% val_time = 1762577754.61
INFO:  day_for_shipping Accuracy: 0.00% val_time = 1762577754.61
INFO:  on_time Accuracy: 76.30% val_time = 1762577754.61
INFO:  --------------------------------------------------
INFO:  TRAIN:epoch = 64/6000 classification_loss = 0.00000 train_time = 0.10
INFO:  ----------
INFO:  late_risk Accuracy: 72.49% val_time = 1762577754.73
INFO:  day_for_shipping Accuracy: 0.04% val_time = 1762577754.73
INFO:  on_time Accuracy: 76.30% val_time = 1762577754.73
INFO:  --------------------------------------------------
INFO:  TRAIN:epoch = 65/6000 classification_loss = 0.00000 train_time = 0.10
INFO:  ----------
INFO:  late_risk Accuracy: 66.88% val_time = 1762577754.85
INFO:  day_for_shipping Accuracy: 0.00% val_time = 1762577754.85
INFO:  on_time Accuracy: 76.30% val_time = 1762577754.85
INFO:  --------------------------------------------------
INFO:  TRAIN:epoch = 66/6000 classification_loss = 0.00000 train_time = 0.10
INFO:  ----------
INFO:  late_risk Accuracy: 72.49% val_time = 1762577754.97
INFO:  day_for_shipping Accuracy: 0.00% val_time = 1762577754.97
INFO:  on_time Accuracy: 76.30% val_time = 1762577754.97
INFO:  --------------------------------------------------
INFO:  TRAIN:epoch = 67/6000 classification_loss = 0.00000 train_time = 0.10
INFO:  ----------
INFO:  late_risk Accuracy: 72.49% val_time = 1762577755.09
INFO:  day_for_shipping Accuracy: 0.00% val_time = 1762577755.09
INFO:  on_time Accuracy: 76.30% val_time = 1762577755.09
INFO:  --------------------------------------------------
INFO:  TRAIN:epoch = 68/6000 classification_loss = 0.00000 train_time = 0.11
INFO:  ----------
INFO:  late_risk Accuracy: 72.49% val_time = 1762577755.21
INFO:  day_for_shipping Accuracy: 0.04% val_time = 1762577755.21
INFO:  on_time Accuracy: 76.30% val_time = 1762577755.21
INFO:  --------------------------------------------------
INFO:  TRAIN:epoch = 69/6000 classification_loss = 0.00000 train_time = 0.22
INFO:  ----------
INFO:  late_risk Accuracy: 66.88% val_time = 1762577755.44
INFO:  day_for_shipping Accuracy: 0.04% val_time = 1762577755.44
INFO:  on_time Accuracy: 76.30% val_time = 1762577755.44
INFO:  --------------------------------------------------
INFO:  TRAIN:epoch = 70/6000 classification_loss = 0.00000 train_time = 0.11
INFO:  ----------
INFO:  late_risk Accuracy: 72.49% val_time = 1762577755.57
INFO:  day_for_shipping Accuracy: 0.00% val_time = 1762577755.57
INFO:  on_time Accuracy: 76.30% val_time = 1762577755.57
INFO:  --------------------------------------------------
INFO:  TRAIN:epoch = 71/6000 classification_loss = 0.00000 train_time = 0.10
INFO:  ----------
INFO:  late_risk Accuracy: 72.49% val_time = 1762577755.69
INFO:  day_for_shipping Accuracy: 0.00% val_time = 1762577755.69
INFO:  on_time Accuracy: 76.30% val_time = 1762577755.69
INFO:  --------------------------------------------------
INFO:  TRAIN:epoch = 72/6000 classification_loss = 0.00000 train_time = 0.10
INFO:  ----------
INFO:  late_risk Accuracy: 72.49% val_time = 1762577755.81
INFO:  day_for_shipping Accuracy: 0.00% val_time = 1762577755.81
INFO:  on_time Accuracy: 76.30% val_time = 1762577755.81
INFO:  --------------------------------------------------
INFO:  TRAIN:epoch = 73/6000 classification_loss = 0.00000 train_time = 0.10
INFO:  ----------
INFO:  late_risk Accuracy: 72.49% val_time = 1762577755.92
INFO:  day_for_shipping Accuracy: 0.00% val_time = 1762577755.92
INFO:  on_time Accuracy: 76.30% val_time = 1762577755.92
INFO:  --------------------------------------------------
INFO:  TRAIN:epoch = 74/6000 classification_loss = 0.00000 train_time = 0.10
INFO:  ----------
INFO:  late_risk Accuracy: 72.49% val_time = 1762577756.04
INFO:  day_for_shipping Accuracy: 0.00% val_time = 1762577756.04
INFO:  on_time Accuracy: 76.30% val_time = 1762577756.04
INFO:  --------------------------------------------------
INFO:  TRAIN:epoch = 75/6000 classification_loss = 0.00000 train_time = 0.10
INFO:  ----------
INFO:  late_risk Accuracy: 72.49% val_time = 1762577756.16
INFO:  day_for_shipping Accuracy: 0.00% val_time = 1762577756.16
INFO:  on_time Accuracy: 76.30% val_time = 1762577756.16
INFO:  --------------------------------------------------
INFO:  TRAIN:epoch = 76/6000 classification_loss = 0.00000 train_time = 0.10
INFO:  ----------
INFO:  late_risk Accuracy: 72.49% val_time = 1762577756.28
INFO:  day_for_shipping Accuracy: 0.00% val_time = 1762577756.28
INFO:  on_time Accuracy: 76.30% val_time = 1762577756.28
INFO:  --------------------------------------------------
INFO:  TRAIN:epoch = 77/6000 classification_loss = 0.00000 train_time = 0.11
INFO:  ----------
INFO:  late_risk Accuracy: 72.49% val_time = 1762577756.40
INFO:  day_for_shipping Accuracy: 0.00% val_time = 1762577756.40
INFO:  on_time Accuracy: 76.30% val_time = 1762577756.40
INFO:  --------------------------------------------------
INFO:  TRAIN:epoch = 78/6000 classification_loss = 0.00000 train_time = 0.10
INFO:  ----------
INFO:  late_risk Accuracy: 72.49% val_time = 1762577756.52
INFO:  day_for_shipping Accuracy: 0.07% val_time = 1762577756.52
INFO:  on_time Accuracy: 76.30% val_time = 1762577756.52
INFO:  --------------------------------------------------
INFO:  TRAIN:epoch = 79/6000 classification_loss = 0.00000 train_time = 0.10
INFO:  ----------
INFO:  late_risk Accuracy: 72.49% val_time = 1762577756.64
INFO:  day_for_shipping Accuracy: 0.07% val_time = 1762577756.64
INFO:  on_time Accuracy: 76.30% val_time = 1762577756.64
INFO:  --------------------------------------------------
INFO:  TRAIN:epoch = 80/6000 classification_loss = 0.00000 train_time = 0.10
INFO:  ----------
INFO:  late_risk Accuracy: 72.49% val_time = 1762577756.75
INFO:  day_for_shipping Accuracy: 0.07% val_time = 1762577756.75
INFO:  on_time Accuracy: 76.30% val_time = 1762577756.75
INFO:  --------------------------------------------------
INFO:  TRAIN:epoch = 81/6000 classification_loss = 0.00000 train_time = 0.10
INFO:  ----------
INFO:  late_risk Accuracy: 72.49% val_time = 1762577756.87
INFO:  day_for_shipping Accuracy: 0.07% val_time = 1762577756.87
INFO:  on_time Accuracy: 76.30% val_time = 1762577756.87
INFO:  --------------------------------------------------
INFO:  TRAIN:epoch = 82/6000 classification_loss = 0.00000 train_time = 0.11
INFO:  ----------
INFO:  late_risk Accuracy: 72.49% val_time = 1762577757.00
INFO:  day_for_shipping Accuracy: 0.07% val_time = 1762577757.00
INFO:  on_time Accuracy: 76.30% val_time = 1762577757.00
INFO:  --------------------------------------------------
INFO:  TRAIN:epoch = 83/6000 classification_loss = 0.00000 train_time = 0.10
INFO:  ----------
INFO:  late_risk Accuracy: 72.49% val_time = 1762577757.12
INFO:  day_for_shipping Accuracy: 0.07% val_time = 1762577757.12
INFO:  on_time Accuracy: 76.30% val_time = 1762577757.12
INFO:  --------------------------------------------------
INFO:  TRAIN:epoch = 84/6000 classification_loss = 0.00000 train_time = 0.10
INFO:  ----------
INFO:  late_risk Accuracy: 72.49% val_time = 1762577757.23
INFO:  day_for_shipping Accuracy: 0.07% val_time = 1762577757.23
INFO:  on_time Accuracy: 76.30% val_time = 1762577757.23
INFO:  --------------------------------------------------
INFO:  TRAIN:epoch = 85/6000 classification_loss = 0.00000 train_time = 0.22
INFO:  ----------
INFO:  late_risk Accuracy: 72.49% val_time = 1762577757.47
INFO:  day_for_shipping Accuracy: 0.07% val_time = 1762577757.47
INFO:  on_time Accuracy: 76.30% val_time = 1762577757.47
INFO:  --------------------------------------------------
INFO:  TRAIN:epoch = 86/6000 classification_loss = 0.00000 train_time = 0.10
INFO:  ----------
INFO:  late_risk Accuracy: 72.49% val_time = 1762577757.58
INFO:  day_for_shipping Accuracy: 0.07% val_time = 1762577757.58
INFO:  on_time Accuracy: 76.30% val_time = 1762577757.58
INFO:  --------------------------------------------------
INFO:  TRAIN:epoch = 87/6000 classification_loss = 0.00000 train_time = 0.11
INFO:  ----------
INFO:  late_risk Accuracy: 72.49% val_time = 1762577757.71
INFO:  day_for_shipping Accuracy: 0.07% val_time = 1762577757.71
INFO:  on_time Accuracy: 76.30% val_time = 1762577757.71
INFO:  --------------------------------------------------
INFO:  TRAIN:epoch = 88/6000 classification_loss = 0.00000 train_time = 0.10
INFO:  ----------
INFO:  late_risk Accuracy: 72.49% val_time = 1762577757.83
INFO:  day_for_shipping Accuracy: 0.07% val_time = 1762577757.83
INFO:  on_time Accuracy: 76.30% val_time = 1762577757.83
INFO:  --------------------------------------------------
INFO:  TRAIN:epoch = 89/6000 classification_loss = 0.00000 train_time = 0.10
INFO:  ----------
INFO:  late_risk Accuracy: 72.49% val_time = 1762577757.95
INFO:  day_for_shipping Accuracy: 0.07% val_time = 1762577757.95
INFO:  on_time Accuracy: 76.30% val_time = 1762577757.95
INFO:  --------------------------------------------------
INFO:  TRAIN:epoch = 90/6000 classification_loss = 0.00000 train_time = 0.10
INFO:  ----------
INFO:  late_risk Accuracy: 72.49% val_time = 1762577758.06
INFO:  day_for_shipping Accuracy: 0.07% val_time = 1762577758.06
INFO:  on_time Accuracy: 76.30% val_time = 1762577758.06
INFO:  --------------------------------------------------
INFO:  TRAIN:epoch = 91/6000 classification_loss = 0.00000 train_time = 0.10
INFO:  ----------
INFO:  late_risk Accuracy: 72.49% val_time = 1762577758.18
INFO:  day_for_shipping Accuracy: 0.07% val_time = 1762577758.18
INFO:  on_time Accuracy: 76.30% val_time = 1762577758.18
INFO:  --------------------------------------------------
INFO:  TRAIN:epoch = 92/6000 classification_loss = 0.00000 train_time = 0.10
INFO:  ----------
INFO:  late_risk Accuracy: 72.49% val_time = 1762577758.30
INFO:  day_for_shipping Accuracy: 0.00% val_time = 1762577758.30
INFO:  on_time Accuracy: 76.30% val_time = 1762577758.30
INFO:  --------------------------------------------------
INFO:  TRAIN:epoch = 93/6000 classification_loss = 0.00000 train_time = 0.10
INFO:  ----------
INFO:  late_risk Accuracy: 72.49% val_time = 1762577758.42
INFO:  day_for_shipping Accuracy: 0.00% val_time = 1762577758.42
INFO:  on_time Accuracy: 76.30% val_time = 1762577758.42
INFO:  --------------------------------------------------
INFO:  TRAIN:epoch = 94/6000 classification_loss = 0.00000 train_time = 0.10
INFO:  ----------
INFO:  late_risk Accuracy: 72.49% val_time = 1762577758.54
INFO:  day_for_shipping Accuracy: 0.00% val_time = 1762577758.54
INFO:  on_time Accuracy: 76.30% val_time = 1762577758.54
INFO:  --------------------------------------------------
INFO:  TRAIN:epoch = 95/6000 classification_loss = 0.00000 train_time = 0.10
INFO:  ----------
INFO:  late_risk Accuracy: 72.49% val_time = 1762577758.65
INFO:  day_for_shipping Accuracy: 0.00% val_time = 1762577758.65
INFO:  on_time Accuracy: 76.30% val_time = 1762577758.65
INFO:  --------------------------------------------------
INFO:  TRAIN:epoch = 96/6000 classification_loss = 0.00000 train_time = 0.11
INFO:  ----------
INFO:  late_risk Accuracy: 72.49% val_time = 1762577758.78
INFO:  day_for_shipping Accuracy: 0.00% val_time = 1762577758.78
INFO:  on_time Accuracy: 76.30% val_time = 1762577758.78
INFO:  --------------------------------------------------
INFO:  TRAIN:epoch = 97/6000 classification_loss = 0.00000 train_time = 0.10
INFO:  ----------
INFO:  late_risk Accuracy: 72.49% val_time = 1762577758.90
INFO:  day_for_shipping Accuracy: 0.00% val_time = 1762577758.90
INFO:  on_time Accuracy: 76.30% val_time = 1762577758.90
INFO:  --------------------------------------------------
INFO:  TRAIN:epoch = 98/6000 classification_loss = 0.00000 train_time = 0.10
INFO:  ----------
INFO:  late_risk Accuracy: 72.49% val_time = 1762577759.02
INFO:  day_for_shipping Accuracy: 0.00% val_time = 1762577759.02
INFO:  on_time Accuracy: 76.30% val_time = 1762577759.02
INFO:  --------------------------------------------------
INFO:  TRAIN:epoch = 99/6000 classification_loss = 0.00000 train_time = 0.10
INFO:  ----------
INFO:  late_risk Accuracy: 72.49% val_time = 1762577759.13
INFO:  day_for_shipping Accuracy: 0.00% val_time = 1762577759.13
INFO:  on_time Accuracy: 76.30% val_time = 1762577759.13
INFO:  --------------------------------------------------
INFO:  TRAIN:epoch = 100/6000 classification_loss = 0.00000 train_time = 0.22
INFO:  ----------
INFO:  late_risk Accuracy: 72.49% val_time = 1762577759.37
INFO:  day_for_shipping Accuracy: 0.00% val_time = 1762577759.37
INFO:  on_time Accuracy: 76.30% val_time = 1762577759.37
INFO:  --------------------------------------------------
INFO:  TRAIN:epoch = 101/6000 classification_loss = 0.00000 train_time = 0.11
INFO:  ----------
INFO:  late_risk Accuracy: 72.49% val_time = 1762577759.49
INFO:  day_for_shipping Accuracy: 0.00% val_time = 1762577759.49
INFO:  on_time Accuracy: 76.30% val_time = 1762577759.49
INFO:  --------------------------------------------------
INFO:  TRAIN:epoch = 102/6000 classification_loss = 0.00000 train_time = 0.10
INFO:  ----------
INFO:  late_risk Accuracy: 72.49% val_time = 1762577759.61
INFO:  day_for_shipping Accuracy: 0.00% val_time = 1762577759.61
INFO:  on_time Accuracy: 76.30% val_time = 1762577759.61
INFO:  simulator training stage cost time: 13.551518201828003
INFO:  best_acc1 0.7249466950959488
INFO:  best_acc2 0.0007107320540156361
INFO:  best_acc3 0.7629708599857854
INFO:  best_overall_accuracy 0.49620942904524995
