INFO:  --------------------------------Een Init----------------------------------
INFO:  Code will run in cuda:0
INFO:  --------------------------------Dataset Init------------------------------
INFO:  --------------------------------Model Init--------------------------------
INFO:  --------------------------------Session Init------------------------------
INFO:  ------------------------------------ Main --------------------------------
INFO:  --------------------------------------------------
INFO:  TRAIN:epoch = 0/6000 classification_loss = 0.00000 train_time = 0.73
INFO:  ----------
INFO:  late_risk Accuracy: 69.55% val_time = 0.01
INFO:  day_for_shipping Accuracy: 38.06% val_time = 0.01
INFO:  on_time Accuracy: 76.30% val_time = 0.01
INFO:  ----------
INFO:  best_overall_accuracy: 61.30% 
INFO:  --------------------------------------------------
INFO:  TRAIN:epoch = 1/6000 classification_loss = 0.00000 train_time = 0.11
INFO:  ----------
INFO:  late_risk Accuracy: 69.55% val_time = 0.01
INFO:  day_for_shipping Accuracy: 38.06% val_time = 0.01
INFO:  on_time Accuracy: 76.30% val_time = 0.01
INFO:  --------------------------------------------------
INFO:  TRAIN:epoch = 2/6000 classification_loss = 0.00000 train_time = 0.09
INFO:  ----------
INFO:  late_risk Accuracy: 72.49% val_time = 0.01
INFO:  day_for_shipping Accuracy: 38.06% val_time = 0.01
INFO:  on_time Accuracy: 76.30% val_time = 0.01
INFO:  ----------
INFO:  best_overall_accuracy: 62.28% 
INFO:  --------------------------------------------------
INFO:  TRAIN:epoch = 3/6000 classification_loss = 0.00000 train_time = 0.10
INFO:  ----------
INFO:  late_risk Accuracy: 72.49% val_time = 0.01
INFO:  day_for_shipping Accuracy: 38.06% val_time = 0.01
INFO:  on_time Accuracy: 76.30% val_time = 0.01
INFO:  --------------------------------------------------
INFO:  TRAIN:epoch = 4/6000 classification_loss = 0.00000 train_time = 0.09
INFO:  ----------
INFO:  late_risk Accuracy: 72.49% val_time = 0.01
INFO:  day_for_shipping Accuracy: 38.06% val_time = 0.01
INFO:  on_time Accuracy: 76.30% val_time = 0.01
INFO:  --------------------------------------------------
INFO:  TRAIN:epoch = 5/6000 classification_loss = 0.00000 train_time = 0.09
INFO:  ----------
INFO:  late_risk Accuracy: 72.49% val_time = 0.01
INFO:  day_for_shipping Accuracy: 38.06% val_time = 0.01
INFO:  on_time Accuracy: 76.30% val_time = 0.01
INFO:  --------------------------------------------------
INFO:  TRAIN:epoch = 6/6000 classification_loss = 0.00000 train_time = 0.09
INFO:  ----------
INFO:  late_risk Accuracy: 72.49% val_time = 0.01
INFO:  day_for_shipping Accuracy: 38.06% val_time = 0.01
INFO:  on_time Accuracy: 76.30% val_time = 0.01
INFO:  --------------------------------------------------
INFO:  TRAIN:epoch = 7/6000 classification_loss = 0.00000 train_time = 0.21
INFO:  ----------
INFO:  late_risk Accuracy: 72.49% val_time = 0.01
INFO:  day_for_shipping Accuracy: 38.06% val_time = 0.01
INFO:  on_time Accuracy: 76.30% val_time = 0.01
INFO:  --------------------------------------------------
INFO:  TRAIN:epoch = 8/6000 classification_loss = 0.00000 train_time = 0.09
INFO:  ----------
INFO:  late_risk Accuracy: 72.49% val_time = 0.01
INFO:  day_for_shipping Accuracy: 38.06% val_time = 0.01
INFO:  on_time Accuracy: 76.30% val_time = 0.01
INFO:  --------------------------------------------------
INFO:  TRAIN:epoch = 9/6000 classification_loss = 0.00000 train_time = 0.09
INFO:  ----------
INFO:  late_risk Accuracy: 72.49% val_time = 0.01
INFO:  day_for_shipping Accuracy: 38.06% val_time = 0.01
INFO:  on_time Accuracy: 76.30% val_time = 0.01
INFO:  --------------------------------------------------
INFO:  TRAIN:epoch = 10/6000 classification_loss = 0.00000 train_time = 0.09
INFO:  ----------
INFO:  late_risk Accuracy: 72.07% val_time = 0.01
INFO:  day_for_shipping Accuracy: 37.95% val_time = 0.01
INFO:  on_time Accuracy: 76.30% val_time = 0.01
INFO:  --------------------------------------------------
INFO:  TRAIN:epoch = 11/6000 classification_loss = 0.00000 train_time = 0.09
INFO:  ----------
INFO:  late_risk Accuracy: 72.71% val_time = 0.01
INFO:  day_for_shipping Accuracy: 38.02% val_time = 0.01
INFO:  on_time Accuracy: 76.30% val_time = 0.01
INFO:  ----------
INFO:  best_overall_accuracy: 62.34% 
INFO:  --------------------------------------------------
INFO:  TRAIN:epoch = 12/6000 classification_loss = 0.00000 train_time = 0.09
INFO:  ----------
INFO:  late_risk Accuracy: 72.53% val_time = 0.01
INFO:  day_for_shipping Accuracy: 36.60% val_time = 0.01
INFO:  on_time Accuracy: 76.30% val_time = 0.01
INFO:  --------------------------------------------------
INFO:  TRAIN:epoch = 13/6000 classification_loss = 0.00000 train_time = 0.09
INFO:  ----------
INFO:  late_risk Accuracy: 72.53% val_time = 0.01
INFO:  day_for_shipping Accuracy: 38.10% val_time = 0.01
INFO:  on_time Accuracy: 76.30% val_time = 0.01
INFO:  --------------------------------------------------
INFO:  TRAIN:epoch = 14/6000 classification_loss = 0.00000 train_time = 0.09
INFO:  ----------
INFO:  late_risk Accuracy: 72.57% val_time = 0.01
INFO:  day_for_shipping Accuracy: 37.88% val_time = 0.01
INFO:  on_time Accuracy: 76.30% val_time = 0.01
INFO:  --------------------------------------------------
INFO:  TRAIN:epoch = 15/6000 classification_loss = 0.00000 train_time = 0.10
INFO:  ----------
INFO:  late_risk Accuracy: 72.32% val_time = 0.01
INFO:  day_for_shipping Accuracy: 38.98% val_time = 0.01
INFO:  on_time Accuracy: 76.30% val_time = 0.01
INFO:  ----------
INFO:  best_overall_accuracy: 62.53% 
INFO:  --------------------------------------------------
INFO:  TRAIN:epoch = 16/6000 classification_loss = 0.00000 train_time = 0.10
INFO:  ----------
INFO:  late_risk Accuracy: 72.57% val_time = 0.01
INFO:  day_for_shipping Accuracy: 38.81% val_time = 0.01
INFO:  on_time Accuracy: 76.30% val_time = 0.01
INFO:  ----------
INFO:  best_overall_accuracy: 62.56% 
INFO:  --------------------------------------------------
INFO:  TRAIN:epoch = 17/6000 classification_loss = 0.00000 train_time = 0.09
INFO:  ----------
INFO:  late_risk Accuracy: 72.64% val_time = 0.01
INFO:  day_for_shipping Accuracy: 39.45% val_time = 0.01
INFO:  on_time Accuracy: 76.30% val_time = 0.01
INFO:  ----------
INFO:  best_overall_accuracy: 62.79% 
INFO:  --------------------------------------------------
INFO:  TRAIN:epoch = 18/6000 classification_loss = 0.00000 train_time = 0.09
INFO:  ----------
INFO:  late_risk Accuracy: 72.81% val_time = 0.01
INFO:  day_for_shipping Accuracy: 39.41% val_time = 0.01
INFO:  on_time Accuracy: 76.30% val_time = 0.01
INFO:  ----------
INFO:  best_overall_accuracy: 62.84% 
INFO:  --------------------------------------------------
INFO:  TRAIN:epoch = 19/6000 classification_loss = 0.00000 train_time = 0.09
INFO:  ----------
INFO:  late_risk Accuracy: 72.71% val_time = 0.01
INFO:  day_for_shipping Accuracy: 39.37% val_time = 0.01
INFO:  on_time Accuracy: 76.30% val_time = 0.01
INFO:  --------------------------------------------------
INFO:  TRAIN:epoch = 20/6000 classification_loss = 0.00000 train_time = 0.10
INFO:  ----------
INFO:  late_risk Accuracy: 72.64% val_time = 0.01
INFO:  day_for_shipping Accuracy: 38.91% val_time = 0.01
INFO:  on_time Accuracy: 76.30% val_time = 0.01
INFO:  --------------------------------------------------
INFO:  TRAIN:epoch = 21/6000 classification_loss = 0.00000 train_time = 0.09
INFO:  ----------
INFO:  late_risk Accuracy: 72.78% val_time = 0.01
INFO:  day_for_shipping Accuracy: 39.34% val_time = 0.01
INFO:  on_time Accuracy: 76.30% val_time = 0.01
INFO:  --------------------------------------------------
INFO:  TRAIN:epoch = 22/6000 classification_loss = 0.00000 train_time = 0.09
INFO:  ----------
INFO:  late_risk Accuracy: 72.57% val_time = 0.01
INFO:  day_for_shipping Accuracy: 39.37% val_time = 0.01
INFO:  on_time Accuracy: 76.30% val_time = 0.01
INFO:  --------------------------------------------------
INFO:  TRAIN:epoch = 23/6000 classification_loss = 0.00000 train_time = 0.21
INFO:  ----------
INFO:  late_risk Accuracy: 72.60% val_time = 0.01
INFO:  day_for_shipping Accuracy: 39.34% val_time = 0.01
INFO:  on_time Accuracy: 76.30% val_time = 0.01
INFO:  --------------------------------------------------
INFO:  TRAIN:epoch = 24/6000 classification_loss = 0.00000 train_time = 0.09
INFO:  ----------
INFO:  late_risk Accuracy: 72.46% val_time = 0.01
INFO:  day_for_shipping Accuracy: 39.30% val_time = 0.01
INFO:  on_time Accuracy: 76.30% val_time = 0.01
INFO:  --------------------------------------------------
INFO:  TRAIN:epoch = 25/6000 classification_loss = 0.00000 train_time = 0.09
INFO:  ----------
INFO:  late_risk Accuracy: 72.74% val_time = 0.01
INFO:  day_for_shipping Accuracy: 39.91% val_time = 0.01
INFO:  on_time Accuracy: 76.30% val_time = 0.01
INFO:  ----------
INFO:  best_overall_accuracy: 62.98% 
INFO:  --------------------------------------------------
INFO:  TRAIN:epoch = 26/6000 classification_loss = 0.00000 train_time = 0.09
INFO:  ----------
INFO:  late_risk Accuracy: 72.42% val_time = 0.01
INFO:  day_for_shipping Accuracy: 39.55% val_time = 0.01
INFO:  on_time Accuracy: 76.30% val_time = 0.01
INFO:  --------------------------------------------------
INFO:  TRAIN:epoch = 27/6000 classification_loss = 0.00000 train_time = 0.09
INFO:  ----------
INFO:  late_risk Accuracy: 72.74% val_time = 0.01
INFO:  day_for_shipping Accuracy: 39.30% val_time = 0.01
INFO:  on_time Accuracy: 76.30% val_time = 0.01
INFO:  --------------------------------------------------
INFO:  TRAIN:epoch = 28/6000 classification_loss = 0.00000 train_time = 0.09
INFO:  ----------
INFO:  late_risk Accuracy: 72.57% val_time = 0.01
INFO:  day_for_shipping Accuracy: 39.45% val_time = 0.01
INFO:  on_time Accuracy: 76.30% val_time = 0.01
INFO:  --------------------------------------------------
INFO:  TRAIN:epoch = 29/6000 classification_loss = 0.00000 train_time = 0.09
INFO:  ----------
INFO:  late_risk Accuracy: 72.14% val_time = 0.01
INFO:  day_for_shipping Accuracy: 39.45% val_time = 0.01
INFO:  on_time Accuracy: 76.30% val_time = 0.01
INFO:  --------------------------------------------------
INFO:  TRAIN:epoch = 30/6000 classification_loss = 0.00000 train_time = 0.09
INFO:  ----------
INFO:  late_risk Accuracy: 72.60% val_time = 0.01
INFO:  day_for_shipping Accuracy: 39.37% val_time = 0.01
INFO:  on_time Accuracy: 76.30% val_time = 0.01
INFO:  --------------------------------------------------
INFO:  TRAIN:epoch = 31/6000 classification_loss = 0.00000 train_time = 0.09
INFO:  ----------
INFO:  late_risk Accuracy: 71.18% val_time = 0.01
INFO:  day_for_shipping Accuracy: 39.45% val_time = 0.01
INFO:  on_time Accuracy: 76.30% val_time = 0.01
INFO:  --------------------------------------------------
INFO:  TRAIN:epoch = 32/6000 classification_loss = 0.00000 train_time = 0.09
INFO:  ----------
INFO:  late_risk Accuracy: 71.39% val_time = 0.01
INFO:  day_for_shipping Accuracy: 39.30% val_time = 0.01
INFO:  on_time Accuracy: 76.30% val_time = 0.01
INFO:  --------------------------------------------------
INFO:  TRAIN:epoch = 33/6000 classification_loss = 0.00000 train_time = 0.09
INFO:  ----------
INFO:  late_risk Accuracy: 72.21% val_time = 0.01
INFO:  day_for_shipping Accuracy: 39.41% val_time = 0.01
INFO:  on_time Accuracy: 76.30% val_time = 0.01
INFO:  --------------------------------------------------
INFO:  TRAIN:epoch = 34/6000 classification_loss = 0.00000 train_time = 0.09
INFO:  ----------
INFO:  late_risk Accuracy: 72.49% val_time = 0.01
INFO:  day_for_shipping Accuracy: 39.27% val_time = 0.01
INFO:  on_time Accuracy: 76.30% val_time = 0.01
INFO:  --------------------------------------------------
INFO:  TRAIN:epoch = 35/6000 classification_loss = 0.00000 train_time = 0.09
INFO:  ----------
INFO:  late_risk Accuracy: 72.46% val_time = 0.01
INFO:  day_for_shipping Accuracy: 39.66% val_time = 0.01
INFO:  on_time Accuracy: 76.30% val_time = 0.01
INFO:  --------------------------------------------------
INFO:  TRAIN:epoch = 36/6000 classification_loss = 0.00000 train_time = 0.09
INFO:  ----------
INFO:  late_risk Accuracy: 71.96% val_time = 0.01
INFO:  day_for_shipping Accuracy: 39.48% val_time = 0.01
INFO:  on_time Accuracy: 76.30% val_time = 0.01
INFO:  --------------------------------------------------
INFO:  TRAIN:epoch = 37/6000 classification_loss = 0.00000 train_time = 0.09
INFO:  ----------
INFO:  late_risk Accuracy: 71.82% val_time = 0.01
INFO:  day_for_shipping Accuracy: 39.48% val_time = 0.01
INFO:  on_time Accuracy: 76.30% val_time = 0.01
INFO:  --------------------------------------------------
INFO:  TRAIN:epoch = 38/6000 classification_loss = 0.00000 train_time = 0.09
INFO:  ----------
INFO:  late_risk Accuracy: 71.96% val_time = 0.01
INFO:  day_for_shipping Accuracy: 39.73% val_time = 0.01
INFO:  on_time Accuracy: 76.30% val_time = 0.01
INFO:  --------------------------------------------------
INFO:  TRAIN:epoch = 39/6000 classification_loss = 0.00000 train_time = 0.20
INFO:  ----------
INFO:  late_risk Accuracy: 71.96% val_time = 0.01
INFO:  day_for_shipping Accuracy: 39.62% val_time = 0.01
INFO:  on_time Accuracy: 76.30% val_time = 0.01
INFO:  --------------------------------------------------
INFO:  TRAIN:epoch = 40/6000 classification_loss = 0.00000 train_time = 0.09
INFO:  ----------
INFO:  late_risk Accuracy: 72.10% val_time = 0.01
INFO:  day_for_shipping Accuracy: 39.62% val_time = 0.01
INFO:  on_time Accuracy: 76.30% val_time = 0.01
INFO:  --------------------------------------------------
INFO:  TRAIN:epoch = 41/6000 classification_loss = 0.00000 train_time = 0.09
INFO:  ----------
INFO:  late_risk Accuracy: 72.39% val_time = 0.01
INFO:  day_for_shipping Accuracy: 39.69% val_time = 0.01
INFO:  on_time Accuracy: 76.30% val_time = 0.01
INFO:  --------------------------------------------------
INFO:  TRAIN:epoch = 42/6000 classification_loss = 0.00000 train_time = 0.09
INFO:  ----------
INFO:  late_risk Accuracy: 71.36% val_time = 0.01
INFO:  day_for_shipping Accuracy: 39.37% val_time = 0.01
INFO:  on_time Accuracy: 76.30% val_time = 0.01
INFO:  --------------------------------------------------
INFO:  TRAIN:epoch = 43/6000 classification_loss = 0.00000 train_time = 0.09
INFO:  ----------
INFO:  late_risk Accuracy: 72.42% val_time = 0.01
INFO:  day_for_shipping Accuracy: 39.45% val_time = 0.01
INFO:  on_time Accuracy: 76.30% val_time = 0.01
INFO:  --------------------------------------------------
INFO:  TRAIN:epoch = 44/6000 classification_loss = 0.00000 train_time = 0.09
INFO:  ----------
INFO:  late_risk Accuracy: 72.39% val_time = 0.01
INFO:  day_for_shipping Accuracy: 39.87% val_time = 0.01
INFO:  on_time Accuracy: 76.30% val_time = 0.01
INFO:  --------------------------------------------------
INFO:  TRAIN:epoch = 45/6000 classification_loss = 0.00000 train_time = 0.09
INFO:  ----------
INFO:  late_risk Accuracy: 72.14% val_time = 0.01
INFO:  day_for_shipping Accuracy: 39.69% val_time = 0.01
INFO:  on_time Accuracy: 76.30% val_time = 0.01
INFO:  --------------------------------------------------
INFO:  TRAIN:epoch = 46/6000 classification_loss = 0.00000 train_time = 0.09
INFO:  ----------
INFO:  late_risk Accuracy: 72.67% val_time = 0.01
INFO:  day_for_shipping Accuracy: 39.66% val_time = 0.01
INFO:  on_time Accuracy: 76.30% val_time = 0.01
INFO:  --------------------------------------------------
INFO:  TRAIN:epoch = 47/6000 classification_loss = 0.00000 train_time = 0.09
INFO:  ----------
INFO:  late_risk Accuracy: 72.57% val_time = 0.01
INFO:  day_for_shipping Accuracy: 40.41% val_time = 0.01
INFO:  on_time Accuracy: 76.30% val_time = 0.01
INFO:  ----------
INFO:  best_overall_accuracy: 63.09% 
INFO:  --------------------------------------------------
INFO:  TRAIN:epoch = 48/6000 classification_loss = 0.00000 train_time = 0.11
INFO:  ----------
INFO:  late_risk Accuracy: 72.53% val_time = 0.01
INFO:  day_for_shipping Accuracy: 40.05% val_time = 0.01
INFO:  on_time Accuracy: 76.30% val_time = 0.01
INFO:  --------------------------------------------------
INFO:  TRAIN:epoch = 49/6000 classification_loss = 0.00000 train_time = 0.11
INFO:  ----------
INFO:  late_risk Accuracy: 72.10% val_time = 0.01
INFO:  day_for_shipping Accuracy: 39.37% val_time = 0.01
INFO:  on_time Accuracy: 76.30% val_time = 0.01
INFO:  --------------------------------------------------
INFO:  TRAIN:epoch = 50/6000 classification_loss = 0.00000 train_time = 0.09
INFO:  ----------
INFO:  late_risk Accuracy: 71.57% val_time = 0.01
INFO:  day_for_shipping Accuracy: 39.27% val_time = 0.01
INFO:  on_time Accuracy: 76.30% val_time = 0.01
INFO:  --------------------------------------------------
INFO:  TRAIN:epoch = 51/6000 classification_loss = 0.00000 train_time = 0.09
INFO:  ----------
INFO:  late_risk Accuracy: 72.53% val_time = 0.01
INFO:  day_for_shipping Accuracy: 39.45% val_time = 0.01
INFO:  on_time Accuracy: 76.30% val_time = 0.01
INFO:  --------------------------------------------------
INFO:  TRAIN:epoch = 52/6000 classification_loss = 0.00000 train_time = 0.09
INFO:  ----------
INFO:  late_risk Accuracy: 72.10% val_time = 0.01
INFO:  day_for_shipping Accuracy: 38.77% val_time = 0.01
INFO:  on_time Accuracy: 76.30% val_time = 0.01
INFO:  --------------------------------------------------
INFO:  TRAIN:epoch = 53/6000 classification_loss = 0.00000 train_time = 0.09
INFO:  ----------
INFO:  late_risk Accuracy: 71.68% val_time = 0.01
INFO:  day_for_shipping Accuracy: 39.55% val_time = 0.01
INFO:  on_time Accuracy: 76.30% val_time = 0.01
INFO:  --------------------------------------------------
INFO:  TRAIN:epoch = 54/6000 classification_loss = 0.00000 train_time = 0.21
INFO:  ----------
INFO:  late_risk Accuracy: 72.17% val_time = 0.01
INFO:  day_for_shipping Accuracy: 39.27% val_time = 0.01
INFO:  on_time Accuracy: 76.30% val_time = 0.01
INFO:  --------------------------------------------------
INFO:  TRAIN:epoch = 55/6000 classification_loss = 0.00000 train_time = 0.09
INFO:  ----------
INFO:  late_risk Accuracy: 71.86% val_time = 0.01
INFO:  day_for_shipping Accuracy: 39.41% val_time = 0.01
INFO:  on_time Accuracy: 76.30% val_time = 0.01
INFO:  --------------------------------------------------
INFO:  TRAIN:epoch = 56/6000 classification_loss = 0.00000 train_time = 0.09
INFO:  ----------
INFO:  late_risk Accuracy: 72.32% val_time = 0.01
INFO:  day_for_shipping Accuracy: 39.91% val_time = 0.01
INFO:  on_time Accuracy: 76.30% val_time = 0.01
INFO:  --------------------------------------------------
INFO:  TRAIN:epoch = 57/6000 classification_loss = 0.00000 train_time = 0.09
INFO:  ----------
INFO:  late_risk Accuracy: 72.28% val_time = 0.01
INFO:  day_for_shipping Accuracy: 39.62% val_time = 0.01
INFO:  on_time Accuracy: 76.40% val_time = 0.01
INFO:  --------------------------------------------------
INFO:  TRAIN:epoch = 58/6000 classification_loss = 0.00000 train_time = 0.09
INFO:  ----------
INFO:  late_risk Accuracy: 71.82% val_time = 0.01
INFO:  day_for_shipping Accuracy: 40.44% val_time = 0.01
INFO:  on_time Accuracy: 76.23% val_time = 0.01
INFO:  --------------------------------------------------
INFO:  TRAIN:epoch = 59/6000 classification_loss = 0.00000 train_time = 0.09
INFO:  ----------
INFO:  late_risk Accuracy: 72.53% val_time = 0.01
INFO:  day_for_shipping Accuracy: 39.77% val_time = 0.01
INFO:  on_time Accuracy: 76.23% val_time = 0.01
INFO:  --------------------------------------------------
INFO:  TRAIN:epoch = 60/6000 classification_loss = 0.00000 train_time = 0.09
INFO:  ----------
INFO:  late_risk Accuracy: 72.39% val_time = 0.01
INFO:  day_for_shipping Accuracy: 39.87% val_time = 0.01
INFO:  on_time Accuracy: 76.33% val_time = 0.01
INFO:  --------------------------------------------------
INFO:  TRAIN:epoch = 61/6000 classification_loss = 0.00000 train_time = 0.09
INFO:  ----------
INFO:  late_risk Accuracy: 72.14% val_time = 0.01
INFO:  day_for_shipping Accuracy: 40.01% val_time = 0.01
INFO:  on_time Accuracy: 76.23% val_time = 0.01
INFO:  --------------------------------------------------
INFO:  TRAIN:epoch = 62/6000 classification_loss = 0.00000 train_time = 0.09
INFO:  ----------
INFO:  late_risk Accuracy: 72.21% val_time = 0.01
INFO:  day_for_shipping Accuracy: 39.55% val_time = 0.01
INFO:  on_time Accuracy: 76.30% val_time = 0.01
INFO:  --------------------------------------------------
INFO:  TRAIN:epoch = 63/6000 classification_loss = 0.00000 train_time = 0.09
INFO:  ----------
INFO:  late_risk Accuracy: 72.17% val_time = 0.01
INFO:  day_for_shipping Accuracy: 39.94% val_time = 0.01
INFO:  on_time Accuracy: 76.23% val_time = 0.01
INFO:  --------------------------------------------------
INFO:  TRAIN:epoch = 64/6000 classification_loss = 0.00000 train_time = 0.09
INFO:  ----------
INFO:  late_risk Accuracy: 71.36% val_time = 0.01
INFO:  day_for_shipping Accuracy: 38.70% val_time = 0.01
INFO:  on_time Accuracy: 76.26% val_time = 0.01
INFO:  --------------------------------------------------
INFO:  TRAIN:epoch = 65/6000 classification_loss = 0.00000 train_time = 0.09
INFO:  ----------
INFO:  late_risk Accuracy: 71.96% val_time = 0.01
INFO:  day_for_shipping Accuracy: 39.87% val_time = 0.01
INFO:  on_time Accuracy: 74.70% val_time = 0.01
INFO:  --------------------------------------------------
INFO:  TRAIN:epoch = 66/6000 classification_loss = 0.00000 train_time = 0.09
INFO:  ----------
INFO:  late_risk Accuracy: 70.40% val_time = 0.01
INFO:  day_for_shipping Accuracy: 39.41% val_time = 0.01
INFO:  on_time Accuracy: 76.19% val_time = 0.01
INFO:  --------------------------------------------------
INFO:  TRAIN:epoch = 67/6000 classification_loss = 0.00000 train_time = 0.09
INFO:  ----------
INFO:  late_risk Accuracy: 72.17% val_time = 0.01
INFO:  day_for_shipping Accuracy: 39.27% val_time = 0.01
INFO:  on_time Accuracy: 75.44% val_time = 0.01
INFO:  --------------------------------------------------
INFO:  TRAIN:epoch = 68/6000 classification_loss = 0.00000 train_time = 0.09
INFO:  ----------
INFO:  late_risk Accuracy: 70.90% val_time = 0.01
INFO:  day_for_shipping Accuracy: 39.20% val_time = 0.01
INFO:  on_time Accuracy: 76.01% val_time = 0.01
INFO:  --------------------------------------------------
INFO:  TRAIN:epoch = 69/6000 classification_loss = 0.00000 train_time = 0.20
INFO:  ----------
INFO:  late_risk Accuracy: 71.46% val_time = 0.01
INFO:  day_for_shipping Accuracy: 39.13% val_time = 0.01
INFO:  on_time Accuracy: 76.23% val_time = 0.01
INFO:  --------------------------------------------------
INFO:  TRAIN:epoch = 70/6000 classification_loss = 0.00000 train_time = 0.09
INFO:  ----------
INFO:  late_risk Accuracy: 70.33% val_time = 0.01
INFO:  day_for_shipping Accuracy: 39.62% val_time = 0.01
INFO:  on_time Accuracy: 75.98% val_time = 0.01
INFO:  --------------------------------------------------
INFO:  TRAIN:epoch = 71/6000 classification_loss = 0.00000 train_time = 0.09
INFO:  ----------
INFO:  late_risk Accuracy: 71.78% val_time = 0.01
INFO:  day_for_shipping Accuracy: 38.63% val_time = 0.01
INFO:  on_time Accuracy: 76.30% val_time = 0.01
INFO:  --------------------------------------------------
INFO:  TRAIN:epoch = 72/6000 classification_loss = 0.00000 train_time = 0.09
INFO:  ----------
INFO:  late_risk Accuracy: 71.14% val_time = 0.01
INFO:  day_for_shipping Accuracy: 38.24% val_time = 0.01
INFO:  on_time Accuracy: 75.98% val_time = 0.01
INFO:  --------------------------------------------------
INFO:  TRAIN:epoch = 73/6000 classification_loss = 0.00000 train_time = 0.09
INFO:  ----------
INFO:  late_risk Accuracy: 71.04% val_time = 0.01
INFO:  day_for_shipping Accuracy: 37.53% val_time = 0.01
INFO:  on_time Accuracy: 75.69% val_time = 0.01
INFO:  --------------------------------------------------
INFO:  TRAIN:epoch = 74/6000 classification_loss = 0.00000 train_time = 0.09
INFO:  ----------
INFO:  late_risk Accuracy: 70.82% val_time = 0.01
INFO:  day_for_shipping Accuracy: 39.05% val_time = 0.01
INFO:  on_time Accuracy: 75.66% val_time = 0.01
INFO:  --------------------------------------------------
INFO:  TRAIN:epoch = 75/6000 classification_loss = 0.00000 train_time = 0.09
INFO:  ----------
INFO:  late_risk Accuracy: 71.11% val_time = 0.01
INFO:  day_for_shipping Accuracy: 39.62% val_time = 0.01
INFO:  on_time Accuracy: 73.70% val_time = 0.01
INFO:  --------------------------------------------------
INFO:  TRAIN:epoch = 76/6000 classification_loss = 0.00000 train_time = 0.09
INFO:  ----------
INFO:  late_risk Accuracy: 71.04% val_time = 0.01
INFO:  day_for_shipping Accuracy: 38.49% val_time = 0.01
INFO:  on_time Accuracy: 72.21% val_time = 0.01
INFO:  --------------------------------------------------
INFO:  TRAIN:epoch = 77/6000 classification_loss = 0.00000 train_time = 0.09
INFO:  ----------
INFO:  late_risk Accuracy: 69.37% val_time = 0.01
INFO:  day_for_shipping Accuracy: 37.85% val_time = 0.01
INFO:  on_time Accuracy: 75.55% val_time = 0.01
INFO:  --------------------------------------------------
INFO:  TRAIN:epoch = 78/6000 classification_loss = 0.00000 train_time = 0.09
INFO:  ----------
INFO:  late_risk Accuracy: 70.82% val_time = 0.01
INFO:  day_for_shipping Accuracy: 38.45% val_time = 0.01
INFO:  on_time Accuracy: 72.39% val_time = 0.01
INFO:  --------------------------------------------------
INFO:  TRAIN:epoch = 79/6000 classification_loss = 0.00000 train_time = 0.09
INFO:  ----------
INFO:  late_risk Accuracy: 69.69% val_time = 0.01
INFO:  day_for_shipping Accuracy: 38.42% val_time = 0.01
INFO:  on_time Accuracy: 71.22% val_time = 0.01
INFO:  --------------------------------------------------
INFO:  TRAIN:epoch = 80/6000 classification_loss = 0.00000 train_time = 0.09
INFO:  ----------
INFO:  late_risk Accuracy: 70.22% val_time = 0.01
INFO:  day_for_shipping Accuracy: 39.34% val_time = 0.01
INFO:  on_time Accuracy: 72.60% val_time = 0.01
INFO:  --------------------------------------------------
INFO:  TRAIN:epoch = 81/6000 classification_loss = 0.00000 train_time = 0.09
INFO:  ----------
INFO:  late_risk Accuracy: 70.01% val_time = 0.01
INFO:  day_for_shipping Accuracy: 38.34% val_time = 0.01
INFO:  on_time Accuracy: 72.92% val_time = 0.01
INFO:  --------------------------------------------------
INFO:  TRAIN:epoch = 82/6000 classification_loss = 0.00000 train_time = 0.09
INFO:  ----------
INFO:  late_risk Accuracy: 70.65% val_time = 0.01
INFO:  day_for_shipping Accuracy: 37.74% val_time = 0.01
INFO:  on_time Accuracy: 70.68% val_time = 0.01
INFO:  --------------------------------------------------
INFO:  TRAIN:epoch = 83/6000 classification_loss = 0.00000 train_time = 0.09
INFO:  ----------
INFO:  late_risk Accuracy: 70.08% val_time = 0.01
INFO:  day_for_shipping Accuracy: 37.60% val_time = 0.01
INFO:  on_time Accuracy: 74.66% val_time = 0.01
INFO:  --------------------------------------------------
INFO:  TRAIN:epoch = 84/6000 classification_loss = 0.00000 train_time = 0.09
INFO:  ----------
INFO:  late_risk Accuracy: 69.86% val_time = 0.01
INFO:  day_for_shipping Accuracy: 38.34% val_time = 0.01
INFO:  on_time Accuracy: 75.94% val_time = 0.01
INFO:  --------------------------------------------------
INFO:  TRAIN:epoch = 85/6000 classification_loss = 0.00000 train_time = 0.20
INFO:  ----------
INFO:  late_risk Accuracy: 70.90% val_time = 0.01
INFO:  day_for_shipping Accuracy: 39.41% val_time = 0.01
INFO:  on_time Accuracy: 73.99% val_time = 0.01
INFO:  --------------------------------------------------
INFO:  TRAIN:epoch = 86/6000 classification_loss = 0.00000 train_time = 0.09
INFO:  ----------
INFO:  late_risk Accuracy: 69.97% val_time = 0.01
INFO:  day_for_shipping Accuracy: 38.63% val_time = 0.01
INFO:  on_time Accuracy: 70.58% val_time = 0.01
INFO:  --------------------------------------------------
INFO:  TRAIN:epoch = 87/6000 classification_loss = 0.00000 train_time = 0.10
INFO:  ----------
INFO:  late_risk Accuracy: 70.04% val_time = 0.01
INFO:  day_for_shipping Accuracy: 38.49% val_time = 0.01
INFO:  on_time Accuracy: 72.71% val_time = 0.01
INFO:  --------------------------------------------------
INFO:  TRAIN:epoch = 88/6000 classification_loss = 0.00000 train_time = 0.09
INFO:  ----------
INFO:  late_risk Accuracy: 70.36% val_time = 0.01
INFO:  day_for_shipping Accuracy: 37.92% val_time = 0.01
INFO:  on_time Accuracy: 70.11% val_time = 0.01
INFO:  --------------------------------------------------
INFO:  TRAIN:epoch = 89/6000 classification_loss = 0.00000 train_time = 0.09
INFO:  ----------
INFO:  late_risk Accuracy: 69.72% val_time = 0.01
INFO:  day_for_shipping Accuracy: 37.56% val_time = 0.01
INFO:  on_time Accuracy: 73.77% val_time = 0.01
INFO:  --------------------------------------------------
INFO:  TRAIN:epoch = 90/6000 classification_loss = 0.00000 train_time = 0.09
INFO:  ----------
INFO:  late_risk Accuracy: 68.73% val_time = 0.01
INFO:  day_for_shipping Accuracy: 36.85% val_time = 0.01
INFO:  on_time Accuracy: 74.48% val_time = 0.01
INFO:  --------------------------------------------------
INFO:  TRAIN:epoch = 91/6000 classification_loss = 0.00000 train_time = 0.09
INFO:  ----------
INFO:  late_risk Accuracy: 70.54% val_time = 0.01
INFO:  day_for_shipping Accuracy: 37.74% val_time = 0.01
INFO:  on_time Accuracy: 72.96% val_time = 0.01
INFO:  --------------------------------------------------
INFO:  TRAIN:epoch = 92/6000 classification_loss = 0.00000 train_time = 0.10
INFO:  ----------
INFO:  late_risk Accuracy: 69.90% val_time = 0.01
INFO:  day_for_shipping Accuracy: 37.88% val_time = 0.01
INFO:  on_time Accuracy: 73.06% val_time = 0.01
INFO:  --------------------------------------------------
INFO:  TRAIN:epoch = 93/6000 classification_loss = 0.00000 train_time = 0.09
INFO:  ----------
INFO:  late_risk Accuracy: 69.30% val_time = 0.01
INFO:  day_for_shipping Accuracy: 37.35% val_time = 0.01
INFO:  on_time Accuracy: 73.85% val_time = 0.01
INFO:  --------------------------------------------------
INFO:  TRAIN:epoch = 94/6000 classification_loss = 0.00000 train_time = 0.09
INFO:  ----------
INFO:  late_risk Accuracy: 69.01% val_time = 0.01
INFO:  day_for_shipping Accuracy: 37.56% val_time = 0.01
INFO:  on_time Accuracy: 73.67% val_time = 0.01
INFO:  --------------------------------------------------
INFO:  TRAIN:epoch = 95/6000 classification_loss = 0.00000 train_time = 0.09
INFO:  ----------
INFO:  late_risk Accuracy: 70.36% val_time = 0.01
INFO:  day_for_shipping Accuracy: 38.70% val_time = 0.01
INFO:  on_time Accuracy: 72.21% val_time = 0.01
INFO:  --------------------------------------------------
INFO:  TRAIN:epoch = 96/6000 classification_loss = 0.00000 train_time = 0.09
INFO:  ----------
INFO:  late_risk Accuracy: 69.62% val_time = 0.01
INFO:  day_for_shipping Accuracy: 37.53% val_time = 0.01
INFO:  on_time Accuracy: 71.86% val_time = 0.01
INFO:  --------------------------------------------------
INFO:  TRAIN:epoch = 97/6000 classification_loss = 0.00000 train_time = 0.09
INFO:  ----------
INFO:  late_risk Accuracy: 69.83% val_time = 0.01
INFO:  day_for_shipping Accuracy: 37.06% val_time = 0.01
INFO:  on_time Accuracy: 71.25% val_time = 0.01
INFO:  --------------------------------------------------
INFO:  TRAIN:epoch = 98/6000 classification_loss = 0.00000 train_time = 0.09
INFO:  ----------
INFO:  late_risk Accuracy: 69.72% val_time = 0.01
INFO:  day_for_shipping Accuracy: 36.96% val_time = 0.01
INFO:  on_time Accuracy: 71.46% val_time = 0.01
INFO:  simulator training stage cost time: 12.083216667175293
INFO:  best_acc1 0.7256574271499645
INFO:  best_acc2 0.40405117270788915
INFO:  best_acc3 0.7629708599857854
INFO:  best_overall_accuracy 0.630893153281213
