INFO:  --------------------------------Een Init----------------------------------
INFO:  Code will run in cuda:0
INFO:  --------------------------------Dataset Init------------------------------
INFO:  --------------------------------Model Init--------------------------------
INFO:  --------------------------------Session Init------------------------------
INFO:  ------------------------------------ Main --------------------------------
INFO:  --------------------------------------------------
INFO:  TRAIN:epoch = 0/6000 classification_loss = 0.00000 train_time = 0.68
INFO:  ----------
INFO:  late_risk Accuracy: 0.00% val_time = 1762326527.41
INFO:  day_for_shipping Accuracy: 2.49% val_time = 1762326527.41
INFO:  on_time Accuracy: 23.70% val_time = 1762326527.41
INFO:  ----------
INFO:  best_overall_accuracy: 8.73% 
INFO:  --------------------------------------------------
INFO:  TRAIN:epoch = 1/6000 classification_loss = 0.00000 train_time = 0.11
INFO:  ----------
INFO:  late_risk Accuracy: 50.78% val_time = 1762326527.54
INFO:  day_for_shipping Accuracy: 2.99% val_time = 1762326527.54
INFO:  on_time Accuracy: 76.30% val_time = 1762326527.54
INFO:  ----------
INFO:  best_overall_accuracy: 43.35% 
INFO:  --------------------------------------------------
INFO:  TRAIN:epoch = 2/6000 classification_loss = 0.00000 train_time = 0.11
INFO:  ----------
INFO:  late_risk Accuracy: 50.78% val_time = 1762326527.67
INFO:  day_for_shipping Accuracy: 2.99% val_time = 1762326527.67
INFO:  on_time Accuracy: 76.30% val_time = 1762326527.67
INFO:  --------------------------------------------------
INFO:  TRAIN:epoch = 3/6000 classification_loss = 0.00000 train_time = 0.11
INFO:  ----------
INFO:  late_risk Accuracy: 50.78% val_time = 1762326527.79
INFO:  day_for_shipping Accuracy: 2.99% val_time = 1762326527.79
INFO:  on_time Accuracy: 76.30% val_time = 1762326527.79
INFO:  --------------------------------------------------
INFO:  TRAIN:epoch = 4/6000 classification_loss = 0.00000 train_time = 0.11
INFO:  ----------
INFO:  late_risk Accuracy: 0.00% val_time = 1762326527.91
INFO:  day_for_shipping Accuracy: 0.00% val_time = 1762326527.91
INFO:  on_time Accuracy: 0.00% val_time = 1762326527.91
INFO:  --------------------------------------------------
INFO:  TRAIN:epoch = 5/6000 classification_loss = 0.00000 train_time = 0.11
INFO:  ----------
INFO:  late_risk Accuracy: 0.00% val_time = 1762326528.04
INFO:  day_for_shipping Accuracy: 0.00% val_time = 1762326528.04
INFO:  on_time Accuracy: 0.00% val_time = 1762326528.04
INFO:  --------------------------------------------------
INFO:  TRAIN:epoch = 6/6000 classification_loss = 0.00000 train_time = 0.11
INFO:  ----------
INFO:  late_risk Accuracy: 0.00% val_time = 1762326528.16
INFO:  day_for_shipping Accuracy: 0.00% val_time = 1762326528.16
INFO:  on_time Accuracy: 0.00% val_time = 1762326528.16
INFO:  --------------------------------------------------
INFO:  TRAIN:epoch = 7/6000 classification_loss = 0.00000 train_time = 0.11
INFO:  ----------
INFO:  late_risk Accuracy: 49.22% val_time = 1762326528.29
INFO:  day_for_shipping Accuracy: 0.00% val_time = 1762326528.29
INFO:  on_time Accuracy: 0.00% val_time = 1762326528.29
INFO:  --------------------------------------------------
INFO:  TRAIN:epoch = 8/6000 classification_loss = 0.00000 train_time = 0.11
INFO:  ----------
INFO:  late_risk Accuracy: 50.78% val_time = 1762326528.41
INFO:  day_for_shipping Accuracy: 2.99% val_time = 1762326528.41
INFO:  on_time Accuracy: 76.30% val_time = 1762326528.41
INFO:  --------------------------------------------------
INFO:  TRAIN:epoch = 9/6000 classification_loss = 0.00000 train_time = 0.21
INFO:  ----------
INFO:  late_risk Accuracy: 49.22% val_time = 1762326528.64
INFO:  day_for_shipping Accuracy: 2.99% val_time = 1762326528.64
INFO:  on_time Accuracy: 76.30% val_time = 1762326528.64
INFO:  --------------------------------------------------
INFO:  TRAIN:epoch = 10/6000 classification_loss = 0.00000 train_time = 0.11
INFO:  ----------
INFO:  late_risk Accuracy: 50.78% val_time = 1762326528.77
INFO:  day_for_shipping Accuracy: 0.00% val_time = 1762326528.77
INFO:  on_time Accuracy: 76.30% val_time = 1762326528.77
INFO:  --------------------------------------------------
INFO:  TRAIN:epoch = 11/6000 classification_loss = 0.00000 train_time = 0.11
INFO:  ----------
INFO:  late_risk Accuracy: 50.78% val_time = 1762326528.89
INFO:  day_for_shipping Accuracy: 2.99% val_time = 1762326528.89
INFO:  on_time Accuracy: 76.30% val_time = 1762326528.89
INFO:  --------------------------------------------------
INFO:  TRAIN:epoch = 12/6000 classification_loss = 0.00000 train_time = 0.11
INFO:  ----------
INFO:  late_risk Accuracy: 50.78% val_time = 1762326529.02
INFO:  day_for_shipping Accuracy: 2.99% val_time = 1762326529.02
INFO:  on_time Accuracy: 76.30% val_time = 1762326529.02
INFO:  --------------------------------------------------
INFO:  TRAIN:epoch = 13/6000 classification_loss = 0.00000 train_time = 0.11
INFO:  ----------
INFO:  late_risk Accuracy: 50.78% val_time = 1762326529.14
INFO:  day_for_shipping Accuracy: 0.04% val_time = 1762326529.14
INFO:  on_time Accuracy: 0.00% val_time = 1762326529.14
INFO:  --------------------------------------------------
INFO:  TRAIN:epoch = 14/6000 classification_loss = 0.00000 train_time = 0.11
INFO:  ----------
INFO:  late_risk Accuracy: 50.78% val_time = 1762326529.27
INFO:  day_for_shipping Accuracy: 2.99% val_time = 1762326529.27
INFO:  on_time Accuracy: 76.30% val_time = 1762326529.27
INFO:  --------------------------------------------------
INFO:  TRAIN:epoch = 15/6000 classification_loss = 0.00000 train_time = 0.11
INFO:  ----------
INFO:  late_risk Accuracy: 49.22% val_time = 1762326529.39
INFO:  day_for_shipping Accuracy: 2.99% val_time = 1762326529.39
INFO:  on_time Accuracy: 76.30% val_time = 1762326529.39
INFO:  --------------------------------------------------
INFO:  TRAIN:epoch = 16/6000 classification_loss = 0.00000 train_time = 0.11
INFO:  ----------
INFO:  late_risk Accuracy: 49.22% val_time = 1762326529.52
INFO:  day_for_shipping Accuracy: 0.04% val_time = 1762326529.52
INFO:  on_time Accuracy: 76.30% val_time = 1762326529.52
INFO:  --------------------------------------------------
INFO:  TRAIN:epoch = 17/6000 classification_loss = 0.00000 train_time = 0.11
INFO:  ----------
INFO:  late_risk Accuracy: 50.78% val_time = 1762326529.64
INFO:  day_for_shipping Accuracy: 0.04% val_time = 1762326529.64
INFO:  on_time Accuracy: 76.30% val_time = 1762326529.64
INFO:  --------------------------------------------------
INFO:  TRAIN:epoch = 18/6000 classification_loss = 0.00000 train_time = 0.11
INFO:  ----------
INFO:  late_risk Accuracy: 50.78% val_time = 1762326529.76
INFO:  day_for_shipping Accuracy: 0.00% val_time = 1762326529.76
INFO:  on_time Accuracy: 76.30% val_time = 1762326529.76
INFO:  --------------------------------------------------
INFO:  TRAIN:epoch = 19/6000 classification_loss = 0.00000 train_time = 0.11
INFO:  ----------
INFO:  late_risk Accuracy: 49.22% val_time = 1762326529.89
INFO:  day_for_shipping Accuracy: 0.00% val_time = 1762326529.89
INFO:  on_time Accuracy: 76.30% val_time = 1762326529.89
INFO:  --------------------------------------------------
INFO:  TRAIN:epoch = 20/6000 classification_loss = 0.00000 train_time = 0.11
INFO:  ----------
INFO:  late_risk Accuracy: 49.22% val_time = 1762326530.01
INFO:  day_for_shipping Accuracy: 0.00% val_time = 1762326530.01
INFO:  on_time Accuracy: 76.30% val_time = 1762326530.01
INFO:  --------------------------------------------------
INFO:  TRAIN:epoch = 21/6000 classification_loss = 0.00000 train_time = 0.11
INFO:  ----------
INFO:  late_risk Accuracy: 50.78% val_time = 1762326530.14
INFO:  day_for_shipping Accuracy: 0.00% val_time = 1762326530.14
INFO:  on_time Accuracy: 76.30% val_time = 1762326530.14
INFO:  --------------------------------------------------
INFO:  TRAIN:epoch = 22/6000 classification_loss = 0.00000 train_time = 0.11
INFO:  ----------
INFO:  late_risk Accuracy: 50.78% val_time = 1762326530.26
INFO:  day_for_shipping Accuracy: 0.00% val_time = 1762326530.26
INFO:  on_time Accuracy: 76.30% val_time = 1762326530.26
INFO:  --------------------------------------------------
INFO:  TRAIN:epoch = 23/6000 classification_loss = 0.00000 train_time = 0.11
INFO:  ----------
INFO:  late_risk Accuracy: 49.22% val_time = 1762326530.39
INFO:  day_for_shipping Accuracy: 0.04% val_time = 1762326530.39
INFO:  on_time Accuracy: 76.30% val_time = 1762326530.39
INFO:  --------------------------------------------------
INFO:  TRAIN:epoch = 24/6000 classification_loss = 0.00000 train_time = 0.22
INFO:  ----------
INFO:  late_risk Accuracy: 49.22% val_time = 1762326530.62
INFO:  day_for_shipping Accuracy: 0.04% val_time = 1762326530.62
INFO:  on_time Accuracy: 76.30% val_time = 1762326530.62
INFO:  --------------------------------------------------
INFO:  TRAIN:epoch = 25/6000 classification_loss = 0.00000 train_time = 0.11
INFO:  ----------
INFO:  late_risk Accuracy: 66.88% val_time = 1762326530.74
INFO:  day_for_shipping Accuracy: 0.00% val_time = 1762326530.74
INFO:  on_time Accuracy: 76.30% val_time = 1762326530.74
INFO:  ----------
INFO:  best_overall_accuracy: 47.73% 
INFO:  --------------------------------------------------
INFO:  TRAIN:epoch = 26/6000 classification_loss = 0.00000 train_time = 0.11
INFO:  ----------
INFO:  late_risk Accuracy: 72.49% val_time = 1762326530.86
INFO:  day_for_shipping Accuracy: 0.00% val_time = 1762326530.86
INFO:  on_time Accuracy: 76.30% val_time = 1762326530.86
INFO:  ----------
INFO:  best_overall_accuracy: 49.60% 
INFO:  --------------------------------------------------
INFO:  TRAIN:epoch = 27/6000 classification_loss = 0.00000 train_time = 0.11
INFO:  ----------
INFO:  late_risk Accuracy: 72.49% val_time = 1762326530.99
INFO:  day_for_shipping Accuracy: 0.00% val_time = 1762326530.99
INFO:  on_time Accuracy: 76.30% val_time = 1762326530.99
INFO:  --------------------------------------------------
INFO:  TRAIN:epoch = 28/6000 classification_loss = 0.00000 train_time = 0.11
INFO:  ----------
INFO:  late_risk Accuracy: 72.49% val_time = 1762326531.12
INFO:  day_for_shipping Accuracy: 0.00% val_time = 1762326531.12
INFO:  on_time Accuracy: 76.30% val_time = 1762326531.12
INFO:  --------------------------------------------------
INFO:  TRAIN:epoch = 29/6000 classification_loss = 0.00000 train_time = 0.11
INFO:  ----------
INFO:  late_risk Accuracy: 72.49% val_time = 1762326531.24
INFO:  day_for_shipping Accuracy: 0.00% val_time = 1762326531.24
INFO:  on_time Accuracy: 76.30% val_time = 1762326531.24
INFO:  --------------------------------------------------
INFO:  TRAIN:epoch = 30/6000 classification_loss = 0.00000 train_time = 0.11
INFO:  ----------
INFO:  late_risk Accuracy: 66.88% val_time = 1762326531.37
INFO:  day_for_shipping Accuracy: 25.84% val_time = 1762326531.37
INFO:  on_time Accuracy: 76.30% val_time = 1762326531.37
INFO:  ----------
INFO:  best_overall_accuracy: 56.34% 
INFO:  --------------------------------------------------
INFO:  TRAIN:epoch = 31/6000 classification_loss = 0.00000 train_time = 0.11
INFO:  ----------
INFO:  late_risk Accuracy: 72.49% val_time = 1762326531.50
INFO:  day_for_shipping Accuracy: 12.22% val_time = 1762326531.50
INFO:  on_time Accuracy: 76.30% val_time = 1762326531.50
INFO:  --------------------------------------------------
INFO:  TRAIN:epoch = 32/6000 classification_loss = 0.00000 train_time = 0.11
INFO:  ----------
INFO:  late_risk Accuracy: 72.49% val_time = 1762326531.62
INFO:  day_for_shipping Accuracy: 0.00% val_time = 1762326531.62
INFO:  on_time Accuracy: 76.30% val_time = 1762326531.62
INFO:  --------------------------------------------------
INFO:  TRAIN:epoch = 33/6000 classification_loss = 0.00000 train_time = 0.11
INFO:  ----------
INFO:  late_risk Accuracy: 66.88% val_time = 1762326531.75
INFO:  day_for_shipping Accuracy: 0.00% val_time = 1762326531.75
INFO:  on_time Accuracy: 76.30% val_time = 1762326531.75
INFO:  --------------------------------------------------
INFO:  TRAIN:epoch = 34/6000 classification_loss = 0.00000 train_time = 0.11
INFO:  ----------
INFO:  late_risk Accuracy: 66.88% val_time = 1762326531.87
INFO:  day_for_shipping Accuracy: 0.00% val_time = 1762326531.87
INFO:  on_time Accuracy: 76.30% val_time = 1762326531.87
INFO:  --------------------------------------------------
INFO:  TRAIN:epoch = 35/6000 classification_loss = 0.00000 train_time = 0.11
INFO:  ----------
INFO:  late_risk Accuracy: 72.49% val_time = 1762326531.99
INFO:  day_for_shipping Accuracy: 0.00% val_time = 1762326531.99
INFO:  on_time Accuracy: 76.30% val_time = 1762326531.99
INFO:  --------------------------------------------------
INFO:  TRAIN:epoch = 36/6000 classification_loss = 0.00000 train_time = 0.11
INFO:  ----------
INFO:  late_risk Accuracy: 72.49% val_time = 1762326532.12
INFO:  day_for_shipping Accuracy: 0.07% val_time = 1762326532.12
INFO:  on_time Accuracy: 76.30% val_time = 1762326532.12
INFO:  --------------------------------------------------
INFO:  TRAIN:epoch = 37/6000 classification_loss = 0.00000 train_time = 0.11
INFO:  ----------
INFO:  late_risk Accuracy: 66.88% val_time = 1762326532.25
INFO:  day_for_shipping Accuracy: 0.00% val_time = 1762326532.25
INFO:  on_time Accuracy: 76.30% val_time = 1762326532.25
INFO:  --------------------------------------------------
INFO:  TRAIN:epoch = 38/6000 classification_loss = 0.00000 train_time = 0.22
INFO:  ----------
INFO:  late_risk Accuracy: 66.88% val_time = 1762326532.48
INFO:  day_for_shipping Accuracy: 0.00% val_time = 1762326532.48
INFO:  on_time Accuracy: 76.30% val_time = 1762326532.48
INFO:  --------------------------------------------------
INFO:  TRAIN:epoch = 39/6000 classification_loss = 0.00000 train_time = 0.11
INFO:  ----------
INFO:  late_risk Accuracy: 66.88% val_time = 1762326532.61
INFO:  day_for_shipping Accuracy: 0.00% val_time = 1762326532.61
INFO:  on_time Accuracy: 76.30% val_time = 1762326532.61
INFO:  --------------------------------------------------
INFO:  TRAIN:epoch = 40/6000 classification_loss = 0.00000 train_time = 0.11
INFO:  ----------
INFO:  late_risk Accuracy: 72.49% val_time = 1762326532.73
INFO:  day_for_shipping Accuracy: 0.00% val_time = 1762326532.73
INFO:  on_time Accuracy: 76.30% val_time = 1762326532.73
INFO:  --------------------------------------------------
INFO:  TRAIN:epoch = 41/6000 classification_loss = 0.00000 train_time = 0.11
INFO:  ----------
INFO:  late_risk Accuracy: 66.88% val_time = 1762326532.86
INFO:  day_for_shipping Accuracy: 0.04% val_time = 1762326532.86
INFO:  on_time Accuracy: 76.30% val_time = 1762326532.86
INFO:  --------------------------------------------------
INFO:  TRAIN:epoch = 42/6000 classification_loss = 0.00000 train_time = 0.11
INFO:  ----------
INFO:  late_risk Accuracy: 72.49% val_time = 1762326532.99
INFO:  day_for_shipping Accuracy: 0.00% val_time = 1762326532.99
INFO:  on_time Accuracy: 76.30% val_time = 1762326532.99
INFO:  --------------------------------------------------
INFO:  TRAIN:epoch = 43/6000 classification_loss = 0.00000 train_time = 0.11
INFO:  ----------
INFO:  late_risk Accuracy: 66.88% val_time = 1762326533.11
INFO:  day_for_shipping Accuracy: 0.04% val_time = 1762326533.11
INFO:  on_time Accuracy: 76.30% val_time = 1762326533.11
INFO:  --------------------------------------------------
INFO:  TRAIN:epoch = 44/6000 classification_loss = 0.00000 train_time = 0.11
INFO:  ----------
INFO:  late_risk Accuracy: 66.88% val_time = 1762326533.24
INFO:  day_for_shipping Accuracy: 0.11% val_time = 1762326533.24
INFO:  on_time Accuracy: 76.30% val_time = 1762326533.24
INFO:  --------------------------------------------------
INFO:  TRAIN:epoch = 45/6000 classification_loss = 0.00000 train_time = 0.11
INFO:  ----------
INFO:  late_risk Accuracy: 66.88% val_time = 1762326533.36
INFO:  day_for_shipping Accuracy: 0.00% val_time = 1762326533.36
INFO:  on_time Accuracy: 76.30% val_time = 1762326533.36
INFO:  --------------------------------------------------
INFO:  TRAIN:epoch = 46/6000 classification_loss = 0.00000 train_time = 0.11
INFO:  ----------
INFO:  late_risk Accuracy: 66.88% val_time = 1762326533.48
INFO:  day_for_shipping Accuracy: 0.04% val_time = 1762326533.48
INFO:  on_time Accuracy: 76.30% val_time = 1762326533.48
INFO:  --------------------------------------------------
INFO:  TRAIN:epoch = 47/6000 classification_loss = 0.00000 train_time = 0.11
INFO:  ----------
INFO:  late_risk Accuracy: 66.88% val_time = 1762326533.61
INFO:  day_for_shipping Accuracy: 0.00% val_time = 1762326533.61
INFO:  on_time Accuracy: 76.30% val_time = 1762326533.61
INFO:  --------------------------------------------------
INFO:  TRAIN:epoch = 48/6000 classification_loss = 0.00000 train_time = 0.11
INFO:  ----------
INFO:  late_risk Accuracy: 66.88% val_time = 1762326533.73
INFO:  day_for_shipping Accuracy: 0.00% val_time = 1762326533.73
INFO:  on_time Accuracy: 76.30% val_time = 1762326533.73
INFO:  --------------------------------------------------
INFO:  TRAIN:epoch = 49/6000 classification_loss = 0.00000 train_time = 0.11
INFO:  ----------
INFO:  late_risk Accuracy: 66.88% val_time = 1762326533.86
INFO:  day_for_shipping Accuracy: 0.00% val_time = 1762326533.86
INFO:  on_time Accuracy: 76.30% val_time = 1762326533.86
INFO:  --------------------------------------------------
INFO:  TRAIN:epoch = 50/6000 classification_loss = 0.00000 train_time = 0.11
INFO:  ----------
INFO:  late_risk Accuracy: 66.88% val_time = 1762326533.98
INFO:  day_for_shipping Accuracy: 0.00% val_time = 1762326533.98
INFO:  on_time Accuracy: 76.30% val_time = 1762326533.98
INFO:  --------------------------------------------------
INFO:  TRAIN:epoch = 51/6000 classification_loss = 0.00000 train_time = 0.11
INFO:  ----------
INFO:  late_risk Accuracy: 66.88% val_time = 1762326534.11
INFO:  day_for_shipping Accuracy: 0.04% val_time = 1762326534.11
INFO:  on_time Accuracy: 76.30% val_time = 1762326534.11
INFO:  --------------------------------------------------
INFO:  TRAIN:epoch = 52/6000 classification_loss = 0.00000 train_time = 0.11
INFO:  ----------
INFO:  late_risk Accuracy: 66.88% val_time = 1762326534.23
INFO:  day_for_shipping Accuracy: 0.04% val_time = 1762326534.23
INFO:  on_time Accuracy: 76.30% val_time = 1762326534.23
INFO:  --------------------------------------------------
INFO:  TRAIN:epoch = 53/6000 classification_loss = 0.00000 train_time = 0.22
INFO:  ----------
INFO:  late_risk Accuracy: 66.88% val_time = 1762326534.47
INFO:  day_for_shipping Accuracy: 0.07% val_time = 1762326534.47
INFO:  on_time Accuracy: 76.30% val_time = 1762326534.47
INFO:  --------------------------------------------------
INFO:  TRAIN:epoch = 54/6000 classification_loss = 0.00000 train_time = 0.11
INFO:  ----------
INFO:  late_risk Accuracy: 66.88% val_time = 1762326534.59
INFO:  day_for_shipping Accuracy: 0.04% val_time = 1762326534.59
INFO:  on_time Accuracy: 76.30% val_time = 1762326534.59
INFO:  --------------------------------------------------
INFO:  TRAIN:epoch = 55/6000 classification_loss = 0.00000 train_time = 0.11
INFO:  ----------
INFO:  late_risk Accuracy: 66.88% val_time = 1762326534.72
INFO:  day_for_shipping Accuracy: 0.04% val_time = 1762326534.72
INFO:  on_time Accuracy: 76.30% val_time = 1762326534.72
INFO:  --------------------------------------------------
INFO:  TRAIN:epoch = 56/6000 classification_loss = 0.00000 train_time = 0.11
INFO:  ----------
INFO:  late_risk Accuracy: 66.88% val_time = 1762326534.84
INFO:  day_for_shipping Accuracy: 0.04% val_time = 1762326534.84
INFO:  on_time Accuracy: 76.30% val_time = 1762326534.84
INFO:  --------------------------------------------------
INFO:  TRAIN:epoch = 57/6000 classification_loss = 0.00000 train_time = 0.11
INFO:  ----------
INFO:  late_risk Accuracy: 66.88% val_time = 1762326534.97
INFO:  day_for_shipping Accuracy: 0.04% val_time = 1762326534.97
INFO:  on_time Accuracy: 76.30% val_time = 1762326534.97
INFO:  --------------------------------------------------
INFO:  TRAIN:epoch = 58/6000 classification_loss = 0.00000 train_time = 0.11
INFO:  ----------
INFO:  late_risk Accuracy: 66.88% val_time = 1762326535.09
INFO:  day_for_shipping Accuracy: 0.00% val_time = 1762326535.09
INFO:  on_time Accuracy: 76.30% val_time = 1762326535.09
INFO:  --------------------------------------------------
INFO:  TRAIN:epoch = 59/6000 classification_loss = 0.00000 train_time = 0.11
INFO:  ----------
INFO:  late_risk Accuracy: 66.88% val_time = 1762326535.21
INFO:  day_for_shipping Accuracy: 0.00% val_time = 1762326535.21
INFO:  on_time Accuracy: 76.30% val_time = 1762326535.21
INFO:  --------------------------------------------------
INFO:  TRAIN:epoch = 60/6000 classification_loss = 0.00000 train_time = 0.11
INFO:  ----------
INFO:  late_risk Accuracy: 66.88% val_time = 1762326535.34
INFO:  day_for_shipping Accuracy: 0.00% val_time = 1762326535.34
INFO:  on_time Accuracy: 76.30% val_time = 1762326535.34
INFO:  --------------------------------------------------
INFO:  TRAIN:epoch = 61/6000 classification_loss = 0.00000 train_time = 0.11
INFO:  ----------
INFO:  late_risk Accuracy: 66.88% val_time = 1762326535.46
INFO:  day_for_shipping Accuracy: 0.00% val_time = 1762326535.46
INFO:  on_time Accuracy: 76.30% val_time = 1762326535.46
INFO:  --------------------------------------------------
INFO:  TRAIN:epoch = 62/6000 classification_loss = 0.00000 train_time = 0.11
INFO:  ----------
INFO:  late_risk Accuracy: 66.88% val_time = 1762326535.59
INFO:  day_for_shipping Accuracy: 0.00% val_time = 1762326535.59
INFO:  on_time Accuracy: 76.30% val_time = 1762326535.59
INFO:  --------------------------------------------------
INFO:  TRAIN:epoch = 63/6000 classification_loss = 0.00000 train_time = 0.11
INFO:  ----------
INFO:  late_risk Accuracy: 66.88% val_time = 1762326535.71
INFO:  day_for_shipping Accuracy: 0.04% val_time = 1762326535.71
INFO:  on_time Accuracy: 76.30% val_time = 1762326535.71
INFO:  --------------------------------------------------
INFO:  TRAIN:epoch = 64/6000 classification_loss = 0.00000 train_time = 0.11
INFO:  ----------
INFO:  late_risk Accuracy: 66.88% val_time = 1762326535.84
INFO:  day_for_shipping Accuracy: 0.04% val_time = 1762326535.84
INFO:  on_time Accuracy: 76.30% val_time = 1762326535.84
INFO:  --------------------------------------------------
INFO:  TRAIN:epoch = 65/6000 classification_loss = 0.00000 train_time = 0.11
INFO:  ----------
INFO:  late_risk Accuracy: 66.88% val_time = 1762326535.96
INFO:  day_for_shipping Accuracy: 0.04% val_time = 1762326535.96
INFO:  on_time Accuracy: 76.30% val_time = 1762326535.96
INFO:  --------------------------------------------------
INFO:  TRAIN:epoch = 66/6000 classification_loss = 0.00000 train_time = 0.11
INFO:  ----------
INFO:  late_risk Accuracy: 66.88% val_time = 1762326536.08
INFO:  day_for_shipping Accuracy: 0.04% val_time = 1762326536.08
INFO:  on_time Accuracy: 76.30% val_time = 1762326536.08
INFO:  --------------------------------------------------
INFO:  TRAIN:epoch = 67/6000 classification_loss = 0.00000 train_time = 0.11
INFO:  ----------
INFO:  late_risk Accuracy: 66.88% val_time = 1762326536.21
INFO:  day_for_shipping Accuracy: 0.04% val_time = 1762326536.21
INFO:  on_time Accuracy: 76.30% val_time = 1762326536.21
INFO:  --------------------------------------------------
INFO:  TRAIN:epoch = 68/6000 classification_loss = 0.00000 train_time = 0.22
INFO:  ----------
INFO:  late_risk Accuracy: 66.88% val_time = 1762326536.44
INFO:  day_for_shipping Accuracy: 0.04% val_time = 1762326536.44
INFO:  on_time Accuracy: 76.30% val_time = 1762326536.44
INFO:  --------------------------------------------------
INFO:  TRAIN:epoch = 69/6000 classification_loss = 0.00000 train_time = 0.11
INFO:  ----------
INFO:  late_risk Accuracy: 66.88% val_time = 1762326536.56
INFO:  day_for_shipping Accuracy: 0.04% val_time = 1762326536.56
INFO:  on_time Accuracy: 76.30% val_time = 1762326536.56
INFO:  --------------------------------------------------
INFO:  TRAIN:epoch = 70/6000 classification_loss = 0.00000 train_time = 0.11
INFO:  ----------
INFO:  late_risk Accuracy: 66.88% val_time = 1762326536.69
INFO:  day_for_shipping Accuracy: 0.04% val_time = 1762326536.69
INFO:  on_time Accuracy: 76.30% val_time = 1762326536.69
INFO:  --------------------------------------------------
INFO:  TRAIN:epoch = 71/6000 classification_loss = 0.00000 train_time = 0.11
INFO:  ----------
INFO:  late_risk Accuracy: 66.88% val_time = 1762326536.82
INFO:  day_for_shipping Accuracy: 0.04% val_time = 1762326536.82
INFO:  on_time Accuracy: 76.30% val_time = 1762326536.82
INFO:  --------------------------------------------------
INFO:  TRAIN:epoch = 72/6000 classification_loss = 0.00000 train_time = 0.11
INFO:  ----------
INFO:  late_risk Accuracy: 66.88% val_time = 1762326536.94
INFO:  day_for_shipping Accuracy: 0.14% val_time = 1762326536.94
INFO:  on_time Accuracy: 76.30% val_time = 1762326536.94
INFO:  --------------------------------------------------
INFO:  TRAIN:epoch = 73/6000 classification_loss = 0.00000 train_time = 0.11
INFO:  ----------
INFO:  late_risk Accuracy: 66.88% val_time = 1762326537.06
INFO:  day_for_shipping Accuracy: 0.14% val_time = 1762326537.06
INFO:  on_time Accuracy: 76.30% val_time = 1762326537.06
INFO:  --------------------------------------------------
INFO:  TRAIN:epoch = 74/6000 classification_loss = 0.00000 train_time = 0.11
INFO:  ----------
INFO:  late_risk Accuracy: 66.88% val_time = 1762326537.20
INFO:  day_for_shipping Accuracy: 0.14% val_time = 1762326537.20
INFO:  on_time Accuracy: 76.30% val_time = 1762326537.20
INFO:  --------------------------------------------------
INFO:  TRAIN:epoch = 75/6000 classification_loss = 0.00000 train_time = 0.11
INFO:  ----------
INFO:  late_risk Accuracy: 66.88% val_time = 1762326537.32
INFO:  day_for_shipping Accuracy: 0.14% val_time = 1762326537.32
INFO:  on_time Accuracy: 76.30% val_time = 1762326537.32
INFO:  --------------------------------------------------
INFO:  TRAIN:epoch = 76/6000 classification_loss = 0.00000 train_time = 0.11
INFO:  ----------
INFO:  late_risk Accuracy: 66.88% val_time = 1762326537.45
INFO:  day_for_shipping Accuracy: 0.00% val_time = 1762326537.45
INFO:  on_time Accuracy: 76.30% val_time = 1762326537.45
INFO:  --------------------------------------------------
INFO:  TRAIN:epoch = 77/6000 classification_loss = 0.00000 train_time = 0.11
INFO:  ----------
INFO:  late_risk Accuracy: 66.88% val_time = 1762326537.57
INFO:  day_for_shipping Accuracy: 0.00% val_time = 1762326537.57
INFO:  on_time Accuracy: 76.30% val_time = 1762326537.57
INFO:  --------------------------------------------------
INFO:  TRAIN:epoch = 78/6000 classification_loss = 0.00000 train_time = 0.11
INFO:  ----------
INFO:  late_risk Accuracy: 66.88% val_time = 1762326537.70
INFO:  day_for_shipping Accuracy: 0.00% val_time = 1762326537.70
INFO:  on_time Accuracy: 76.30% val_time = 1762326537.70
INFO:  --------------------------------------------------
INFO:  TRAIN:epoch = 79/6000 classification_loss = 0.00000 train_time = 0.11
INFO:  ----------
INFO:  late_risk Accuracy: 66.88% val_time = 1762326537.83
INFO:  day_for_shipping Accuracy: 0.00% val_time = 1762326537.83
INFO:  on_time Accuracy: 76.30% val_time = 1762326537.83
INFO:  --------------------------------------------------
INFO:  TRAIN:epoch = 80/6000 classification_loss = 0.00000 train_time = 0.11
INFO:  ----------
INFO:  late_risk Accuracy: 66.88% val_time = 1762326537.95
INFO:  day_for_shipping Accuracy: 0.00% val_time = 1762326537.95
INFO:  on_time Accuracy: 76.30% val_time = 1762326537.95
INFO:  --------------------------------------------------
INFO:  TRAIN:epoch = 81/6000 classification_loss = 0.00000 train_time = 0.11
INFO:  ----------
INFO:  late_risk Accuracy: 66.88% val_time = 1762326538.08
INFO:  day_for_shipping Accuracy: 0.00% val_time = 1762326538.08
INFO:  on_time Accuracy: 76.30% val_time = 1762326538.08
INFO:  simulator training stage cost time: 11.362467050552368
INFO:  best_acc1 0.6687988628287136
INFO:  best_acc2 0.2583511016346837
INFO:  best_acc3 0.7629708599857854
INFO:  best_overall_accuracy 0.5633736081497276
INFO:  --------------------------------------------------
INFO:  TRAIN:epoch = 0/6000 loss = 47.84515 profit_loss = 1.48840 late_loss = 3.28508 train_time = 1.59
INFO:  profit = 0.00000 on_time = 0.00000 mi_loss = 47.73482 ma_loss = 0.08335
INFO:  ----------
INFO:  avg_profit = 0.48096 on_time_ratio = 0.00000 overall = 0.48096 val_time = 0.20
INFO:  profit_min_percent_10 = 0.23413 profit_min_percent_20 = 0.36111 profit_min_percent_30 = 0.42714
INFO:  best_dm_accuracy: 0.48096 
INFO:  --------------------------------------------------
INFO:  TRAIN:epoch = 1/6000 loss = 47.51698 profit_loss = 1.46256 late_loss = 3.28199 train_time = 1.36
INFO:  profit = 0.00000 on_time = 0.00000 mi_loss = 47.44555 ma_loss = 0.06297
INFO:  ----------
INFO:  avg_profit = 0.47906 on_time_ratio = 0.00000 overall = 0.47906 val_time = 0.20
INFO:  profit_min_percent_10 = 0.23413 profit_min_percent_20 = 0.37302 profit_min_percent_30 = 0.43757
INFO:  --------------------------------------------------
INFO:  TRAIN:epoch = 2/6000 loss = 47.25212 profit_loss = 1.43046 late_loss = 3.26884 train_time = 1.36
INFO:  profit = 0.00000 on_time = 0.00000 mi_loss = 46.99303 ma_loss = 0.24135
INFO:  ----------
INFO:  avg_profit = 0.48000 on_time_ratio = 0.00000 overall = 0.48000 val_time = 0.21
INFO:  profit_min_percent_10 = 0.23413 profit_min_percent_20 = 0.37302 profit_min_percent_30 = 0.43757
INFO:  --------------------------------------------------
INFO:  TRAIN:epoch = 3/6000 loss = 46.91944 profit_loss = 1.40385 late_loss = 3.25906 train_time = 1.36
INFO:  profit = 0.00000 on_time = 0.00000 mi_loss = 46.62906 ma_loss = 0.37629
INFO:  ----------
INFO:  avg_profit = 0.48018 on_time_ratio = 0.00000 overall = 0.48018 val_time = 0.20
INFO:  profit_min_percent_10 = 0.23413 profit_min_percent_20 = 0.37302 profit_min_percent_30 = 0.43757
INFO:  --------------------------------------------------
INFO:  TRAIN:epoch = 4/6000 loss = 47.08799 profit_loss = 1.41600 late_loss = 3.26176 train_time = 1.37
INFO:  profit = 0.00000 on_time = 0.00000 mi_loss = 46.77750 ma_loss = 0.30370
INFO:  ----------
INFO:  avg_profit = 0.47960 on_time_ratio = 0.00000 overall = 0.47960 val_time = 0.21
INFO:  profit_min_percent_10 = 0.23413 profit_min_percent_20 = 0.37302 profit_min_percent_30 = 0.43757
INFO:  --------------------------------------------------
INFO:  TRAIN:epoch = 5/6000 loss = 46.87670 profit_loss = 1.41973 late_loss = 3.25561 train_time = 1.47
INFO:  profit = 0.00000 on_time = 0.00000 mi_loss = 46.75346 ma_loss = 0.21071
INFO:  ----------
INFO:  avg_profit = 0.47959 on_time_ratio = 0.00000 overall = 0.47959 val_time = 0.21
INFO:  profit_min_percent_10 = 0.23413 profit_min_percent_20 = 0.37302 profit_min_percent_30 = 0.43757
INFO:  --------------------------------------------------
INFO:  TRAIN:epoch = 6/6000 loss = 47.15677 profit_loss = 1.42404 late_loss = 3.27905 train_time = 1.42
INFO:  profit = 0.00000 on_time = 0.00000 mi_loss = 47.03087 ma_loss = 0.17324
INFO:  ----------
INFO:  avg_profit = 0.47968 on_time_ratio = 0.00000 overall = 0.47968 val_time = 0.21
INFO:  profit_min_percent_10 = 0.23413 profit_min_percent_20 = 0.37302 profit_min_percent_30 = 0.43757
INFO:  --------------------------------------------------
INFO:  TRAIN:epoch = 7/6000 loss = 47.03018 profit_loss = 1.41738 late_loss = 3.26129 train_time = 1.41
INFO:  profit = 0.00000 on_time = 0.00000 mi_loss = 46.78664 ma_loss = 0.18607
INFO:  ----------
INFO:  avg_profit = 0.47966 on_time_ratio = 0.00000 overall = 0.47966 val_time = 0.21
INFO:  profit_min_percent_10 = 0.23413 profit_min_percent_20 = 0.37302 profit_min_percent_30 = 0.43757
INFO:  --------------------------------------------------
INFO:  TRAIN:epoch = 8/6000 loss = 46.82088 profit_loss = 1.39933 late_loss = 3.25472 train_time = 1.40
INFO:  profit = 0.00000 on_time = 0.00000 mi_loss = 46.54045 ma_loss = 0.19648
INFO:  ----------
INFO:  avg_profit = 0.47966 on_time_ratio = 0.00000 overall = 0.47966 val_time = 0.22
INFO:  profit_min_percent_10 = 0.23413 profit_min_percent_20 = 0.37302 profit_min_percent_30 = 0.43757
INFO:  --------------------------------------------------
INFO:  TRAIN:epoch = 9/6000 loss = 46.36057 profit_loss = 1.38569 late_loss = 3.23281 train_time = 1.40
INFO:  profit = 0.00000 on_time = 0.00000 mi_loss = 46.18503 ma_loss = 0.15714
INFO:  ----------
INFO:  avg_profit = 0.47988 on_time_ratio = 0.00000 overall = 0.47988 val_time = 0.21
INFO:  profit_min_percent_10 = 0.23413 profit_min_percent_20 = 0.37302 profit_min_percent_30 = 0.43757
INFO:  --------------------------------------------------
INFO:  TRAIN:epoch = 10/6000 loss = 46.39451 profit_loss = 1.37565 late_loss = 3.25452 train_time = 1.40
INFO:  profit = 0.00000 on_time = 0.00000 mi_loss = 46.30176 ma_loss = 0.10187
INFO:  ----------
INFO:  avg_profit = 0.48038 on_time_ratio = 0.00000 overall = 0.48038 val_time = 0.25
INFO:  profit_min_percent_10 = 0.23413 profit_min_percent_20 = 0.37302 profit_min_percent_30 = 0.43757
INFO:  --------------------------------------------------
INFO:  TRAIN:epoch = 11/6000 loss = 46.11365 profit_loss = 1.36755 late_loss = 3.23333 train_time = 1.36
INFO:  profit = 0.00000 on_time = 0.00000 mi_loss = 46.00876 ma_loss = 0.05177
INFO:  ----------
INFO:  avg_profit = 0.48019 on_time_ratio = 0.00000 overall = 0.48019 val_time = 0.31
INFO:  profit_min_percent_10 = 0.23413 profit_min_percent_20 = 0.37302 profit_min_percent_30 = 0.43757
INFO:  --------------------------------------------------
INFO:  TRAIN:epoch = 12/6000 loss = 45.81285 profit_loss = 1.34694 late_loss = 3.23104 train_time = 1.36
INFO:  profit = 0.00000 on_time = 0.00000 mi_loss = 45.77986 ma_loss = 0.02967
INFO:  ----------
INFO:  avg_profit = 0.47985 on_time_ratio = 0.00000 overall = 0.47985 val_time = 0.20
INFO:  profit_min_percent_10 = 0.23413 profit_min_percent_20 = 0.37302 profit_min_percent_30 = 0.43757
INFO:  --------------------------------------------------
INFO:  TRAIN:epoch = 13/6000 loss = 45.69539 profit_loss = 1.34074 late_loss = 3.22927 train_time = 1.36
INFO:  profit = 0.00000 on_time = 0.00000 mi_loss = 45.70015 ma_loss = 0.02092
INFO:  ----------
INFO:  avg_profit = 0.47964 on_time_ratio = 0.00000 overall = 0.47964 val_time = 0.20
INFO:  profit_min_percent_10 = 0.23413 profit_min_percent_20 = 0.37302 profit_min_percent_30 = 0.43757
INFO:  --------------------------------------------------
INFO:  TRAIN:epoch = 14/6000 loss = 45.57646 profit_loss = 1.33340 late_loss = 3.21754 train_time = 1.36
INFO:  profit = 0.00000 on_time = 0.00000 mi_loss = 45.50944 ma_loss = 0.02089
INFO:  ----------
INFO:  avg_profit = 0.47980 on_time_ratio = 0.00000 overall = 0.47980 val_time = 0.20
INFO:  profit_min_percent_10 = 0.23413 profit_min_percent_20 = 0.37302 profit_min_percent_30 = 0.43757
INFO:  --------------------------------------------------
INFO:  TRAIN:epoch = 15/6000 loss = 45.39257 profit_loss = 1.32824 late_loss = 3.20324 train_time = 1.42
INFO:  profit = 0.00000 on_time = 0.00000 mi_loss = 45.31475 ma_loss = 0.01097
INFO:  ----------
INFO:  avg_profit = 0.47964 on_time_ratio = 0.00000 overall = 0.47964 val_time = 0.21
INFO:  profit_min_percent_10 = 0.23413 profit_min_percent_20 = 0.37302 profit_min_percent_30 = 0.43757
INFO:  --------------------------------------------------
INFO:  TRAIN:epoch = 16/6000 loss = 45.11920 profit_loss = 1.31526 late_loss = 3.19521 train_time = 1.36
INFO:  profit = 0.00000 on_time = 0.00000 mi_loss = 45.10473 ma_loss = 0.01604
INFO:  ----------
INFO:  avg_profit = 0.47894 on_time_ratio = 0.00000 overall = 0.47894 val_time = 0.21
INFO:  profit_min_percent_10 = 0.23413 profit_min_percent_20 = 0.37302 profit_min_percent_30 = 0.43757
INFO:  --------------------------------------------------
INFO:  TRAIN:epoch = 17/6000 loss = 45.18391 profit_loss = 1.31158 late_loss = 3.19797 train_time = 1.36
INFO:  profit = 0.00000 on_time = 0.00000 mi_loss = 45.09552 ma_loss = 0.01122
INFO:  ----------
INFO:  avg_profit = 0.47910 on_time_ratio = 0.00000 overall = 0.47910 val_time = 0.21
INFO:  profit_min_percent_10 = 0.23413 profit_min_percent_20 = 0.37302 profit_min_percent_30 = 0.43757
INFO:  --------------------------------------------------
INFO:  TRAIN:epoch = 18/6000 loss = 45.04836 profit_loss = 1.30753 late_loss = 3.19227 train_time = 1.49
INFO:  profit = 0.00000 on_time = 0.00000 mi_loss = 44.99791 ma_loss = 0.01102
INFO:  ----------
INFO:  avg_profit = 0.47908 on_time_ratio = 0.00000 overall = 0.47908 val_time = 0.21
INFO:  profit_min_percent_10 = 0.23413 profit_min_percent_20 = 0.37302 profit_min_percent_30 = 0.43757
INFO:  --------------------------------------------------
INFO:  TRAIN:epoch = 19/6000 loss = 45.08851 profit_loss = 1.29750 late_loss = 3.20907 train_time = 1.38
INFO:  profit = 0.00000 on_time = 0.00000 mi_loss = 45.06577 ma_loss = 0.01191
INFO:  ----------
INFO:  avg_profit = 0.47904 on_time_ratio = 0.00000 overall = 0.47904 val_time = 0.21
INFO:  profit_min_percent_10 = 0.23413 profit_min_percent_20 = 0.37302 profit_min_percent_30 = 0.43757
INFO:  --------------------------------------------------
INFO:  TRAIN:epoch = 20/6000 loss = 45.09321 profit_loss = 1.30231 late_loss = 3.20803 train_time = 1.37
INFO:  profit = 0.00000 on_time = 0.00000 mi_loss = 45.10338 ma_loss = 0.01291
INFO:  ----------
INFO:  avg_profit = 0.47904 on_time_ratio = 0.00000 overall = 0.47904 val_time = 0.21
INFO:  profit_min_percent_10 = 0.23413 profit_min_percent_20 = 0.37302 profit_min_percent_30 = 0.43757
INFO:  --------------------------------------------------
INFO:  TRAIN:epoch = 21/6000 loss = 44.95234 profit_loss = 1.29450 late_loss = 3.19490 train_time = 1.37
INFO:  profit = 0.00000 on_time = 0.00000 mi_loss = 44.89400 ma_loss = 0.00873
INFO:  ----------
INFO:  avg_profit = 0.47910 on_time_ratio = 0.00000 overall = 0.47910 val_time = 0.21
INFO:  profit_min_percent_10 = 0.23413 profit_min_percent_20 = 0.37302 profit_min_percent_30 = 0.43757
INFO:  --------------------------------------------------
INFO:  TRAIN:epoch = 22/6000 loss = 44.86680 profit_loss = 1.29312 late_loss = 3.19361 train_time = 1.37
INFO:  profit = 0.00000 on_time = 0.00000 mi_loss = 44.86735 ma_loss = 0.01223
INFO:  ----------
INFO:  avg_profit = 0.47926 on_time_ratio = 0.00000 overall = 0.47926 val_time = 0.22
INFO:  profit_min_percent_10 = 0.23413 profit_min_percent_20 = 0.37302 profit_min_percent_30 = 0.43757
INFO:  --------------------------------------------------
INFO:  TRAIN:epoch = 23/6000 loss = 44.97655 profit_loss = 1.29968 late_loss = 3.19676 train_time = 1.37
INFO:  profit = 0.00000 on_time = 0.00000 mi_loss = 44.96443 ma_loss = 0.00381
INFO:  ----------
INFO:  avg_profit = 0.47903 on_time_ratio = 0.00000 overall = 0.47903 val_time = 0.21
INFO:  profit_min_percent_10 = 0.23413 profit_min_percent_20 = 0.37302 profit_min_percent_30 = 0.43757
INFO:  --------------------------------------------------
INFO:  TRAIN:epoch = 24/6000 loss = 44.97681 profit_loss = 1.29674 late_loss = 3.19739 train_time = 1.48
INFO:  profit = 0.00000 on_time = 0.00000 mi_loss = 44.94131 ma_loss = 0.00531
INFO:  ----------
INFO:  avg_profit = 0.47903 on_time_ratio = 0.00000 overall = 0.47903 val_time = 0.21
INFO:  profit_min_percent_10 = 0.23413 profit_min_percent_20 = 0.37302 profit_min_percent_30 = 0.43757
INFO:  --------------------------------------------------
INFO:  TRAIN:epoch = 25/6000 loss = 44.85760 profit_loss = 1.29409 late_loss = 3.18902 train_time = 1.37
INFO:  profit = 0.00000 on_time = 0.00000 mi_loss = 44.83106 ma_loss = 0.00699
INFO:  ----------
INFO:  avg_profit = 0.47893 on_time_ratio = 0.00000 overall = 0.47893 val_time = 0.20
INFO:  profit_min_percent_10 = 0.23413 profit_min_percent_20 = 0.37302 profit_min_percent_30 = 0.43757
INFO:  --------------------------------------------------
INFO:  TRAIN:epoch = 26/6000 loss = 44.90329 profit_loss = 1.30048 late_loss = 3.19356 train_time = 1.37
INFO:  profit = 0.00000 on_time = 0.00000 mi_loss = 44.94047 ma_loss = 0.00537
INFO:  ----------
INFO:  avg_profit = 0.47887 on_time_ratio = 0.00000 overall = 0.47887 val_time = 0.20
INFO:  profit_min_percent_10 = 0.23413 profit_min_percent_20 = 0.37302 profit_min_percent_30 = 0.43757
INFO:  --------------------------------------------------
INFO:  TRAIN:epoch = 27/6000 loss = 44.98241 profit_loss = 1.29866 late_loss = 3.19785 train_time = 1.36
INFO:  profit = 0.00000 on_time = 0.00000 mi_loss = 44.96517 ma_loss = 0.00187
INFO:  ----------
INFO:  avg_profit = 0.47887 on_time_ratio = 0.00000 overall = 0.47887 val_time = 0.20
INFO:  profit_min_percent_10 = 0.23413 profit_min_percent_20 = 0.37302 profit_min_percent_30 = 0.43757
INFO:  --------------------------------------------------
INFO:  TRAIN:epoch = 28/6000 loss = 45.01400 profit_loss = 1.29710 late_loss = 3.20606 train_time = 1.36
INFO:  profit = 0.00000 on_time = 0.00000 mi_loss = 45.03163 ma_loss = 0.00113
INFO:  ----------
INFO:  avg_profit = 0.47887 on_time_ratio = 0.00000 overall = 0.47887 val_time = 0.21
INFO:  profit_min_percent_10 = 0.23413 profit_min_percent_20 = 0.37302 profit_min_percent_30 = 0.43757
INFO:  --------------------------------------------------
INFO:  TRAIN:epoch = 29/6000 loss = 44.97451 profit_loss = 1.29727 late_loss = 3.19946 train_time = 1.37
INFO:  profit = 0.00000 on_time = 0.00000 mi_loss = 44.96738 ma_loss = 0.00782
INFO:  ----------
INFO:  avg_profit = 0.47893 on_time_ratio = 0.00000 overall = 0.47893 val_time = 0.21
INFO:  profit_min_percent_10 = 0.23413 profit_min_percent_20 = 0.37302 profit_min_percent_30 = 0.43757
INFO:  --------------------------------------------------
INFO:  TRAIN:epoch = 30/6000 loss = 44.85656 profit_loss = 1.28799 late_loss = 3.19468 train_time = 1.36
INFO:  profit = 0.00000 on_time = 0.00000 mi_loss = 44.82669 ma_loss = 0.00836
INFO:  ----------
INFO:  avg_profit = 0.47893 on_time_ratio = 0.00000 overall = 0.47893 val_time = 0.21
INFO:  profit_min_percent_10 = 0.23413 profit_min_percent_20 = 0.37302 profit_min_percent_30 = 0.43757
INFO:  --------------------------------------------------
INFO:  TRAIN:epoch = 31/6000 loss = 44.80925 profit_loss = 1.29777 late_loss = 3.18999 train_time = 1.47
INFO:  profit = 0.00000 on_time = 0.00000 mi_loss = 44.87762 ma_loss = 0.00753
INFO:  ----------
INFO:  avg_profit = 0.47887 on_time_ratio = 0.00000 overall = 0.47887 val_time = 0.21
INFO:  profit_min_percent_10 = 0.23413 profit_min_percent_20 = 0.37302 profit_min_percent_30 = 0.43757
INFO:  --------------------------------------------------
INFO:  TRAIN:epoch = 32/6000 loss = 45.04685 profit_loss = 1.29513 late_loss = 3.21049 train_time = 1.36
INFO:  profit = 0.00000 on_time = 0.00000 mi_loss = 45.05619 ma_loss = 0.00957
INFO:  ----------
INFO:  avg_profit = 0.47887 on_time_ratio = 0.00000 overall = 0.47887 val_time = 0.21
INFO:  profit_min_percent_10 = 0.23413 profit_min_percent_20 = 0.37302 profit_min_percent_30 = 0.43757
INFO:  --------------------------------------------------
INFO:  TRAIN:epoch = 33/6000 loss = 44.75516 profit_loss = 1.28710 late_loss = 3.19277 train_time = 1.37
INFO:  profit = 0.00000 on_time = 0.00000 mi_loss = 44.79868 ma_loss = 0.01483
INFO:  ----------
INFO:  avg_profit = 0.47887 on_time_ratio = 0.00000 overall = 0.47887 val_time = 0.21
INFO:  profit_min_percent_10 = 0.23413 profit_min_percent_20 = 0.37302 profit_min_percent_30 = 0.43757
INFO:  --------------------------------------------------
INFO:  TRAIN:epoch = 34/6000 loss = 44.92807 profit_loss = 1.29615 late_loss = 3.19172 train_time = 1.37
INFO:  profit = 0.00000 on_time = 0.00000 mi_loss = 44.87870 ma_loss = 0.00847
INFO:  ----------
INFO:  avg_profit = 0.47893 on_time_ratio = 0.00000 overall = 0.47893 val_time = 0.21
INFO:  profit_min_percent_10 = 0.23413 profit_min_percent_20 = 0.37302 profit_min_percent_30 = 0.43757
INFO:  --------------------------------------------------
INFO:  TRAIN:epoch = 35/6000 loss = 44.77973 profit_loss = 1.29173 late_loss = 3.19318 train_time = 1.36
INFO:  profit = 0.00000 on_time = 0.00000 mi_loss = 44.84912 ma_loss = 0.00399
INFO:  ----------
INFO:  avg_profit = 0.47903 on_time_ratio = 0.00000 overall = 0.47903 val_time = 0.21
INFO:  profit_min_percent_10 = 0.23413 profit_min_percent_20 = 0.37302 profit_min_percent_30 = 0.43757
INFO:  --------------------------------------------------
INFO:  TRAIN:epoch = 36/6000 loss = 44.86531 profit_loss = 1.29048 late_loss = 3.19516 train_time = 1.43
INFO:  profit = 0.00000 on_time = 0.00000 mi_loss = 44.85639 ma_loss = 0.00933
INFO:  ----------
INFO:  avg_profit = 0.47887 on_time_ratio = 0.00000 overall = 0.47887 val_time = 0.22
INFO:  profit_min_percent_10 = 0.23413 profit_min_percent_20 = 0.37302 profit_min_percent_30 = 0.43757
INFO:  --------------------------------------------------
INFO:  TRAIN:epoch = 37/6000 loss = 44.90431 profit_loss = 1.29299 late_loss = 3.19051 train_time = 1.52
INFO:  profit = 0.00000 on_time = 0.00000 mi_loss = 44.83504 ma_loss = 0.00442
INFO:  ----------
INFO:  avg_profit = 0.47887 on_time_ratio = 0.00000 overall = 0.47887 val_time = 0.26
INFO:  profit_min_percent_10 = 0.23413 profit_min_percent_20 = 0.37302 profit_min_percent_30 = 0.43757
INFO:  --------------------------------------------------
INFO:  TRAIN:epoch = 38/6000 loss = 44.98460 profit_loss = 1.30070 late_loss = 3.19875 train_time = 1.41
INFO:  profit = 0.00000 on_time = 0.00000 mi_loss = 44.99453 ma_loss = 0.00291
INFO:  ----------
INFO:  avg_profit = 0.47887 on_time_ratio = 0.00000 overall = 0.47887 val_time = 0.21
INFO:  profit_min_percent_10 = 0.23413 profit_min_percent_20 = 0.37302 profit_min_percent_30 = 0.43757
INFO:  --------------------------------------------------
INFO:  TRAIN:epoch = 39/6000 loss = 44.90564 profit_loss = 1.29626 late_loss = 3.19343 train_time = 1.36
INFO:  profit = 0.00000 on_time = 0.00000 mi_loss = 44.89695 ma_loss = 0.02525
INFO:  ----------
INFO:  avg_profit = 0.47887 on_time_ratio = 0.00000 overall = 0.47887 val_time = 0.21
INFO:  profit_min_percent_10 = 0.23413 profit_min_percent_20 = 0.37302 profit_min_percent_30 = 0.43757
INFO:  --------------------------------------------------
INFO:  TRAIN:epoch = 40/6000 loss = 44.86570 profit_loss = 1.28969 late_loss = 3.19278 train_time = 1.37
INFO:  profit = 0.00000 on_time = 0.00000 mi_loss = 44.82468 ma_loss = 0.03109
INFO:  ----------
INFO:  avg_profit = 0.47887 on_time_ratio = 0.00000 overall = 0.47887 val_time = 0.21
INFO:  profit_min_percent_10 = 0.23413 profit_min_percent_20 = 0.37302 profit_min_percent_30 = 0.43757
INFO:  --------------------------------------------------
INFO:  TRAIN:epoch = 41/6000 loss = 44.98110 profit_loss = 1.29492 late_loss = 3.20283 train_time = 1.36
INFO:  profit = 0.00000 on_time = 0.00000 mi_loss = 44.97751 ma_loss = 0.01319
INFO:  ----------
INFO:  avg_profit = 0.47887 on_time_ratio = 0.00000 overall = 0.47887 val_time = 0.21
INFO:  profit_min_percent_10 = 0.23413 profit_min_percent_20 = 0.37302 profit_min_percent_30 = 0.43757
INFO:  --------------------------------------------------
INFO:  TRAIN:epoch = 42/6000 loss = 44.82574 profit_loss = 1.29321 late_loss = 3.18885 train_time = 1.41
INFO:  profit = 0.00000 on_time = 0.00000 mi_loss = 44.82058 ma_loss = 0.00865
INFO:  ----------
INFO:  avg_profit = 0.47887 on_time_ratio = 0.00000 overall = 0.47887 val_time = 0.21
INFO:  profit_min_percent_10 = 0.23413 profit_min_percent_20 = 0.37302 profit_min_percent_30 = 0.43757
INFO:  --------------------------------------------------
INFO:  TRAIN:epoch = 43/6000 loss = 44.79676 profit_loss = 1.28740 late_loss = 3.19489 train_time = 1.40
INFO:  profit = 0.00000 on_time = 0.00000 mi_loss = 44.82288 ma_loss = 0.01798
INFO:  ----------
INFO:  avg_profit = 0.47887 on_time_ratio = 0.00000 overall = 0.47887 val_time = 0.21
INFO:  profit_min_percent_10 = 0.23413 profit_min_percent_20 = 0.37302 profit_min_percent_30 = 0.43757
INFO:  --------------------------------------------------
INFO:  TRAIN:epoch = 44/6000 loss = 44.97707 profit_loss = 1.28943 late_loss = 3.20404 train_time = 1.51
INFO:  profit = 0.00000 on_time = 0.00000 mi_loss = 44.93467 ma_loss = 0.02047
INFO:  ----------
INFO:  avg_profit = 0.47903 on_time_ratio = 0.00000 overall = 0.47903 val_time = 0.21
INFO:  profit_min_percent_10 = 0.23413 profit_min_percent_20 = 0.37302 profit_min_percent_30 = 0.43757
INFO:  --------------------------------------------------
INFO:  TRAIN:epoch = 45/6000 loss = 44.87808 profit_loss = 1.29752 late_loss = 3.18539 train_time = 1.40
INFO:  profit = 0.00000 on_time = 0.00000 mi_loss = 44.82907 ma_loss = 0.01729
INFO:  ----------
INFO:  avg_profit = 0.47887 on_time_ratio = 0.00000 overall = 0.47887 val_time = 0.21
INFO:  profit_min_percent_10 = 0.23413 profit_min_percent_20 = 0.37302 profit_min_percent_30 = 0.43757
INFO:  --------------------------------------------------
INFO:  TRAIN:epoch = 46/6000 loss = 45.03651 profit_loss = 1.30089 late_loss = 3.20092 train_time = 1.41
INFO:  profit = 0.00000 on_time = 0.00000 mi_loss = 45.01812 ma_loss = 0.01241
INFO:  ----------
INFO:  avg_profit = 0.47903 on_time_ratio = 0.00000 overall = 0.47903 val_time = 0.21
INFO:  profit_min_percent_10 = 0.23413 profit_min_percent_20 = 0.37302 profit_min_percent_30 = 0.43757
INFO:  --------------------------------------------------
INFO:  TRAIN:epoch = 47/6000 loss = 44.89975 profit_loss = 1.29050 late_loss = 3.20049 train_time = 1.40
INFO:  profit = 0.00000 on_time = 0.00000 mi_loss = 44.90992 ma_loss = 0.01524
INFO:  ----------
INFO:  avg_profit = 0.47903 on_time_ratio = 0.00000 overall = 0.47903 val_time = 0.21
INFO:  profit_min_percent_10 = 0.23413 profit_min_percent_20 = 0.37302 profit_min_percent_30 = 0.43757
INFO:  --------------------------------------------------
INFO:  TRAIN:epoch = 48/6000 loss = 44.79161 profit_loss = 1.29445 late_loss = 3.19138 train_time = 1.39
INFO:  profit = 0.00000 on_time = 0.00000 mi_loss = 44.85824 ma_loss = 0.01620
INFO:  ----------
INFO:  avg_profit = 0.47903 on_time_ratio = 0.00000 overall = 0.47903 val_time = 0.21
INFO:  profit_min_percent_10 = 0.23413 profit_min_percent_20 = 0.37302 profit_min_percent_30 = 0.43757
INFO:  --------------------------------------------------
INFO:  TRAIN:epoch = 49/6000 loss = 44.85318 profit_loss = 1.29283 late_loss = 3.18568 train_time = 1.50
INFO:  profit = 0.00000 on_time = 0.00000 mi_loss = 44.78512 ma_loss = 0.01371
INFO:  ----------
INFO:  avg_profit = 0.47893 on_time_ratio = 0.00000 overall = 0.47893 val_time = 0.21
INFO:  profit_min_percent_10 = 0.23413 profit_min_percent_20 = 0.37302 profit_min_percent_30 = 0.43757
INFO:  --------------------------------------------------
INFO:  TRAIN:epoch = 50/6000 loss = 44.93026 profit_loss = 1.29268 late_loss = 3.19750 train_time = 1.40
INFO:  profit = 0.00000 on_time = 0.00000 mi_loss = 44.90182 ma_loss = 0.02706
INFO:  ----------
INFO:  avg_profit = 0.47893 on_time_ratio = 0.00000 overall = 0.47893 val_time = 0.21
INFO:  profit_min_percent_10 = 0.23413 profit_min_percent_20 = 0.37302 profit_min_percent_30 = 0.43757
INFO:  --------------------------------------------------
INFO:  TRAIN:epoch = 51/6000 loss = 44.99290 profit_loss = 1.29600 late_loss = 3.19402 train_time = 1.40
INFO:  profit = 0.00000 on_time = 0.00000 mi_loss = 44.90022 ma_loss = 0.01897
INFO:  ----------
INFO:  avg_profit = 0.47893 on_time_ratio = 0.00000 overall = 0.47893 val_time = 0.21
INFO:  profit_min_percent_10 = 0.23413 profit_min_percent_20 = 0.37302 profit_min_percent_30 = 0.43757
INFO:  decision_maker training stage cost time: 96.0623869895935
INFO:  best_dm_accuracy 0.48095741868019104
INFO:  best_profit 0.48095741868019104
INFO:  best_on_time 0.0
INFO:  best_pmp_1 0.2341269850730896
INFO:  best_pmp_2 0.42713817954063416
INFO:  best_pmp_3 0.42713817954063416
[1;34mwandb[0m: 
[1;34mwandb[0m: 🚀 View run [33mtough-firebrand-94[0m at: [34m[0m
[1;34mwandb[0m: Find logs at: [1;35mwandb/run-20251105_000847-4kotue6w/logs[0m
