INFO:  --------------------------------Een Init----------------------------------
INFO:  Code will run in cuda:0
INFO:  --------------------------------Dataset Init------------------------------
INFO:  --------------------------------Model Init--------------------------------
INFO:  --------------------------------Session Init------------------------------
INFO:  ------------------------------------ Main --------------------------------
INFO:  --------------------------------------------------
INFO:  TRAIN:epoch = 0/6000 classification_loss = 0.00000 train_time = 3.87
INFO:  ----------
INFO:  late_risk Accuracy: 64.57% val_time = 0.01
INFO:  day_for_shipping Accuracy: 43.28% val_time = 0.01
INFO:  on_time Accuracy: 64.57% val_time = 0.01
INFO:  ----------
INFO:  best_overall_accuracy: 57.48% 
INFO:  --------------------------------------------------
INFO:  TRAIN:epoch = 1/6000 classification_loss = 0.00000 train_time = 0.13
INFO:  ----------
INFO:  late_risk Accuracy: 67.69% val_time = 0.01
INFO:  day_for_shipping Accuracy: 44.84% val_time = 0.01
INFO:  on_time Accuracy: 71.30% val_time = 0.01
INFO:  ----------
INFO:  best_overall_accuracy: 61.28% 
INFO:  --------------------------------------------------
INFO:  TRAIN:epoch = 2/6000 classification_loss = 0.00000 train_time = 0.13
INFO:  ----------
INFO:  late_risk Accuracy: 72.45% val_time = 0.01
INFO:  day_for_shipping Accuracy: 45.88% val_time = 0.01
INFO:  on_time Accuracy: 72.28% val_time = 0.01
INFO:  ----------
INFO:  best_overall_accuracy: 63.53% 
INFO:  --------------------------------------------------
INFO:  TRAIN:epoch = 3/6000 classification_loss = 0.00000 train_time = 0.23
INFO:  ----------
INFO:  late_risk Accuracy: 72.55% val_time = 0.01
INFO:  day_for_shipping Accuracy: 45.72% val_time = 0.01
INFO:  on_time Accuracy: 72.49% val_time = 0.01
INFO:  ----------
INFO:  best_overall_accuracy: 63.59% 
INFO:  --------------------------------------------------
INFO:  TRAIN:epoch = 4/6000 classification_loss = 0.00000 train_time = 0.13
INFO:  ----------
INFO:  late_risk Accuracy: 72.37% val_time = 0.01
INFO:  day_for_shipping Accuracy: 47.42% val_time = 0.01
INFO:  on_time Accuracy: 72.45% val_time = 0.01
INFO:  ----------
INFO:  best_overall_accuracy: 64.08% 
INFO:  --------------------------------------------------
INFO:  TRAIN:epoch = 5/6000 classification_loss = 0.00000 train_time = 0.13
INFO:  ----------
INFO:  late_risk Accuracy: 72.29% val_time = 0.01
INFO:  day_for_shipping Accuracy: 48.18% val_time = 0.01
INFO:  on_time Accuracy: 72.22% val_time = 0.01
INFO:  ----------
INFO:  best_overall_accuracy: 64.23% 
INFO:  --------------------------------------------------
INFO:  TRAIN:epoch = 6/6000 classification_loss = 0.00000 train_time = 0.13
INFO:  ----------
INFO:  late_risk Accuracy: 72.43% val_time = 0.01
INFO:  day_for_shipping Accuracy: 48.02% val_time = 0.01
INFO:  on_time Accuracy: 72.37% val_time = 0.01
INFO:  ----------
INFO:  best_overall_accuracy: 64.28% 
INFO:  --------------------------------------------------
INFO:  TRAIN:epoch = 7/6000 classification_loss = 0.00000 train_time = 0.13
INFO:  ----------
INFO:  late_risk Accuracy: 72.47% val_time = 0.01
INFO:  day_for_shipping Accuracy: 48.16% val_time = 0.01
INFO:  on_time Accuracy: 72.55% val_time = 0.01
INFO:  ----------
INFO:  best_overall_accuracy: 64.39% 
INFO:  --------------------------------------------------
INFO:  TRAIN:epoch = 8/6000 classification_loss = 0.00000 train_time = 0.13
INFO:  ----------
INFO:  late_risk Accuracy: 72.80% val_time = 0.01
INFO:  day_for_shipping Accuracy: 48.08% val_time = 0.01
INFO:  on_time Accuracy: 72.92% val_time = 0.01
INFO:  ----------
INFO:  best_overall_accuracy: 64.60% 
INFO:  --------------------------------------------------
INFO:  TRAIN:epoch = 9/6000 classification_loss = 0.00000 train_time = 0.13
INFO:  ----------
INFO:  late_risk Accuracy: 72.67% val_time = 0.01
INFO:  day_for_shipping Accuracy: 48.10% val_time = 0.01
INFO:  on_time Accuracy: 72.72% val_time = 0.01
INFO:  --------------------------------------------------
INFO:  TRAIN:epoch = 10/6000 classification_loss = 0.00000 train_time = 0.13
INFO:  ----------
INFO:  late_risk Accuracy: 72.45% val_time = 0.01
INFO:  day_for_shipping Accuracy: 47.88% val_time = 0.01
INFO:  on_time Accuracy: 72.28% val_time = 0.01
INFO:  --------------------------------------------------
INFO:  TRAIN:epoch = 11/6000 classification_loss = 0.00000 train_time = 0.23
INFO:  ----------
INFO:  late_risk Accuracy: 72.33% val_time = 0.01
INFO:  day_for_shipping Accuracy: 45.29% val_time = 0.01
INFO:  on_time Accuracy: 71.94% val_time = 0.01
INFO:  --------------------------------------------------
INFO:  TRAIN:epoch = 12/6000 classification_loss = 0.00000 train_time = 0.13
INFO:  ----------
INFO:  late_risk Accuracy: 78.10% val_time = 0.01
INFO:  day_for_shipping Accuracy: 53.42% val_time = 0.01
INFO:  on_time Accuracy: 77.60% val_time = 0.01
INFO:  ----------
INFO:  best_overall_accuracy: 69.71% 
INFO:  --------------------------------------------------
INFO:  TRAIN:epoch = 13/6000 classification_loss = 0.00000 train_time = 0.13
INFO:  ----------
INFO:  late_risk Accuracy: 78.88% val_time = 0.01
INFO:  day_for_shipping Accuracy: 55.22% val_time = 0.01
INFO:  on_time Accuracy: 78.83% val_time = 0.01
INFO:  ----------
INFO:  best_overall_accuracy: 70.98% 
INFO:  --------------------------------------------------
INFO:  TRAIN:epoch = 14/6000 classification_loss = 0.00000 train_time = 0.13
INFO:  ----------
INFO:  late_risk Accuracy: 75.84% val_time = 0.01
INFO:  day_for_shipping Accuracy: 55.53% val_time = 0.01
INFO:  on_time Accuracy: 75.82% val_time = 0.01
INFO:  --------------------------------------------------
INFO:  TRAIN:epoch = 15/6000 classification_loss = 0.00000 train_time = 0.13
INFO:  ----------
INFO:  late_risk Accuracy: 77.44% val_time = 0.01
INFO:  day_for_shipping Accuracy: 58.45% val_time = 0.01
INFO:  on_time Accuracy: 76.45% val_time = 0.01
INFO:  --------------------------------------------------
INFO:  TRAIN:epoch = 16/6000 classification_loss = 0.00000 train_time = 0.13
INFO:  ----------
INFO:  late_risk Accuracy: 79.70% val_time = 0.01
INFO:  day_for_shipping Accuracy: 57.07% val_time = 0.01
INFO:  on_time Accuracy: 79.72% val_time = 0.01
INFO:  ----------
INFO:  best_overall_accuracy: 72.16% 
INFO:  --------------------------------------------------
INFO:  TRAIN:epoch = 17/6000 classification_loss = 0.00000 train_time = 0.13
INFO:  ----------
INFO:  late_risk Accuracy: 80.50% val_time = 0.01
INFO:  day_for_shipping Accuracy: 60.27% val_time = 0.01
INFO:  on_time Accuracy: 80.52% val_time = 0.01
INFO:  ----------
INFO:  best_overall_accuracy: 73.76% 
INFO:  --------------------------------------------------
INFO:  TRAIN:epoch = 18/6000 classification_loss = 0.00000 train_time = 0.13
INFO:  ----------
INFO:  late_risk Accuracy: 76.99% val_time = 0.01
INFO:  day_for_shipping Accuracy: 57.36% val_time = 0.01
INFO:  on_time Accuracy: 78.73% val_time = 0.01
INFO:  --------------------------------------------------
INFO:  TRAIN:epoch = 19/6000 classification_loss = 0.00000 train_time = 0.22
INFO:  ----------
INFO:  late_risk Accuracy: 74.56% val_time = 0.01
INFO:  day_for_shipping Accuracy: 50.40% val_time = 0.01
INFO:  on_time Accuracy: 74.95% val_time = 0.01
INFO:  --------------------------------------------------
INFO:  TRAIN:epoch = 20/6000 classification_loss = 0.00000 train_time = 0.13
INFO:  ----------
INFO:  late_risk Accuracy: 80.56% val_time = 0.01
INFO:  day_for_shipping Accuracy: 60.07% val_time = 0.01
INFO:  on_time Accuracy: 80.78% val_time = 0.01
INFO:  ----------
INFO:  best_overall_accuracy: 73.80% 
INFO:  --------------------------------------------------
INFO:  TRAIN:epoch = 21/6000 classification_loss = 0.00000 train_time = 0.13
INFO:  ----------
INFO:  late_risk Accuracy: 84.58% val_time = 0.01
INFO:  day_for_shipping Accuracy: 66.62% val_time = 0.01
INFO:  on_time Accuracy: 84.79% val_time = 0.01
INFO:  ----------
INFO:  best_overall_accuracy: 78.66% 
INFO:  --------------------------------------------------
INFO:  TRAIN:epoch = 22/6000 classification_loss = 0.00000 train_time = 0.13
INFO:  ----------
INFO:  late_risk Accuracy: 83.93% val_time = 0.01
INFO:  day_for_shipping Accuracy: 65.33% val_time = 0.01
INFO:  on_time Accuracy: 84.03% val_time = 0.01
INFO:  --------------------------------------------------
INFO:  TRAIN:epoch = 23/6000 classification_loss = 0.00000 train_time = 0.13
INFO:  ----------
INFO:  late_risk Accuracy: 85.61% val_time = 0.01
INFO:  day_for_shipping Accuracy: 66.37% val_time = 0.01
INFO:  on_time Accuracy: 85.49% val_time = 0.01
INFO:  ----------
INFO:  best_overall_accuracy: 79.16% 
INFO:  --------------------------------------------------
INFO:  TRAIN:epoch = 24/6000 classification_loss = 0.00000 train_time = 0.13
INFO:  ----------
INFO:  late_risk Accuracy: 85.24% val_time = 0.01
INFO:  day_for_shipping Accuracy: 67.36% val_time = 0.01
INFO:  on_time Accuracy: 85.47% val_time = 0.01
INFO:  ----------
INFO:  best_overall_accuracy: 79.36% 
INFO:  --------------------------------------------------
INFO:  TRAIN:epoch = 25/6000 classification_loss = 0.00000 train_time = 0.13
INFO:  ----------
INFO:  late_risk Accuracy: 73.02% val_time = 0.01
INFO:  day_for_shipping Accuracy: 46.83% val_time = 0.01
INFO:  on_time Accuracy: 72.96% val_time = 0.01
INFO:  --------------------------------------------------
INFO:  TRAIN:epoch = 26/6000 classification_loss = 0.00000 train_time = 0.13
INFO:  ----------
INFO:  late_risk Accuracy: 83.72% val_time = 0.01
INFO:  day_for_shipping Accuracy: 66.21% val_time = 0.01
INFO:  on_time Accuracy: 84.13% val_time = 0.01
INFO:  --------------------------------------------------
INFO:  TRAIN:epoch = 27/6000 classification_loss = 0.00000 train_time = 0.21
INFO:  ----------
INFO:  late_risk Accuracy: 76.88% val_time = 0.01
INFO:  day_for_shipping Accuracy: 55.90% val_time = 0.01
INFO:  on_time Accuracy: 76.25% val_time = 0.01
INFO:  --------------------------------------------------
INFO:  TRAIN:epoch = 28/6000 classification_loss = 0.00000 train_time = 0.13
INFO:  ----------
INFO:  late_risk Accuracy: 79.74% val_time = 0.01
INFO:  day_for_shipping Accuracy: 59.10% val_time = 0.01
INFO:  on_time Accuracy: 80.13% val_time = 0.01
INFO:  --------------------------------------------------
INFO:  TRAIN:epoch = 29/6000 classification_loss = 0.00000 train_time = 0.13
INFO:  ----------
INFO:  late_risk Accuracy: 78.48% val_time = 0.01
INFO:  day_for_shipping Accuracy: 56.66% val_time = 0.01
INFO:  on_time Accuracy: 78.49% val_time = 0.01
INFO:  --------------------------------------------------
INFO:  TRAIN:epoch = 30/6000 classification_loss = 0.00000 train_time = 0.13
INFO:  ----------
INFO:  late_risk Accuracy: 84.11% val_time = 0.01
INFO:  day_for_shipping Accuracy: 66.89% val_time = 0.01
INFO:  on_time Accuracy: 84.36% val_time = 0.01
INFO:  --------------------------------------------------
INFO:  TRAIN:epoch = 31/6000 classification_loss = 0.00000 train_time = 0.13
INFO:  ----------
INFO:  late_risk Accuracy: 86.29% val_time = 0.01
INFO:  day_for_shipping Accuracy: 70.29% val_time = 0.01
INFO:  on_time Accuracy: 86.82% val_time = 0.01
INFO:  ----------
INFO:  best_overall_accuracy: 81.13% 
INFO:  --------------------------------------------------
INFO:  TRAIN:epoch = 32/6000 classification_loss = 0.00000 train_time = 0.13
INFO:  ----------
INFO:  late_risk Accuracy: 87.58% val_time = 0.01
INFO:  day_for_shipping Accuracy: 71.05% val_time = 0.01
INFO:  on_time Accuracy: 87.42% val_time = 0.01
INFO:  ----------
INFO:  best_overall_accuracy: 82.02% 
INFO:  --------------------------------------------------
INFO:  TRAIN:epoch = 33/6000 classification_loss = 0.00000 train_time = 0.13
INFO:  ----------
INFO:  late_risk Accuracy: 80.62% val_time = 0.01
INFO:  day_for_shipping Accuracy: 58.69% val_time = 0.01
INFO:  on_time Accuracy: 79.72% val_time = 0.01
INFO:  --------------------------------------------------
INFO:  TRAIN:epoch = 34/6000 classification_loss = 0.00000 train_time = 0.13
INFO:  ----------
INFO:  late_risk Accuracy: 85.24% val_time = 0.01
INFO:  day_for_shipping Accuracy: 69.14% val_time = 0.01
INFO:  on_time Accuracy: 86.41% val_time = 0.01
INFO:  --------------------------------------------------
INFO:  TRAIN:epoch = 35/6000 classification_loss = 0.00000 train_time = 0.23
INFO:  ----------
INFO:  late_risk Accuracy: 83.43% val_time = 0.01
INFO:  day_for_shipping Accuracy: 66.41% val_time = 0.01
INFO:  on_time Accuracy: 83.86% val_time = 0.01
INFO:  --------------------------------------------------
INFO:  TRAIN:epoch = 36/6000 classification_loss = 0.00000 train_time = 0.13
INFO:  ----------
INFO:  late_risk Accuracy: 82.71% val_time = 0.01
INFO:  day_for_shipping Accuracy: 65.20% val_time = 0.01
INFO:  on_time Accuracy: 83.10% val_time = 0.01
INFO:  --------------------------------------------------
INFO:  TRAIN:epoch = 37/6000 classification_loss = 0.00000 train_time = 0.13
INFO:  ----------
INFO:  late_risk Accuracy: 79.70% val_time = 0.01
INFO:  day_for_shipping Accuracy: 58.92% val_time = 0.01
INFO:  on_time Accuracy: 79.84% val_time = 0.01
INFO:  --------------------------------------------------
INFO:  TRAIN:epoch = 38/6000 classification_loss = 0.00000 train_time = 0.13
INFO:  ----------
INFO:  late_risk Accuracy: 86.96% val_time = 0.01
INFO:  day_for_shipping Accuracy: 72.65% val_time = 0.01
INFO:  on_time Accuracy: 87.29% val_time = 0.01
INFO:  ----------
INFO:  best_overall_accuracy: 82.30% 
INFO:  --------------------------------------------------
INFO:  TRAIN:epoch = 39/6000 classification_loss = 0.00000 train_time = 0.13
INFO:  ----------
INFO:  late_risk Accuracy: 86.55% val_time = 0.01
INFO:  day_for_shipping Accuracy: 72.65% val_time = 0.01
INFO:  on_time Accuracy: 86.43% val_time = 0.01
INFO:  --------------------------------------------------
INFO:  TRAIN:epoch = 40/6000 classification_loss = 0.00000 train_time = 0.13
INFO:  ----------
INFO:  late_risk Accuracy: 89.18% val_time = 0.01
INFO:  day_for_shipping Accuracy: 74.44% val_time = 0.01
INFO:  on_time Accuracy: 88.79% val_time = 0.01
INFO:  ----------
INFO:  best_overall_accuracy: 84.14% 
INFO:  --------------------------------------------------
INFO:  TRAIN:epoch = 41/6000 classification_loss = 0.00000 train_time = 0.13
INFO:  ----------
INFO:  late_risk Accuracy: 88.77% val_time = 0.01
INFO:  day_for_shipping Accuracy: 74.28% val_time = 0.01
INFO:  on_time Accuracy: 89.18% val_time = 0.01
INFO:  --------------------------------------------------
INFO:  TRAIN:epoch = 42/6000 classification_loss = 0.00000 train_time = 0.13
INFO:  ----------
INFO:  late_risk Accuracy: 88.61% val_time = 0.01
INFO:  day_for_shipping Accuracy: 73.64% val_time = 0.01
INFO:  on_time Accuracy: 88.67% val_time = 0.01
INFO:  --------------------------------------------------
INFO:  TRAIN:epoch = 43/6000 classification_loss = 0.00000 train_time = 0.13
INFO:  ----------
INFO:  late_risk Accuracy: 85.73% val_time = 0.01
INFO:  day_for_shipping Accuracy: 69.53% val_time = 0.01
INFO:  on_time Accuracy: 86.86% val_time = 0.01
INFO:  --------------------------------------------------
INFO:  TRAIN:epoch = 44/6000 classification_loss = 0.00000 train_time = 0.23
INFO:  ----------
INFO:  late_risk Accuracy: 84.64% val_time = 0.01
INFO:  day_for_shipping Accuracy: 67.56% val_time = 0.01
INFO:  on_time Accuracy: 84.81% val_time = 0.01
INFO:  --------------------------------------------------
INFO:  TRAIN:epoch = 45/6000 classification_loss = 0.00000 train_time = 0.13
INFO:  ----------
INFO:  late_risk Accuracy: 88.81% val_time = 0.01
INFO:  day_for_shipping Accuracy: 75.02% val_time = 0.01
INFO:  on_time Accuracy: 88.77% val_time = 0.01
INFO:  ----------
INFO:  best_overall_accuracy: 84.20% 
INFO:  --------------------------------------------------
INFO:  TRAIN:epoch = 46/6000 classification_loss = 0.00000 train_time = 0.13
INFO:  ----------
INFO:  late_risk Accuracy: 85.88% val_time = 0.01
INFO:  day_for_shipping Accuracy: 65.08% val_time = 0.01
INFO:  on_time Accuracy: 86.24% val_time = 0.01
INFO:  --------------------------------------------------
INFO:  TRAIN:epoch = 47/6000 classification_loss = 0.00000 train_time = 0.13
INFO:  ----------
INFO:  late_risk Accuracy: 90.08% val_time = 0.01
INFO:  day_for_shipping Accuracy: 75.90% val_time = 0.01
INFO:  on_time Accuracy: 90.21% val_time = 0.01
INFO:  ----------
INFO:  best_overall_accuracy: 85.40% 
INFO:  --------------------------------------------------
INFO:  TRAIN:epoch = 48/6000 classification_loss = 0.00000 train_time = 0.13
INFO:  ----------
INFO:  late_risk Accuracy: 80.17% val_time = 0.01
INFO:  day_for_shipping Accuracy: 57.87% val_time = 0.01
INFO:  on_time Accuracy: 80.56% val_time = 0.01
INFO:  --------------------------------------------------
INFO:  TRAIN:epoch = 49/6000 classification_loss = 0.00000 train_time = 0.13
INFO:  ----------
INFO:  late_risk Accuracy: 88.81% val_time = 0.01
INFO:  day_for_shipping Accuracy: 73.45% val_time = 0.01
INFO:  on_time Accuracy: 88.52% val_time = 0.01
INFO:  --------------------------------------------------
INFO:  TRAIN:epoch = 50/6000 classification_loss = 0.00000 train_time = 0.13
INFO:  ----------
INFO:  late_risk Accuracy: 75.41% val_time = 0.01
INFO:  day_for_shipping Accuracy: 56.15% val_time = 0.01
INFO:  on_time Accuracy: 76.90% val_time = 0.01
INFO:  --------------------------------------------------
INFO:  TRAIN:epoch = 51/6000 classification_loss = 0.00000 train_time = 0.13
INFO:  ----------
INFO:  late_risk Accuracy: 75.12% val_time = 0.01
INFO:  day_for_shipping Accuracy: 50.91% val_time = 0.01
INFO:  on_time Accuracy: 74.69% val_time = 0.01
INFO:  --------------------------------------------------
INFO:  TRAIN:epoch = 52/6000 classification_loss = 0.00000 train_time = 0.21
INFO:  ----------
INFO:  late_risk Accuracy: 75.18% val_time = 0.01
INFO:  day_for_shipping Accuracy: 51.08% val_time = 0.01
INFO:  on_time Accuracy: 74.73% val_time = 0.01
INFO:  --------------------------------------------------
INFO:  TRAIN:epoch = 53/6000 classification_loss = 0.00000 train_time = 0.13
INFO:  ----------
INFO:  late_risk Accuracy: 91.34% val_time = 0.01
INFO:  day_for_shipping Accuracy: 78.18% val_time = 0.01
INFO:  on_time Accuracy: 91.58% val_time = 0.01
INFO:  ----------
INFO:  best_overall_accuracy: 87.03% 
INFO:  --------------------------------------------------
INFO:  TRAIN:epoch = 54/6000 classification_loss = 0.00000 train_time = 0.13
INFO:  ----------
INFO:  late_risk Accuracy: 92.10% val_time = 0.01
INFO:  day_for_shipping Accuracy: 79.82% val_time = 0.01
INFO:  on_time Accuracy: 91.97% val_time = 0.01
INFO:  ----------
INFO:  best_overall_accuracy: 87.96% 
INFO:  --------------------------------------------------
INFO:  TRAIN:epoch = 55/6000 classification_loss = 0.00000 train_time = 0.13
INFO:  ----------
INFO:  late_risk Accuracy: 80.44% val_time = 0.01
INFO:  day_for_shipping Accuracy: 59.21% val_time = 0.01
INFO:  on_time Accuracy: 80.68% val_time = 0.01
INFO:  --------------------------------------------------
INFO:  TRAIN:epoch = 56/6000 classification_loss = 0.00000 train_time = 0.13
INFO:  ----------
INFO:  late_risk Accuracy: 65.31% val_time = 0.01
INFO:  day_for_shipping Accuracy: 46.73% val_time = 0.01
INFO:  on_time Accuracy: 65.28% val_time = 0.01
INFO:  --------------------------------------------------
INFO:  TRAIN:epoch = 57/6000 classification_loss = 0.00000 train_time = 0.13
INFO:  ----------
INFO:  late_risk Accuracy: 83.08% val_time = 0.01
INFO:  day_for_shipping Accuracy: 67.58% val_time = 0.01
INFO:  on_time Accuracy: 82.26% val_time = 0.01
INFO:  --------------------------------------------------
INFO:  TRAIN:epoch = 58/6000 classification_loss = 0.00000 train_time = 0.13
INFO:  ----------
INFO:  late_risk Accuracy: 69.99% val_time = 0.01
INFO:  day_for_shipping Accuracy: 42.46% val_time = 0.01
INFO:  on_time Accuracy: 70.87% val_time = 0.01
INFO:  --------------------------------------------------
INFO:  TRAIN:epoch = 59/6000 classification_loss = 0.00000 train_time = 0.13
INFO:  ----------
INFO:  late_risk Accuracy: 89.59% val_time = 0.01
INFO:  day_for_shipping Accuracy: 76.27% val_time = 0.01
INFO:  on_time Accuracy: 89.82% val_time = 0.01
INFO:  --------------------------------------------------
INFO:  TRAIN:epoch = 60/6000 classification_loss = 0.00000 train_time = 0.13
INFO:  ----------
INFO:  late_risk Accuracy: 91.89% val_time = 0.01
INFO:  day_for_shipping Accuracy: 80.11% val_time = 0.01
INFO:  on_time Accuracy: 92.01% val_time = 0.01
INFO:  ----------
INFO:  best_overall_accuracy: 88.00% 
INFO:  --------------------------------------------------
INFO:  TRAIN:epoch = 61/6000 classification_loss = 0.00000 train_time = 0.22
INFO:  ----------
INFO:  late_risk Accuracy: 77.09% val_time = 0.01
INFO:  day_for_shipping Accuracy: 50.20% val_time = 0.01
INFO:  on_time Accuracy: 75.39% val_time = 0.01
INFO:  --------------------------------------------------
INFO:  TRAIN:epoch = 62/6000 classification_loss = 0.00000 train_time = 0.13
INFO:  ----------
INFO:  late_risk Accuracy: 89.47% val_time = 0.01
INFO:  day_for_shipping Accuracy: 74.87% val_time = 0.01
INFO:  on_time Accuracy: 89.20% val_time = 0.01
INFO:  --------------------------------------------------
INFO:  TRAIN:epoch = 63/6000 classification_loss = 0.00000 train_time = 0.13
INFO:  ----------
INFO:  late_risk Accuracy: 74.13% val_time = 0.01
INFO:  day_for_shipping Accuracy: 47.42% val_time = 0.01
INFO:  on_time Accuracy: 74.13% val_time = 0.01
INFO:  --------------------------------------------------
INFO:  TRAIN:epoch = 64/6000 classification_loss = 0.00000 train_time = 0.13
INFO:  ----------
INFO:  late_risk Accuracy: 83.78% val_time = 0.01
INFO:  day_for_shipping Accuracy: 64.44% val_time = 0.01
INFO:  on_time Accuracy: 83.68% val_time = 0.01
INFO:  --------------------------------------------------
INFO:  TRAIN:epoch = 65/6000 classification_loss = 0.00000 train_time = 0.13
INFO:  ----------
INFO:  late_risk Accuracy: 88.89% val_time = 0.01
INFO:  day_for_shipping Accuracy: 74.95% val_time = 0.01
INFO:  on_time Accuracy: 88.73% val_time = 0.01
INFO:  --------------------------------------------------
INFO:  TRAIN:epoch = 66/6000 classification_loss = 0.00000 train_time = 0.13
INFO:  ----------
INFO:  late_risk Accuracy: 69.27% val_time = 0.01
INFO:  day_for_shipping Accuracy: 48.27% val_time = 0.01
INFO:  on_time Accuracy: 69.84% val_time = 0.01
INFO:  --------------------------------------------------
INFO:  TRAIN:epoch = 67/6000 classification_loss = 0.00000 train_time = 0.13
INFO:  ----------
INFO:  late_risk Accuracy: 90.15% val_time = 0.01
INFO:  day_for_shipping Accuracy: 76.82% val_time = 0.01
INFO:  on_time Accuracy: 90.45% val_time = 0.01
INFO:  --------------------------------------------------
INFO:  TRAIN:epoch = 68/6000 classification_loss = 0.00000 train_time = 0.13
INFO:  ----------
INFO:  late_risk Accuracy: 71.59% val_time = 0.01
INFO:  day_for_shipping Accuracy: 40.90% val_time = 0.01
INFO:  on_time Accuracy: 70.72% val_time = 0.01
INFO:  --------------------------------------------------
INFO:  TRAIN:epoch = 69/6000 classification_loss = 0.00000 train_time = 0.22
INFO:  ----------
INFO:  late_risk Accuracy: 89.34% val_time = 0.01
INFO:  day_for_shipping Accuracy: 74.38% val_time = 0.01
INFO:  on_time Accuracy: 89.14% val_time = 0.01
INFO:  --------------------------------------------------
INFO:  TRAIN:epoch = 70/6000 classification_loss = 0.00000 train_time = 0.13
INFO:  ----------
INFO:  late_risk Accuracy: 76.47% val_time = 0.01
INFO:  day_for_shipping Accuracy: 51.98% val_time = 0.01
INFO:  on_time Accuracy: 76.37% val_time = 0.01
INFO:  --------------------------------------------------
INFO:  TRAIN:epoch = 71/6000 classification_loss = 0.00000 train_time = 0.13
INFO:  ----------
INFO:  late_risk Accuracy: 90.50% val_time = 0.01
INFO:  day_for_shipping Accuracy: 76.47% val_time = 0.01
INFO:  on_time Accuracy: 90.47% val_time = 0.01
INFO:  --------------------------------------------------
INFO:  TRAIN:epoch = 72/6000 classification_loss = 0.00000 train_time = 0.13
INFO:  ----------
INFO:  late_risk Accuracy: 87.74% val_time = 0.01
INFO:  day_for_shipping Accuracy: 71.89% val_time = 0.01
INFO:  on_time Accuracy: 88.17% val_time = 0.01
INFO:  --------------------------------------------------
INFO:  TRAIN:epoch = 73/6000 classification_loss = 0.00000 train_time = 0.13
INFO:  ----------
INFO:  late_risk Accuracy: 92.92% val_time = 0.01
INFO:  day_for_shipping Accuracy: 79.63% val_time = 0.01
INFO:  on_time Accuracy: 92.83% val_time = 0.01
INFO:  ----------
INFO:  best_overall_accuracy: 88.46% 
INFO:  --------------------------------------------------
INFO:  TRAIN:epoch = 74/6000 classification_loss = 0.00000 train_time = 0.13
INFO:  ----------
INFO:  late_risk Accuracy: 67.83% val_time = 0.01
INFO:  day_for_shipping Accuracy: 35.19% val_time = 0.01
INFO:  on_time Accuracy: 67.19% val_time = 0.01
INFO:  --------------------------------------------------
INFO:  TRAIN:epoch = 75/6000 classification_loss = 0.00000 train_time = 0.13
INFO:  ----------
INFO:  late_risk Accuracy: 90.78% val_time = 0.01
INFO:  day_for_shipping Accuracy: 79.20% val_time = 0.01
INFO:  on_time Accuracy: 90.66% val_time = 0.01
INFO:  --------------------------------------------------
INFO:  TRAIN:epoch = 76/6000 classification_loss = 0.00000 train_time = 0.13
INFO:  ----------
INFO:  late_risk Accuracy: 86.66% val_time = 0.01
INFO:  day_for_shipping Accuracy: 71.96% val_time = 0.01
INFO:  on_time Accuracy: 86.86% val_time = 0.01
INFO:  --------------------------------------------------
INFO:  TRAIN:epoch = 77/6000 classification_loss = 0.00000 train_time = 0.23
INFO:  ----------
INFO:  late_risk Accuracy: 66.11% val_time = 0.01
INFO:  day_for_shipping Accuracy: 31.64% val_time = 0.01
INFO:  on_time Accuracy: 64.40% val_time = 0.01
INFO:  --------------------------------------------------
INFO:  TRAIN:epoch = 78/6000 classification_loss = 0.00000 train_time = 0.13
INFO:  ----------
INFO:  late_risk Accuracy: 83.86% val_time = 0.01
INFO:  day_for_shipping Accuracy: 62.64% val_time = 0.01
INFO:  on_time Accuracy: 84.13% val_time = 0.01
INFO:  --------------------------------------------------
INFO:  TRAIN:epoch = 79/6000 classification_loss = 0.00000 train_time = 0.13
INFO:  ----------
INFO:  late_risk Accuracy: 75.43% val_time = 0.01
INFO:  day_for_shipping Accuracy: 53.66% val_time = 0.01
INFO:  on_time Accuracy: 76.45% val_time = 0.01
INFO:  --------------------------------------------------
INFO:  TRAIN:epoch = 80/6000 classification_loss = 0.00000 train_time = 0.13
INFO:  ----------
INFO:  late_risk Accuracy: 92.12% val_time = 0.01
INFO:  day_for_shipping Accuracy: 81.44% val_time = 0.01
INFO:  on_time Accuracy: 91.79% val_time = 0.01
INFO:  --------------------------------------------------
INFO:  TRAIN:epoch = 81/6000 classification_loss = 0.00000 train_time = 0.13
INFO:  ----------
INFO:  late_risk Accuracy: 74.03% val_time = 0.01
INFO:  day_for_shipping Accuracy: 43.11% val_time = 0.01
INFO:  on_time Accuracy: 72.53% val_time = 0.01
INFO:  --------------------------------------------------
INFO:  TRAIN:epoch = 82/6000 classification_loss = 0.00000 train_time = 0.13
INFO:  ----------
INFO:  late_risk Accuracy: 79.39% val_time = 0.01
INFO:  day_for_shipping Accuracy: 58.76% val_time = 0.01
INFO:  on_time Accuracy: 78.51% val_time = 0.01
INFO:  --------------------------------------------------
INFO:  TRAIN:epoch = 83/6000 classification_loss = 0.00000 train_time = 0.13
INFO:  ----------
INFO:  late_risk Accuracy: 81.75% val_time = 0.01
INFO:  day_for_shipping Accuracy: 56.64% val_time = 0.01
INFO:  on_time Accuracy: 81.83% val_time = 0.01
INFO:  --------------------------------------------------
INFO:  TRAIN:epoch = 84/6000 classification_loss = 0.00000 train_time = 0.13
INFO:  ----------
INFO:  late_risk Accuracy: 81.13% val_time = 0.01
INFO:  day_for_shipping Accuracy: 56.93% val_time = 0.01
INFO:  on_time Accuracy: 80.81% val_time = 0.01
INFO:  --------------------------------------------------
INFO:  TRAIN:epoch = 85/6000 classification_loss = 0.00000 train_time = 0.13
INFO:  ----------
INFO:  late_risk Accuracy: 93.33% val_time = 0.01
INFO:  day_for_shipping Accuracy: 80.52% val_time = 0.01
INFO:  on_time Accuracy: 93.33% val_time = 0.01
INFO:  ----------
INFO:  best_overall_accuracy: 89.06% 
INFO:  --------------------------------------------------
INFO:  TRAIN:epoch = 86/6000 classification_loss = 0.00000 train_time = 0.23
INFO:  ----------
INFO:  late_risk Accuracy: 79.45% val_time = 0.01
INFO:  day_for_shipping Accuracy: 58.04% val_time = 0.01
INFO:  on_time Accuracy: 79.35% val_time = 0.01
INFO:  --------------------------------------------------
INFO:  TRAIN:epoch = 87/6000 classification_loss = 0.00000 train_time = 0.13
INFO:  ----------
INFO:  late_risk Accuracy: 78.22% val_time = 0.01
INFO:  day_for_shipping Accuracy: 56.37% val_time = 0.01
INFO:  on_time Accuracy: 78.12% val_time = 0.01
INFO:  --------------------------------------------------
INFO:  TRAIN:epoch = 88/6000 classification_loss = 0.00000 train_time = 0.13
INFO:  ----------
INFO:  late_risk Accuracy: 71.53% val_time = 0.01
INFO:  day_for_shipping Accuracy: 52.93% val_time = 0.01
INFO:  on_time Accuracy: 71.90% val_time = 0.01
INFO:  --------------------------------------------------
INFO:  TRAIN:epoch = 89/6000 classification_loss = 0.00000 train_time = 0.13
INFO:  ----------
INFO:  late_risk Accuracy: 93.31% val_time = 0.01
INFO:  day_for_shipping Accuracy: 84.29% val_time = 0.01
INFO:  on_time Accuracy: 93.43% val_time = 0.01
INFO:  ----------
INFO:  best_overall_accuracy: 90.34% 
INFO:  --------------------------------------------------
INFO:  TRAIN:epoch = 90/6000 classification_loss = 0.00000 train_time = 0.13
INFO:  ----------
INFO:  late_risk Accuracy: 89.24% val_time = 0.01
INFO:  day_for_shipping Accuracy: 76.43% val_time = 0.01
INFO:  on_time Accuracy: 89.22% val_time = 0.01
INFO:  --------------------------------------------------
INFO:  TRAIN:epoch = 91/6000 classification_loss = 0.00000 train_time = 0.13
INFO:  ----------
INFO:  late_risk Accuracy: 73.58% val_time = 0.01
INFO:  day_for_shipping Accuracy: 48.57% val_time = 0.01
INFO:  on_time Accuracy: 73.50% val_time = 0.01
INFO:  --------------------------------------------------
INFO:  TRAIN:epoch = 92/6000 classification_loss = 0.00000 train_time = 0.13
INFO:  ----------
INFO:  late_risk Accuracy: 79.53% val_time = 0.01
INFO:  day_for_shipping Accuracy: 61.86% val_time = 0.01
INFO:  on_time Accuracy: 79.88% val_time = 0.01
INFO:  --------------------------------------------------
INFO:  TRAIN:epoch = 93/6000 classification_loss = 0.00000 train_time = 0.13
INFO:  ----------
INFO:  late_risk Accuracy: 67.81% val_time = 0.01
INFO:  day_for_shipping Accuracy: 37.61% val_time = 0.01
INFO:  on_time Accuracy: 66.87% val_time = 0.01
INFO:  --------------------------------------------------
INFO:  TRAIN:epoch = 94/6000 classification_loss = 0.00000 train_time = 0.23
INFO:  ----------
INFO:  late_risk Accuracy: 89.18% val_time = 0.01
INFO:  day_for_shipping Accuracy: 74.54% val_time = 0.01
INFO:  on_time Accuracy: 89.69% val_time = 0.01
INFO:  --------------------------------------------------
INFO:  TRAIN:epoch = 95/6000 classification_loss = 0.00000 train_time = 0.13
INFO:  ----------
INFO:  late_risk Accuracy: 78.83% val_time = 0.01
INFO:  day_for_shipping Accuracy: 56.81% val_time = 0.01
INFO:  on_time Accuracy: 78.79% val_time = 0.01
INFO:  --------------------------------------------------
INFO:  TRAIN:epoch = 96/6000 classification_loss = 0.00000 train_time = 0.13
INFO:  ----------
INFO:  late_risk Accuracy: 89.12% val_time = 0.01
INFO:  day_for_shipping Accuracy: 75.65% val_time = 0.01
INFO:  on_time Accuracy: 89.08% val_time = 0.01
INFO:  --------------------------------------------------
INFO:  TRAIN:epoch = 97/6000 classification_loss = 0.00000 train_time = 0.13
INFO:  ----------
INFO:  late_risk Accuracy: 76.08% val_time = 0.01
INFO:  day_for_shipping Accuracy: 50.24% val_time = 0.01
INFO:  on_time Accuracy: 75.86% val_time = 0.01
INFO:  --------------------------------------------------
INFO:  TRAIN:epoch = 98/6000 classification_loss = 0.00000 train_time = 0.13
INFO:  ----------
INFO:  late_risk Accuracy: 74.89% val_time = 0.01
INFO:  day_for_shipping Accuracy: 49.05% val_time = 0.01
INFO:  on_time Accuracy: 74.61% val_time = 0.01
INFO:  --------------------------------------------------
INFO:  TRAIN:epoch = 99/6000 classification_loss = 0.00000 train_time = 0.13
INFO:  ----------
INFO:  late_risk Accuracy: 89.00% val_time = 0.01
INFO:  day_for_shipping Accuracy: 74.42% val_time = 0.01
INFO:  on_time Accuracy: 89.30% val_time = 0.01
INFO:  --------------------------------------------------
INFO:  TRAIN:epoch = 100/6000 classification_loss = 0.00000 train_time = 0.13
INFO:  ----------
INFO:  late_risk Accuracy: 77.54% val_time = 0.01
INFO:  day_for_shipping Accuracy: 53.03% val_time = 0.01
INFO:  on_time Accuracy: 77.64% val_time = 0.01
INFO:  --------------------------------------------------
INFO:  TRAIN:epoch = 101/6000 classification_loss = 0.00000 train_time = 0.13
INFO:  ----------
INFO:  late_risk Accuracy: 76.86% val_time = 0.01
INFO:  day_for_shipping Accuracy: 52.33% val_time = 0.01
INFO:  on_time Accuracy: 76.45% val_time = 0.01
INFO:  --------------------------------------------------
INFO:  TRAIN:epoch = 102/6000 classification_loss = 0.00000 train_time = 0.23
INFO:  ----------
INFO:  late_risk Accuracy: 89.76% val_time = 0.01
INFO:  day_for_shipping Accuracy: 78.10% val_time = 0.01
INFO:  on_time Accuracy: 89.94% val_time = 0.01
INFO:  --------------------------------------------------
INFO:  TRAIN:epoch = 103/6000 classification_loss = 0.00000 train_time = 0.13
INFO:  ----------
INFO:  late_risk Accuracy: 94.54% val_time = 0.01
INFO:  day_for_shipping Accuracy: 86.25% val_time = 0.01
INFO:  on_time Accuracy: 94.56% val_time = 0.01
INFO:  ----------
INFO:  best_overall_accuracy: 91.79% 
INFO:  --------------------------------------------------
INFO:  TRAIN:epoch = 104/6000 classification_loss = 0.00000 train_time = 0.13
INFO:  ----------
INFO:  late_risk Accuracy: 89.96% val_time = 0.01
INFO:  day_for_shipping Accuracy: 78.26% val_time = 0.01
INFO:  on_time Accuracy: 90.25% val_time = 0.01
INFO:  --------------------------------------------------
INFO:  TRAIN:epoch = 105/6000 classification_loss = 0.00000 train_time = 0.13
INFO:  ----------
INFO:  late_risk Accuracy: 93.25% val_time = 0.01
INFO:  day_for_shipping Accuracy: 84.05% val_time = 0.01
INFO:  on_time Accuracy: 93.70% val_time = 0.01
INFO:  --------------------------------------------------
INFO:  TRAIN:epoch = 106/6000 classification_loss = 0.00000 train_time = 0.13
INFO:  ----------
INFO:  late_risk Accuracy: 89.49% val_time = 0.01
INFO:  day_for_shipping Accuracy: 76.41% val_time = 0.01
INFO:  on_time Accuracy: 89.90% val_time = 0.01
INFO:  --------------------------------------------------
INFO:  TRAIN:epoch = 107/6000 classification_loss = 0.00000 train_time = 0.13
INFO:  ----------
INFO:  late_risk Accuracy: 93.98% val_time = 0.01
INFO:  day_for_shipping Accuracy: 84.03% val_time = 0.01
INFO:  on_time Accuracy: 93.92% val_time = 0.01
INFO:  --------------------------------------------------
INFO:  TRAIN:epoch = 108/6000 classification_loss = 0.00000 train_time = 0.13
INFO:  ----------
INFO:  late_risk Accuracy: 72.86% val_time = 0.01
INFO:  day_for_shipping Accuracy: 43.32% val_time = 0.01
INFO:  on_time Accuracy: 72.98% val_time = 0.01
INFO:  --------------------------------------------------
INFO:  TRAIN:epoch = 109/6000 classification_loss = 0.00000 train_time = 0.13
INFO:  ----------
INFO:  late_risk Accuracy: 88.65% val_time = 0.01
INFO:  day_for_shipping Accuracy: 76.72% val_time = 0.01
INFO:  on_time Accuracy: 88.63% val_time = 0.01
INFO:  --------------------------------------------------
INFO:  TRAIN:epoch = 110/6000 classification_loss = 0.00000 train_time = 0.13
INFO:  ----------
INFO:  late_risk Accuracy: 73.62% val_time = 0.01
INFO:  day_for_shipping Accuracy: 49.02% val_time = 0.01
INFO:  on_time Accuracy: 73.80% val_time = 0.01
INFO:  --------------------------------------------------
INFO:  TRAIN:epoch = 111/6000 classification_loss = 0.00000 train_time = 0.23
INFO:  ----------
INFO:  late_risk Accuracy: 92.10% val_time = 0.01
INFO:  day_for_shipping Accuracy: 73.99% val_time = 0.01
INFO:  on_time Accuracy: 91.73% val_time = 0.01
INFO:  --------------------------------------------------
INFO:  TRAIN:epoch = 112/6000 classification_loss = 0.00000 train_time = 0.13
INFO:  ----------
INFO:  late_risk Accuracy: 94.99% val_time = 0.01
INFO:  day_for_shipping Accuracy: 87.11% val_time = 0.01
INFO:  on_time Accuracy: 95.22% val_time = 0.01
INFO:  ----------
INFO:  best_overall_accuracy: 92.44% 
INFO:  --------------------------------------------------
INFO:  TRAIN:epoch = 113/6000 classification_loss = 0.00000 train_time = 0.13
INFO:  ----------
INFO:  late_risk Accuracy: 94.35% val_time = 0.01
INFO:  day_for_shipping Accuracy: 84.99% val_time = 0.01
INFO:  on_time Accuracy: 94.52% val_time = 0.01
INFO:  --------------------------------------------------
INFO:  TRAIN:epoch = 114/6000 classification_loss = 0.00000 train_time = 0.13
INFO:  ----------
INFO:  late_risk Accuracy: 94.01% val_time = 0.01
INFO:  day_for_shipping Accuracy: 85.49% val_time = 0.01
INFO:  on_time Accuracy: 94.35% val_time = 0.01
INFO:  --------------------------------------------------
INFO:  TRAIN:epoch = 115/6000 classification_loss = 0.00000 train_time = 0.13
INFO:  ----------
INFO:  late_risk Accuracy: 73.62% val_time = 0.01
INFO:  day_for_shipping Accuracy: 50.05% val_time = 0.01
INFO:  on_time Accuracy: 73.70% val_time = 0.01
INFO:  --------------------------------------------------
INFO:  TRAIN:epoch = 116/6000 classification_loss = 0.00000 train_time = 0.13
INFO:  ----------
INFO:  late_risk Accuracy: 89.61% val_time = 0.01
INFO:  day_for_shipping Accuracy: 77.77% val_time = 0.01
INFO:  on_time Accuracy: 89.76% val_time = 0.01
INFO:  --------------------------------------------------
INFO:  TRAIN:epoch = 117/6000 classification_loss = 0.00000 train_time = 0.13
INFO:  ----------
INFO:  late_risk Accuracy: 91.03% val_time = 0.01
INFO:  day_for_shipping Accuracy: 81.50% val_time = 0.01
INFO:  on_time Accuracy: 91.21% val_time = 0.01
INFO:  --------------------------------------------------
INFO:  TRAIN:epoch = 118/6000 classification_loss = 0.00000 train_time = 0.13
INFO:  ----------
INFO:  late_risk Accuracy: 67.62% val_time = 0.01
INFO:  day_for_shipping Accuracy: 42.07% val_time = 0.01
INFO:  on_time Accuracy: 68.04% val_time = 0.01
INFO:  --------------------------------------------------
INFO:  TRAIN:epoch = 119/6000 classification_loss = 0.00000 train_time = 0.23
INFO:  ----------
INFO:  late_risk Accuracy: 76.51% val_time = 0.01
INFO:  day_for_shipping Accuracy: 52.31% val_time = 0.01
INFO:  on_time Accuracy: 76.70% val_time = 0.01
INFO:  --------------------------------------------------
INFO:  TRAIN:epoch = 120/6000 classification_loss = 0.00000 train_time = 0.13
INFO:  ----------
INFO:  late_risk Accuracy: 87.97% val_time = 0.01
INFO:  day_for_shipping Accuracy: 73.99% val_time = 0.01
INFO:  on_time Accuracy: 88.56% val_time = 0.01
INFO:  --------------------------------------------------
INFO:  TRAIN:epoch = 121/6000 classification_loss = 0.00000 train_time = 0.13
INFO:  ----------
INFO:  late_risk Accuracy: 92.75% val_time = 0.01
INFO:  day_for_shipping Accuracy: 82.24% val_time = 0.01
INFO:  on_time Accuracy: 92.71% val_time = 0.01
INFO:  --------------------------------------------------
INFO:  TRAIN:epoch = 122/6000 classification_loss = 0.00000 train_time = 0.13
INFO:  ----------
INFO:  late_risk Accuracy: 80.58% val_time = 0.01
INFO:  day_for_shipping Accuracy: 56.99% val_time = 0.01
INFO:  on_time Accuracy: 79.70% val_time = 0.01
INFO:  --------------------------------------------------
INFO:  TRAIN:epoch = 123/6000 classification_loss = 0.00000 train_time = 0.13
INFO:  ----------
INFO:  late_risk Accuracy: 93.72% val_time = 0.01
INFO:  day_for_shipping Accuracy: 82.43% val_time = 0.01
INFO:  on_time Accuracy: 94.11% val_time = 0.01
INFO:  --------------------------------------------------
INFO:  TRAIN:epoch = 124/6000 classification_loss = 0.00000 train_time = 0.13
INFO:  ----------
INFO:  late_risk Accuracy: 90.86% val_time = 0.01
INFO:  day_for_shipping Accuracy: 78.34% val_time = 0.01
INFO:  on_time Accuracy: 90.89% val_time = 0.01
INFO:  --------------------------------------------------
INFO:  TRAIN:epoch = 125/6000 classification_loss = 0.00000 train_time = 0.14
INFO:  ----------
INFO:  late_risk Accuracy: 81.15% val_time = 0.01
INFO:  day_for_shipping Accuracy: 59.11% val_time = 0.01
INFO:  on_time Accuracy: 80.93% val_time = 0.01
INFO:  --------------------------------------------------
INFO:  TRAIN:epoch = 126/6000 classification_loss = 0.00000 train_time = 0.13
INFO:  ----------
INFO:  late_risk Accuracy: 76.70% val_time = 0.01
INFO:  day_for_shipping Accuracy: 54.34% val_time = 0.01
INFO:  on_time Accuracy: 76.58% val_time = 0.01
INFO:  --------------------------------------------------
INFO:  TRAIN:epoch = 127/6000 classification_loss = 0.00000 train_time = 0.13
INFO:  ----------
INFO:  late_risk Accuracy: 95.05% val_time = 0.01
INFO:  day_for_shipping Accuracy: 87.27% val_time = 0.01
INFO:  on_time Accuracy: 95.20% val_time = 0.01
INFO:  ----------
INFO:  best_overall_accuracy: 92.51% 
INFO:  --------------------------------------------------
INFO:  TRAIN:epoch = 128/6000 classification_loss = 0.00000 train_time = 0.23
INFO:  ----------
INFO:  late_risk Accuracy: 79.29% val_time = 0.01
INFO:  day_for_shipping Accuracy: 59.33% val_time = 0.01
INFO:  on_time Accuracy: 79.27% val_time = 0.01
INFO:  --------------------------------------------------
INFO:  TRAIN:epoch = 129/6000 classification_loss = 0.00000 train_time = 0.13
INFO:  ----------
INFO:  late_risk Accuracy: 86.59% val_time = 0.01
INFO:  day_for_shipping Accuracy: 73.13% val_time = 0.01
INFO:  on_time Accuracy: 86.29% val_time = 0.01
INFO:  --------------------------------------------------
INFO:  TRAIN:epoch = 130/6000 classification_loss = 0.00000 train_time = 0.13
INFO:  ----------
INFO:  late_risk Accuracy: 92.96% val_time = 0.01
INFO:  day_for_shipping Accuracy: 82.92% val_time = 0.01
INFO:  on_time Accuracy: 92.86% val_time = 0.01
INFO:  --------------------------------------------------
INFO:  TRAIN:epoch = 131/6000 classification_loss = 0.00000 train_time = 0.13
INFO:  ----------
INFO:  late_risk Accuracy: 94.60% val_time = 0.01
INFO:  day_for_shipping Accuracy: 86.94% val_time = 0.01
INFO:  on_time Accuracy: 94.89% val_time = 0.01
INFO:  --------------------------------------------------
INFO:  TRAIN:epoch = 132/6000 classification_loss = 0.00000 train_time = 0.13
INFO:  ----------
INFO:  late_risk Accuracy: 94.58% val_time = 0.01
INFO:  day_for_shipping Accuracy: 85.98% val_time = 0.01
INFO:  on_time Accuracy: 94.72% val_time = 0.01
INFO:  --------------------------------------------------
INFO:  TRAIN:epoch = 133/6000 classification_loss = 0.00000 train_time = 0.13
INFO:  ----------
INFO:  late_risk Accuracy: 93.92% val_time = 0.01
INFO:  day_for_shipping Accuracy: 85.90% val_time = 0.01
INFO:  on_time Accuracy: 93.90% val_time = 0.01
INFO:  --------------------------------------------------
INFO:  TRAIN:epoch = 134/6000 classification_loss = 0.00000 train_time = 0.13
INFO:  ----------
INFO:  late_risk Accuracy: 91.46% val_time = 0.01
INFO:  day_for_shipping Accuracy: 81.46% val_time = 0.01
INFO:  on_time Accuracy: 91.52% val_time = 0.01
INFO:  --------------------------------------------------
INFO:  TRAIN:epoch = 135/6000 classification_loss = 0.00000 train_time = 0.13
INFO:  ----------
INFO:  late_risk Accuracy: 94.95% val_time = 0.01
INFO:  day_for_shipping Accuracy: 85.85% val_time = 0.01
INFO:  on_time Accuracy: 95.09% val_time = 0.01
INFO:  --------------------------------------------------
INFO:  TRAIN:epoch = 136/6000 classification_loss = 0.00000 train_time = 0.22
INFO:  ----------
INFO:  late_risk Accuracy: 82.28% val_time = 0.01
INFO:  day_for_shipping Accuracy: 64.46% val_time = 0.01
INFO:  on_time Accuracy: 82.51% val_time = 0.01
INFO:  --------------------------------------------------
INFO:  TRAIN:epoch = 137/6000 classification_loss = 0.00000 train_time = 0.13
INFO:  ----------
INFO:  late_risk Accuracy: 90.02% val_time = 0.01
INFO:  day_for_shipping Accuracy: 74.40% val_time = 0.01
INFO:  on_time Accuracy: 90.23% val_time = 0.01
INFO:  --------------------------------------------------
INFO:  TRAIN:epoch = 138/6000 classification_loss = 0.00000 train_time = 0.13
INFO:  ----------
INFO:  late_risk Accuracy: 94.13% val_time = 0.01
INFO:  day_for_shipping Accuracy: 85.32% val_time = 0.01
INFO:  on_time Accuracy: 94.21% val_time = 0.01
INFO:  --------------------------------------------------
INFO:  TRAIN:epoch = 139/6000 classification_loss = 0.00000 train_time = 0.13
INFO:  ----------
INFO:  late_risk Accuracy: 83.70% val_time = 0.01
INFO:  day_for_shipping Accuracy: 64.32% val_time = 0.01
INFO:  on_time Accuracy: 83.80% val_time = 0.01
INFO:  --------------------------------------------------
INFO:  TRAIN:epoch = 140/6000 classification_loss = 0.00000 train_time = 0.13
INFO:  ----------
INFO:  late_risk Accuracy: 86.68% val_time = 0.01
INFO:  day_for_shipping Accuracy: 71.44% val_time = 0.01
INFO:  on_time Accuracy: 86.64% val_time = 0.01
INFO:  --------------------------------------------------
INFO:  TRAIN:epoch = 141/6000 classification_loss = 0.00000 train_time = 0.13
INFO:  ----------
INFO:  late_risk Accuracy: 84.42% val_time = 0.01
INFO:  day_for_shipping Accuracy: 59.31% val_time = 0.01
INFO:  on_time Accuracy: 83.99% val_time = 0.01
INFO:  --------------------------------------------------
INFO:  TRAIN:epoch = 142/6000 classification_loss = 0.00000 train_time = 0.13
INFO:  ----------
INFO:  late_risk Accuracy: 80.62% val_time = 0.01
INFO:  day_for_shipping Accuracy: 62.31% val_time = 0.01
INFO:  on_time Accuracy: 79.94% val_time = 0.01
INFO:  --------------------------------------------------
INFO:  TRAIN:epoch = 143/6000 classification_loss = 0.00000 train_time = 0.13
INFO:  ----------
INFO:  late_risk Accuracy: 94.68% val_time = 0.01
INFO:  day_for_shipping Accuracy: 86.57% val_time = 0.01
INFO:  on_time Accuracy: 94.66% val_time = 0.01
INFO:  --------------------------------------------------
INFO:  TRAIN:epoch = 144/6000 classification_loss = 0.00000 train_time = 0.22
INFO:  ----------
INFO:  late_risk Accuracy: 94.70% val_time = 0.01
INFO:  day_for_shipping Accuracy: 84.81% val_time = 0.01
INFO:  on_time Accuracy: 94.44% val_time = 0.01
INFO:  --------------------------------------------------
INFO:  TRAIN:epoch = 145/6000 classification_loss = 0.00000 train_time = 0.13
INFO:  ----------
INFO:  late_risk Accuracy: 89.96% val_time = 0.01
INFO:  day_for_shipping Accuracy: 79.45% val_time = 0.01
INFO:  on_time Accuracy: 89.98% val_time = 0.01
INFO:  --------------------------------------------------
INFO:  TRAIN:epoch = 146/6000 classification_loss = 0.00000 train_time = 0.13
INFO:  ----------
INFO:  late_risk Accuracy: 94.62% val_time = 0.01
INFO:  day_for_shipping Accuracy: 86.55% val_time = 0.01
INFO:  on_time Accuracy: 94.58% val_time = 0.01
INFO:  --------------------------------------------------
INFO:  TRAIN:epoch = 147/6000 classification_loss = 0.00000 train_time = 0.13
INFO:  ----------
INFO:  late_risk Accuracy: 81.54% val_time = 0.01
INFO:  day_for_shipping Accuracy: 61.32% val_time = 0.01
INFO:  on_time Accuracy: 81.73% val_time = 0.01
INFO:  --------------------------------------------------
INFO:  TRAIN:epoch = 148/6000 classification_loss = 0.00000 train_time = 0.13
INFO:  ----------
INFO:  late_risk Accuracy: 75.10% val_time = 0.01
INFO:  day_for_shipping Accuracy: 48.92% val_time = 0.01
INFO:  on_time Accuracy: 75.16% val_time = 0.01
INFO:  --------------------------------------------------
INFO:  TRAIN:epoch = 149/6000 classification_loss = 0.00000 train_time = 0.13
INFO:  ----------
INFO:  late_risk Accuracy: 94.56% val_time = 0.01
INFO:  day_for_shipping Accuracy: 85.77% val_time = 0.01
INFO:  on_time Accuracy: 94.79% val_time = 0.01
INFO:  --------------------------------------------------
INFO:  TRAIN:epoch = 150/6000 classification_loss = 0.00000 train_time = 0.14
INFO:  ----------
INFO:  late_risk Accuracy: 95.05% val_time = 0.01
INFO:  day_for_shipping Accuracy: 87.83% val_time = 0.01
INFO:  on_time Accuracy: 95.24% val_time = 0.01
INFO:  ----------
INFO:  best_overall_accuracy: 92.71% 
INFO:  --------------------------------------------------
INFO:  TRAIN:epoch = 151/6000 classification_loss = 0.00000 train_time = 0.13
INFO:  ----------
INFO:  late_risk Accuracy: 79.26% val_time = 0.01
INFO:  day_for_shipping Accuracy: 57.65% val_time = 0.01
INFO:  on_time Accuracy: 79.24% val_time = 0.01
INFO:  --------------------------------------------------
INFO:  TRAIN:epoch = 152/6000 classification_loss = 0.00000 train_time = 0.13
INFO:  ----------
INFO:  late_risk Accuracy: 95.13% val_time = 0.01
INFO:  day_for_shipping Accuracy: 86.27% val_time = 0.01
INFO:  on_time Accuracy: 95.24% val_time = 0.01
INFO:  --------------------------------------------------
INFO:  TRAIN:epoch = 153/6000 classification_loss = 0.00000 train_time = 0.23
INFO:  ----------
INFO:  late_risk Accuracy: 71.05% val_time = 0.01
INFO:  day_for_shipping Accuracy: 46.60% val_time = 0.01
INFO:  on_time Accuracy: 70.91% val_time = 0.01
INFO:  --------------------------------------------------
INFO:  TRAIN:epoch = 154/6000 classification_loss = 0.00000 train_time = 0.13
INFO:  ----------
INFO:  late_risk Accuracy: 93.66% val_time = 0.01
INFO:  day_for_shipping Accuracy: 84.95% val_time = 0.01
INFO:  on_time Accuracy: 93.86% val_time = 0.01
INFO:  --------------------------------------------------
INFO:  TRAIN:epoch = 155/6000 classification_loss = 0.00000 train_time = 0.13
INFO:  ----------
INFO:  late_risk Accuracy: 89.94% val_time = 0.01
INFO:  day_for_shipping Accuracy: 76.47% val_time = 0.01
INFO:  on_time Accuracy: 89.88% val_time = 0.01
INFO:  --------------------------------------------------
INFO:  TRAIN:epoch = 156/6000 classification_loss = 0.00000 train_time = 0.13
INFO:  ----------
INFO:  late_risk Accuracy: 95.65% val_time = 0.01
INFO:  day_for_shipping Accuracy: 88.81% val_time = 0.01
INFO:  on_time Accuracy: 95.67% val_time = 0.01
INFO:  ----------
INFO:  best_overall_accuracy: 93.38% 
INFO:  --------------------------------------------------
INFO:  TRAIN:epoch = 157/6000 classification_loss = 0.00000 train_time = 0.13
INFO:  ----------
INFO:  late_risk Accuracy: 90.02% val_time = 0.01
INFO:  day_for_shipping Accuracy: 79.00% val_time = 0.01
INFO:  on_time Accuracy: 90.23% val_time = 0.01
INFO:  --------------------------------------------------
INFO:  TRAIN:epoch = 158/6000 classification_loss = 0.00000 train_time = 0.13
INFO:  ----------
INFO:  late_risk Accuracy: 92.08% val_time = 0.01
INFO:  day_for_shipping Accuracy: 81.65% val_time = 0.01
INFO:  on_time Accuracy: 91.89% val_time = 0.01
INFO:  --------------------------------------------------
INFO:  TRAIN:epoch = 159/6000 classification_loss = 0.00000 train_time = 0.13
INFO:  ----------
INFO:  late_risk Accuracy: 86.55% val_time = 0.01
INFO:  day_for_shipping Accuracy: 69.41% val_time = 0.01
INFO:  on_time Accuracy: 86.37% val_time = 0.01
INFO:  --------------------------------------------------
INFO:  TRAIN:epoch = 160/6000 classification_loss = 0.00000 train_time = 0.13
INFO:  ----------
INFO:  late_risk Accuracy: 86.20% val_time = 0.01
INFO:  day_for_shipping Accuracy: 75.94% val_time = 0.01
INFO:  on_time Accuracy: 86.18% val_time = 0.01
INFO:  --------------------------------------------------
INFO:  TRAIN:epoch = 161/6000 classification_loss = 0.00000 train_time = 0.22
INFO:  ----------
INFO:  late_risk Accuracy: 94.31% val_time = 0.01
INFO:  day_for_shipping Accuracy: 84.32% val_time = 0.01
INFO:  on_time Accuracy: 94.29% val_time = 0.01
INFO:  --------------------------------------------------
INFO:  TRAIN:epoch = 162/6000 classification_loss = 0.00000 train_time = 0.13
INFO:  ----------
INFO:  late_risk Accuracy: 93.57% val_time = 0.01
INFO:  day_for_shipping Accuracy: 85.83% val_time = 0.01
INFO:  on_time Accuracy: 93.60% val_time = 0.01
INFO:  --------------------------------------------------
INFO:  TRAIN:epoch = 163/6000 classification_loss = 0.00000 train_time = 0.13
INFO:  ----------
INFO:  late_risk Accuracy: 80.33% val_time = 0.01
INFO:  day_for_shipping Accuracy: 58.84% val_time = 0.01
INFO:  on_time Accuracy: 80.25% val_time = 0.01
INFO:  --------------------------------------------------
INFO:  TRAIN:epoch = 164/6000 classification_loss = 0.00000 train_time = 0.13
INFO:  ----------
INFO:  late_risk Accuracy: 79.33% val_time = 0.01
INFO:  day_for_shipping Accuracy: 61.53% val_time = 0.01
INFO:  on_time Accuracy: 79.41% val_time = 0.01
INFO:  --------------------------------------------------
INFO:  TRAIN:epoch = 165/6000 classification_loss = 0.00000 train_time = 0.13
INFO:  ----------
INFO:  late_risk Accuracy: 78.53% val_time = 0.01
INFO:  day_for_shipping Accuracy: 57.95% val_time = 0.01
INFO:  on_time Accuracy: 78.55% val_time = 0.01
INFO:  --------------------------------------------------
INFO:  TRAIN:epoch = 166/6000 classification_loss = 0.00000 train_time = 0.13
INFO:  ----------
INFO:  late_risk Accuracy: 87.85% val_time = 0.01
INFO:  day_for_shipping Accuracy: 69.64% val_time = 0.01
INFO:  on_time Accuracy: 87.76% val_time = 0.01
INFO:  --------------------------------------------------
INFO:  TRAIN:epoch = 167/6000 classification_loss = 0.00000 train_time = 0.13
INFO:  ----------
INFO:  late_risk Accuracy: 91.99% val_time = 0.01
INFO:  day_for_shipping Accuracy: 81.77% val_time = 0.01
INFO:  on_time Accuracy: 91.83% val_time = 0.01
INFO:  --------------------------------------------------
INFO:  TRAIN:epoch = 168/6000 classification_loss = 0.00000 train_time = 0.13
INFO:  ----------
INFO:  late_risk Accuracy: 73.66% val_time = 0.01
INFO:  day_for_shipping Accuracy: 48.64% val_time = 0.01
INFO:  on_time Accuracy: 73.62% val_time = 0.01
INFO:  --------------------------------------------------
INFO:  TRAIN:epoch = 169/6000 classification_loss = 0.00000 train_time = 0.22
INFO:  ----------
INFO:  late_risk Accuracy: 85.83% val_time = 0.01
INFO:  day_for_shipping Accuracy: 70.44% val_time = 0.01
INFO:  on_time Accuracy: 85.98% val_time = 0.01
INFO:  --------------------------------------------------
INFO:  TRAIN:epoch = 170/6000 classification_loss = 0.00000 train_time = 0.13
INFO:  ----------
INFO:  late_risk Accuracy: 76.00% val_time = 0.01
INFO:  day_for_shipping Accuracy: 54.65% val_time = 0.01
INFO:  on_time Accuracy: 76.10% val_time = 0.01
INFO:  --------------------------------------------------
INFO:  TRAIN:epoch = 171/6000 classification_loss = 0.00000 train_time = 0.13
INFO:  ----------
INFO:  late_risk Accuracy: 68.01% val_time = 0.01
INFO:  day_for_shipping Accuracy: 37.06% val_time = 0.01
INFO:  on_time Accuracy: 68.22% val_time = 0.01
INFO:  --------------------------------------------------
INFO:  TRAIN:epoch = 172/6000 classification_loss = 0.00000 train_time = 0.13
INFO:  ----------
INFO:  late_risk Accuracy: 77.23% val_time = 0.01
INFO:  day_for_shipping Accuracy: 51.39% val_time = 0.01
INFO:  on_time Accuracy: 77.01% val_time = 0.01
INFO:  --------------------------------------------------
INFO:  TRAIN:epoch = 173/6000 classification_loss = 0.00000 train_time = 0.13
INFO:  ----------
INFO:  late_risk Accuracy: 67.09% val_time = 0.01
INFO:  day_for_shipping Accuracy: 34.86% val_time = 0.01
INFO:  on_time Accuracy: 66.06% val_time = 0.01
INFO:  --------------------------------------------------
INFO:  TRAIN:epoch = 174/6000 classification_loss = 0.00000 train_time = 0.13
INFO:  ----------
INFO:  late_risk Accuracy: 82.73% val_time = 0.01
INFO:  day_for_shipping Accuracy: 65.98% val_time = 0.01
INFO:  on_time Accuracy: 82.92% val_time = 0.01
INFO:  --------------------------------------------------
INFO:  TRAIN:epoch = 175/6000 classification_loss = 0.00000 train_time = 0.13
INFO:  ----------
INFO:  late_risk Accuracy: 93.45% val_time = 0.01
INFO:  day_for_shipping Accuracy: 84.85% val_time = 0.01
INFO:  on_time Accuracy: 93.41% val_time = 0.01
INFO:  --------------------------------------------------
INFO:  TRAIN:epoch = 176/6000 classification_loss = 0.00000 train_time = 0.13
INFO:  ----------
INFO:  late_risk Accuracy: 91.81% val_time = 0.01
INFO:  day_for_shipping Accuracy: 82.34% val_time = 0.01
INFO:  on_time Accuracy: 92.01% val_time = 0.01
INFO:  --------------------------------------------------
INFO:  TRAIN:epoch = 177/6000 classification_loss = 0.00000 train_time = 0.13
INFO:  ----------
INFO:  late_risk Accuracy: 88.87% val_time = 0.01
INFO:  day_for_shipping Accuracy: 76.27% val_time = 0.01
INFO:  on_time Accuracy: 88.48% val_time = 0.01
INFO:  --------------------------------------------------
INFO:  TRAIN:epoch = 178/6000 classification_loss = 0.00000 train_time = 0.21
INFO:  ----------
INFO:  late_risk Accuracy: 73.33% val_time = 0.01
INFO:  day_for_shipping Accuracy: 52.10% val_time = 0.01
INFO:  on_time Accuracy: 73.46% val_time = 0.01
INFO:  --------------------------------------------------
INFO:  TRAIN:epoch = 179/6000 classification_loss = 0.00000 train_time = 0.13
INFO:  ----------
INFO:  late_risk Accuracy: 95.79% val_time = 0.01
INFO:  day_for_shipping Accuracy: 88.24% val_time = 0.01
INFO:  on_time Accuracy: 95.87% val_time = 0.01
INFO:  --------------------------------------------------
INFO:  TRAIN:epoch = 180/6000 classification_loss = 0.00000 train_time = 0.13
INFO:  ----------
INFO:  late_risk Accuracy: 85.20% val_time = 0.01
INFO:  day_for_shipping Accuracy: 70.50% val_time = 0.01
INFO:  on_time Accuracy: 85.24% val_time = 0.01
INFO:  --------------------------------------------------
INFO:  TRAIN:epoch = 181/6000 classification_loss = 0.00000 train_time = 0.13
INFO:  ----------
INFO:  late_risk Accuracy: 95.26% val_time = 0.01
INFO:  day_for_shipping Accuracy: 86.12% val_time = 0.01
INFO:  on_time Accuracy: 94.87% val_time = 0.01
INFO:  --------------------------------------------------
INFO:  TRAIN:epoch = 182/6000 classification_loss = 0.00000 train_time = 0.13
INFO:  ----------
INFO:  late_risk Accuracy: 77.95% val_time = 0.01
INFO:  day_for_shipping Accuracy: 51.28% val_time = 0.01
INFO:  on_time Accuracy: 78.05% val_time = 0.01
INFO:  --------------------------------------------------
INFO:  TRAIN:epoch = 183/6000 classification_loss = 0.00000 train_time = 0.13
INFO:  ----------
INFO:  late_risk Accuracy: 94.44% val_time = 0.01
INFO:  day_for_shipping Accuracy: 86.25% val_time = 0.01
INFO:  on_time Accuracy: 94.25% val_time = 0.01
INFO:  --------------------------------------------------
INFO:  TRAIN:epoch = 184/6000 classification_loss = 0.00000 train_time = 0.13
INFO:  ----------
INFO:  late_risk Accuracy: 73.56% val_time = 0.01
INFO:  day_for_shipping Accuracy: 46.93% val_time = 0.01
INFO:  on_time Accuracy: 73.54% val_time = 0.01
INFO:  --------------------------------------------------
INFO:  TRAIN:epoch = 185/6000 classification_loss = 0.00000 train_time = 0.13
INFO:  ----------
INFO:  late_risk Accuracy: 95.52% val_time = 0.01
INFO:  day_for_shipping Accuracy: 88.98% val_time = 0.01
INFO:  on_time Accuracy: 95.24% val_time = 0.01
INFO:  --------------------------------------------------
INFO:  TRAIN:epoch = 186/6000 classification_loss = 0.00000 train_time = 0.22
INFO:  ----------
INFO:  late_risk Accuracy: 73.66% val_time = 0.01
INFO:  day_for_shipping Accuracy: 46.87% val_time = 0.01
INFO:  on_time Accuracy: 73.39% val_time = 0.01
INFO:  --------------------------------------------------
INFO:  TRAIN:epoch = 187/6000 classification_loss = 0.00000 train_time = 0.13
INFO:  ----------
INFO:  late_risk Accuracy: 80.15% val_time = 0.01
INFO:  day_for_shipping Accuracy: 57.87% val_time = 0.01
INFO:  on_time Accuracy: 80.13% val_time = 0.01
INFO:  --------------------------------------------------
INFO:  TRAIN:epoch = 188/6000 classification_loss = 0.00000 train_time = 0.13
INFO:  ----------
INFO:  late_risk Accuracy: 84.58% val_time = 0.01
INFO:  day_for_shipping Accuracy: 71.79% val_time = 0.01
INFO:  on_time Accuracy: 84.68% val_time = 0.01
INFO:  --------------------------------------------------
INFO:  TRAIN:epoch = 189/6000 classification_loss = 0.00000 train_time = 0.13
INFO:  ----------
INFO:  late_risk Accuracy: 94.83% val_time = 0.01
INFO:  day_for_shipping Accuracy: 87.85% val_time = 0.01
INFO:  on_time Accuracy: 94.93% val_time = 0.01
INFO:  --------------------------------------------------
INFO:  TRAIN:epoch = 190/6000 classification_loss = 0.00000 train_time = 0.13
INFO:  ----------
INFO:  late_risk Accuracy: 82.90% val_time = 0.01
INFO:  day_for_shipping Accuracy: 65.98% val_time = 0.01
INFO:  on_time Accuracy: 82.75% val_time = 0.01
INFO:  --------------------------------------------------
INFO:  TRAIN:epoch = 191/6000 classification_loss = 0.00000 train_time = 0.13
INFO:  ----------
INFO:  late_risk Accuracy: 94.74% val_time = 0.01
INFO:  day_for_shipping Accuracy: 87.97% val_time = 0.01
INFO:  on_time Accuracy: 95.05% val_time = 0.01
INFO:  --------------------------------------------------
INFO:  TRAIN:epoch = 192/6000 classification_loss = 0.00000 train_time = 0.13
INFO:  ----------
INFO:  late_risk Accuracy: 93.74% val_time = 0.01
INFO:  day_for_shipping Accuracy: 85.26% val_time = 0.01
INFO:  on_time Accuracy: 93.74% val_time = 0.01
INFO:  --------------------------------------------------
INFO:  TRAIN:epoch = 193/6000 classification_loss = 0.00000 train_time = 0.13
INFO:  ----------
INFO:  late_risk Accuracy: 84.09% val_time = 0.01
INFO:  day_for_shipping Accuracy: 65.41% val_time = 0.01
INFO:  on_time Accuracy: 84.15% val_time = 0.01
INFO:  --------------------------------------------------
INFO:  TRAIN:epoch = 194/6000 classification_loss = 0.00000 train_time = 0.13
INFO:  ----------
INFO:  late_risk Accuracy: 95.22% val_time = 0.01
INFO:  day_for_shipping Accuracy: 89.08% val_time = 0.01
INFO:  on_time Accuracy: 95.15% val_time = 0.01
INFO:  --------------------------------------------------
INFO:  TRAIN:epoch = 195/6000 classification_loss = 0.00000 train_time = 0.22
INFO:  ----------
INFO:  late_risk Accuracy: 78.48% val_time = 0.01
INFO:  day_for_shipping Accuracy: 58.53% val_time = 0.01
INFO:  on_time Accuracy: 78.81% val_time = 0.01
INFO:  --------------------------------------------------
INFO:  TRAIN:epoch = 196/6000 classification_loss = 0.00000 train_time = 0.13
INFO:  ----------
INFO:  late_risk Accuracy: 91.38% val_time = 0.01
INFO:  day_for_shipping Accuracy: 80.60% val_time = 0.01
INFO:  on_time Accuracy: 91.28% val_time = 0.01
INFO:  --------------------------------------------------
INFO:  TRAIN:epoch = 197/6000 classification_loss = 0.00000 train_time = 0.13
INFO:  ----------
INFO:  late_risk Accuracy: 86.70% val_time = 0.01
INFO:  day_for_shipping Accuracy: 74.75% val_time = 0.01
INFO:  on_time Accuracy: 86.76% val_time = 0.01
INFO:  --------------------------------------------------
INFO:  TRAIN:epoch = 198/6000 classification_loss = 0.00000 train_time = 0.13
INFO:  ----------
INFO:  late_risk Accuracy: 82.20% val_time = 0.01
INFO:  day_for_shipping Accuracy: 60.05% val_time = 0.01
INFO:  on_time Accuracy: 81.91% val_time = 0.01
INFO:  --------------------------------------------------
INFO:  TRAIN:epoch = 199/6000 classification_loss = 0.00000 train_time = 0.13
INFO:  ----------
INFO:  late_risk Accuracy: 94.79% val_time = 0.01
INFO:  day_for_shipping Accuracy: 87.85% val_time = 0.01
INFO:  on_time Accuracy: 94.77% val_time = 0.01
INFO:  --------------------------------------------------
INFO:  TRAIN:epoch = 200/6000 classification_loss = 0.00000 train_time = 0.13
INFO:  ----------
INFO:  late_risk Accuracy: 77.19% val_time = 0.01
INFO:  day_for_shipping Accuracy: 56.93% val_time = 0.01
INFO:  on_time Accuracy: 77.79% val_time = 0.01
INFO:  --------------------------------------------------
INFO:  TRAIN:epoch = 201/6000 classification_loss = 0.00000 train_time = 0.13
INFO:  ----------
INFO:  late_risk Accuracy: 89.43% val_time = 0.01
INFO:  day_for_shipping Accuracy: 76.76% val_time = 0.01
INFO:  on_time Accuracy: 89.39% val_time = 0.01
INFO:  --------------------------------------------------
INFO:  TRAIN:epoch = 202/6000 classification_loss = 0.00000 train_time = 0.13
INFO:  ----------
INFO:  late_risk Accuracy: 74.44% val_time = 0.01
INFO:  day_for_shipping Accuracy: 50.03% val_time = 0.01
INFO:  on_time Accuracy: 72.39% val_time = 0.01
INFO:  --------------------------------------------------
INFO:  TRAIN:epoch = 203/6000 classification_loss = 0.00000 train_time = 0.23
INFO:  ----------
INFO:  late_risk Accuracy: 91.32% val_time = 0.01
INFO:  day_for_shipping Accuracy: 79.63% val_time = 0.01
INFO:  on_time Accuracy: 91.28% val_time = 0.01
INFO:  --------------------------------------------------
INFO:  TRAIN:epoch = 204/6000 classification_loss = 0.00000 train_time = 0.13
INFO:  ----------
INFO:  late_risk Accuracy: 75.14% val_time = 0.01
INFO:  day_for_shipping Accuracy: 51.37% val_time = 0.01
INFO:  on_time Accuracy: 74.93% val_time = 0.01
INFO:  --------------------------------------------------
INFO:  TRAIN:epoch = 205/6000 classification_loss = 0.00000 train_time = 0.13
INFO:  ----------
INFO:  late_risk Accuracy: 90.25% val_time = 0.01
INFO:  day_for_shipping Accuracy: 76.33% val_time = 0.01
INFO:  on_time Accuracy: 90.25% val_time = 0.01
INFO:  --------------------------------------------------
INFO:  TRAIN:epoch = 206/6000 classification_loss = 0.00000 train_time = 0.13
INFO:  ----------
INFO:  late_risk Accuracy: 91.23% val_time = 0.01
INFO:  day_for_shipping Accuracy: 79.84% val_time = 0.01
INFO:  on_time Accuracy: 91.07% val_time = 0.01
INFO:  --------------------------------------------------
INFO:  TRAIN:epoch = 207/6000 classification_loss = 0.00000 train_time = 0.13
INFO:  ----------
INFO:  late_risk Accuracy: 95.01% val_time = 0.01
INFO:  day_for_shipping Accuracy: 87.95% val_time = 0.01
INFO:  on_time Accuracy: 94.87% val_time = 0.01
INFO:  simulator training stage cost time: 37.44662046432495
INFO:  best_acc1 0.9565217391304348
INFO:  best_acc2 0.8880873464612985
INFO:  best_acc3 0.956716708910119
INFO:  best_overall_accuracy 0.9337752648339507
[1;34mwandb[0m: 
[1;34mwandb[0m: 🚀 View run [33mrich-snow-92[0m at: [34m[0m
[1;34mwandb[0m: Find logs at: [1;35mwandb/run-20251104_221438-t09801sf/logs[0m
