INFO:  --------------------------------Een Init----------------------------------
INFO:  Code will run in cuda:0
INFO:  --------------------------------Dataset Init------------------------------
INFO:  --------------------------------Model Init--------------------------------
INFO:  --------------------------------Session Init------------------------------
INFO:  ------------------------------------ Main --------------------------------
INFO:  --------------------------------------------------
INFO:  TRAIN:epoch = 0/6000 classification_loss = 0.00000 train_time = 0.82
INFO:  ----------
INFO:  late_risk Accuracy: 64.57% val_time = 0.03
INFO:  day_for_shipping Accuracy: 43.28% val_time = 0.03
INFO:  on_time Accuracy: 64.57% val_time = 0.03
INFO:  ----------
INFO:  best_overall_accuracy: 57.48% 
INFO:  --------------------------------------------------
INFO:  TRAIN:epoch = 1/6000 classification_loss = 0.00000 train_time = 0.32
INFO:  ----------
INFO:  late_risk Accuracy: 67.69% val_time = 0.04
INFO:  day_for_shipping Accuracy: 44.82% val_time = 0.04
INFO:  on_time Accuracy: 71.30% val_time = 0.04
INFO:  ----------
INFO:  best_overall_accuracy: 61.27% 
INFO:  --------------------------------------------------
INFO:  TRAIN:epoch = 2/6000 classification_loss = 0.00000 train_time = 0.31
INFO:  ----------
INFO:  late_risk Accuracy: 72.43% val_time = 0.03
INFO:  day_for_shipping Accuracy: 45.88% val_time = 0.03
INFO:  on_time Accuracy: 72.29% val_time = 0.03
INFO:  ----------
INFO:  best_overall_accuracy: 63.53% 
INFO:  --------------------------------------------------
INFO:  TRAIN:epoch = 3/6000 classification_loss = 0.00000 train_time = 0.55
INFO:  ----------
INFO:  late_risk Accuracy: 72.51% val_time = 0.03
INFO:  day_for_shipping Accuracy: 45.72% val_time = 0.03
INFO:  on_time Accuracy: 72.51% val_time = 0.03
INFO:  ----------
INFO:  best_overall_accuracy: 63.58% 
INFO:  --------------------------------------------------
INFO:  TRAIN:epoch = 4/6000 classification_loss = 0.00000 train_time = 0.31
INFO:  ----------
INFO:  late_risk Accuracy: 72.28% val_time = 0.03
INFO:  day_for_shipping Accuracy: 47.40% val_time = 0.03
INFO:  on_time Accuracy: 72.43% val_time = 0.03
INFO:  ----------
INFO:  best_overall_accuracy: 64.03% 
INFO:  --------------------------------------------------
INFO:  TRAIN:epoch = 5/6000 classification_loss = 0.00000 train_time = 0.31
INFO:  ----------
INFO:  late_risk Accuracy: 72.31% val_time = 0.03
INFO:  day_for_shipping Accuracy: 48.18% val_time = 0.03
INFO:  on_time Accuracy: 72.20% val_time = 0.03
INFO:  ----------
INFO:  best_overall_accuracy: 64.23% 
INFO:  --------------------------------------------------
INFO:  TRAIN:epoch = 6/6000 classification_loss = 0.00000 train_time = 0.39
INFO:  ----------
INFO:  late_risk Accuracy: 72.16% val_time = 0.04
INFO:  day_for_shipping Accuracy: 48.04% val_time = 0.04
INFO:  on_time Accuracy: 72.22% val_time = 0.04
INFO:  --------------------------------------------------
INFO:  TRAIN:epoch = 7/6000 classification_loss = 0.00000 train_time = 0.38
INFO:  ----------
INFO:  late_risk Accuracy: 72.35% val_time = 0.04
INFO:  day_for_shipping Accuracy: 48.12% val_time = 0.04
INFO:  on_time Accuracy: 72.00% val_time = 0.04
INFO:  --------------------------------------------------
INFO:  TRAIN:epoch = 8/6000 classification_loss = 0.00000 train_time = 0.38
INFO:  ----------
INFO:  late_risk Accuracy: 72.04% val_time = 0.03
INFO:  day_for_shipping Accuracy: 48.18% val_time = 0.03
INFO:  on_time Accuracy: 72.67% val_time = 0.03
INFO:  ----------
INFO:  best_overall_accuracy: 64.29% 
INFO:  --------------------------------------------------
INFO:  TRAIN:epoch = 9/6000 classification_loss = 0.00000 train_time = 0.31
INFO:  ----------
INFO:  late_risk Accuracy: 72.67% val_time = 0.03
INFO:  day_for_shipping Accuracy: 48.24% val_time = 0.03
INFO:  on_time Accuracy: 72.72% val_time = 0.03
INFO:  ----------
INFO:  best_overall_accuracy: 64.54% 
INFO:  --------------------------------------------------
INFO:  TRAIN:epoch = 10/6000 classification_loss = 0.00000 train_time = 0.34
INFO:  ----------
INFO:  late_risk Accuracy: 73.17% val_time = 0.03
INFO:  day_for_shipping Accuracy: 46.54% val_time = 0.03
INFO:  on_time Accuracy: 72.72% val_time = 0.03
INFO:  --------------------------------------------------
INFO:  TRAIN:epoch = 11/6000 classification_loss = 0.00000 train_time = 0.51
INFO:  ----------
INFO:  late_risk Accuracy: 73.93% val_time = 0.03
INFO:  day_for_shipping Accuracy: 47.83% val_time = 0.03
INFO:  on_time Accuracy: 73.50% val_time = 0.03
INFO:  ----------
INFO:  best_overall_accuracy: 65.09% 
INFO:  --------------------------------------------------
INFO:  TRAIN:epoch = 12/6000 classification_loss = 0.00000 train_time = 0.31
INFO:  ----------
INFO:  late_risk Accuracy: 72.04% val_time = 0.03
INFO:  day_for_shipping Accuracy: 53.23% val_time = 0.03
INFO:  on_time Accuracy: 70.40% val_time = 0.03
INFO:  ----------
INFO:  best_overall_accuracy: 65.22% 
INFO:  --------------------------------------------------
INFO:  TRAIN:epoch = 13/6000 classification_loss = 0.00000 train_time = 0.31
INFO:  ----------
INFO:  late_risk Accuracy: 77.71% val_time = 0.03
INFO:  day_for_shipping Accuracy: 54.51% val_time = 0.03
INFO:  on_time Accuracy: 78.18% val_time = 0.03
INFO:  ----------
INFO:  best_overall_accuracy: 70.14% 
INFO:  --------------------------------------------------
INFO:  TRAIN:epoch = 14/6000 classification_loss = 0.00000 train_time = 0.31
INFO:  ----------
INFO:  late_risk Accuracy: 74.87% val_time = 0.03
INFO:  day_for_shipping Accuracy: 49.03% val_time = 0.03
INFO:  on_time Accuracy: 75.78% val_time = 0.03
INFO:  --------------------------------------------------
INFO:  TRAIN:epoch = 15/6000 classification_loss = 0.00000 train_time = 0.31
INFO:  ----------
INFO:  late_risk Accuracy: 73.09% val_time = 0.03
INFO:  day_for_shipping Accuracy: 49.81% val_time = 0.03
INFO:  on_time Accuracy: 73.31% val_time = 0.03
INFO:  --------------------------------------------------
INFO:  TRAIN:epoch = 16/6000 classification_loss = 0.00000 train_time = 0.31
INFO:  ----------
INFO:  late_risk Accuracy: 78.61% val_time = 0.03
INFO:  day_for_shipping Accuracy: 52.78% val_time = 0.03
INFO:  on_time Accuracy: 78.49% val_time = 0.03
INFO:  --------------------------------------------------
INFO:  TRAIN:epoch = 17/6000 classification_loss = 0.00000 train_time = 0.31
INFO:  ----------
INFO:  late_risk Accuracy: 79.49% val_time = 0.03
INFO:  day_for_shipping Accuracy: 60.07% val_time = 0.03
INFO:  on_time Accuracy: 79.24% val_time = 0.03
INFO:  ----------
INFO:  best_overall_accuracy: 72.93% 
INFO:  --------------------------------------------------
INFO:  TRAIN:epoch = 18/6000 classification_loss = 0.00000 train_time = 0.31
INFO:  ----------
INFO:  late_risk Accuracy: 78.98% val_time = 0.03
INFO:  day_for_shipping Accuracy: 58.55% val_time = 0.03
INFO:  on_time Accuracy: 78.90% val_time = 0.03
INFO:  --------------------------------------------------
INFO:  TRAIN:epoch = 19/6000 classification_loss = 0.00000 train_time = 0.51
INFO:  ----------
INFO:  late_risk Accuracy: 73.19% val_time = 0.03
INFO:  day_for_shipping Accuracy: 49.81% val_time = 0.03
INFO:  on_time Accuracy: 73.62% val_time = 0.03
INFO:  --------------------------------------------------
INFO:  TRAIN:epoch = 20/6000 classification_loss = 0.00000 train_time = 0.31
INFO:  ----------
INFO:  late_risk Accuracy: 81.28% val_time = 0.03
INFO:  day_for_shipping Accuracy: 60.36% val_time = 0.03
INFO:  on_time Accuracy: 81.26% val_time = 0.03
INFO:  ----------
INFO:  best_overall_accuracy: 74.30% 
INFO:  --------------------------------------------------
INFO:  TRAIN:epoch = 21/6000 classification_loss = 0.00000 train_time = 0.31
INFO:  ----------
INFO:  late_risk Accuracy: 82.10% val_time = 0.03
INFO:  day_for_shipping Accuracy: 61.82% val_time = 0.03
INFO:  on_time Accuracy: 83.23% val_time = 0.03
INFO:  ----------
INFO:  best_overall_accuracy: 75.72% 
INFO:  --------------------------------------------------
INFO:  TRAIN:epoch = 22/6000 classification_loss = 0.00000 train_time = 0.31
INFO:  ----------
INFO:  late_risk Accuracy: 84.03% val_time = 0.03
INFO:  day_for_shipping Accuracy: 64.96% val_time = 0.03
INFO:  on_time Accuracy: 84.30% val_time = 0.03
INFO:  ----------
INFO:  best_overall_accuracy: 77.77% 
INFO:  --------------------------------------------------
INFO:  TRAIN:epoch = 23/6000 classification_loss = 0.00000 train_time = 0.32
INFO:  ----------
INFO:  late_risk Accuracy: 83.90% val_time = 0.03
INFO:  day_for_shipping Accuracy: 64.09% val_time = 0.03
INFO:  on_time Accuracy: 84.48% val_time = 0.03
INFO:  --------------------------------------------------
INFO:  TRAIN:epoch = 24/6000 classification_loss = 0.00000 train_time = 0.31
INFO:  ----------
INFO:  late_risk Accuracy: 83.95% val_time = 0.03
INFO:  day_for_shipping Accuracy: 63.46% val_time = 0.03
INFO:  on_time Accuracy: 83.70% val_time = 0.03
INFO:  --------------------------------------------------
INFO:  TRAIN:epoch = 25/6000 classification_loss = 0.00000 train_time = 0.31
INFO:  ----------
INFO:  late_risk Accuracy: 76.47% val_time = 0.03
INFO:  day_for_shipping Accuracy: 52.78% val_time = 0.03
INFO:  on_time Accuracy: 76.14% val_time = 0.03
INFO:  --------------------------------------------------
INFO:  TRAIN:epoch = 26/6000 classification_loss = 0.00000 train_time = 0.31
INFO:  ----------
INFO:  late_risk Accuracy: 82.73% val_time = 0.03
INFO:  day_for_shipping Accuracy: 64.75% val_time = 0.03
INFO:  on_time Accuracy: 83.56% val_time = 0.03
INFO:  --------------------------------------------------
INFO:  TRAIN:epoch = 27/6000 classification_loss = 0.00000 train_time = 0.50
INFO:  ----------
INFO:  late_risk Accuracy: 77.48% val_time = 0.03
INFO:  day_for_shipping Accuracy: 57.75% val_time = 0.03
INFO:  on_time Accuracy: 77.48% val_time = 0.03
INFO:  --------------------------------------------------
INFO:  TRAIN:epoch = 28/6000 classification_loss = 0.00000 train_time = 0.31
INFO:  ----------
INFO:  late_risk Accuracy: 78.88% val_time = 0.03
INFO:  day_for_shipping Accuracy: 59.23% val_time = 0.03
INFO:  on_time Accuracy: 79.37% val_time = 0.03
INFO:  --------------------------------------------------
INFO:  TRAIN:epoch = 29/6000 classification_loss = 0.00000 train_time = 0.31
INFO:  ----------
INFO:  late_risk Accuracy: 77.87% val_time = 0.03
INFO:  day_for_shipping Accuracy: 56.79% val_time = 0.03
INFO:  on_time Accuracy: 78.61% val_time = 0.03
INFO:  --------------------------------------------------
INFO:  TRAIN:epoch = 30/6000 classification_loss = 0.00000 train_time = 0.31
INFO:  ----------
INFO:  late_risk Accuracy: 83.80% val_time = 0.03
INFO:  day_for_shipping Accuracy: 64.65% val_time = 0.03
INFO:  on_time Accuracy: 83.90% val_time = 0.03
INFO:  --------------------------------------------------
INFO:  TRAIN:epoch = 31/6000 classification_loss = 0.00000 train_time = 0.31
INFO:  ----------
INFO:  late_risk Accuracy: 86.39% val_time = 0.03
INFO:  day_for_shipping Accuracy: 69.90% val_time = 0.03
INFO:  on_time Accuracy: 86.74% val_time = 0.03
INFO:  ----------
INFO:  best_overall_accuracy: 81.01% 
INFO:  --------------------------------------------------
INFO:  TRAIN:epoch = 32/6000 classification_loss = 0.00000 train_time = 0.31
INFO:  ----------
INFO:  late_risk Accuracy: 85.49% val_time = 0.03
INFO:  day_for_shipping Accuracy: 70.07% val_time = 0.03
INFO:  on_time Accuracy: 85.61% val_time = 0.03
INFO:  --------------------------------------------------
INFO:  TRAIN:epoch = 33/6000 classification_loss = 0.00000 train_time = 0.31
INFO:  ----------
INFO:  late_risk Accuracy: 78.49% val_time = 0.03
INFO:  day_for_shipping Accuracy: 58.32% val_time = 0.03
INFO:  on_time Accuracy: 77.03% val_time = 0.03
INFO:  --------------------------------------------------
INFO:  TRAIN:epoch = 34/6000 classification_loss = 0.00000 train_time = 0.31
INFO:  ----------
INFO:  late_risk Accuracy: 86.16% val_time = 0.03
INFO:  day_for_shipping Accuracy: 68.69% val_time = 0.03
INFO:  on_time Accuracy: 85.88% val_time = 0.03
INFO:  --------------------------------------------------
INFO:  TRAIN:epoch = 35/6000 classification_loss = 0.00000 train_time = 0.57
INFO:  ----------
INFO:  late_risk Accuracy: 83.15% val_time = 0.04
INFO:  day_for_shipping Accuracy: 64.59% val_time = 0.04
INFO:  on_time Accuracy: 82.98% val_time = 0.04
INFO:  --------------------------------------------------
INFO:  TRAIN:epoch = 36/6000 classification_loss = 0.00000 train_time = 0.37
INFO:  ----------
INFO:  late_risk Accuracy: 83.31% val_time = 0.03
INFO:  day_for_shipping Accuracy: 64.34% val_time = 0.03
INFO:  on_time Accuracy: 83.29% val_time = 0.03
INFO:  --------------------------------------------------
INFO:  TRAIN:epoch = 37/6000 classification_loss = 0.00000 train_time = 0.32
INFO:  ----------
INFO:  late_risk Accuracy: 80.09% val_time = 0.03
INFO:  day_for_shipping Accuracy: 61.14% val_time = 0.03
INFO:  on_time Accuracy: 80.99% val_time = 0.03
INFO:  --------------------------------------------------
INFO:  TRAIN:epoch = 38/6000 classification_loss = 0.00000 train_time = 0.31
INFO:  ----------
INFO:  late_risk Accuracy: 87.70% val_time = 0.03
INFO:  day_for_shipping Accuracy: 72.94% val_time = 0.03
INFO:  on_time Accuracy: 87.72% val_time = 0.03
INFO:  ----------
INFO:  best_overall_accuracy: 82.78% 
INFO:  --------------------------------------------------
INFO:  TRAIN:epoch = 39/6000 classification_loss = 0.00000 train_time = 0.31
INFO:  ----------
INFO:  late_risk Accuracy: 87.39% val_time = 0.03
INFO:  day_for_shipping Accuracy: 71.69% val_time = 0.03
INFO:  on_time Accuracy: 87.50% val_time = 0.03
INFO:  --------------------------------------------------
INFO:  TRAIN:epoch = 40/6000 classification_loss = 0.00000 train_time = 0.31
INFO:  ----------
INFO:  late_risk Accuracy: 87.60% val_time = 0.03
INFO:  day_for_shipping Accuracy: 73.21% val_time = 0.03
INFO:  on_time Accuracy: 87.68% val_time = 0.03
INFO:  ----------
INFO:  best_overall_accuracy: 82.83% 
INFO:  --------------------------------------------------
INFO:  TRAIN:epoch = 41/6000 classification_loss = 0.00000 train_time = 0.31
INFO:  ----------
INFO:  late_risk Accuracy: 87.99% val_time = 0.04
INFO:  day_for_shipping Accuracy: 72.82% val_time = 0.04
INFO:  on_time Accuracy: 87.58% val_time = 0.04
INFO:  --------------------------------------------------
INFO:  TRAIN:epoch = 42/6000 classification_loss = 0.00000 train_time = 0.31
INFO:  ----------
INFO:  late_risk Accuracy: 87.44% val_time = 0.03
INFO:  day_for_shipping Accuracy: 71.18% val_time = 0.03
INFO:  on_time Accuracy: 87.97% val_time = 0.03
INFO:  --------------------------------------------------
INFO:  TRAIN:epoch = 43/6000 classification_loss = 0.00000 train_time = 0.31
INFO:  ----------
INFO:  late_risk Accuracy: 84.64% val_time = 0.03
INFO:  day_for_shipping Accuracy: 69.27% val_time = 0.03
INFO:  on_time Accuracy: 84.75% val_time = 0.03
INFO:  --------------------------------------------------
INFO:  TRAIN:epoch = 44/6000 classification_loss = 0.00000 train_time = 0.51
INFO:  ----------
INFO:  late_risk Accuracy: 83.72% val_time = 0.03
INFO:  day_for_shipping Accuracy: 66.76% val_time = 0.03
INFO:  on_time Accuracy: 84.25% val_time = 0.03
INFO:  --------------------------------------------------
INFO:  TRAIN:epoch = 45/6000 classification_loss = 0.00000 train_time = 0.31
INFO:  ----------
INFO:  late_risk Accuracy: 85.51% val_time = 0.03
INFO:  day_for_shipping Accuracy: 69.35% val_time = 0.03
INFO:  on_time Accuracy: 86.35% val_time = 0.03
INFO:  --------------------------------------------------
INFO:  TRAIN:epoch = 46/6000 classification_loss = 0.00000 train_time = 0.31
INFO:  ----------
INFO:  late_risk Accuracy: 86.55% val_time = 0.03
INFO:  day_for_shipping Accuracy: 70.11% val_time = 0.03
INFO:  on_time Accuracy: 86.59% val_time = 0.03
INFO:  --------------------------------------------------
INFO:  TRAIN:epoch = 47/6000 classification_loss = 0.00000 train_time = 0.31
INFO:  ----------
INFO:  late_risk Accuracy: 86.25% val_time = 0.03
INFO:  day_for_shipping Accuracy: 67.26% val_time = 0.03
INFO:  on_time Accuracy: 86.22% val_time = 0.03
INFO:  --------------------------------------------------
INFO:  TRAIN:epoch = 48/6000 classification_loss = 0.00000 train_time = 0.31
INFO:  ----------
INFO:  late_risk Accuracy: 76.02% val_time = 0.03
INFO:  day_for_shipping Accuracy: 47.12% val_time = 0.03
INFO:  on_time Accuracy: 74.32% val_time = 0.03
INFO:  --------------------------------------------------
INFO:  TRAIN:epoch = 49/6000 classification_loss = 0.00000 train_time = 0.31
INFO:  ----------
INFO:  late_risk Accuracy: 86.27% val_time = 0.03
INFO:  day_for_shipping Accuracy: 70.05% val_time = 0.03
INFO:  on_time Accuracy: 86.18% val_time = 0.03
INFO:  --------------------------------------------------
INFO:  TRAIN:epoch = 50/6000 classification_loss = 0.00000 train_time = 0.31
INFO:  ----------
INFO:  late_risk Accuracy: 75.30% val_time = 0.03
INFO:  day_for_shipping Accuracy: 52.56% val_time = 0.03
INFO:  on_time Accuracy: 74.05% val_time = 0.03
INFO:  --------------------------------------------------
INFO:  TRAIN:epoch = 51/6000 classification_loss = 0.00000 train_time = 0.31
INFO:  ----------
INFO:  late_risk Accuracy: 75.88% val_time = 0.03
INFO:  day_for_shipping Accuracy: 53.73% val_time = 0.03
INFO:  on_time Accuracy: 75.61% val_time = 0.03
INFO:  --------------------------------------------------
INFO:  TRAIN:epoch = 52/6000 classification_loss = 0.00000 train_time = 0.49
INFO:  ----------
INFO:  late_risk Accuracy: 78.87% val_time = 0.03
INFO:  day_for_shipping Accuracy: 57.20% val_time = 0.03
INFO:  on_time Accuracy: 79.22% val_time = 0.03
INFO:  --------------------------------------------------
INFO:  TRAIN:epoch = 53/6000 classification_loss = 0.00000 train_time = 0.31
INFO:  ----------
INFO:  late_risk Accuracy: 86.59% val_time = 0.03
INFO:  day_for_shipping Accuracy: 70.83% val_time = 0.03
INFO:  on_time Accuracy: 86.72% val_time = 0.03
INFO:  --------------------------------------------------
INFO:  TRAIN:epoch = 54/6000 classification_loss = 0.00000 train_time = 0.31
INFO:  ----------
INFO:  late_risk Accuracy: 87.02% val_time = 0.03
INFO:  day_for_shipping Accuracy: 70.01% val_time = 0.03
INFO:  on_time Accuracy: 86.45% val_time = 0.03
INFO:  --------------------------------------------------
INFO:  TRAIN:epoch = 55/6000 classification_loss = 0.00000 train_time = 0.31
INFO:  ----------
INFO:  late_risk Accuracy: 81.87% val_time = 0.03
INFO:  day_for_shipping Accuracy: 63.85% val_time = 0.03
INFO:  on_time Accuracy: 80.68% val_time = 0.03
INFO:  --------------------------------------------------
INFO:  TRAIN:epoch = 56/6000 classification_loss = 0.00000 train_time = 0.31
INFO:  ----------
INFO:  late_risk Accuracy: 67.64% val_time = 0.03
INFO:  day_for_shipping Accuracy: 47.85% val_time = 0.03
INFO:  on_time Accuracy: 67.81% val_time = 0.03
INFO:  --------------------------------------------------
INFO:  TRAIN:epoch = 57/6000 classification_loss = 0.00000 train_time = 0.31
INFO:  ----------
INFO:  late_risk Accuracy: 83.62% val_time = 0.03
INFO:  day_for_shipping Accuracy: 65.90% val_time = 0.03
INFO:  on_time Accuracy: 84.19% val_time = 0.03
INFO:  --------------------------------------------------
INFO:  TRAIN:epoch = 58/6000 classification_loss = 0.00000 train_time = 0.31
INFO:  ----------
INFO:  late_risk Accuracy: 72.59% val_time = 0.03
INFO:  day_for_shipping Accuracy: 43.32% val_time = 0.03
INFO:  on_time Accuracy: 71.40% val_time = 0.03
INFO:  --------------------------------------------------
INFO:  TRAIN:epoch = 59/6000 classification_loss = 0.00000 train_time = 0.31
INFO:  ----------
INFO:  late_risk Accuracy: 86.84% val_time = 0.03
INFO:  day_for_shipping Accuracy: 71.05% val_time = 0.03
INFO:  on_time Accuracy: 87.27% val_time = 0.03
INFO:  --------------------------------------------------
INFO:  TRAIN:epoch = 60/6000 classification_loss = 0.00000 train_time = 0.31
INFO:  ----------
INFO:  late_risk Accuracy: 87.97% val_time = 0.03
INFO:  day_for_shipping Accuracy: 72.86% val_time = 0.03
INFO:  on_time Accuracy: 87.81% val_time = 0.03
INFO:  ----------
INFO:  best_overall_accuracy: 82.88% 
INFO:  --------------------------------------------------
INFO:  TRAIN:epoch = 61/6000 classification_loss = 0.00000 train_time = 0.50
INFO:  ----------
INFO:  late_risk Accuracy: 75.41% val_time = 0.03
INFO:  day_for_shipping Accuracy: 49.44% val_time = 0.03
INFO:  on_time Accuracy: 76.08% val_time = 0.03
INFO:  --------------------------------------------------
INFO:  TRAIN:epoch = 62/6000 classification_loss = 0.00000 train_time = 0.31
INFO:  ----------
INFO:  late_risk Accuracy: 88.20% val_time = 0.03
INFO:  day_for_shipping Accuracy: 73.84% val_time = 0.03
INFO:  on_time Accuracy: 88.22% val_time = 0.03
INFO:  ----------
INFO:  best_overall_accuracy: 83.42% 
INFO:  --------------------------------------------------
INFO:  TRAIN:epoch = 63/6000 classification_loss = 0.00000 train_time = 0.31
INFO:  ----------
INFO:  late_risk Accuracy: 78.01% val_time = 0.03
INFO:  day_for_shipping Accuracy: 54.14% val_time = 0.03
INFO:  on_time Accuracy: 78.40% val_time = 0.03
INFO:  --------------------------------------------------
INFO:  TRAIN:epoch = 64/6000 classification_loss = 0.00000 train_time = 0.31
INFO:  ----------
INFO:  late_risk Accuracy: 83.10% val_time = 0.03
INFO:  day_for_shipping Accuracy: 65.28% val_time = 0.03
INFO:  on_time Accuracy: 83.35% val_time = 0.03
INFO:  --------------------------------------------------
INFO:  TRAIN:epoch = 65/6000 classification_loss = 0.00000 train_time = 0.31
INFO:  ----------
INFO:  late_risk Accuracy: 87.66% val_time = 0.03
INFO:  day_for_shipping Accuracy: 68.32% val_time = 0.03
INFO:  on_time Accuracy: 87.93% val_time = 0.03
INFO:  --------------------------------------------------
INFO:  TRAIN:epoch = 66/6000 classification_loss = 0.00000 train_time = 0.31
INFO:  ----------
INFO:  late_risk Accuracy: 72.04% val_time = 0.03
INFO:  day_for_shipping Accuracy: 45.74% val_time = 0.03
INFO:  on_time Accuracy: 70.56% val_time = 0.03
INFO:  --------------------------------------------------
INFO:  TRAIN:epoch = 67/6000 classification_loss = 0.00000 train_time = 0.31
INFO:  ----------
INFO:  late_risk Accuracy: 87.31% val_time = 0.03
INFO:  day_for_shipping Accuracy: 72.53% val_time = 0.03
INFO:  on_time Accuracy: 87.29% val_time = 0.03
INFO:  --------------------------------------------------
INFO:  TRAIN:epoch = 68/6000 classification_loss = 0.00000 train_time = 0.31
INFO:  ----------
INFO:  late_risk Accuracy: 71.96% val_time = 0.03
INFO:  day_for_shipping Accuracy: 46.09% val_time = 0.03
INFO:  on_time Accuracy: 71.96% val_time = 0.03
INFO:  --------------------------------------------------
INFO:  TRAIN:epoch = 69/6000 classification_loss = 0.00000 train_time = 0.49
INFO:  ----------
INFO:  late_risk Accuracy: 85.14% val_time = 0.03
INFO:  day_for_shipping Accuracy: 68.79% val_time = 0.03
INFO:  on_time Accuracy: 85.90% val_time = 0.03
INFO:  --------------------------------------------------
INFO:  TRAIN:epoch = 70/6000 classification_loss = 0.00000 train_time = 0.31
INFO:  ----------
INFO:  late_risk Accuracy: 76.86% val_time = 0.03
INFO:  day_for_shipping Accuracy: 52.90% val_time = 0.03
INFO:  on_time Accuracy: 77.97% val_time = 0.03
INFO:  --------------------------------------------------
INFO:  TRAIN:epoch = 71/6000 classification_loss = 0.00000 train_time = 0.31
INFO:  ----------
INFO:  late_risk Accuracy: 86.43% val_time = 0.03
INFO:  day_for_shipping Accuracy: 70.40% val_time = 0.03
INFO:  on_time Accuracy: 86.33% val_time = 0.03
INFO:  --------------------------------------------------
INFO:  TRAIN:epoch = 72/6000 classification_loss = 0.00000 train_time = 0.31
INFO:  ----------
INFO:  late_risk Accuracy: 86.72% val_time = 0.03
INFO:  day_for_shipping Accuracy: 71.90% val_time = 0.03
INFO:  on_time Accuracy: 86.51% val_time = 0.03
INFO:  --------------------------------------------------
INFO:  TRAIN:epoch = 73/6000 classification_loss = 0.00000 train_time = 0.31
INFO:  ----------
INFO:  late_risk Accuracy: 86.61% val_time = 0.03
INFO:  day_for_shipping Accuracy: 70.13% val_time = 0.03
INFO:  on_time Accuracy: 86.84% val_time = 0.03
INFO:  --------------------------------------------------
INFO:  TRAIN:epoch = 74/6000 classification_loss = 0.00000 train_time = 0.31
INFO:  ----------
INFO:  late_risk Accuracy: 68.88% val_time = 0.03
INFO:  day_for_shipping Accuracy: 39.09% val_time = 0.03
INFO:  on_time Accuracy: 67.13% val_time = 0.03
INFO:  --------------------------------------------------
INFO:  TRAIN:epoch = 75/6000 classification_loss = 0.00000 train_time = 0.31
INFO:  ----------
INFO:  late_risk Accuracy: 88.24% val_time = 0.03
INFO:  day_for_shipping Accuracy: 72.76% val_time = 0.03
INFO:  on_time Accuracy: 88.22% val_time = 0.03
INFO:  --------------------------------------------------
INFO:  TRAIN:epoch = 76/6000 classification_loss = 0.00000 train_time = 0.31
INFO:  ----------
INFO:  late_risk Accuracy: 82.76% val_time = 0.03
INFO:  day_for_shipping Accuracy: 64.57% val_time = 0.03
INFO:  on_time Accuracy: 83.19% val_time = 0.03
INFO:  --------------------------------------------------
INFO:  TRAIN:epoch = 77/6000 classification_loss = 0.00000 train_time = 0.49
INFO:  ----------
INFO:  late_risk Accuracy: 67.58% val_time = 0.03
INFO:  day_for_shipping Accuracy: 40.42% val_time = 0.03
INFO:  on_time Accuracy: 66.89% val_time = 0.03
INFO:  --------------------------------------------------
INFO:  TRAIN:epoch = 78/6000 classification_loss = 0.00000 train_time = 0.31
INFO:  ----------
INFO:  late_risk Accuracy: 82.98% val_time = 0.04
INFO:  day_for_shipping Accuracy: 63.91% val_time = 0.04
INFO:  on_time Accuracy: 82.04% val_time = 0.04
INFO:  --------------------------------------------------
INFO:  TRAIN:epoch = 79/6000 classification_loss = 0.00000 train_time = 0.33
INFO:  ----------
INFO:  late_risk Accuracy: 75.78% val_time = 0.03
INFO:  day_for_shipping Accuracy: 53.17% val_time = 0.03
INFO:  on_time Accuracy: 75.51% val_time = 0.03
INFO:  --------------------------------------------------
INFO:  TRAIN:epoch = 80/6000 classification_loss = 0.00000 train_time = 0.31
INFO:  ----------
INFO:  late_risk Accuracy: 88.87% val_time = 0.03
INFO:  day_for_shipping Accuracy: 74.93% val_time = 0.03
INFO:  on_time Accuracy: 88.83% val_time = 0.03
INFO:  ----------
INFO:  best_overall_accuracy: 84.21% 
INFO:  --------------------------------------------------
INFO:  TRAIN:epoch = 81/6000 classification_loss = 0.00000 train_time = 0.31
INFO:  ----------
INFO:  late_risk Accuracy: 75.14% val_time = 0.03
INFO:  day_for_shipping Accuracy: 49.46% val_time = 0.03
INFO:  on_time Accuracy: 74.44% val_time = 0.03
INFO:  --------------------------------------------------
INFO:  TRAIN:epoch = 82/6000 classification_loss = 0.00000 train_time = 0.31
INFO:  ----------
INFO:  late_risk Accuracy: 81.73% val_time = 0.04
INFO:  day_for_shipping Accuracy: 61.32% val_time = 0.04
INFO:  on_time Accuracy: 81.30% val_time = 0.04
INFO:  --------------------------------------------------
INFO:  TRAIN:epoch = 83/6000 classification_loss = 0.00000 train_time = 0.31
INFO:  ----------
INFO:  late_risk Accuracy: 79.31% val_time = 0.03
INFO:  day_for_shipping Accuracy: 57.67% val_time = 0.03
INFO:  on_time Accuracy: 79.61% val_time = 0.03
INFO:  --------------------------------------------------
INFO:  TRAIN:epoch = 84/6000 classification_loss = 0.00000 train_time = 0.32
INFO:  ----------
INFO:  late_risk Accuracy: 79.31% val_time = 0.03
INFO:  day_for_shipping Accuracy: 55.22% val_time = 0.03
INFO:  on_time Accuracy: 78.77% val_time = 0.03
INFO:  --------------------------------------------------
INFO:  TRAIN:epoch = 85/6000 classification_loss = 0.00000 train_time = 0.31
INFO:  ----------
INFO:  late_risk Accuracy: 83.60% val_time = 0.03
INFO:  day_for_shipping Accuracy: 62.78% val_time = 0.03
INFO:  on_time Accuracy: 83.29% val_time = 0.03
INFO:  --------------------------------------------------
INFO:  TRAIN:epoch = 86/6000 classification_loss = 0.00000 train_time = 0.53
INFO:  ----------
INFO:  late_risk Accuracy: 77.99% val_time = 0.03
INFO:  day_for_shipping Accuracy: 54.51% val_time = 0.03
INFO:  on_time Accuracy: 78.20% val_time = 0.03
INFO:  --------------------------------------------------
INFO:  TRAIN:epoch = 87/6000 classification_loss = 0.00000 train_time = 0.31
INFO:  ----------
INFO:  late_risk Accuracy: 78.09% val_time = 0.03
INFO:  day_for_shipping Accuracy: 54.84% val_time = 0.03
INFO:  on_time Accuracy: 77.97% val_time = 0.03
INFO:  --------------------------------------------------
INFO:  TRAIN:epoch = 88/6000 classification_loss = 0.00000 train_time = 0.31
INFO:  ----------
INFO:  late_risk Accuracy: 72.90% val_time = 0.03
INFO:  day_for_shipping Accuracy: 55.62% val_time = 0.03
INFO:  on_time Accuracy: 73.45% val_time = 0.03
INFO:  --------------------------------------------------
INFO:  TRAIN:epoch = 89/6000 classification_loss = 0.00000 train_time = 0.31
INFO:  ----------
INFO:  late_risk Accuracy: 90.68% val_time = 0.03
INFO:  day_for_shipping Accuracy: 78.94% val_time = 0.03
INFO:  on_time Accuracy: 90.25% val_time = 0.03
INFO:  ----------
INFO:  best_overall_accuracy: 86.63% 
INFO:  --------------------------------------------------
INFO:  TRAIN:epoch = 90/6000 classification_loss = 0.00000 train_time = 0.31
INFO:  ----------
INFO:  late_risk Accuracy: 85.67% val_time = 0.03
INFO:  day_for_shipping Accuracy: 68.08% val_time = 0.03
INFO:  on_time Accuracy: 86.02% val_time = 0.03
INFO:  --------------------------------------------------
INFO:  TRAIN:epoch = 91/6000 classification_loss = 0.00000 train_time = 0.31
INFO:  ----------
INFO:  late_risk Accuracy: 76.25% val_time = 0.03
INFO:  day_for_shipping Accuracy: 52.90% val_time = 0.03
INFO:  on_time Accuracy: 75.43% val_time = 0.03
INFO:  --------------------------------------------------
INFO:  TRAIN:epoch = 92/6000 classification_loss = 0.00000 train_time = 0.31
INFO:  ----------
INFO:  late_risk Accuracy: 84.25% val_time = 0.03
INFO:  day_for_shipping Accuracy: 69.27% val_time = 0.03
INFO:  on_time Accuracy: 84.25% val_time = 0.03
INFO:  --------------------------------------------------
INFO:  TRAIN:epoch = 93/6000 classification_loss = 0.00000 train_time = 0.31
INFO:  ----------
INFO:  late_risk Accuracy: 72.76% val_time = 0.03
INFO:  day_for_shipping Accuracy: 45.31% val_time = 0.03
INFO:  on_time Accuracy: 71.14% val_time = 0.03
INFO:  --------------------------------------------------
INFO:  TRAIN:epoch = 94/6000 classification_loss = 0.00000 train_time = 0.49
INFO:  ----------
INFO:  late_risk Accuracy: 84.54% val_time = 0.03
INFO:  day_for_shipping Accuracy: 64.38% val_time = 0.03
INFO:  on_time Accuracy: 83.70% val_time = 0.03
INFO:  --------------------------------------------------
INFO:  TRAIN:epoch = 95/6000 classification_loss = 0.00000 train_time = 0.31
INFO:  ----------
INFO:  late_risk Accuracy: 74.50% val_time = 0.03
INFO:  day_for_shipping Accuracy: 48.16% val_time = 0.03
INFO:  on_time Accuracy: 73.66% val_time = 0.03
INFO:  --------------------------------------------------
INFO:  TRAIN:epoch = 96/6000 classification_loss = 0.00000 train_time = 0.31
INFO:  ----------
INFO:  late_risk Accuracy: 90.95% val_time = 0.03
INFO:  day_for_shipping Accuracy: 80.04% val_time = 0.03
INFO:  on_time Accuracy: 90.58% val_time = 0.03
INFO:  ----------
INFO:  best_overall_accuracy: 87.19% 
INFO:  --------------------------------------------------
INFO:  TRAIN:epoch = 97/6000 classification_loss = 0.00000 train_time = 0.31
INFO:  ----------
INFO:  late_risk Accuracy: 74.91% val_time = 0.03
INFO:  day_for_shipping Accuracy: 49.13% val_time = 0.03
INFO:  on_time Accuracy: 74.89% val_time = 0.03
INFO:  --------------------------------------------------
INFO:  TRAIN:epoch = 98/6000 classification_loss = 0.00000 train_time = 0.31
INFO:  ----------
INFO:  late_risk Accuracy: 73.91% val_time = 0.03
INFO:  day_for_shipping Accuracy: 48.10% val_time = 0.03
INFO:  on_time Accuracy: 73.23% val_time = 0.03
INFO:  --------------------------------------------------
INFO:  TRAIN:epoch = 99/6000 classification_loss = 0.00000 train_time = 0.31
INFO:  ----------
INFO:  late_risk Accuracy: 86.66% val_time = 0.03
INFO:  day_for_shipping Accuracy: 70.58% val_time = 0.03
INFO:  on_time Accuracy: 86.66% val_time = 0.03
INFO:  --------------------------------------------------
INFO:  TRAIN:epoch = 100/6000 classification_loss = 0.00000 train_time = 0.31
INFO:  ----------
INFO:  late_risk Accuracy: 76.21% val_time = 0.03
INFO:  day_for_shipping Accuracy: 51.78% val_time = 0.03
INFO:  on_time Accuracy: 75.67% val_time = 0.03
INFO:  --------------------------------------------------
INFO:  TRAIN:epoch = 101/6000 classification_loss = 0.00000 train_time = 0.31
INFO:  ----------
INFO:  late_risk Accuracy: 77.95% val_time = 0.03
INFO:  day_for_shipping Accuracy: 55.22% val_time = 0.03
INFO:  on_time Accuracy: 77.68% val_time = 0.03
INFO:  --------------------------------------------------
INFO:  TRAIN:epoch = 102/6000 classification_loss = 0.00000 train_time = 0.50
INFO:  ----------
INFO:  late_risk Accuracy: 90.23% val_time = 0.03
INFO:  day_for_shipping Accuracy: 78.48% val_time = 0.03
INFO:  on_time Accuracy: 90.04% val_time = 0.03
INFO:  --------------------------------------------------
INFO:  TRAIN:epoch = 103/6000 classification_loss = 0.00000 train_time = 0.31
INFO:  ----------
INFO:  late_risk Accuracy: 88.77% val_time = 0.03
INFO:  day_for_shipping Accuracy: 77.52% val_time = 0.03
INFO:  on_time Accuracy: 89.57% val_time = 0.03
INFO:  --------------------------------------------------
INFO:  TRAIN:epoch = 104/6000 classification_loss = 0.00000 train_time = 0.31
INFO:  ----------
INFO:  late_risk Accuracy: 90.68% val_time = 0.03
INFO:  day_for_shipping Accuracy: 79.49% val_time = 0.03
INFO:  on_time Accuracy: 90.76% val_time = 0.03
INFO:  --------------------------------------------------
INFO:  TRAIN:epoch = 105/6000 classification_loss = 0.00000 train_time = 0.31
INFO:  ----------
INFO:  late_risk Accuracy: 91.28% val_time = 0.03
INFO:  day_for_shipping Accuracy: 81.01% val_time = 0.03
INFO:  on_time Accuracy: 91.40% val_time = 0.03
INFO:  ----------
INFO:  best_overall_accuracy: 87.90% 
INFO:  --------------------------------------------------
INFO:  TRAIN:epoch = 106/6000 classification_loss = 0.00000 train_time = 0.31
INFO:  ----------
INFO:  late_risk Accuracy: 87.72% val_time = 0.03
INFO:  day_for_shipping Accuracy: 70.23% val_time = 0.03
INFO:  on_time Accuracy: 87.21% val_time = 0.03
INFO:  --------------------------------------------------
INFO:  TRAIN:epoch = 107/6000 classification_loss = 0.00000 train_time = 0.31
INFO:  ----------
INFO:  late_risk Accuracy: 92.59% val_time = 0.03
INFO:  day_for_shipping Accuracy: 81.15% val_time = 0.03
INFO:  on_time Accuracy: 92.18% val_time = 0.03
INFO:  ----------
INFO:  best_overall_accuracy: 88.64% 
INFO:  --------------------------------------------------
INFO:  TRAIN:epoch = 108/6000 classification_loss = 0.00000 train_time = 0.31
INFO:  ----------
INFO:  late_risk Accuracy: 74.97% val_time = 0.03
INFO:  day_for_shipping Accuracy: 46.42% val_time = 0.03
INFO:  on_time Accuracy: 74.36% val_time = 0.03
INFO:  --------------------------------------------------
INFO:  TRAIN:epoch = 109/6000 classification_loss = 0.00000 train_time = 0.31
INFO:  ----------
INFO:  late_risk Accuracy: 91.01% val_time = 0.03
INFO:  day_for_shipping Accuracy: 80.50% val_time = 0.03
INFO:  on_time Accuracy: 91.56% val_time = 0.03
INFO:  --------------------------------------------------
INFO:  TRAIN:epoch = 110/6000 classification_loss = 0.00000 train_time = 0.31
INFO:  ----------
INFO:  late_risk Accuracy: 77.52% val_time = 0.03
INFO:  day_for_shipping Accuracy: 55.72% val_time = 0.03
INFO:  on_time Accuracy: 77.60% val_time = 0.03
INFO:  --------------------------------------------------
INFO:  TRAIN:epoch = 111/6000 classification_loss = 0.00000 train_time = 0.51
INFO:  ----------
INFO:  late_risk Accuracy: 87.64% val_time = 0.03
INFO:  day_for_shipping Accuracy: 69.21% val_time = 0.03
INFO:  on_time Accuracy: 87.29% val_time = 0.03
INFO:  --------------------------------------------------
INFO:  TRAIN:epoch = 112/6000 classification_loss = 0.00000 train_time = 0.31
INFO:  ----------
INFO:  late_risk Accuracy: 93.64% val_time = 0.03
INFO:  day_for_shipping Accuracy: 84.32% val_time = 0.03
INFO:  on_time Accuracy: 93.88% val_time = 0.03
INFO:  ----------
INFO:  best_overall_accuracy: 90.62% 
INFO:  --------------------------------------------------
INFO:  TRAIN:epoch = 113/6000 classification_loss = 0.00000 train_time = 0.31
INFO:  ----------
INFO:  late_risk Accuracy: 92.83% val_time = 0.03
INFO:  day_for_shipping Accuracy: 82.80% val_time = 0.03
INFO:  on_time Accuracy: 92.81% val_time = 0.03
INFO:  --------------------------------------------------
INFO:  TRAIN:epoch = 114/6000 classification_loss = 0.00000 train_time = 0.31
INFO:  ----------
INFO:  late_risk Accuracy: 90.60% val_time = 0.04
INFO:  day_for_shipping Accuracy: 79.27% val_time = 0.04
INFO:  on_time Accuracy: 90.39% val_time = 0.04
INFO:  --------------------------------------------------
INFO:  TRAIN:epoch = 115/6000 classification_loss = 0.00000 train_time = 0.31
INFO:  ----------
INFO:  late_risk Accuracy: 70.97% val_time = 0.03
INFO:  day_for_shipping Accuracy: 44.92% val_time = 0.03
INFO:  on_time Accuracy: 71.55% val_time = 0.03
INFO:  --------------------------------------------------
INFO:  TRAIN:epoch = 116/6000 classification_loss = 0.00000 train_time = 0.31
INFO:  ----------
INFO:  late_risk Accuracy: 87.72% val_time = 0.03
INFO:  day_for_shipping Accuracy: 69.23% val_time = 0.03
INFO:  on_time Accuracy: 87.42% val_time = 0.03
INFO:  --------------------------------------------------
INFO:  TRAIN:epoch = 117/6000 classification_loss = 0.00000 train_time = 0.31
INFO:  ----------
INFO:  late_risk Accuracy: 90.37% val_time = 0.03
INFO:  day_for_shipping Accuracy: 78.65% val_time = 0.03
INFO:  on_time Accuracy: 90.58% val_time = 0.03
INFO:  --------------------------------------------------
INFO:  TRAIN:epoch = 118/6000 classification_loss = 0.00000 train_time = 0.31
INFO:  ----------
INFO:  late_risk Accuracy: 73.02% val_time = 0.03
INFO:  day_for_shipping Accuracy: 48.51% val_time = 0.03
INFO:  on_time Accuracy: 73.06% val_time = 0.03
INFO:  --------------------------------------------------
INFO:  TRAIN:epoch = 119/6000 classification_loss = 0.00000 train_time = 0.52
INFO:  ----------
INFO:  late_risk Accuracy: 80.72% val_time = 0.03
INFO:  day_for_shipping Accuracy: 62.12% val_time = 0.03
INFO:  on_time Accuracy: 80.52% val_time = 0.03
INFO:  --------------------------------------------------
INFO:  TRAIN:epoch = 120/6000 classification_loss = 0.00000 train_time = 0.31
INFO:  ----------
INFO:  late_risk Accuracy: 84.19% val_time = 0.03
INFO:  day_for_shipping Accuracy: 67.44% val_time = 0.03
INFO:  on_time Accuracy: 84.40% val_time = 0.03
INFO:  --------------------------------------------------
INFO:  TRAIN:epoch = 121/6000 classification_loss = 0.00000 train_time = 0.31
INFO:  ----------
INFO:  late_risk Accuracy: 91.09% val_time = 0.03
INFO:  day_for_shipping Accuracy: 80.46% val_time = 0.03
INFO:  on_time Accuracy: 91.52% val_time = 0.03
INFO:  --------------------------------------------------
INFO:  TRAIN:epoch = 122/6000 classification_loss = 0.00000 train_time = 0.31
INFO:  ----------
INFO:  late_risk Accuracy: 77.87% val_time = 0.03
INFO:  day_for_shipping Accuracy: 53.87% val_time = 0.03
INFO:  on_time Accuracy: 77.52% val_time = 0.03
INFO:  --------------------------------------------------
INFO:  TRAIN:epoch = 123/6000 classification_loss = 0.00000 train_time = 0.31
INFO:  ----------
INFO:  late_risk Accuracy: 92.28% val_time = 0.03
INFO:  day_for_shipping Accuracy: 81.79% val_time = 0.03
INFO:  on_time Accuracy: 92.05% val_time = 0.03
INFO:  --------------------------------------------------
INFO:  TRAIN:epoch = 124/6000 classification_loss = 0.00000 train_time = 0.31
INFO:  ----------
INFO:  late_risk Accuracy: 87.99% val_time = 0.03
INFO:  day_for_shipping Accuracy: 75.34% val_time = 0.03
INFO:  on_time Accuracy: 88.15% val_time = 0.03
INFO:  --------------------------------------------------
INFO:  TRAIN:epoch = 125/6000 classification_loss = 0.00000 train_time = 0.31
INFO:  ----------
INFO:  late_risk Accuracy: 81.30% val_time = 0.04
INFO:  day_for_shipping Accuracy: 59.99% val_time = 0.04
INFO:  on_time Accuracy: 81.15% val_time = 0.04
INFO:  --------------------------------------------------
INFO:  TRAIN:epoch = 126/6000 classification_loss = 0.00000 train_time = 0.37
INFO:  ----------
INFO:  late_risk Accuracy: 75.67% val_time = 0.04
INFO:  day_for_shipping Accuracy: 53.99% val_time = 0.04
INFO:  on_time Accuracy: 75.45% val_time = 0.04
INFO:  --------------------------------------------------
INFO:  TRAIN:epoch = 127/6000 classification_loss = 0.00000 train_time = 0.38
INFO:  ----------
INFO:  late_risk Accuracy: 94.38% val_time = 0.04
INFO:  day_for_shipping Accuracy: 87.15% val_time = 0.04
INFO:  on_time Accuracy: 94.42% val_time = 0.04
INFO:  ----------
INFO:  best_overall_accuracy: 91.99% 
INFO:  --------------------------------------------------
INFO:  TRAIN:epoch = 128/6000 classification_loss = 0.00000 train_time = 0.57
INFO:  ----------
INFO:  late_risk Accuracy: 81.26% val_time = 0.04
INFO:  day_for_shipping Accuracy: 62.14% val_time = 0.04
INFO:  on_time Accuracy: 81.32% val_time = 0.04
INFO:  --------------------------------------------------
INFO:  TRAIN:epoch = 129/6000 classification_loss = 0.00000 train_time = 0.37
INFO:  ----------
INFO:  late_risk Accuracy: 86.16% val_time = 0.04
INFO:  day_for_shipping Accuracy: 71.40% val_time = 0.04
INFO:  on_time Accuracy: 86.00% val_time = 0.04
INFO:  --------------------------------------------------
INFO:  TRAIN:epoch = 130/6000 classification_loss = 0.00000 train_time = 0.37
INFO:  ----------
INFO:  late_risk Accuracy: 89.92% val_time = 0.04
INFO:  day_for_shipping Accuracy: 77.87% val_time = 0.04
INFO:  on_time Accuracy: 89.92% val_time = 0.04
INFO:  --------------------------------------------------
INFO:  TRAIN:epoch = 131/6000 classification_loss = 0.00000 train_time = 0.37
INFO:  ----------
INFO:  late_risk Accuracy: 92.22% val_time = 0.04
INFO:  day_for_shipping Accuracy: 83.00% val_time = 0.04
INFO:  on_time Accuracy: 92.24% val_time = 0.04
INFO:  --------------------------------------------------
INFO:  TRAIN:epoch = 132/6000 classification_loss = 0.00000 train_time = 0.37
INFO:  ----------
INFO:  late_risk Accuracy: 87.66% val_time = 0.04
INFO:  day_for_shipping Accuracy: 76.95% val_time = 0.04
INFO:  on_time Accuracy: 87.35% val_time = 0.04
INFO:  --------------------------------------------------
INFO:  TRAIN:epoch = 133/6000 classification_loss = 0.00000 train_time = 0.37
INFO:  ----------
INFO:  late_risk Accuracy: 92.92% val_time = 0.04
INFO:  day_for_shipping Accuracy: 84.29% val_time = 0.04
INFO:  on_time Accuracy: 93.14% val_time = 0.04
INFO:  --------------------------------------------------
INFO:  TRAIN:epoch = 134/6000 classification_loss = 0.00000 train_time = 0.37
INFO:  ----------
INFO:  late_risk Accuracy: 93.39% val_time = 0.04
INFO:  day_for_shipping Accuracy: 85.10% val_time = 0.04
INFO:  on_time Accuracy: 93.00% val_time = 0.04
INFO:  --------------------------------------------------
INFO:  TRAIN:epoch = 135/6000 classification_loss = 0.00000 train_time = 0.37
INFO:  ----------
INFO:  late_risk Accuracy: 94.83% val_time = 0.03
INFO:  day_for_shipping Accuracy: 87.31% val_time = 0.03
INFO:  on_time Accuracy: 94.64% val_time = 0.03
INFO:  ----------
INFO:  best_overall_accuracy: 92.26% 
INFO:  --------------------------------------------------
INFO:  TRAIN:epoch = 136/6000 classification_loss = 0.00000 train_time = 0.49
INFO:  ----------
INFO:  late_risk Accuracy: 83.17% val_time = 0.03
INFO:  day_for_shipping Accuracy: 62.64% val_time = 0.03
INFO:  on_time Accuracy: 83.64% val_time = 0.03
INFO:  --------------------------------------------------
INFO:  TRAIN:epoch = 137/6000 classification_loss = 0.00000 train_time = 0.31
INFO:  ----------
INFO:  late_risk Accuracy: 90.08% val_time = 0.03
INFO:  day_for_shipping Accuracy: 76.25% val_time = 0.03
INFO:  on_time Accuracy: 90.08% val_time = 0.03
INFO:  --------------------------------------------------
INFO:  TRAIN:epoch = 138/6000 classification_loss = 0.00000 train_time = 0.31
INFO:  ----------
INFO:  late_risk Accuracy: 94.54% val_time = 0.03
INFO:  day_for_shipping Accuracy: 87.95% val_time = 0.03
INFO:  on_time Accuracy: 94.72% val_time = 0.03
INFO:  ----------
INFO:  best_overall_accuracy: 92.40% 
INFO:  --------------------------------------------------
INFO:  TRAIN:epoch = 139/6000 classification_loss = 0.00000 train_time = 0.31
INFO:  ----------
INFO:  late_risk Accuracy: 82.57% val_time = 0.03
INFO:  day_for_shipping Accuracy: 61.51% val_time = 0.03
INFO:  on_time Accuracy: 82.80% val_time = 0.03
INFO:  --------------------------------------------------
INFO:  TRAIN:epoch = 140/6000 classification_loss = 0.00000 train_time = 0.31
INFO:  ----------
INFO:  late_risk Accuracy: 86.29% val_time = 0.03
INFO:  day_for_shipping Accuracy: 70.93% val_time = 0.03
INFO:  on_time Accuracy: 86.33% val_time = 0.03
INFO:  --------------------------------------------------
INFO:  TRAIN:epoch = 141/6000 classification_loss = 0.00000 train_time = 0.31
INFO:  ----------
INFO:  late_risk Accuracy: 86.00% val_time = 0.03
INFO:  day_for_shipping Accuracy: 68.01% val_time = 0.03
INFO:  on_time Accuracy: 86.53% val_time = 0.03
INFO:  --------------------------------------------------
INFO:  TRAIN:epoch = 142/6000 classification_loss = 0.00000 train_time = 0.31
INFO:  ----------
INFO:  late_risk Accuracy: 80.33% val_time = 0.03
INFO:  day_for_shipping Accuracy: 58.02% val_time = 0.03
INFO:  on_time Accuracy: 80.78% val_time = 0.03
INFO:  --------------------------------------------------
INFO:  TRAIN:epoch = 143/6000 classification_loss = 0.00000 train_time = 0.31
INFO:  ----------
INFO:  late_risk Accuracy: 90.93% val_time = 0.03
INFO:  day_for_shipping Accuracy: 81.28% val_time = 0.03
INFO:  on_time Accuracy: 91.05% val_time = 0.03
INFO:  --------------------------------------------------
INFO:  TRAIN:epoch = 144/6000 classification_loss = 0.00000 train_time = 0.50
INFO:  ----------
INFO:  late_risk Accuracy: 90.08% val_time = 0.03
INFO:  day_for_shipping Accuracy: 76.41% val_time = 0.03
INFO:  on_time Accuracy: 89.65% val_time = 0.03
INFO:  --------------------------------------------------
INFO:  TRAIN:epoch = 145/6000 classification_loss = 0.00000 train_time = 0.31
INFO:  ----------
INFO:  late_risk Accuracy: 91.23% val_time = 0.03
INFO:  day_for_shipping Accuracy: 79.49% val_time = 0.03
INFO:  on_time Accuracy: 91.01% val_time = 0.03
INFO:  --------------------------------------------------
INFO:  TRAIN:epoch = 146/6000 classification_loss = 0.00000 train_time = 0.31
INFO:  ----------
INFO:  late_risk Accuracy: 94.40% val_time = 0.03
INFO:  day_for_shipping Accuracy: 87.15% val_time = 0.03
INFO:  on_time Accuracy: 94.35% val_time = 0.03
INFO:  --------------------------------------------------
INFO:  TRAIN:epoch = 147/6000 classification_loss = 0.00000 train_time = 0.31
INFO:  ----------
INFO:  late_risk Accuracy: 80.74% val_time = 0.03
INFO:  day_for_shipping Accuracy: 61.38% val_time = 0.03
INFO:  on_time Accuracy: 80.37% val_time = 0.03
INFO:  --------------------------------------------------
INFO:  TRAIN:epoch = 148/6000 classification_loss = 0.00000 train_time = 0.31
INFO:  ----------
INFO:  late_risk Accuracy: 73.78% val_time = 0.03
INFO:  day_for_shipping Accuracy: 48.22% val_time = 0.03
INFO:  on_time Accuracy: 73.78% val_time = 0.03
INFO:  --------------------------------------------------
INFO:  TRAIN:epoch = 149/6000 classification_loss = 0.00000 train_time = 0.31
INFO:  ----------
INFO:  late_risk Accuracy: 93.66% val_time = 0.04
INFO:  day_for_shipping Accuracy: 85.28% val_time = 0.04
INFO:  on_time Accuracy: 94.09% val_time = 0.04
INFO:  --------------------------------------------------
INFO:  TRAIN:epoch = 150/6000 classification_loss = 0.00000 train_time = 0.31
INFO:  ----------
INFO:  late_risk Accuracy: 94.37% val_time = 0.03
INFO:  day_for_shipping Accuracy: 87.68% val_time = 0.03
INFO:  on_time Accuracy: 94.27% val_time = 0.03
INFO:  --------------------------------------------------
INFO:  TRAIN:epoch = 151/6000 classification_loss = 0.00000 train_time = 0.31
INFO:  ----------
INFO:  late_risk Accuracy: 80.99% val_time = 0.03
INFO:  day_for_shipping Accuracy: 61.59% val_time = 0.03
INFO:  on_time Accuracy: 80.91% val_time = 0.03
INFO:  --------------------------------------------------
INFO:  TRAIN:epoch = 152/6000 classification_loss = 0.00000 train_time = 0.32
INFO:  ----------
INFO:  late_risk Accuracy: 93.72% val_time = 0.03
INFO:  day_for_shipping Accuracy: 85.88% val_time = 0.03
INFO:  on_time Accuracy: 94.09% val_time = 0.03
INFO:  --------------------------------------------------
INFO:  TRAIN:epoch = 153/6000 classification_loss = 0.00000 train_time = 0.48
INFO:  ----------
INFO:  late_risk Accuracy: 73.37% val_time = 0.03
INFO:  day_for_shipping Accuracy: 47.85% val_time = 0.03
INFO:  on_time Accuracy: 73.56% val_time = 0.03
INFO:  --------------------------------------------------
INFO:  TRAIN:epoch = 154/6000 classification_loss = 0.00000 train_time = 0.31
INFO:  ----------
INFO:  late_risk Accuracy: 94.87% val_time = 0.03
INFO:  day_for_shipping Accuracy: 89.20% val_time = 0.03
INFO:  on_time Accuracy: 95.07% val_time = 0.03
INFO:  ----------
INFO:  best_overall_accuracy: 93.05% 
INFO:  --------------------------------------------------
INFO:  TRAIN:epoch = 155/6000 classification_loss = 0.00000 train_time = 0.31
INFO:  ----------
INFO:  late_risk Accuracy: 87.11% val_time = 0.03
INFO:  day_for_shipping Accuracy: 71.07% val_time = 0.03
INFO:  on_time Accuracy: 86.35% val_time = 0.03
INFO:  --------------------------------------------------
INFO:  TRAIN:epoch = 156/6000 classification_loss = 0.00000 train_time = 0.31
INFO:  ----------
INFO:  late_risk Accuracy: 94.91% val_time = 0.03
INFO:  day_for_shipping Accuracy: 87.62% val_time = 0.03
INFO:  on_time Accuracy: 94.81% val_time = 0.03
INFO:  --------------------------------------------------
INFO:  TRAIN:epoch = 157/6000 classification_loss = 0.00000 train_time = 0.31
INFO:  ----------
INFO:  late_risk Accuracy: 87.76% val_time = 0.03
INFO:  day_for_shipping Accuracy: 72.28% val_time = 0.03
INFO:  on_time Accuracy: 87.89% val_time = 0.03
INFO:  --------------------------------------------------
INFO:  TRAIN:epoch = 158/6000 classification_loss = 0.00000 train_time = 0.31
INFO:  ----------
INFO:  late_risk Accuracy: 89.47% val_time = 0.03
INFO:  day_for_shipping Accuracy: 78.44% val_time = 0.03
INFO:  on_time Accuracy: 89.47% val_time = 0.03
INFO:  --------------------------------------------------
INFO:  TRAIN:epoch = 159/6000 classification_loss = 0.00000 train_time = 0.31
INFO:  ----------
INFO:  late_risk Accuracy: 92.26% val_time = 0.03
INFO:  day_for_shipping Accuracy: 80.97% val_time = 0.03
INFO:  on_time Accuracy: 92.18% val_time = 0.03
INFO:  --------------------------------------------------
INFO:  TRAIN:epoch = 160/6000 classification_loss = 0.00000 train_time = 0.31
INFO:  ----------
INFO:  late_risk Accuracy: 86.88% val_time = 0.03
INFO:  day_for_shipping Accuracy: 71.38% val_time = 0.03
INFO:  on_time Accuracy: 87.19% val_time = 0.03
INFO:  --------------------------------------------------
INFO:  TRAIN:epoch = 161/6000 classification_loss = 0.00000 train_time = 0.49
INFO:  ----------
INFO:  late_risk Accuracy: 92.67% val_time = 0.03
INFO:  day_for_shipping Accuracy: 83.78% val_time = 0.03
INFO:  on_time Accuracy: 92.57% val_time = 0.03
INFO:  --------------------------------------------------
INFO:  TRAIN:epoch = 162/6000 classification_loss = 0.00000 train_time = 0.31
INFO:  ----------
INFO:  late_risk Accuracy: 93.20% val_time = 0.03
INFO:  day_for_shipping Accuracy: 85.01% val_time = 0.03
INFO:  on_time Accuracy: 92.98% val_time = 0.03
INFO:  --------------------------------------------------
INFO:  TRAIN:epoch = 163/6000 classification_loss = 0.00000 train_time = 0.31
INFO:  ----------
INFO:  late_risk Accuracy: 79.27% val_time = 0.03
INFO:  day_for_shipping Accuracy: 57.69% val_time = 0.03
INFO:  on_time Accuracy: 79.14% val_time = 0.03
INFO:  --------------------------------------------------
INFO:  TRAIN:epoch = 164/6000 classification_loss = 0.00000 train_time = 0.31
INFO:  ----------
INFO:  late_risk Accuracy: 81.85% val_time = 0.03
INFO:  day_for_shipping Accuracy: 66.04% val_time = 0.03
INFO:  on_time Accuracy: 82.47% val_time = 0.03
INFO:  --------------------------------------------------
INFO:  TRAIN:epoch = 165/6000 classification_loss = 0.00000 train_time = 0.31
INFO:  ----------
INFO:  late_risk Accuracy: 75.82% val_time = 0.03
INFO:  day_for_shipping Accuracy: 51.94% val_time = 0.03
INFO:  on_time Accuracy: 75.61% val_time = 0.03
INFO:  --------------------------------------------------
INFO:  TRAIN:epoch = 166/6000 classification_loss = 0.00000 train_time = 0.31
INFO:  ----------
INFO:  late_risk Accuracy: 89.84% val_time = 0.03
INFO:  day_for_shipping Accuracy: 76.58% val_time = 0.03
INFO:  on_time Accuracy: 89.34% val_time = 0.03
INFO:  --------------------------------------------------
INFO:  TRAIN:epoch = 167/6000 classification_loss = 0.00000 train_time = 0.31
INFO:  ----------
INFO:  late_risk Accuracy: 94.35% val_time = 0.03
INFO:  day_for_shipping Accuracy: 86.33% val_time = 0.03
INFO:  on_time Accuracy: 94.35% val_time = 0.03
INFO:  --------------------------------------------------
INFO:  TRAIN:epoch = 168/6000 classification_loss = 0.00000 train_time = 0.31
INFO:  ----------
INFO:  late_risk Accuracy: 74.44% val_time = 0.03
INFO:  day_for_shipping Accuracy: 51.96% val_time = 0.03
INFO:  on_time Accuracy: 74.36% val_time = 0.03
INFO:  --------------------------------------------------
INFO:  TRAIN:epoch = 169/6000 classification_loss = 0.00000 train_time = 0.51
INFO:  ----------
INFO:  late_risk Accuracy: 85.92% val_time = 0.03
INFO:  day_for_shipping Accuracy: 71.50% val_time = 0.03
INFO:  on_time Accuracy: 86.04% val_time = 0.03
INFO:  --------------------------------------------------
INFO:  TRAIN:epoch = 170/6000 classification_loss = 0.00000 train_time = 0.31
INFO:  ----------
INFO:  late_risk Accuracy: 76.31% val_time = 0.03
INFO:  day_for_shipping Accuracy: 56.54% val_time = 0.03
INFO:  on_time Accuracy: 76.17% val_time = 0.03
INFO:  --------------------------------------------------
INFO:  TRAIN:epoch = 171/6000 classification_loss = 0.00000 train_time = 0.31
INFO:  ----------
INFO:  late_risk Accuracy: 66.52% val_time = 0.03
INFO:  day_for_shipping Accuracy: 35.25% val_time = 0.03
INFO:  on_time Accuracy: 66.84% val_time = 0.03
INFO:  --------------------------------------------------
INFO:  TRAIN:epoch = 172/6000 classification_loss = 0.00000 train_time = 0.31
INFO:  ----------
INFO:  late_risk Accuracy: 80.09% val_time = 0.03
INFO:  day_for_shipping Accuracy: 56.33% val_time = 0.03
INFO:  on_time Accuracy: 79.84% val_time = 0.03
INFO:  --------------------------------------------------
INFO:  TRAIN:epoch = 173/6000 classification_loss = 0.00000 train_time = 0.31
INFO:  ----------
INFO:  late_risk Accuracy: 65.74% val_time = 0.03
INFO:  day_for_shipping Accuracy: 32.15% val_time = 0.03
INFO:  on_time Accuracy: 65.69% val_time = 0.03
INFO:  --------------------------------------------------
INFO:  TRAIN:epoch = 174/6000 classification_loss = 0.00000 train_time = 0.31
INFO:  ----------
INFO:  late_risk Accuracy: 82.36% val_time = 0.03
INFO:  day_for_shipping Accuracy: 63.03% val_time = 0.03
INFO:  on_time Accuracy: 82.26% val_time = 0.03
INFO:  --------------------------------------------------
INFO:  TRAIN:epoch = 175/6000 classification_loss = 0.00000 train_time = 0.31
INFO:  ----------
INFO:  late_risk Accuracy: 92.08% val_time = 0.03
INFO:  day_for_shipping Accuracy: 80.33% val_time = 0.03
INFO:  on_time Accuracy: 91.77% val_time = 0.03
INFO:  --------------------------------------------------
INFO:  TRAIN:epoch = 176/6000 classification_loss = 0.00000 train_time = 0.32
INFO:  ----------
INFO:  late_risk Accuracy: 91.73% val_time = 0.03
INFO:  day_for_shipping Accuracy: 81.67% val_time = 0.03
INFO:  on_time Accuracy: 91.71% val_time = 0.03
INFO:  --------------------------------------------------
INFO:  TRAIN:epoch = 177/6000 classification_loss = 0.00000 train_time = 0.31
INFO:  ----------
INFO:  late_risk Accuracy: 85.30% val_time = 0.03
INFO:  day_for_shipping Accuracy: 70.11% val_time = 0.03
INFO:  on_time Accuracy: 85.14% val_time = 0.03
INFO:  --------------------------------------------------
INFO:  TRAIN:epoch = 178/6000 classification_loss = 0.00000 train_time = 0.53
INFO:  ----------
INFO:  late_risk Accuracy: 74.48% val_time = 0.03
INFO:  day_for_shipping Accuracy: 52.15% val_time = 0.03
INFO:  on_time Accuracy: 74.15% val_time = 0.03
INFO:  --------------------------------------------------
INFO:  TRAIN:epoch = 179/6000 classification_loss = 0.00000 train_time = 0.32
INFO:  ----------
INFO:  late_risk Accuracy: 94.64% val_time = 0.03
INFO:  day_for_shipping Accuracy: 87.15% val_time = 0.03
INFO:  on_time Accuracy: 94.62% val_time = 0.03
INFO:  --------------------------------------------------
INFO:  TRAIN:epoch = 180/6000 classification_loss = 0.00000 train_time = 0.31
INFO:  ----------
INFO:  late_risk Accuracy: 88.67% val_time = 0.03
INFO:  day_for_shipping Accuracy: 74.65% val_time = 0.03
INFO:  on_time Accuracy: 88.56% val_time = 0.03
INFO:  --------------------------------------------------
INFO:  TRAIN:epoch = 181/6000 classification_loss = 0.00000 train_time = 0.32
INFO:  ----------
INFO:  late_risk Accuracy: 93.10% val_time = 0.03
INFO:  day_for_shipping Accuracy: 83.17% val_time = 0.03
INFO:  on_time Accuracy: 93.04% val_time = 0.03
INFO:  --------------------------------------------------
INFO:  TRAIN:epoch = 182/6000 classification_loss = 0.00000 train_time = 0.31
INFO:  ----------
INFO:  late_risk Accuracy: 80.97% val_time = 0.03
INFO:  day_for_shipping Accuracy: 57.81% val_time = 0.03
INFO:  on_time Accuracy: 81.38% val_time = 0.03
INFO:  --------------------------------------------------
INFO:  TRAIN:epoch = 183/6000 classification_loss = 0.00000 train_time = 0.31
INFO:  ----------
INFO:  late_risk Accuracy: 93.43% val_time = 0.03
INFO:  day_for_shipping Accuracy: 84.40% val_time = 0.03
INFO:  on_time Accuracy: 93.53% val_time = 0.03
INFO:  --------------------------------------------------
INFO:  TRAIN:epoch = 184/6000 classification_loss = 0.00000 train_time = 0.31
INFO:  ----------
INFO:  late_risk Accuracy: 71.16% val_time = 0.03
INFO:  day_for_shipping Accuracy: 46.07% val_time = 0.03
INFO:  on_time Accuracy: 71.51% val_time = 0.03
INFO:  --------------------------------------------------
INFO:  TRAIN:epoch = 185/6000 classification_loss = 0.00000 train_time = 0.31
INFO:  ----------
INFO:  late_risk Accuracy: 94.72% val_time = 0.03
INFO:  day_for_shipping Accuracy: 87.21% val_time = 0.03
INFO:  on_time Accuracy: 94.74% val_time = 0.03
INFO:  --------------------------------------------------
INFO:  TRAIN:epoch = 186/6000 classification_loss = 0.00000 train_time = 0.52
INFO:  ----------
INFO:  late_risk Accuracy: 73.06% val_time = 0.03
INFO:  day_for_shipping Accuracy: 47.14% val_time = 0.03
INFO:  on_time Accuracy: 72.82% val_time = 0.03
INFO:  --------------------------------------------------
INFO:  TRAIN:epoch = 187/6000 classification_loss = 0.00000 train_time = 0.31
INFO:  ----------
INFO:  late_risk Accuracy: 81.52% val_time = 0.03
INFO:  day_for_shipping Accuracy: 59.00% val_time = 0.03
INFO:  on_time Accuracy: 81.24% val_time = 0.03
INFO:  --------------------------------------------------
INFO:  TRAIN:epoch = 188/6000 classification_loss = 0.00000 train_time = 0.33
INFO:  ----------
INFO:  late_risk Accuracy: 84.71% val_time = 0.04
INFO:  day_for_shipping Accuracy: 69.90% val_time = 0.04
INFO:  on_time Accuracy: 84.68% val_time = 0.04
INFO:  --------------------------------------------------
INFO:  TRAIN:epoch = 189/6000 classification_loss = 0.00000 train_time = 0.37
INFO:  ----------
INFO:  late_risk Accuracy: 94.89% val_time = 0.04
INFO:  day_for_shipping Accuracy: 88.30% val_time = 0.04
INFO:  on_time Accuracy: 94.64% val_time = 0.04
INFO:  --------------------------------------------------
INFO:  TRAIN:epoch = 190/6000 classification_loss = 0.00000 train_time = 0.37
INFO:  ----------
INFO:  late_risk Accuracy: 82.98% val_time = 0.04
INFO:  day_for_shipping Accuracy: 64.79% val_time = 0.04
INFO:  on_time Accuracy: 82.86% val_time = 0.04
INFO:  --------------------------------------------------
INFO:  TRAIN:epoch = 191/6000 classification_loss = 0.00000 train_time = 0.37
INFO:  ----------
INFO:  late_risk Accuracy: 95.44% val_time = 0.04
INFO:  day_for_shipping Accuracy: 89.14% val_time = 0.04
INFO:  on_time Accuracy: 95.52% val_time = 0.04
INFO:  ----------
INFO:  best_overall_accuracy: 93.36% 
INFO:  --------------------------------------------------
INFO:  TRAIN:epoch = 192/6000 classification_loss = 0.00000 train_time = 0.36
INFO:  ----------
INFO:  late_risk Accuracy: 90.31% val_time = 0.04
INFO:  day_for_shipping Accuracy: 81.03% val_time = 0.04
INFO:  on_time Accuracy: 90.84% val_time = 0.04
INFO:  --------------------------------------------------
INFO:  TRAIN:epoch = 193/6000 classification_loss = 0.00000 train_time = 0.36
INFO:  ----------
INFO:  late_risk Accuracy: 83.25% val_time = 0.04
INFO:  day_for_shipping Accuracy: 65.43% val_time = 0.04
INFO:  on_time Accuracy: 83.23% val_time = 0.04
INFO:  --------------------------------------------------
INFO:  TRAIN:epoch = 194/6000 classification_loss = 0.00000 train_time = 0.36
INFO:  ----------
INFO:  late_risk Accuracy: 94.83% val_time = 0.04
INFO:  day_for_shipping Accuracy: 88.56% val_time = 0.04
INFO:  on_time Accuracy: 94.85% val_time = 0.04
INFO:  --------------------------------------------------
INFO:  TRAIN:epoch = 195/6000 classification_loss = 0.00000 train_time = 0.53
INFO:  ----------
INFO:  late_risk Accuracy: 77.36% val_time = 0.04
INFO:  day_for_shipping Accuracy: 58.92% val_time = 0.04
INFO:  on_time Accuracy: 77.38% val_time = 0.04
INFO:  --------------------------------------------------
INFO:  TRAIN:epoch = 196/6000 classification_loss = 0.00000 train_time = 0.37
INFO:  ----------
INFO:  late_risk Accuracy: 94.54% val_time = 0.04
INFO:  day_for_shipping Accuracy: 87.25% val_time = 0.04
INFO:  on_time Accuracy: 94.35% val_time = 0.04
INFO:  --------------------------------------------------
INFO:  TRAIN:epoch = 197/6000 classification_loss = 0.00000 train_time = 0.37
INFO:  ----------
INFO:  late_risk Accuracy: 90.04% val_time = 0.04
INFO:  day_for_shipping Accuracy: 78.63% val_time = 0.04
INFO:  on_time Accuracy: 90.31% val_time = 0.04
INFO:  --------------------------------------------------
INFO:  TRAIN:epoch = 198/6000 classification_loss = 0.00000 train_time = 0.36
INFO:  ----------
INFO:  late_risk Accuracy: 88.63% val_time = 0.04
INFO:  day_for_shipping Accuracy: 76.21% val_time = 0.04
INFO:  on_time Accuracy: 88.61% val_time = 0.04
INFO:  --------------------------------------------------
INFO:  TRAIN:epoch = 199/6000 classification_loss = 0.00000 train_time = 0.31
INFO:  ----------
INFO:  late_risk Accuracy: 95.20% val_time = 0.03
INFO:  day_for_shipping Accuracy: 88.95% val_time = 0.03
INFO:  on_time Accuracy: 95.11% val_time = 0.03
INFO:  --------------------------------------------------
INFO:  TRAIN:epoch = 200/6000 classification_loss = 0.00000 train_time = 0.31
INFO:  ----------
INFO:  late_risk Accuracy: 78.53% val_time = 0.03
INFO:  day_for_shipping Accuracy: 59.08% val_time = 0.03
INFO:  on_time Accuracy: 79.24% val_time = 0.03
INFO:  --------------------------------------------------
INFO:  TRAIN:epoch = 201/6000 classification_loss = 0.00000 train_time = 0.31
INFO:  ----------
INFO:  late_risk Accuracy: 92.59% val_time = 0.03
INFO:  day_for_shipping Accuracy: 84.32% val_time = 0.03
INFO:  on_time Accuracy: 92.03% val_time = 0.03
INFO:  --------------------------------------------------
INFO:  TRAIN:epoch = 202/6000 classification_loss = 0.00000 train_time = 0.31
INFO:  ----------
INFO:  late_risk Accuracy: 68.84% val_time = 0.03
INFO:  day_for_shipping Accuracy: 49.62% val_time = 0.03
INFO:  on_time Accuracy: 69.23% val_time = 0.03
INFO:  --------------------------------------------------
INFO:  TRAIN:epoch = 203/6000 classification_loss = 0.00000 train_time = 0.48
INFO:  ----------
INFO:  late_risk Accuracy: 89.37% val_time = 0.03
INFO:  day_for_shipping Accuracy: 77.87% val_time = 0.03
INFO:  on_time Accuracy: 89.76% val_time = 0.03
INFO:  --------------------------------------------------
INFO:  TRAIN:epoch = 204/6000 classification_loss = 0.00000 train_time = 0.31
INFO:  ----------
INFO:  late_risk Accuracy: 75.08% val_time = 0.03
INFO:  day_for_shipping Accuracy: 49.78% val_time = 0.03
INFO:  on_time Accuracy: 75.08% val_time = 0.03
INFO:  --------------------------------------------------
INFO:  TRAIN:epoch = 205/6000 classification_loss = 0.00000 train_time = 0.31
INFO:  ----------
INFO:  late_risk Accuracy: 87.95% val_time = 0.03
INFO:  day_for_shipping Accuracy: 77.44% val_time = 0.03
INFO:  on_time Accuracy: 87.81% val_time = 0.03
INFO:  --------------------------------------------------
INFO:  TRAIN:epoch = 206/6000 classification_loss = 0.00000 train_time = 0.31
INFO:  ----------
INFO:  late_risk Accuracy: 90.47% val_time = 0.03
INFO:  day_for_shipping Accuracy: 78.67% val_time = 0.03
INFO:  on_time Accuracy: 90.80% val_time = 0.03
INFO:  --------------------------------------------------
INFO:  TRAIN:epoch = 207/6000 classification_loss = 0.00000 train_time = 0.31
INFO:  ----------
INFO:  late_risk Accuracy: 94.35% val_time = 0.03
INFO:  day_for_shipping Accuracy: 88.22% val_time = 0.03
INFO:  on_time Accuracy: 94.70% val_time = 0.03
INFO:  --------------------------------------------------
INFO:  TRAIN:epoch = 208/6000 classification_loss = 0.00000 train_time = 0.31
INFO:  ----------
INFO:  late_risk Accuracy: 63.29% val_time = 0.03
INFO:  day_for_shipping Accuracy: 46.89% val_time = 0.03
INFO:  on_time Accuracy: 63.09% val_time = 0.03
INFO:  --------------------------------------------------
INFO:  TRAIN:epoch = 209/6000 classification_loss = 0.00000 train_time = 0.31
INFO:  ----------
INFO:  late_risk Accuracy: 89.28% val_time = 0.03
INFO:  day_for_shipping Accuracy: 76.47% val_time = 0.03
INFO:  on_time Accuracy: 88.22% val_time = 0.03
INFO:  --------------------------------------------------
INFO:  TRAIN:epoch = 210/6000 classification_loss = 0.00000 train_time = 0.31
INFO:  ----------
INFO:  late_risk Accuracy: 87.19% val_time = 0.03
INFO:  day_for_shipping Accuracy: 74.87% val_time = 0.03
INFO:  on_time Accuracy: 86.98% val_time = 0.03
INFO:  --------------------------------------------------
INFO:  TRAIN:epoch = 211/6000 classification_loss = 0.00000 train_time = 0.48
INFO:  ----------
INFO:  late_risk Accuracy: 92.77% val_time = 0.03
INFO:  day_for_shipping Accuracy: 84.03% val_time = 0.03
INFO:  on_time Accuracy: 92.96% val_time = 0.03
INFO:  --------------------------------------------------
INFO:  TRAIN:epoch = 212/6000 classification_loss = 0.00000 train_time = 0.31
INFO:  ----------
INFO:  late_risk Accuracy: 63.70% val_time = 0.03
INFO:  day_for_shipping Accuracy: 31.43% val_time = 0.03
INFO:  on_time Accuracy: 63.85% val_time = 0.03
INFO:  --------------------------------------------------
INFO:  TRAIN:epoch = 213/6000 classification_loss = 0.00000 train_time = 0.31
INFO:  ----------
INFO:  late_risk Accuracy: 69.19% val_time = 0.03
INFO:  day_for_shipping Accuracy: 38.51% val_time = 0.03
INFO:  on_time Accuracy: 68.71% val_time = 0.03
INFO:  --------------------------------------------------
INFO:  TRAIN:epoch = 214/6000 classification_loss = 0.00000 train_time = 0.31
INFO:  ----------
INFO:  late_risk Accuracy: 93.37% val_time = 0.03
INFO:  day_for_shipping Accuracy: 85.34% val_time = 0.03
INFO:  on_time Accuracy: 93.18% val_time = 0.03
INFO:  --------------------------------------------------
INFO:  TRAIN:epoch = 215/6000 classification_loss = 0.00000 train_time = 0.31
INFO:  ----------
INFO:  late_risk Accuracy: 90.27% val_time = 0.03
INFO:  day_for_shipping Accuracy: 77.58% val_time = 0.03
INFO:  on_time Accuracy: 90.25% val_time = 0.03
INFO:  --------------------------------------------------
INFO:  TRAIN:epoch = 216/6000 classification_loss = 0.00000 train_time = 0.31
INFO:  ----------
INFO:  late_risk Accuracy: 95.55% val_time = 0.03
INFO:  day_for_shipping Accuracy: 89.59% val_time = 0.03
INFO:  on_time Accuracy: 95.75% val_time = 0.03
INFO:  ----------
INFO:  best_overall_accuracy: 93.63% 
INFO:  --------------------------------------------------
INFO:  TRAIN:epoch = 217/6000 classification_loss = 0.00000 train_time = 0.31
INFO:  ----------
INFO:  late_risk Accuracy: 95.16% val_time = 0.03
INFO:  day_for_shipping Accuracy: 89.28% val_time = 0.03
INFO:  on_time Accuracy: 95.03% val_time = 0.03
INFO:  --------------------------------------------------
INFO:  TRAIN:epoch = 218/6000 classification_loss = 0.00000 train_time = 0.31
INFO:  ----------
INFO:  late_risk Accuracy: 73.66% val_time = 0.03
INFO:  day_for_shipping Accuracy: 51.22% val_time = 0.03
INFO:  on_time Accuracy: 73.72% val_time = 0.03
INFO:  --------------------------------------------------
INFO:  TRAIN:epoch = 219/6000 classification_loss = 0.00000 train_time = 0.31
INFO:  ----------
INFO:  late_risk Accuracy: 69.16% val_time = 0.03
INFO:  day_for_shipping Accuracy: 41.72% val_time = 0.03
INFO:  on_time Accuracy: 69.06% val_time = 0.03
INFO:  --------------------------------------------------
INFO:  TRAIN:epoch = 220/6000 classification_loss = 0.00000 train_time = 0.47
INFO:  ----------
INFO:  late_risk Accuracy: 92.73% val_time = 0.03
INFO:  day_for_shipping Accuracy: 84.52% val_time = 0.03
INFO:  on_time Accuracy: 92.71% val_time = 0.03
INFO:  --------------------------------------------------
INFO:  TRAIN:epoch = 221/6000 classification_loss = 0.00000 train_time = 0.31
INFO:  ----------
INFO:  late_risk Accuracy: 86.10% val_time = 0.03
INFO:  day_for_shipping Accuracy: 72.82% val_time = 0.03
INFO:  on_time Accuracy: 86.20% val_time = 0.03
INFO:  --------------------------------------------------
INFO:  TRAIN:epoch = 222/6000 classification_loss = 0.00000 train_time = 0.31
INFO:  ----------
INFO:  late_risk Accuracy: 93.37% val_time = 0.03
INFO:  day_for_shipping Accuracy: 86.68% val_time = 0.03
INFO:  on_time Accuracy: 93.57% val_time = 0.03
INFO:  --------------------------------------------------
INFO:  TRAIN:epoch = 223/6000 classification_loss = 0.00000 train_time = 0.31
INFO:  ----------
INFO:  late_risk Accuracy: 92.73% val_time = 0.03
INFO:  day_for_shipping Accuracy: 83.64% val_time = 0.03
INFO:  on_time Accuracy: 92.86% val_time = 0.03
INFO:  --------------------------------------------------
INFO:  TRAIN:epoch = 224/6000 classification_loss = 0.00000 train_time = 0.31
INFO:  ----------
INFO:  late_risk Accuracy: 91.05% val_time = 0.03
INFO:  day_for_shipping Accuracy: 80.85% val_time = 0.03
INFO:  on_time Accuracy: 91.23% val_time = 0.03
INFO:  --------------------------------------------------
INFO:  TRAIN:epoch = 225/6000 classification_loss = 0.00000 train_time = 0.31
INFO:  ----------
INFO:  late_risk Accuracy: 88.91% val_time = 0.03
INFO:  day_for_shipping Accuracy: 73.15% val_time = 0.03
INFO:  on_time Accuracy: 88.89% val_time = 0.03
INFO:  --------------------------------------------------
INFO:  TRAIN:epoch = 226/6000 classification_loss = 0.00000 train_time = 0.31
INFO:  ----------
INFO:  late_risk Accuracy: 94.50% val_time = 0.03
INFO:  day_for_shipping Accuracy: 87.91% val_time = 0.03
INFO:  on_time Accuracy: 94.79% val_time = 0.03
INFO:  --------------------------------------------------
INFO:  TRAIN:epoch = 227/6000 classification_loss = 0.00000 train_time = 0.31
INFO:  ----------
INFO:  late_risk Accuracy: 83.84% val_time = 0.03
INFO:  day_for_shipping Accuracy: 70.03% val_time = 0.03
INFO:  on_time Accuracy: 83.54% val_time = 0.03
INFO:  --------------------------------------------------
INFO:  TRAIN:epoch = 228/6000 classification_loss = 0.00000 train_time = 0.47
INFO:  ----------
INFO:  late_risk Accuracy: 81.07% val_time = 0.03
INFO:  day_for_shipping Accuracy: 55.08% val_time = 0.03
INFO:  on_time Accuracy: 81.05% val_time = 0.03
INFO:  --------------------------------------------------
INFO:  TRAIN:epoch = 229/6000 classification_loss = 0.00000 train_time = 0.33
INFO:  ----------
INFO:  late_risk Accuracy: 62.33% val_time = 0.04
INFO:  day_for_shipping Accuracy: 28.43% val_time = 0.04
INFO:  on_time Accuracy: 62.23% val_time = 0.04
INFO:  --------------------------------------------------
INFO:  TRAIN:epoch = 230/6000 classification_loss = 0.00000 train_time = 0.37
INFO:  ----------
INFO:  late_risk Accuracy: 94.79% val_time = 0.04
INFO:  day_for_shipping Accuracy: 87.66% val_time = 0.04
INFO:  on_time Accuracy: 94.66% val_time = 0.04
INFO:  --------------------------------------------------
INFO:  TRAIN:epoch = 231/6000 classification_loss = 0.00000 train_time = 0.37
INFO:  ----------
INFO:  late_risk Accuracy: 94.03% val_time = 0.04
INFO:  day_for_shipping Accuracy: 87.42% val_time = 0.04
INFO:  on_time Accuracy: 94.05% val_time = 0.04
INFO:  --------------------------------------------------
INFO:  TRAIN:epoch = 232/6000 classification_loss = 0.00000 train_time = 0.37
INFO:  ----------
INFO:  late_risk Accuracy: 69.27% val_time = 0.04
INFO:  day_for_shipping Accuracy: 40.28% val_time = 0.04
INFO:  on_time Accuracy: 68.88% val_time = 0.04
INFO:  --------------------------------------------------
INFO:  TRAIN:epoch = 233/6000 classification_loss = 0.00000 train_time = 0.37
INFO:  ----------
INFO:  late_risk Accuracy: 63.07% val_time = 0.04
INFO:  day_for_shipping Accuracy: 27.39% val_time = 0.04
INFO:  on_time Accuracy: 62.88% val_time = 0.04
INFO:  --------------------------------------------------
INFO:  TRAIN:epoch = 234/6000 classification_loss = 0.00000 train_time = 0.38
INFO:  ----------
INFO:  late_risk Accuracy: 94.52% val_time = 0.04
INFO:  day_for_shipping Accuracy: 87.00% val_time = 0.04
INFO:  on_time Accuracy: 94.44% val_time = 0.04
INFO:  --------------------------------------------------
INFO:  TRAIN:epoch = 235/6000 classification_loss = 0.00000 train_time = 0.37
INFO:  ----------
INFO:  late_risk Accuracy: 94.81% val_time = 0.04
INFO:  day_for_shipping Accuracy: 89.24% val_time = 0.04
INFO:  on_time Accuracy: 94.89% val_time = 0.04
INFO:  --------------------------------------------------
INFO:  TRAIN:epoch = 236/6000 classification_loss = 0.00000 train_time = 0.53
INFO:  ----------
INFO:  late_risk Accuracy: 76.35% val_time = 0.04
INFO:  day_for_shipping Accuracy: 54.79% val_time = 0.04
INFO:  on_time Accuracy: 76.47% val_time = 0.04
INFO:  --------------------------------------------------
INFO:  TRAIN:epoch = 237/6000 classification_loss = 0.00000 train_time = 0.37
INFO:  ----------
INFO:  late_risk Accuracy: 94.37% val_time = 0.04
INFO:  day_for_shipping Accuracy: 87.13% val_time = 0.04
INFO:  on_time Accuracy: 94.33% val_time = 0.04
INFO:  --------------------------------------------------
INFO:  TRAIN:epoch = 238/6000 classification_loss = 0.00000 train_time = 0.37
INFO:  ----------
INFO:  late_risk Accuracy: 88.56% val_time = 0.04
INFO:  day_for_shipping Accuracy: 76.14% val_time = 0.04
INFO:  on_time Accuracy: 88.38% val_time = 0.04
INFO:  --------------------------------------------------
INFO:  TRAIN:epoch = 239/6000 classification_loss = 0.00000 train_time = 0.37
INFO:  ----------
INFO:  late_risk Accuracy: 64.32% val_time = 0.04
INFO:  day_for_shipping Accuracy: 29.83% val_time = 0.04
INFO:  on_time Accuracy: 64.44% val_time = 0.04
INFO:  --------------------------------------------------
INFO:  TRAIN:epoch = 240/6000 classification_loss = 0.00000 train_time = 0.37
INFO:  ----------
INFO:  late_risk Accuracy: 95.09% val_time = 0.04
INFO:  day_for_shipping Accuracy: 88.52% val_time = 0.04
INFO:  on_time Accuracy: 95.34% val_time = 0.04
INFO:  --------------------------------------------------
INFO:  TRAIN:epoch = 241/6000 classification_loss = 0.00000 train_time = 0.37
INFO:  ----------
INFO:  late_risk Accuracy: 95.13% val_time = 0.04
INFO:  day_for_shipping Accuracy: 85.51% val_time = 0.04
INFO:  on_time Accuracy: 95.13% val_time = 0.04
INFO:  --------------------------------------------------
INFO:  TRAIN:epoch = 242/6000 classification_loss = 0.00000 train_time = 0.37
INFO:  ----------
INFO:  late_risk Accuracy: 86.43% val_time = 0.04
INFO:  day_for_shipping Accuracy: 76.37% val_time = 0.04
INFO:  on_time Accuracy: 86.35% val_time = 0.04
INFO:  --------------------------------------------------
INFO:  TRAIN:epoch = 243/6000 classification_loss = 0.00000 train_time = 0.37
INFO:  ----------
INFO:  late_risk Accuracy: 91.77% val_time = 0.04
INFO:  day_for_shipping Accuracy: 81.01% val_time = 0.04
INFO:  on_time Accuracy: 91.62% val_time = 0.04
INFO:  --------------------------------------------------
INFO:  TRAIN:epoch = 244/6000 classification_loss = 0.00000 train_time = 0.37
INFO:  ----------
INFO:  late_risk Accuracy: 72.74% val_time = 0.04
INFO:  day_for_shipping Accuracy: 44.94% val_time = 0.04
INFO:  on_time Accuracy: 72.65% val_time = 0.04
INFO:  --------------------------------------------------
INFO:  TRAIN:epoch = 245/6000 classification_loss = 0.00000 train_time = 0.61
INFO:  ----------
INFO:  late_risk Accuracy: 82.02% val_time = 0.04
INFO:  day_for_shipping Accuracy: 67.03% val_time = 0.04
INFO:  on_time Accuracy: 81.67% val_time = 0.04
INFO:  --------------------------------------------------
INFO:  TRAIN:epoch = 246/6000 classification_loss = 0.00000 train_time = 0.37
INFO:  ----------
INFO:  late_risk Accuracy: 90.64% val_time = 0.04
INFO:  day_for_shipping Accuracy: 78.71% val_time = 0.04
INFO:  on_time Accuracy: 90.93% val_time = 0.04
INFO:  --------------------------------------------------
INFO:  TRAIN:epoch = 247/6000 classification_loss = 0.00000 train_time = 0.37
INFO:  ----------
INFO:  late_risk Accuracy: 85.18% val_time = 0.04
INFO:  day_for_shipping Accuracy: 66.74% val_time = 0.04
INFO:  on_time Accuracy: 85.14% val_time = 0.04
INFO:  --------------------------------------------------
INFO:  TRAIN:epoch = 248/6000 classification_loss = 0.00000 train_time = 0.37
INFO:  ----------
INFO:  late_risk Accuracy: 82.06% val_time = 0.04
INFO:  day_for_shipping Accuracy: 61.18% val_time = 0.04
INFO:  on_time Accuracy: 82.08% val_time = 0.04
INFO:  --------------------------------------------------
INFO:  TRAIN:epoch = 249/6000 classification_loss = 0.00000 train_time = 0.37
INFO:  ----------
INFO:  late_risk Accuracy: 88.73% val_time = 0.04
INFO:  day_for_shipping Accuracy: 77.95% val_time = 0.04
INFO:  on_time Accuracy: 88.61% val_time = 0.04
INFO:  --------------------------------------------------
INFO:  TRAIN:epoch = 250/6000 classification_loss = 0.00000 train_time = 0.36
INFO:  ----------
INFO:  late_risk Accuracy: 86.10% val_time = 0.04
INFO:  day_for_shipping Accuracy: 67.58% val_time = 0.04
INFO:  on_time Accuracy: 86.06% val_time = 0.04
INFO:  --------------------------------------------------
INFO:  TRAIN:epoch = 251/6000 classification_loss = 0.00000 train_time = 0.37
INFO:  ----------
INFO:  late_risk Accuracy: 70.56% val_time = 0.04
INFO:  day_for_shipping Accuracy: 39.72% val_time = 0.04
INFO:  on_time Accuracy: 70.13% val_time = 0.04
INFO:  --------------------------------------------------
INFO:  TRAIN:epoch = 252/6000 classification_loss = 0.00000 train_time = 0.37
INFO:  ----------
INFO:  late_risk Accuracy: 91.69% val_time = 0.04
INFO:  day_for_shipping Accuracy: 82.98% val_time = 0.04
INFO:  on_time Accuracy: 91.93% val_time = 0.04
INFO:  --------------------------------------------------
INFO:  TRAIN:epoch = 253/6000 classification_loss = 0.00000 train_time = 0.53
INFO:  ----------
INFO:  late_risk Accuracy: 94.01% val_time = 0.04
INFO:  day_for_shipping Accuracy: 85.20% val_time = 0.04
INFO:  on_time Accuracy: 94.25% val_time = 0.04
INFO:  --------------------------------------------------
INFO:  TRAIN:epoch = 254/6000 classification_loss = 0.00000 train_time = 0.37
INFO:  ----------
INFO:  late_risk Accuracy: 86.31% val_time = 0.04
INFO:  day_for_shipping Accuracy: 72.33% val_time = 0.04
INFO:  on_time Accuracy: 86.29% val_time = 0.04
INFO:  --------------------------------------------------
INFO:  TRAIN:epoch = 255/6000 classification_loss = 0.00000 train_time = 0.37
INFO:  ----------
INFO:  late_risk Accuracy: 94.83% val_time = 0.04
INFO:  day_for_shipping Accuracy: 89.65% val_time = 0.04
INFO:  on_time Accuracy: 94.72% val_time = 0.04
INFO:  --------------------------------------------------
INFO:  TRAIN:epoch = 256/6000 classification_loss = 0.00000 train_time = 0.37
INFO:  ----------
INFO:  late_risk Accuracy: 93.94% val_time = 0.04
INFO:  day_for_shipping Accuracy: 86.96% val_time = 0.04
INFO:  on_time Accuracy: 93.60% val_time = 0.04
INFO:  --------------------------------------------------
INFO:  TRAIN:epoch = 257/6000 classification_loss = 0.00000 train_time = 0.36
INFO:  ----------
INFO:  late_risk Accuracy: 95.42% val_time = 0.04
INFO:  day_for_shipping Accuracy: 89.74% val_time = 0.04
INFO:  on_time Accuracy: 95.34% val_time = 0.04
INFO:  --------------------------------------------------
INFO:  TRAIN:epoch = 258/6000 classification_loss = 0.00000 train_time = 0.36
INFO:  ----------
INFO:  late_risk Accuracy: 76.04% val_time = 0.04
INFO:  day_for_shipping Accuracy: 48.82% val_time = 0.04
INFO:  on_time Accuracy: 75.67% val_time = 0.04
INFO:  --------------------------------------------------
INFO:  TRAIN:epoch = 259/6000 classification_loss = 0.00000 train_time = 0.36
INFO:  ----------
INFO:  late_risk Accuracy: 92.08% val_time = 0.04
INFO:  day_for_shipping Accuracy: 83.78% val_time = 0.04
INFO:  on_time Accuracy: 92.14% val_time = 0.04
INFO:  --------------------------------------------------
INFO:  TRAIN:epoch = 260/6000 classification_loss = 0.00000 train_time = 0.37
INFO:  ----------
INFO:  late_risk Accuracy: 83.00% val_time = 0.04
INFO:  day_for_shipping Accuracy: 65.12% val_time = 0.04
INFO:  on_time Accuracy: 82.84% val_time = 0.04
INFO:  --------------------------------------------------
INFO:  TRAIN:epoch = 261/6000 classification_loss = 0.00000 train_time = 0.37
INFO:  ----------
INFO:  late_risk Accuracy: 94.48% val_time = 0.04
INFO:  day_for_shipping Accuracy: 88.01% val_time = 0.04
INFO:  on_time Accuracy: 94.37% val_time = 0.04
INFO:  --------------------------------------------------
INFO:  TRAIN:epoch = 262/6000 classification_loss = 0.00000 train_time = 0.56
INFO:  ----------
INFO:  late_risk Accuracy: 68.53% val_time = 0.03
INFO:  day_for_shipping Accuracy: 46.15% val_time = 0.03
INFO:  on_time Accuracy: 68.26% val_time = 0.03
INFO:  --------------------------------------------------
INFO:  TRAIN:epoch = 263/6000 classification_loss = 0.00000 train_time = 0.33
INFO:  ----------
INFO:  late_risk Accuracy: 66.74% val_time = 0.03
INFO:  day_for_shipping Accuracy: 31.45% val_time = 0.03
INFO:  on_time Accuracy: 65.94% val_time = 0.03
INFO:  --------------------------------------------------
INFO:  TRAIN:epoch = 264/6000 classification_loss = 0.00000 train_time = 0.32
INFO:  ----------
INFO:  late_risk Accuracy: 82.39% val_time = 0.03
INFO:  day_for_shipping Accuracy: 66.78% val_time = 0.03
INFO:  on_time Accuracy: 82.75% val_time = 0.03
INFO:  --------------------------------------------------
INFO:  TRAIN:epoch = 265/6000 classification_loss = 0.00000 train_time = 0.33
INFO:  ----------
INFO:  late_risk Accuracy: 75.00% val_time = 0.03
INFO:  day_for_shipping Accuracy: 48.74% val_time = 0.03
INFO:  on_time Accuracy: 74.99% val_time = 0.03
INFO:  --------------------------------------------------
INFO:  TRAIN:epoch = 266/6000 classification_loss = 0.00000 train_time = 0.32
INFO:  ----------
INFO:  late_risk Accuracy: 82.75% val_time = 0.04
INFO:  day_for_shipping Accuracy: 62.74% val_time = 0.04
INFO:  on_time Accuracy: 83.15% val_time = 0.04
INFO:  --------------------------------------------------
INFO:  TRAIN:epoch = 267/6000 classification_loss = 0.00000 train_time = 0.32
INFO:  ----------
INFO:  late_risk Accuracy: 86.98% val_time = 0.03
INFO:  day_for_shipping Accuracy: 75.32% val_time = 0.03
INFO:  on_time Accuracy: 86.64% val_time = 0.03
INFO:  simulator training stage cost time: 112.94996976852417
INFO:  best_acc1 0.955546890232014
INFO:  best_acc2 0.8958861376486644
INFO:  best_acc3 0.9574965880288555
INFO:  best_overall_accuracy 0.9363098719698447
