INFO:  --------------------------------Een Init----------------------------------
INFO:  Code will run in cuda:0
INFO:  --------------------------------Dataset Init------------------------------
INFO:  --------------------------------Model Init--------------------------------
INFO:  --------------------------------Session Init------------------------------
INFO:  ------------------------------------ Main --------------------------------
INFO:  --------------------------------------------------
INFO:  TRAIN:epoch = 0/6000 classification_loss = 0.00000 train_time = 1.38
INFO:  ----------
INFO:  Late_delivery_risk Accuracy: 57.13% val_time = 1762661083.90
INFO:  Days for shipping (real) Accuracy: 15.90% val_time = 1762661083.90
INFO:  on_time Accuracy: 81.55% val_time = 1762661083.90
INFO:  ----------
INFO:  best_overall_accuracy: 51.53% 
INFO:  --------------------------------------------------
INFO:  TRAIN:epoch = 1/6000 classification_loss = 0.00000 train_time = 0.79
INFO:  ----------
INFO:  Late_delivery_risk Accuracy: 42.87% val_time = 1762661084.76
INFO:  Days for shipping (real) Accuracy: 15.90% val_time = 1762661084.76
INFO:  on_time Accuracy: 81.55% val_time = 1762661084.76
INFO:  --------------------------------------------------
INFO:  TRAIN:epoch = 2/6000 classification_loss = 0.00000 train_time = 0.64
INFO:  ----------
INFO:  Late_delivery_risk Accuracy: 57.13% val_time = 1762661085.48
INFO:  Days for shipping (real) Accuracy: 15.90% val_time = 1762661085.48
INFO:  on_time Accuracy: 81.55% val_time = 1762661085.48
INFO:  --------------------------------------------------
INFO:  TRAIN:epoch = 3/6000 classification_loss = 0.00000 train_time = 0.78
INFO:  ----------
INFO:  Late_delivery_risk Accuracy: 57.13% val_time = 1762661086.33
INFO:  Days for shipping (real) Accuracy: 15.32% val_time = 1762661086.33
INFO:  on_time Accuracy: 81.55% val_time = 1762661086.33
INFO:  --------------------------------------------------
INFO:  TRAIN:epoch = 4/6000 classification_loss = 0.00000 train_time = 0.64
INFO:  ----------
INFO:  Late_delivery_risk Accuracy: 57.13% val_time = 1762661087.05
INFO:  Days for shipping (real) Accuracy: 16.07% val_time = 1762661087.05
INFO:  on_time Accuracy: 81.55% val_time = 1762661087.05
INFO:  ----------
INFO:  best_overall_accuracy: 51.58% 
INFO:  --------------------------------------------------
INFO:  TRAIN:epoch = 5/6000 classification_loss = 0.00000 train_time = 0.64
INFO:  ----------
INFO:  Late_delivery_risk Accuracy: 57.13% val_time = 1762661087.77
INFO:  Days for shipping (real) Accuracy: 15.90% val_time = 1762661087.77
INFO:  on_time Accuracy: 81.55% val_time = 1762661087.77
INFO:  --------------------------------------------------
INFO:  TRAIN:epoch = 6/6000 classification_loss = 0.00000 train_time = 0.78
INFO:  ----------
INFO:  Late_delivery_risk Accuracy: 42.87% val_time = 1762661088.62
INFO:  Days for shipping (real) Accuracy: 16.13% val_time = 1762661088.62
INFO:  on_time Accuracy: 81.55% val_time = 1762661088.62
INFO:  --------------------------------------------------
INFO:  TRAIN:epoch = 7/6000 classification_loss = 0.00000 train_time = 0.64
INFO:  ----------
INFO:  Late_delivery_risk Accuracy: 70.13% val_time = 1762661089.34
INFO:  Days for shipping (real) Accuracy: 34.03% val_time = 1762661089.34
INFO:  on_time Accuracy: 81.61% val_time = 1762661089.34
INFO:  ----------
INFO:  best_overall_accuracy: 61.93% 
INFO:  --------------------------------------------------
INFO:  TRAIN:epoch = 8/6000 classification_loss = 0.00000 train_time = 0.78
INFO:  ----------
INFO:  Late_delivery_risk Accuracy: 70.16% val_time = 1762661090.20
INFO:  Days for shipping (real) Accuracy: 34.12% val_time = 1762661090.20
INFO:  on_time Accuracy: 81.55% val_time = 1762661090.20
INFO:  ----------
INFO:  best_overall_accuracy: 61.94% 
INFO:  --------------------------------------------------
INFO:  TRAIN:epoch = 9/6000 classification_loss = 0.00000 train_time = 0.64
INFO:  ----------
INFO:  Late_delivery_risk Accuracy: 70.13% val_time = 1762661090.92
INFO:  Days for shipping (real) Accuracy: 34.08% val_time = 1762661090.92
INFO:  on_time Accuracy: 81.53% val_time = 1762661090.92
INFO:  --------------------------------------------------
INFO:  TRAIN:epoch = 10/6000 classification_loss = 0.00000 train_time = 0.64
INFO:  ----------
INFO:  Late_delivery_risk Accuracy: 70.16% val_time = 1762661091.63
INFO:  Days for shipping (real) Accuracy: 34.02% val_time = 1762661091.63
INFO:  on_time Accuracy: 81.61% val_time = 1762661091.63
INFO:  --------------------------------------------------
INFO:  TRAIN:epoch = 11/6000 classification_loss = 0.00000 train_time = 0.79
INFO:  ----------
INFO:  Late_delivery_risk Accuracy: 70.13% val_time = 1762661092.50
INFO:  Days for shipping (real) Accuracy: 34.07% val_time = 1762661092.50
INFO:  on_time Accuracy: 81.61% val_time = 1762661092.50
INFO:  --------------------------------------------------
INFO:  TRAIN:epoch = 12/6000 classification_loss = 0.00000 train_time = 0.64
INFO:  ----------
INFO:  Late_delivery_risk Accuracy: 70.13% val_time = 1762661093.22
INFO:  Days for shipping (real) Accuracy: 34.12% val_time = 1762661093.22
INFO:  on_time Accuracy: 81.61% val_time = 1762661093.22
INFO:  ----------
INFO:  best_overall_accuracy: 61.95% 
INFO:  --------------------------------------------------
INFO:  TRAIN:epoch = 13/6000 classification_loss = 0.00000 train_time = 0.78
INFO:  ----------
INFO:  Late_delivery_risk Accuracy: 70.13% val_time = 1762661094.08
INFO:  Days for shipping (real) Accuracy: 34.12% val_time = 1762661094.08
INFO:  on_time Accuracy: 81.61% val_time = 1762661094.08
INFO:  ----------
INFO:  best_overall_accuracy: 61.95% 
INFO:  --------------------------------------------------
INFO:  TRAIN:epoch = 14/6000 classification_loss = 0.00000 train_time = 0.65
INFO:  ----------
INFO:  Late_delivery_risk Accuracy: 70.19% val_time = 1762661094.80
INFO:  Days for shipping (real) Accuracy: 34.09% val_time = 1762661094.80
INFO:  on_time Accuracy: 81.46% val_time = 1762661094.80
INFO:  --------------------------------------------------
INFO:  TRAIN:epoch = 15/6000 classification_loss = 0.00000 train_time = 0.64
INFO:  ----------
INFO:  Late_delivery_risk Accuracy: 70.13% val_time = 1762661095.52
INFO:  Days for shipping (real) Accuracy: 34.10% val_time = 1762661095.52
INFO:  on_time Accuracy: 81.61% val_time = 1762661095.52
INFO:  --------------------------------------------------
INFO:  TRAIN:epoch = 16/6000 classification_loss = 0.00000 train_time = 0.78
INFO:  ----------
INFO:  Late_delivery_risk Accuracy: 70.19% val_time = 1762661096.38
INFO:  Days for shipping (real) Accuracy: 34.10% val_time = 1762661096.38
INFO:  on_time Accuracy: 81.61% val_time = 1762661096.38
INFO:  ----------
INFO:  best_overall_accuracy: 61.97% 
INFO:  --------------------------------------------------
INFO:  TRAIN:epoch = 17/6000 classification_loss = 0.00000 train_time = 0.65
INFO:  ----------
INFO:  Late_delivery_risk Accuracy: 70.16% val_time = 1762661097.10
INFO:  Days for shipping (real) Accuracy: 34.04% val_time = 1762661097.10
INFO:  on_time Accuracy: 81.61% val_time = 1762661097.10
INFO:  --------------------------------------------------
INFO:  TRAIN:epoch = 18/6000 classification_loss = 0.00000 train_time = 0.78
INFO:  ----------
INFO:  Late_delivery_risk Accuracy: 70.19% val_time = 1762661097.96
INFO:  Days for shipping (real) Accuracy: 34.10% val_time = 1762661097.96
INFO:  on_time Accuracy: 81.61% val_time = 1762661097.96
INFO:  --------------------------------------------------
INFO:  TRAIN:epoch = 19/6000 classification_loss = 0.00000 train_time = 0.64
INFO:  ----------
INFO:  Late_delivery_risk Accuracy: 70.13% val_time = 1762661098.68
INFO:  Days for shipping (real) Accuracy: 34.04% val_time = 1762661098.68
INFO:  on_time Accuracy: 81.61% val_time = 1762661098.68
INFO:  --------------------------------------------------
INFO:  TRAIN:epoch = 20/6000 classification_loss = 0.00000 train_time = 0.64
INFO:  ----------
INFO:  Late_delivery_risk Accuracy: 70.19% val_time = 1762661099.40
INFO:  Days for shipping (real) Accuracy: 34.10% val_time = 1762661099.40
INFO:  on_time Accuracy: 81.61% val_time = 1762661099.40
INFO:  --------------------------------------------------
INFO:  TRAIN:epoch = 21/6000 classification_loss = 0.00000 train_time = 0.77
INFO:  ----------
INFO:  Late_delivery_risk Accuracy: 70.13% val_time = 1762661100.25
INFO:  Days for shipping (real) Accuracy: 34.03% val_time = 1762661100.25
INFO:  on_time Accuracy: 81.61% val_time = 1762661100.25
INFO:  --------------------------------------------------
INFO:  TRAIN:epoch = 22/6000 classification_loss = 0.00000 train_time = 0.64
INFO:  ----------
INFO:  Late_delivery_risk Accuracy: 70.19% val_time = 1762661100.97
INFO:  Days for shipping (real) Accuracy: 34.10% val_time = 1762661100.97
INFO:  on_time Accuracy: 81.54% val_time = 1762661100.97
INFO:  --------------------------------------------------
INFO:  TRAIN:epoch = 23/6000 classification_loss = 0.00000 train_time = 0.78
INFO:  ----------
INFO:  Late_delivery_risk Accuracy: 70.18% val_time = 1762661101.82
INFO:  Days for shipping (real) Accuracy: 34.29% val_time = 1762661101.82
INFO:  on_time Accuracy: 81.61% val_time = 1762661101.82
INFO:  ----------
INFO:  best_overall_accuracy: 62.03% 
INFO:  --------------------------------------------------
INFO:  TRAIN:epoch = 24/6000 classification_loss = 0.00000 train_time = 0.65
INFO:  ----------
INFO:  Late_delivery_risk Accuracy: 70.19% val_time = 1762661102.54
INFO:  Days for shipping (real) Accuracy: 34.09% val_time = 1762661102.54
INFO:  on_time Accuracy: 81.60% val_time = 1762661102.54
INFO:  --------------------------------------------------
INFO:  TRAIN:epoch = 25/6000 classification_loss = 0.00000 train_time = 0.66
INFO:  ----------
INFO:  Late_delivery_risk Accuracy: 70.21% val_time = 1762661103.28
INFO:  Days for shipping (real) Accuracy: 34.03% val_time = 1762661103.28
INFO:  on_time Accuracy: 81.61% val_time = 1762661103.28
INFO:  --------------------------------------------------
INFO:  TRAIN:epoch = 26/6000 classification_loss = 0.00000 train_time = 0.72
INFO:  ----------
INFO:  Late_delivery_risk Accuracy: 70.19% val_time = 1762661104.07
INFO:  Days for shipping (real) Accuracy: 34.08% val_time = 1762661104.07
INFO:  on_time Accuracy: 81.61% val_time = 1762661104.07
INFO:  --------------------------------------------------
INFO:  TRAIN:epoch = 27/6000 classification_loss = 0.00000 train_time = 0.60
INFO:  ----------
INFO:  Late_delivery_risk Accuracy: 70.14% val_time = 1762661104.74
INFO:  Days for shipping (real) Accuracy: 34.06% val_time = 1762661104.74
INFO:  on_time Accuracy: 81.61% val_time = 1762661104.74
INFO:  --------------------------------------------------
INFO:  TRAIN:epoch = 28/6000 classification_loss = 0.00000 train_time = 0.60
INFO:  ----------
INFO:  Late_delivery_risk Accuracy: 70.19% val_time = 1762661105.40
INFO:  Days for shipping (real) Accuracy: 34.08% val_time = 1762661105.40
INFO:  on_time Accuracy: 81.56% val_time = 1762661105.40
INFO:  --------------------------------------------------
INFO:  TRAIN:epoch = 29/6000 classification_loss = 0.00000 train_time = 0.71
INFO:  ----------
INFO:  Late_delivery_risk Accuracy: 70.20% val_time = 1762661106.19
INFO:  Days for shipping (real) Accuracy: 34.05% val_time = 1762661106.19
INFO:  on_time Accuracy: 81.61% val_time = 1762661106.19
INFO:  --------------------------------------------------
INFO:  TRAIN:epoch = 30/6000 classification_loss = 0.00000 train_time = 0.60
INFO:  ----------
INFO:  Late_delivery_risk Accuracy: 70.19% val_time = 1762661106.86
INFO:  Days for shipping (real) Accuracy: 34.09% val_time = 1762661106.86
INFO:  on_time Accuracy: 81.55% val_time = 1762661106.86
INFO:  --------------------------------------------------
INFO:  TRAIN:epoch = 31/6000 classification_loss = 0.00000 train_time = 0.71
INFO:  ----------
INFO:  Late_delivery_risk Accuracy: 70.26% val_time = 1762661107.65
INFO:  Days for shipping (real) Accuracy: 34.03% val_time = 1762661107.65
INFO:  on_time Accuracy: 81.61% val_time = 1762661107.65
INFO:  --------------------------------------------------
INFO:  TRAIN:epoch = 32/6000 classification_loss = 0.00000 train_time = 0.60
INFO:  ----------
INFO:  Late_delivery_risk Accuracy: 70.19% val_time = 1762661108.32
INFO:  Days for shipping (real) Accuracy: 34.09% val_time = 1762661108.32
INFO:  on_time Accuracy: 81.61% val_time = 1762661108.32
INFO:  --------------------------------------------------
INFO:  TRAIN:epoch = 33/6000 classification_loss = 0.00000 train_time = 0.60
INFO:  ----------
INFO:  Late_delivery_risk Accuracy: 70.19% val_time = 1762661108.99
INFO:  Days for shipping (real) Accuracy: 34.01% val_time = 1762661108.99
INFO:  on_time Accuracy: 81.61% val_time = 1762661108.99
INFO:  --------------------------------------------------
INFO:  TRAIN:epoch = 34/6000 classification_loss = 0.00000 train_time = 0.72
INFO:  ----------
INFO:  Late_delivery_risk Accuracy: 70.19% val_time = 1762661109.78
INFO:  Days for shipping (real) Accuracy: 34.19% val_time = 1762661109.78
INFO:  on_time Accuracy: 81.64% val_time = 1762661109.78
INFO:  --------------------------------------------------
INFO:  TRAIN:epoch = 35/6000 classification_loss = 0.00000 train_time = 0.60
INFO:  ----------
INFO:  Late_delivery_risk Accuracy: 70.15% val_time = 1762661110.45
INFO:  Days for shipping (real) Accuracy: 34.09% val_time = 1762661110.45
INFO:  on_time Accuracy: 81.61% val_time = 1762661110.45
INFO:  --------------------------------------------------
INFO:  TRAIN:epoch = 36/6000 classification_loss = 0.00000 train_time = 0.72
INFO:  ----------
INFO:  Late_delivery_risk Accuracy: 70.19% val_time = 1762661111.24
INFO:  Days for shipping (real) Accuracy: 34.09% val_time = 1762661111.24
INFO:  on_time Accuracy: 81.55% val_time = 1762661111.24
INFO:  --------------------------------------------------
INFO:  TRAIN:epoch = 37/6000 classification_loss = 0.00000 train_time = 0.60
INFO:  ----------
INFO:  Late_delivery_risk Accuracy: 70.19% val_time = 1762661111.91
INFO:  Days for shipping (real) Accuracy: 34.03% val_time = 1762661111.91
INFO:  on_time Accuracy: 81.61% val_time = 1762661111.91
INFO:  --------------------------------------------------
INFO:  TRAIN:epoch = 38/6000 classification_loss = 0.00000 train_time = 0.60
INFO:  ----------
INFO:  Late_delivery_risk Accuracy: 70.19% val_time = 1762661112.58
INFO:  Days for shipping (real) Accuracy: 34.09% val_time = 1762661112.58
INFO:  on_time Accuracy: 81.56% val_time = 1762661112.58
INFO:  --------------------------------------------------
INFO:  TRAIN:epoch = 39/6000 classification_loss = 0.00000 train_time = 0.72
INFO:  ----------
INFO:  Late_delivery_risk Accuracy: 70.19% val_time = 1762661113.37
INFO:  Days for shipping (real) Accuracy: 34.09% val_time = 1762661113.37
INFO:  on_time Accuracy: 81.61% val_time = 1762661113.37
INFO:  --------------------------------------------------
INFO:  TRAIN:epoch = 40/6000 classification_loss = 0.00000 train_time = 0.59
INFO:  ----------
INFO:  Late_delivery_risk Accuracy: 70.19% val_time = 1762661114.04
INFO:  Days for shipping (real) Accuracy: 34.09% val_time = 1762661114.04
INFO:  on_time Accuracy: 81.64% val_time = 1762661114.04
INFO:  --------------------------------------------------
INFO:  TRAIN:epoch = 41/6000 classification_loss = 0.00000 train_time = 0.71
INFO:  ----------
INFO:  Late_delivery_risk Accuracy: 70.19% val_time = 1762661114.83
INFO:  Days for shipping (real) Accuracy: 34.05% val_time = 1762661114.83
INFO:  on_time Accuracy: 81.61% val_time = 1762661114.83
INFO:  --------------------------------------------------
INFO:  TRAIN:epoch = 42/6000 classification_loss = 0.00000 train_time = 0.60
INFO:  ----------
INFO:  Late_delivery_risk Accuracy: 70.19% val_time = 1762661115.50
INFO:  Days for shipping (real) Accuracy: 34.09% val_time = 1762661115.50
INFO:  on_time Accuracy: 81.61% val_time = 1762661115.50
INFO:  --------------------------------------------------
INFO:  TRAIN:epoch = 43/6000 classification_loss = 0.00000 train_time = 0.60
INFO:  ----------
INFO:  Late_delivery_risk Accuracy: 70.19% val_time = 1762661116.17
INFO:  Days for shipping (real) Accuracy: 34.03% val_time = 1762661116.17
INFO:  on_time Accuracy: 81.61% val_time = 1762661116.17
INFO:  --------------------------------------------------
INFO:  TRAIN:epoch = 44/6000 classification_loss = 0.00000 train_time = 0.72
INFO:  ----------
INFO:  Late_delivery_risk Accuracy: 70.19% val_time = 1762661116.96
INFO:  Days for shipping (real) Accuracy: 34.09% val_time = 1762661116.96
INFO:  on_time Accuracy: 81.59% val_time = 1762661116.96
INFO:  --------------------------------------------------
INFO:  TRAIN:epoch = 45/6000 classification_loss = 0.00000 train_time = 0.60
INFO:  ----------
INFO:  Late_delivery_risk Accuracy: 70.13% val_time = 1762661117.63
INFO:  Days for shipping (real) Accuracy: 34.09% val_time = 1762661117.63
INFO:  on_time Accuracy: 81.61% val_time = 1762661117.63
INFO:  --------------------------------------------------
INFO:  TRAIN:epoch = 46/6000 classification_loss = 0.00000 train_time = 0.60
INFO:  ----------
INFO:  Late_delivery_risk Accuracy: 70.19% val_time = 1762661118.30
INFO:  Days for shipping (real) Accuracy: 34.09% val_time = 1762661118.30
INFO:  on_time Accuracy: 81.56% val_time = 1762661118.30
INFO:  --------------------------------------------------
INFO:  TRAIN:epoch = 47/6000 classification_loss = 0.00000 train_time = 0.71
INFO:  ----------
INFO:  Late_delivery_risk Accuracy: 70.19% val_time = 1762661119.08
INFO:  Days for shipping (real) Accuracy: 34.03% val_time = 1762661119.08
INFO:  on_time Accuracy: 81.61% val_time = 1762661119.08
INFO:  --------------------------------------------------
INFO:  TRAIN:epoch = 48/6000 classification_loss = 0.00000 train_time = 0.60
INFO:  ----------
INFO:  Late_delivery_risk Accuracy: 70.19% val_time = 1762661119.76
INFO:  Days for shipping (real) Accuracy: 34.09% val_time = 1762661119.76
INFO:  on_time Accuracy: 81.57% val_time = 1762661119.76
INFO:  --------------------------------------------------
INFO:  TRAIN:epoch = 49/6000 classification_loss = 0.00000 train_time = 0.71
INFO:  ----------
INFO:  Late_delivery_risk Accuracy: 70.13% val_time = 1762661120.54
INFO:  Days for shipping (real) Accuracy: 34.03% val_time = 1762661120.54
INFO:  on_time Accuracy: 81.61% val_time = 1762661120.54
INFO:  --------------------------------------------------
INFO:  TRAIN:epoch = 50/6000 classification_loss = 0.00000 train_time = 0.60
INFO:  ----------
INFO:  Late_delivery_risk Accuracy: 70.19% val_time = 1762661121.21
INFO:  Days for shipping (real) Accuracy: 34.09% val_time = 1762661121.21
INFO:  on_time Accuracy: 81.55% val_time = 1762661121.21
INFO:  --------------------------------------------------
INFO:  TRAIN:epoch = 51/6000 classification_loss = 0.00000 train_time = 0.59
INFO:  ----------
INFO:  Late_delivery_risk Accuracy: 70.19% val_time = 1762661121.88
INFO:  Days for shipping (real) Accuracy: 34.09% val_time = 1762661121.88
INFO:  on_time Accuracy: 81.61% val_time = 1762661121.88
INFO:  --------------------------------------------------
INFO:  TRAIN:epoch = 52/6000 classification_loss = 0.00000 train_time = 0.72
INFO:  ----------
INFO:  Late_delivery_risk Accuracy: 70.19% val_time = 1762661122.67
INFO:  Days for shipping (real) Accuracy: 34.09% val_time = 1762661122.67
INFO:  on_time Accuracy: 81.55% val_time = 1762661122.67
INFO:  --------------------------------------------------
INFO:  TRAIN:epoch = 53/6000 classification_loss = 0.00000 train_time = 0.60
INFO:  ----------
INFO:  Late_delivery_risk Accuracy: 70.13% val_time = 1762661123.34
INFO:  Days for shipping (real) Accuracy: 34.03% val_time = 1762661123.34
INFO:  on_time Accuracy: 81.61% val_time = 1762661123.34
INFO:  --------------------------------------------------
INFO:  TRAIN:epoch = 54/6000 classification_loss = 0.00000 train_time = 0.71
INFO:  ----------
INFO:  Late_delivery_risk Accuracy: 70.19% val_time = 1762661124.13
INFO:  Days for shipping (real) Accuracy: 34.09% val_time = 1762661124.13
INFO:  on_time Accuracy: 81.55% val_time = 1762661124.13
INFO:  --------------------------------------------------
INFO:  TRAIN:epoch = 55/6000 classification_loss = 0.00000 train_time = 0.59
INFO:  ----------
INFO:  Late_delivery_risk Accuracy: 70.19% val_time = 1762661124.79
INFO:  Days for shipping (real) Accuracy: 34.03% val_time = 1762661124.79
INFO:  on_time Accuracy: 81.61% val_time = 1762661124.79
INFO:  --------------------------------------------------
INFO:  TRAIN:epoch = 56/6000 classification_loss = 0.00000 train_time = 0.60
INFO:  ----------
INFO:  Late_delivery_risk Accuracy: 70.19% val_time = 1762661125.46
INFO:  Days for shipping (real) Accuracy: 34.09% val_time = 1762661125.46
INFO:  on_time Accuracy: 81.55% val_time = 1762661125.46
INFO:  --------------------------------------------------
INFO:  TRAIN:epoch = 57/6000 classification_loss = 0.00000 train_time = 0.71
INFO:  ----------
INFO:  Late_delivery_risk Accuracy: 70.12% val_time = 1762661126.25
INFO:  Days for shipping (real) Accuracy: 34.09% val_time = 1762661126.25
INFO:  on_time Accuracy: 81.61% val_time = 1762661126.25
INFO:  --------------------------------------------------
INFO:  TRAIN:epoch = 58/6000 classification_loss = 0.00000 train_time = 0.59
INFO:  ----------
INFO:  Late_delivery_risk Accuracy: 70.19% val_time = 1762661126.91
INFO:  Days for shipping (real) Accuracy: 34.09% val_time = 1762661126.91
INFO:  on_time Accuracy: 81.51% val_time = 1762661126.91
INFO:  --------------------------------------------------
INFO:  TRAIN:epoch = 59/6000 classification_loss = 0.00000 train_time = 0.59
INFO:  ----------
INFO:  Late_delivery_risk Accuracy: 70.13% val_time = 1762661127.57
INFO:  Days for shipping (real) Accuracy: 34.03% val_time = 1762661127.57
INFO:  on_time Accuracy: 81.61% val_time = 1762661127.57
INFO:  --------------------------------------------------
INFO:  TRAIN:epoch = 60/6000 classification_loss = 0.00000 train_time = 0.71
INFO:  ----------
INFO:  Late_delivery_risk Accuracy: 70.19% val_time = 1762661128.36
INFO:  Days for shipping (real) Accuracy: 34.09% val_time = 1762661128.36
INFO:  on_time Accuracy: 81.55% val_time = 1762661128.36
INFO:  --------------------------------------------------
INFO:  TRAIN:epoch = 61/6000 classification_loss = 0.00000 train_time = 0.60
INFO:  ----------
INFO:  Late_delivery_risk Accuracy: 70.19% val_time = 1762661129.03
INFO:  Days for shipping (real) Accuracy: 34.03% val_time = 1762661129.03
INFO:  on_time Accuracy: 81.61% val_time = 1762661129.03
INFO:  --------------------------------------------------
INFO:  TRAIN:epoch = 62/6000 classification_loss = 0.00000 train_time = 0.71
INFO:  ----------
INFO:  Late_delivery_risk Accuracy: 70.19% val_time = 1762661129.81
INFO:  Days for shipping (real) Accuracy: 34.09% val_time = 1762661129.81
INFO:  on_time Accuracy: 81.55% val_time = 1762661129.81
INFO:  --------------------------------------------------
INFO:  TRAIN:epoch = 63/6000 classification_loss = 0.00000 train_time = 0.60
INFO:  ----------
INFO:  Late_delivery_risk Accuracy: 70.19% val_time = 1762661130.48
INFO:  Days for shipping (real) Accuracy: 34.09% val_time = 1762661130.48
INFO:  on_time Accuracy: 81.61% val_time = 1762661130.48
INFO:  --------------------------------------------------
INFO:  TRAIN:epoch = 64/6000 classification_loss = 0.00000 train_time = 0.60
INFO:  ----------
INFO:  Late_delivery_risk Accuracy: 70.19% val_time = 1762661131.15
INFO:  Days for shipping (real) Accuracy: 34.09% val_time = 1762661131.15
INFO:  on_time Accuracy: 81.55% val_time = 1762661131.15
INFO:  --------------------------------------------------
INFO:  TRAIN:epoch = 65/6000 classification_loss = 0.00000 train_time = 0.71
INFO:  ----------
INFO:  Late_delivery_risk Accuracy: 70.19% val_time = 1762661131.94
INFO:  Days for shipping (real) Accuracy: 34.03% val_time = 1762661131.94
INFO:  on_time Accuracy: 81.61% val_time = 1762661131.94
INFO:  --------------------------------------------------
INFO:  TRAIN:epoch = 66/6000 classification_loss = 0.00000 train_time = 0.59
INFO:  ----------
INFO:  Late_delivery_risk Accuracy: 70.19% val_time = 1762661132.61
INFO:  Days for shipping (real) Accuracy: 34.09% val_time = 1762661132.61
INFO:  on_time Accuracy: 81.55% val_time = 1762661132.61
INFO:  --------------------------------------------------
INFO:  TRAIN:epoch = 67/6000 classification_loss = 0.00000 train_time = 0.71
INFO:  ----------
INFO:  Late_delivery_risk Accuracy: 70.19% val_time = 1762661133.39
INFO:  Days for shipping (real) Accuracy: 34.09% val_time = 1762661133.39
INFO:  on_time Accuracy: 81.56% val_time = 1762661133.39
INFO:  --------------------------------------------------
INFO:  TRAIN:epoch = 68/6000 classification_loss = 0.00000 train_time = 0.60
INFO:  ----------
INFO:  Late_delivery_risk Accuracy: 70.19% val_time = 1762661134.06
INFO:  Days for shipping (real) Accuracy: 34.03% val_time = 1762661134.06
INFO:  on_time Accuracy: 81.55% val_time = 1762661134.06
INFO:  --------------------------------------------------
INFO:  TRAIN:epoch = 69/6000 classification_loss = 0.00000 train_time = 0.60
INFO:  ----------
INFO:  Late_delivery_risk Accuracy: 70.19% val_time = 1762661134.73
INFO:  Days for shipping (real) Accuracy: 33.99% val_time = 1762661134.73
INFO:  on_time Accuracy: 81.61% val_time = 1762661134.73
INFO:  --------------------------------------------------
INFO:  TRAIN:epoch = 70/6000 classification_loss = 0.00000 train_time = 0.72
INFO:  ----------
INFO:  Late_delivery_risk Accuracy: 70.19% val_time = 1762661135.52
INFO:  Days for shipping (real) Accuracy: 34.06% val_time = 1762661135.52
INFO:  on_time Accuracy: 81.61% val_time = 1762661135.52
INFO:  --------------------------------------------------
INFO:  TRAIN:epoch = 71/6000 classification_loss = 0.00000 train_time = 0.60
INFO:  ----------
INFO:  Late_delivery_risk Accuracy: 70.24% val_time = 1762661136.20
INFO:  Days for shipping (real) Accuracy: 34.03% val_time = 1762661136.20
INFO:  on_time Accuracy: 81.61% val_time = 1762661136.20
INFO:  --------------------------------------------------
INFO:  TRAIN:epoch = 72/6000 classification_loss = 0.00000 train_time = 0.71
INFO:  ----------
INFO:  Late_delivery_risk Accuracy: 70.19% val_time = 1762661136.98
INFO:  Days for shipping (real) Accuracy: 34.09% val_time = 1762661136.98
INFO:  on_time Accuracy: 81.55% val_time = 1762661136.98
INFO:  --------------------------------------------------
INFO:  TRAIN:epoch = 73/6000 classification_loss = 0.00000 train_time = 0.60
INFO:  ----------
INFO:  Late_delivery_risk Accuracy: 70.24% val_time = 1762661137.66
INFO:  Days for shipping (real) Accuracy: 34.03% val_time = 1762661137.66
INFO:  on_time Accuracy: 81.67% val_time = 1762661137.66
INFO:  --------------------------------------------------
INFO:  TRAIN:epoch = 74/6000 classification_loss = 0.00000 train_time = 0.59
INFO:  ----------
INFO:  Late_delivery_risk Accuracy: 70.19% val_time = 1762661138.32
INFO:  Days for shipping (real) Accuracy: 34.03% val_time = 1762661138.32
INFO:  on_time Accuracy: 81.60% val_time = 1762661138.32
INFO:  simulator training stage cost time: 55.893805742263794
INFO:  best_acc1 0.7017649903288201
INFO:  best_acc2 0.34290377176015474
INFO:  best_acc3 0.8161266924564797
INFO:  best_overall_accuracy 0.6202651515151515
