INFO:  --------------------------------Een Init----------------------------------
INFO:  Code will run in cuda:0
INFO:  --------------------------------Dataset Init------------------------------
INFO:  --------------------------------Model Init--------------------------------
INFO:  --------------------------------Session Init------------------------------
INFO:  ------------------------------------ Main --------------------------------
INFO:  --------------------------------------------------
INFO:  TRAIN:epoch = 0/6000 classification_loss = 0.00000 train_time = 2.63
INFO:  ----------
INFO:  Late_delivery_risk Accuracy: 57.13% val_time = 1762661105.32
INFO:  Days for shipping (real) Accuracy: 15.90% val_time = 1762661105.32
INFO:  on_time Accuracy: 81.55% val_time = 1762661105.32
INFO:  ----------
INFO:  best_overall_accuracy: 51.53% 
INFO:  --------------------------------------------------
INFO:  TRAIN:epoch = 1/6000 classification_loss = 0.00000 train_time = 0.68
INFO:  ----------
INFO:  Late_delivery_risk Accuracy: 58.43% val_time = 1762661106.06
INFO:  Days for shipping (real) Accuracy: 15.90% val_time = 1762661106.06
INFO:  on_time Accuracy: 81.55% val_time = 1762661106.06
INFO:  ----------
INFO:  best_overall_accuracy: 51.96% 
INFO:  --------------------------------------------------
INFO:  TRAIN:epoch = 2/6000 classification_loss = 0.00000 train_time = 0.54
INFO:  ----------
INFO:  Late_delivery_risk Accuracy: 57.13% val_time = 1762661106.66
INFO:  Days for shipping (real) Accuracy: 15.90% val_time = 1762661106.66
INFO:  on_time Accuracy: 81.55% val_time = 1762661106.66
INFO:  --------------------------------------------------
INFO:  TRAIN:epoch = 3/6000 classification_loss = 0.00000 train_time = 0.68
INFO:  ----------
INFO:  Late_delivery_risk Accuracy: 57.13% val_time = 1762661107.40
INFO:  Days for shipping (real) Accuracy: 15.90% val_time = 1762661107.40
INFO:  on_time Accuracy: 81.55% val_time = 1762661107.40
INFO:  --------------------------------------------------
INFO:  TRAIN:epoch = 4/6000 classification_loss = 0.00000 train_time = 0.55
INFO:  ----------
INFO:  Late_delivery_risk Accuracy: 42.87% val_time = 1762661108.00
INFO:  Days for shipping (real) Accuracy: 15.90% val_time = 1762661108.00
INFO:  on_time Accuracy: 81.55% val_time = 1762661108.00
INFO:  --------------------------------------------------
INFO:  TRAIN:epoch = 5/6000 classification_loss = 0.00000 train_time = 0.54
INFO:  ----------
INFO:  Late_delivery_risk Accuracy: 70.19% val_time = 1762661108.60
INFO:  Days for shipping (real) Accuracy: 15.90% val_time = 1762661108.60
INFO:  on_time Accuracy: 81.55% val_time = 1762661108.60
INFO:  ----------
INFO:  best_overall_accuracy: 55.88% 
INFO:  --------------------------------------------------
INFO:  TRAIN:epoch = 6/6000 classification_loss = 0.00000 train_time = 0.68
INFO:  ----------
INFO:  Late_delivery_risk Accuracy: 57.13% val_time = 1762661109.34
INFO:  Days for shipping (real) Accuracy: 18.53% val_time = 1762661109.34
INFO:  on_time Accuracy: 81.55% val_time = 1762661109.34
INFO:  --------------------------------------------------
INFO:  TRAIN:epoch = 7/6000 classification_loss = 0.00000 train_time = 0.54
INFO:  ----------
INFO:  Late_delivery_risk Accuracy: 70.19% val_time = 1762661109.94
INFO:  Days for shipping (real) Accuracy: 34.03% val_time = 1762661109.94
INFO:  on_time Accuracy: 81.55% val_time = 1762661109.94
INFO:  ----------
INFO:  best_overall_accuracy: 61.92% 
INFO:  --------------------------------------------------
INFO:  TRAIN:epoch = 8/6000 classification_loss = 0.00000 train_time = 0.68
INFO:  ----------
INFO:  Late_delivery_risk Accuracy: 70.19% val_time = 1762661110.68
INFO:  Days for shipping (real) Accuracy: 34.03% val_time = 1762661110.68
INFO:  on_time Accuracy: 81.55% val_time = 1762661110.68
INFO:  --------------------------------------------------
INFO:  TRAIN:epoch = 9/6000 classification_loss = 0.00000 train_time = 0.55
INFO:  ----------
INFO:  Late_delivery_risk Accuracy: 70.19% val_time = 1762661111.28
INFO:  Days for shipping (real) Accuracy: 34.09% val_time = 1762661111.28
INFO:  on_time Accuracy: 81.55% val_time = 1762661111.28
INFO:  ----------
INFO:  best_overall_accuracy: 61.94% 
INFO:  --------------------------------------------------
INFO:  TRAIN:epoch = 10/6000 classification_loss = 0.00000 train_time = 0.55
INFO:  ----------
INFO:  Late_delivery_risk Accuracy: 41.57% val_time = 1762661111.89
INFO:  Days for shipping (real) Accuracy: 34.03% val_time = 1762661111.89
INFO:  on_time Accuracy: 81.55% val_time = 1762661111.89
INFO:  --------------------------------------------------
INFO:  TRAIN:epoch = 11/6000 classification_loss = 0.00000 train_time = 0.68
INFO:  ----------
INFO:  Late_delivery_risk Accuracy: 70.19% val_time = 1762661112.62
INFO:  Days for shipping (real) Accuracy: 34.03% val_time = 1762661112.62
INFO:  on_time Accuracy: 81.55% val_time = 1762661112.62
INFO:  --------------------------------------------------
INFO:  TRAIN:epoch = 12/6000 classification_loss = 0.00000 train_time = 0.54
INFO:  ----------
INFO:  Late_delivery_risk Accuracy: 70.19% val_time = 1762661113.22
INFO:  Days for shipping (real) Accuracy: 33.96% val_time = 1762661113.22
INFO:  on_time Accuracy: 81.55% val_time = 1762661113.22
INFO:  --------------------------------------------------
INFO:  TRAIN:epoch = 13/6000 classification_loss = 0.00000 train_time = 0.68
INFO:  ----------
INFO:  Late_delivery_risk Accuracy: 70.19% val_time = 1762661113.96
INFO:  Days for shipping (real) Accuracy: 34.03% val_time = 1762661113.96
INFO:  on_time Accuracy: 81.55% val_time = 1762661113.96
INFO:  --------------------------------------------------
INFO:  TRAIN:epoch = 14/6000 classification_loss = 0.00000 train_time = 0.54
INFO:  ----------
INFO:  Late_delivery_risk Accuracy: 70.17% val_time = 1762661114.56
INFO:  Days for shipping (real) Accuracy: 34.03% val_time = 1762661114.56
INFO:  on_time Accuracy: 81.55% val_time = 1762661114.56
INFO:  --------------------------------------------------
INFO:  TRAIN:epoch = 15/6000 classification_loss = 0.00000 train_time = 0.55
INFO:  ----------
INFO:  Late_delivery_risk Accuracy: 70.19% val_time = 1762661115.16
INFO:  Days for shipping (real) Accuracy: 34.03% val_time = 1762661115.16
INFO:  on_time Accuracy: 81.55% val_time = 1762661115.16
INFO:  --------------------------------------------------
INFO:  TRAIN:epoch = 16/6000 classification_loss = 0.00000 train_time = 0.69
INFO:  ----------
INFO:  Late_delivery_risk Accuracy: 70.19% val_time = 1762661115.91
INFO:  Days for shipping (real) Accuracy: 34.20% val_time = 1762661115.91
INFO:  on_time Accuracy: 81.55% val_time = 1762661115.91
INFO:  ----------
INFO:  best_overall_accuracy: 61.98% 
INFO:  --------------------------------------------------
INFO:  TRAIN:epoch = 17/6000 classification_loss = 0.00000 train_time = 0.55
INFO:  ----------
INFO:  Late_delivery_risk Accuracy: 70.19% val_time = 1762661116.51
INFO:  Days for shipping (real) Accuracy: 34.03% val_time = 1762661116.51
INFO:  on_time Accuracy: 81.55% val_time = 1762661116.51
INFO:  --------------------------------------------------
INFO:  TRAIN:epoch = 18/6000 classification_loss = 0.00000 train_time = 0.68
INFO:  ----------
INFO:  Late_delivery_risk Accuracy: 70.19% val_time = 1762661117.25
INFO:  Days for shipping (real) Accuracy: 34.03% val_time = 1762661117.25
INFO:  on_time Accuracy: 81.55% val_time = 1762661117.25
INFO:  --------------------------------------------------
INFO:  TRAIN:epoch = 19/6000 classification_loss = 0.00000 train_time = 0.55
INFO:  ----------
INFO:  Late_delivery_risk Accuracy: 57.13% val_time = 1762661117.85
INFO:  Days for shipping (real) Accuracy: 34.03% val_time = 1762661117.85
INFO:  on_time Accuracy: 81.55% val_time = 1762661117.85
INFO:  --------------------------------------------------
INFO:  TRAIN:epoch = 20/6000 classification_loss = 0.00000 train_time = 0.55
INFO:  ----------
INFO:  Late_delivery_risk Accuracy: 62.71% val_time = 1762661118.47
INFO:  Days for shipping (real) Accuracy: 16.19% val_time = 1762661118.47
INFO:  on_time Accuracy: 81.55% val_time = 1762661118.47
INFO:  --------------------------------------------------
INFO:  TRAIN:epoch = 21/6000 classification_loss = 0.00000 train_time = 0.69
INFO:  ----------
INFO:  Late_delivery_risk Accuracy: 57.19% val_time = 1762661119.21
INFO:  Days for shipping (real) Accuracy: 31.46% val_time = 1762661119.21
INFO:  on_time Accuracy: 81.55% val_time = 1762661119.21
INFO:  --------------------------------------------------
INFO:  TRAIN:epoch = 22/6000 classification_loss = 0.00000 train_time = 0.55
INFO:  ----------
INFO:  Late_delivery_risk Accuracy: 70.19% val_time = 1762661119.81
INFO:  Days for shipping (real) Accuracy: 34.03% val_time = 1762661119.81
INFO:  on_time Accuracy: 81.55% val_time = 1762661119.81
INFO:  --------------------------------------------------
INFO:  TRAIN:epoch = 23/6000 classification_loss = 0.00000 train_time = 0.70
INFO:  ----------
INFO:  Late_delivery_risk Accuracy: 68.95% val_time = 1762661120.56
INFO:  Days for shipping (real) Accuracy: 34.03% val_time = 1762661120.56
INFO:  on_time Accuracy: 81.55% val_time = 1762661120.56
INFO:  --------------------------------------------------
INFO:  TRAIN:epoch = 24/6000 classification_loss = 0.00000 train_time = 0.54
INFO:  ----------
INFO:  Late_delivery_risk Accuracy: 57.13% val_time = 1762661121.16
INFO:  Days for shipping (real) Accuracy: 15.90% val_time = 1762661121.16
INFO:  on_time Accuracy: 81.55% val_time = 1762661121.16
INFO:  --------------------------------------------------
INFO:  TRAIN:epoch = 25/6000 classification_loss = 0.00000 train_time = 0.54
INFO:  ----------
INFO:  Late_delivery_risk Accuracy: 70.19% val_time = 1762661121.76
INFO:  Days for shipping (real) Accuracy: 16.19% val_time = 1762661121.76
INFO:  on_time Accuracy: 81.55% val_time = 1762661121.76
INFO:  --------------------------------------------------
INFO:  TRAIN:epoch = 26/6000 classification_loss = 0.00000 train_time = 0.69
INFO:  ----------
INFO:  Late_delivery_risk Accuracy: 70.19% val_time = 1762661122.51
INFO:  Days for shipping (real) Accuracy: 15.90% val_time = 1762661122.51
INFO:  on_time Accuracy: 81.55% val_time = 1762661122.51
INFO:  --------------------------------------------------
INFO:  TRAIN:epoch = 27/6000 classification_loss = 0.00000 train_time = 0.55
INFO:  ----------
INFO:  Late_delivery_risk Accuracy: 57.14% val_time = 1762661123.11
INFO:  Days for shipping (real) Accuracy: 18.47% val_time = 1762661123.11
INFO:  on_time Accuracy: 81.55% val_time = 1762661123.11
INFO:  --------------------------------------------------
INFO:  TRAIN:epoch = 28/6000 classification_loss = 0.00000 train_time = 0.55
INFO:  ----------
INFO:  Late_delivery_risk Accuracy: 70.19% val_time = 1762661123.72
INFO:  Days for shipping (real) Accuracy: 34.03% val_time = 1762661123.72
INFO:  on_time Accuracy: 81.55% val_time = 1762661123.72
INFO:  --------------------------------------------------
INFO:  TRAIN:epoch = 29/6000 classification_loss = 0.00000 train_time = 0.69
INFO:  ----------
INFO:  Late_delivery_risk Accuracy: 70.19% val_time = 1762661124.46
INFO:  Days for shipping (real) Accuracy: 34.03% val_time = 1762661124.46
INFO:  on_time Accuracy: 81.55% val_time = 1762661124.46
INFO:  --------------------------------------------------
INFO:  TRAIN:epoch = 30/6000 classification_loss = 0.00000 train_time = 0.55
INFO:  ----------
INFO:  Late_delivery_risk Accuracy: 70.19% val_time = 1762661125.07
INFO:  Days for shipping (real) Accuracy: 34.04% val_time = 1762661125.07
INFO:  on_time Accuracy: 81.55% val_time = 1762661125.07
INFO:  --------------------------------------------------
INFO:  TRAIN:epoch = 31/6000 classification_loss = 0.00000 train_time = 0.68
INFO:  ----------
INFO:  Late_delivery_risk Accuracy: 70.17% val_time = 1762661125.81
INFO:  Days for shipping (real) Accuracy: 34.03% val_time = 1762661125.81
INFO:  on_time Accuracy: 81.55% val_time = 1762661125.81
INFO:  --------------------------------------------------
INFO:  TRAIN:epoch = 32/6000 classification_loss = 0.00000 train_time = 0.55
INFO:  ----------
INFO:  Late_delivery_risk Accuracy: 70.15% val_time = 1762661126.42
INFO:  Days for shipping (real) Accuracy: 34.03% val_time = 1762661126.42
INFO:  on_time Accuracy: 81.55% val_time = 1762661126.42
INFO:  --------------------------------------------------
INFO:  TRAIN:epoch = 33/6000 classification_loss = 0.00000 train_time = 0.55
INFO:  ----------
INFO:  Late_delivery_risk Accuracy: 70.19% val_time = 1762661127.02
INFO:  Days for shipping (real) Accuracy: 34.03% val_time = 1762661127.02
INFO:  on_time Accuracy: 81.55% val_time = 1762661127.02
INFO:  --------------------------------------------------
INFO:  TRAIN:epoch = 34/6000 classification_loss = 0.00000 train_time = 0.64
INFO:  ----------
INFO:  Late_delivery_risk Accuracy: 70.19% val_time = 1762661127.71
INFO:  Days for shipping (real) Accuracy: 34.03% val_time = 1762661127.71
INFO:  on_time Accuracy: 81.55% val_time = 1762661127.71
INFO:  --------------------------------------------------
INFO:  TRAIN:epoch = 35/6000 classification_loss = 0.00000 train_time = 0.49
INFO:  ----------
INFO:  Late_delivery_risk Accuracy: 70.19% val_time = 1762661128.26
INFO:  Days for shipping (real) Accuracy: 34.08% val_time = 1762661128.26
INFO:  on_time Accuracy: 81.55% val_time = 1762661128.26
INFO:  --------------------------------------------------
INFO:  TRAIN:epoch = 36/6000 classification_loss = 0.00000 train_time = 0.62
INFO:  ----------
INFO:  Late_delivery_risk Accuracy: 70.19% val_time = 1762661128.93
INFO:  Days for shipping (real) Accuracy: 34.09% val_time = 1762661128.93
INFO:  on_time Accuracy: 81.55% val_time = 1762661128.93
INFO:  --------------------------------------------------
INFO:  TRAIN:epoch = 37/6000 classification_loss = 0.00000 train_time = 0.49
INFO:  ----------
INFO:  Late_delivery_risk Accuracy: 70.13% val_time = 1762661129.48
INFO:  Days for shipping (real) Accuracy: 34.09% val_time = 1762661129.48
INFO:  on_time Accuracy: 81.55% val_time = 1762661129.48
INFO:  --------------------------------------------------
INFO:  TRAIN:epoch = 38/6000 classification_loss = 0.00000 train_time = 0.49
INFO:  ----------
INFO:  Late_delivery_risk Accuracy: 70.01% val_time = 1762661130.02
INFO:  Days for shipping (real) Accuracy: 34.09% val_time = 1762661130.02
INFO:  on_time Accuracy: 81.61% val_time = 1762661130.02
INFO:  --------------------------------------------------
INFO:  TRAIN:epoch = 39/6000 classification_loss = 0.00000 train_time = 0.62
INFO:  ----------
INFO:  Late_delivery_risk Accuracy: 57.13% val_time = 1762661130.69
INFO:  Days for shipping (real) Accuracy: 18.47% val_time = 1762661130.69
INFO:  on_time Accuracy: 81.61% val_time = 1762661130.69
INFO:  --------------------------------------------------
INFO:  TRAIN:epoch = 40/6000 classification_loss = 0.00000 train_time = 0.49
INFO:  ----------
INFO:  Late_delivery_risk Accuracy: 70.19% val_time = 1762661131.23
INFO:  Days for shipping (real) Accuracy: 34.09% val_time = 1762661131.23
INFO:  on_time Accuracy: 81.55% val_time = 1762661131.23
INFO:  --------------------------------------------------
INFO:  TRAIN:epoch = 41/6000 classification_loss = 0.00000 train_time = 0.62
INFO:  ----------
INFO:  Late_delivery_risk Accuracy: 57.22% val_time = 1762661131.90
INFO:  Days for shipping (real) Accuracy: 34.03% val_time = 1762661131.90
INFO:  on_time Accuracy: 81.55% val_time = 1762661131.90
INFO:  --------------------------------------------------
INFO:  TRAIN:epoch = 42/6000 classification_loss = 0.00000 train_time = 0.49
INFO:  ----------
INFO:  Late_delivery_risk Accuracy: 70.19% val_time = 1762661132.45
INFO:  Days for shipping (real) Accuracy: 34.04% val_time = 1762661132.45
INFO:  on_time Accuracy: 81.55% val_time = 1762661132.45
INFO:  --------------------------------------------------
INFO:  TRAIN:epoch = 43/6000 classification_loss = 0.00000 train_time = 0.50
INFO:  ----------
INFO:  Late_delivery_risk Accuracy: 70.19% val_time = 1762661133.00
INFO:  Days for shipping (real) Accuracy: 34.09% val_time = 1762661133.00
INFO:  on_time Accuracy: 81.54% val_time = 1762661133.00
INFO:  --------------------------------------------------
INFO:  TRAIN:epoch = 44/6000 classification_loss = 0.00000 train_time = 0.62
INFO:  ----------
INFO:  Late_delivery_risk Accuracy: 70.19% val_time = 1762661133.67
INFO:  Days for shipping (real) Accuracy: 34.03% val_time = 1762661133.67
INFO:  on_time Accuracy: 81.56% val_time = 1762661133.67
INFO:  --------------------------------------------------
INFO:  TRAIN:epoch = 45/6000 classification_loss = 0.00000 train_time = 0.49
INFO:  ----------
INFO:  Late_delivery_risk Accuracy: 70.19% val_time = 1762661134.21
INFO:  Days for shipping (real) Accuracy: 33.97% val_time = 1762661134.21
INFO:  on_time Accuracy: 81.61% val_time = 1762661134.21
INFO:  --------------------------------------------------
INFO:  TRAIN:epoch = 46/6000 classification_loss = 0.00000 train_time = 0.49
INFO:  ----------
INFO:  Late_delivery_risk Accuracy: 70.27% val_time = 1762661134.76
INFO:  Days for shipping (real) Accuracy: 34.03% val_time = 1762661134.76
INFO:  on_time Accuracy: 81.61% val_time = 1762661134.76
INFO:  --------------------------------------------------
INFO:  TRAIN:epoch = 47/6000 classification_loss = 0.00000 train_time = 0.63
INFO:  ----------
INFO:  Late_delivery_risk Accuracy: 70.07% val_time = 1762661135.44
INFO:  Days for shipping (real) Accuracy: 34.03% val_time = 1762661135.44
INFO:  on_time Accuracy: 81.61% val_time = 1762661135.44
INFO:  --------------------------------------------------
INFO:  TRAIN:epoch = 48/6000 classification_loss = 0.00000 train_time = 0.49
INFO:  ----------
INFO:  Late_delivery_risk Accuracy: 70.19% val_time = 1762661135.98
INFO:  Days for shipping (real) Accuracy: 33.95% val_time = 1762661135.98
INFO:  on_time Accuracy: 81.61% val_time = 1762661135.98
INFO:  --------------------------------------------------
INFO:  TRAIN:epoch = 49/6000 classification_loss = 0.00000 train_time = 0.62
INFO:  ----------
INFO:  Late_delivery_risk Accuracy: 70.19% val_time = 1762661136.65
INFO:  Days for shipping (real) Accuracy: 34.03% val_time = 1762661136.65
INFO:  on_time Accuracy: 81.61% val_time = 1762661136.65
INFO:  --------------------------------------------------
INFO:  TRAIN:epoch = 50/6000 classification_loss = 0.00000 train_time = 0.49
INFO:  ----------
INFO:  Late_delivery_risk Accuracy: 70.19% val_time = 1762661137.19
INFO:  Days for shipping (real) Accuracy: 34.03% val_time = 1762661137.19
INFO:  on_time Accuracy: 81.61% val_time = 1762661137.19
INFO:  --------------------------------------------------
INFO:  TRAIN:epoch = 51/6000 classification_loss = 0.00000 train_time = 0.49
INFO:  ----------
INFO:  Late_delivery_risk Accuracy: 70.13% val_time = 1762661137.73
INFO:  Days for shipping (real) Accuracy: 34.03% val_time = 1762661137.73
INFO:  on_time Accuracy: 81.61% val_time = 1762661137.73
INFO:  --------------------------------------------------
INFO:  TRAIN:epoch = 52/6000 classification_loss = 0.00000 train_time = 0.62
INFO:  ----------
INFO:  Late_delivery_risk Accuracy: 70.13% val_time = 1762661138.41
INFO:  Days for shipping (real) Accuracy: 34.09% val_time = 1762661138.41
INFO:  on_time Accuracy: 81.55% val_time = 1762661138.41
INFO:  --------------------------------------------------
INFO:  TRAIN:epoch = 53/6000 classification_loss = 0.00000 train_time = 0.50
INFO:  ----------
INFO:  Late_delivery_risk Accuracy: 70.13% val_time = 1762661138.96
INFO:  Days for shipping (real) Accuracy: 34.18% val_time = 1762661138.96
INFO:  on_time Accuracy: 81.61% val_time = 1762661138.96
INFO:  --------------------------------------------------
INFO:  TRAIN:epoch = 54/6000 classification_loss = 0.00000 train_time = 0.62
INFO:  ----------
INFO:  Late_delivery_risk Accuracy: 70.13% val_time = 1762661139.63
INFO:  Days for shipping (real) Accuracy: 34.09% val_time = 1762661139.63
INFO:  on_time Accuracy: 81.55% val_time = 1762661139.63
INFO:  --------------------------------------------------
INFO:  TRAIN:epoch = 55/6000 classification_loss = 0.00000 train_time = 0.49
INFO:  ----------
INFO:  Late_delivery_risk Accuracy: 70.13% val_time = 1762661140.18
INFO:  Days for shipping (real) Accuracy: 34.03% val_time = 1762661140.18
INFO:  on_time Accuracy: 81.61% val_time = 1762661140.18
INFO:  --------------------------------------------------
INFO:  TRAIN:epoch = 56/6000 classification_loss = 0.00000 train_time = 0.49
INFO:  ----------
INFO:  Late_delivery_risk Accuracy: 70.19% val_time = 1762661140.73
INFO:  Days for shipping (real) Accuracy: 34.09% val_time = 1762661140.73
INFO:  on_time Accuracy: 81.61% val_time = 1762661140.73
INFO:  --------------------------------------------------
INFO:  TRAIN:epoch = 57/6000 classification_loss = 0.00000 train_time = 0.62
INFO:  ----------
INFO:  Late_delivery_risk Accuracy: 70.19% val_time = 1762661141.40
INFO:  Days for shipping (real) Accuracy: 34.07% val_time = 1762661141.40
INFO:  on_time Accuracy: 81.61% val_time = 1762661141.40
INFO:  --------------------------------------------------
INFO:  TRAIN:epoch = 58/6000 classification_loss = 0.00000 train_time = 0.49
INFO:  ----------
INFO:  Late_delivery_risk Accuracy: 70.19% val_time = 1762661141.95
INFO:  Days for shipping (real) Accuracy: 34.09% val_time = 1762661141.95
INFO:  on_time Accuracy: 81.52% val_time = 1762661141.95
INFO:  --------------------------------------------------
INFO:  TRAIN:epoch = 59/6000 classification_loss = 0.00000 train_time = 0.49
INFO:  ----------
INFO:  Late_delivery_risk Accuracy: 70.13% val_time = 1762661142.50
INFO:  Days for shipping (real) Accuracy: 34.03% val_time = 1762661142.50
INFO:  on_time Accuracy: 81.61% val_time = 1762661142.50
INFO:  --------------------------------------------------
INFO:  TRAIN:epoch = 60/6000 classification_loss = 0.00000 train_time = 0.62
INFO:  ----------
INFO:  Late_delivery_risk Accuracy: 70.19% val_time = 1762661143.18
INFO:  Days for shipping (real) Accuracy: 34.03% val_time = 1762661143.18
INFO:  on_time Accuracy: 81.61% val_time = 1762661143.18
INFO:  --------------------------------------------------
INFO:  TRAIN:epoch = 61/6000 classification_loss = 0.00000 train_time = 0.49
INFO:  ----------
INFO:  Late_delivery_risk Accuracy: 70.13% val_time = 1762661143.72
INFO:  Days for shipping (real) Accuracy: 34.03% val_time = 1762661143.72
INFO:  on_time Accuracy: 81.61% val_time = 1762661143.72
INFO:  --------------------------------------------------
INFO:  TRAIN:epoch = 62/6000 classification_loss = 0.00000 train_time = 0.62
INFO:  ----------
INFO:  Late_delivery_risk Accuracy: 70.13% val_time = 1762661144.40
INFO:  Days for shipping (real) Accuracy: 34.03% val_time = 1762661144.40
INFO:  on_time Accuracy: 81.61% val_time = 1762661144.40
INFO:  --------------------------------------------------
INFO:  TRAIN:epoch = 63/6000 classification_loss = 0.00000 train_time = 0.49
INFO:  ----------
INFO:  Late_delivery_risk Accuracy: 70.11% val_time = 1762661144.95
INFO:  Days for shipping (real) Accuracy: 34.03% val_time = 1762661144.95
INFO:  on_time Accuracy: 81.61% val_time = 1762661144.95
INFO:  --------------------------------------------------
INFO:  TRAIN:epoch = 64/6000 classification_loss = 0.00000 train_time = 0.49
INFO:  ----------
INFO:  Late_delivery_risk Accuracy: 70.13% val_time = 1762661145.49
INFO:  Days for shipping (real) Accuracy: 34.01% val_time = 1762661145.49
INFO:  on_time Accuracy: 78.98% val_time = 1762661145.49
INFO:  --------------------------------------------------
INFO:  TRAIN:epoch = 65/6000 classification_loss = 0.00000 train_time = 0.63
INFO:  ----------
INFO:  Late_delivery_risk Accuracy: 70.13% val_time = 1762661146.17
INFO:  Days for shipping (real) Accuracy: 34.09% val_time = 1762661146.17
INFO:  on_time Accuracy: 81.55% val_time = 1762661146.17
INFO:  --------------------------------------------------
INFO:  TRAIN:epoch = 66/6000 classification_loss = 0.00000 train_time = 0.49
INFO:  ----------
INFO:  Late_delivery_risk Accuracy: 70.19% val_time = 1762661146.71
INFO:  Days for shipping (real) Accuracy: 34.09% val_time = 1762661146.71
INFO:  on_time Accuracy: 81.55% val_time = 1762661146.71
INFO:  --------------------------------------------------
INFO:  TRAIN:epoch = 67/6000 classification_loss = 0.00000 train_time = 0.62
INFO:  ----------
INFO:  Late_delivery_risk Accuracy: 70.13% val_time = 1762661147.38
INFO:  Days for shipping (real) Accuracy: 34.03% val_time = 1762661147.38
INFO:  on_time Accuracy: 81.55% val_time = 1762661147.38
INFO:  simulator training stage cost time: 44.75110387802124
INFO:  best_acc1 0.7018858800773694
INFO:  best_acc2 0.34199709864603484
INFO:  best_acc3 0.815522243713733
INFO:  best_overall_accuracy 0.6198017408123792
