INFO:  --------------------------------Een Init----------------------------------
INFO:  Code will run in cuda:0
INFO:  --------------------------------Dataset Init------------------------------
INFO:  --------------------------------Model Init--------------------------------
INFO:  --------------------------------Session Init------------------------------
INFO:  ------------------------------------ Main --------------------------------
INFO:  --------------------------------------------------
INFO:  TRAIN:epoch = 0/6000 classification_loss = 0.00000 train_time = 0.90
INFO:  ----------
INFO:  late_risk Accuracy: 59.33% val_time = 1762637101.14
INFO:  day_for_shipping Accuracy: 27.90% val_time = 1762637101.14
INFO:  on_time Accuracy: 59.33% val_time = 1762637101.14
INFO:  ----------
INFO:  best_overall_accuracy: 48.85% 
INFO:  --------------------------------------------------
INFO:  TRAIN:epoch = 1/6000 classification_loss = 0.00000 train_time = 0.21
INFO:  ----------
INFO:  late_risk Accuracy: 59.33% val_time = 1762637101.39
INFO:  day_for_shipping Accuracy: 21.97% val_time = 1762637101.39
INFO:  on_time Accuracy: 59.33% val_time = 1762637101.39
INFO:  --------------------------------------------------
INFO:  TRAIN:epoch = 2/6000 classification_loss = 0.00000 train_time = 0.20
INFO:  ----------
INFO:  late_risk Accuracy: 59.33% val_time = 1762637101.62
INFO:  day_for_shipping Accuracy: 21.97% val_time = 1762637101.62
INFO:  on_time Accuracy: 59.33% val_time = 1762637101.62
INFO:  --------------------------------------------------
INFO:  TRAIN:epoch = 3/6000 classification_loss = 0.00000 train_time = 0.32
INFO:  ----------
INFO:  late_risk Accuracy: 59.33% val_time = 1762637101.97
INFO:  day_for_shipping Accuracy: 21.97% val_time = 1762637101.97
INFO:  on_time Accuracy: 59.33% val_time = 1762637101.97
INFO:  --------------------------------------------------
INFO:  TRAIN:epoch = 4/6000 classification_loss = 0.00000 train_time = 0.20
INFO:  ----------
INFO:  late_risk Accuracy: 40.67% val_time = 1762637102.20
INFO:  day_for_shipping Accuracy: 21.97% val_time = 1762637102.20
INFO:  on_time Accuracy: 59.33% val_time = 1762637102.20
INFO:  --------------------------------------------------
INFO:  TRAIN:epoch = 5/6000 classification_loss = 0.00000 train_time = 0.20
INFO:  ----------
INFO:  late_risk Accuracy: 59.33% val_time = 1762637102.43
INFO:  day_for_shipping Accuracy: 27.90% val_time = 1762637102.43
INFO:  on_time Accuracy: 59.33% val_time = 1762637102.43
INFO:  --------------------------------------------------
INFO:  TRAIN:epoch = 6/6000 classification_loss = 0.00000 train_time = 0.20
INFO:  ----------
INFO:  late_risk Accuracy: 40.67% val_time = 1762637102.66
INFO:  day_for_shipping Accuracy: 27.90% val_time = 1762637102.66
INFO:  on_time Accuracy: 59.33% val_time = 1762637102.66
INFO:  --------------------------------------------------
INFO:  TRAIN:epoch = 7/6000 classification_loss = 0.00000 train_time = 0.20
INFO:  ----------
INFO:  late_risk Accuracy: 40.67% val_time = 1762637102.89
INFO:  day_for_shipping Accuracy: 27.90% val_time = 1762637102.89
INFO:  on_time Accuracy: 59.33% val_time = 1762637102.89
INFO:  --------------------------------------------------
INFO:  TRAIN:epoch = 8/6000 classification_loss = 0.00000 train_time = 0.20
INFO:  ----------
INFO:  late_risk Accuracy: 59.33% val_time = 1762637103.12
INFO:  day_for_shipping Accuracy: 27.90% val_time = 1762637103.12
INFO:  on_time Accuracy: 59.33% val_time = 1762637103.12
INFO:  --------------------------------------------------
INFO:  TRAIN:epoch = 9/6000 classification_loss = 0.00000 train_time = 0.20
INFO:  ----------
INFO:  late_risk Accuracy: 59.33% val_time = 1762637103.35
INFO:  day_for_shipping Accuracy: 27.90% val_time = 1762637103.35
INFO:  on_time Accuracy: 59.33% val_time = 1762637103.35
INFO:  --------------------------------------------------
INFO:  TRAIN:epoch = 10/6000 classification_loss = 0.00000 train_time = 0.20
INFO:  ----------
INFO:  late_risk Accuracy: 59.33% val_time = 1762637103.58
INFO:  day_for_shipping Accuracy: 27.90% val_time = 1762637103.58
INFO:  on_time Accuracy: 59.33% val_time = 1762637103.58
INFO:  --------------------------------------------------
INFO:  TRAIN:epoch = 11/6000 classification_loss = 0.00000 train_time = 0.34
INFO:  ----------
INFO:  late_risk Accuracy: 59.33% val_time = 1762637103.95
INFO:  day_for_shipping Accuracy: 27.90% val_time = 1762637103.95
INFO:  on_time Accuracy: 59.33% val_time = 1762637103.95
INFO:  --------------------------------------------------
INFO:  TRAIN:epoch = 12/6000 classification_loss = 0.00000 train_time = 0.20
INFO:  ----------
INFO:  late_risk Accuracy: 59.33% val_time = 1762637104.18
INFO:  day_for_shipping Accuracy: 27.90% val_time = 1762637104.18
INFO:  on_time Accuracy: 59.33% val_time = 1762637104.18
INFO:  --------------------------------------------------
INFO:  TRAIN:epoch = 13/6000 classification_loss = 0.00000 train_time = 0.20
INFO:  ----------
INFO:  late_risk Accuracy: 59.33% val_time = 1762637104.41
INFO:  day_for_shipping Accuracy: 27.90% val_time = 1762637104.41
INFO:  on_time Accuracy: 59.33% val_time = 1762637104.41
INFO:  --------------------------------------------------
INFO:  TRAIN:epoch = 14/6000 classification_loss = 0.00000 train_time = 0.20
INFO:  ----------
INFO:  late_risk Accuracy: 59.33% val_time = 1762637104.64
INFO:  day_for_shipping Accuracy: 27.90% val_time = 1762637104.64
INFO:  on_time Accuracy: 59.33% val_time = 1762637104.64
INFO:  --------------------------------------------------
INFO:  TRAIN:epoch = 15/6000 classification_loss = 0.00000 train_time = 0.20
INFO:  ----------
INFO:  late_risk Accuracy: 59.33% val_time = 1762637104.87
INFO:  day_for_shipping Accuracy: 27.90% val_time = 1762637104.87
INFO:  on_time Accuracy: 59.33% val_time = 1762637104.87
INFO:  --------------------------------------------------
INFO:  TRAIN:epoch = 16/6000 classification_loss = 0.00000 train_time = 0.20
INFO:  ----------
INFO:  late_risk Accuracy: 59.33% val_time = 1762637105.11
INFO:  day_for_shipping Accuracy: 27.90% val_time = 1762637105.11
INFO:  on_time Accuracy: 59.33% val_time = 1762637105.11
INFO:  --------------------------------------------------
INFO:  TRAIN:epoch = 17/6000 classification_loss = 0.00000 train_time = 0.20
INFO:  ----------
INFO:  late_risk Accuracy: 59.33% val_time = 1762637105.33
INFO:  day_for_shipping Accuracy: 27.90% val_time = 1762637105.33
INFO:  on_time Accuracy: 59.33% val_time = 1762637105.33
INFO:  --------------------------------------------------
INFO:  TRAIN:epoch = 18/6000 classification_loss = 0.00000 train_time = 0.20
INFO:  ----------
INFO:  late_risk Accuracy: 59.33% val_time = 1762637105.56
INFO:  day_for_shipping Accuracy: 27.90% val_time = 1762637105.56
INFO:  on_time Accuracy: 59.33% val_time = 1762637105.56
INFO:  --------------------------------------------------
INFO:  TRAIN:epoch = 19/6000 classification_loss = 0.00000 train_time = 0.32
INFO:  ----------
INFO:  late_risk Accuracy: 52.64% val_time = 1762637105.91
INFO:  day_for_shipping Accuracy: 27.90% val_time = 1762637105.91
INFO:  on_time Accuracy: 59.33% val_time = 1762637105.91
INFO:  --------------------------------------------------
INFO:  TRAIN:epoch = 20/6000 classification_loss = 0.00000 train_time = 0.20
INFO:  ----------
INFO:  late_risk Accuracy: 40.67% val_time = 1762637106.14
INFO:  day_for_shipping Accuracy: 33.14% val_time = 1762637106.14
INFO:  on_time Accuracy: 0.00% val_time = 1762637106.14
INFO:  --------------------------------------------------
INFO:  TRAIN:epoch = 21/6000 classification_loss = 0.00000 train_time = 0.20
INFO:  ----------
INFO:  late_risk Accuracy: 40.67% val_time = 1762637106.38
INFO:  day_for_shipping Accuracy: 33.14% val_time = 1762637106.38
INFO:  on_time Accuracy: 40.67% val_time = 1762637106.38
INFO:  --------------------------------------------------
INFO:  TRAIN:epoch = 22/6000 classification_loss = 0.00000 train_time = 0.20
INFO:  ----------
INFO:  late_risk Accuracy: 64.57% val_time = 1762637106.61
INFO:  day_for_shipping Accuracy: 27.20% val_time = 1762637106.61
INFO:  on_time Accuracy: 59.33% val_time = 1762637106.61
INFO:  ----------
INFO:  best_overall_accuracy: 50.37% 
INFO:  --------------------------------------------------
INFO:  TRAIN:epoch = 23/6000 classification_loss = 0.00000 train_time = 0.20
INFO:  ----------
INFO:  late_risk Accuracy: 64.57% val_time = 1762637106.84
INFO:  day_for_shipping Accuracy: 27.90% val_time = 1762637106.84
INFO:  on_time Accuracy: 59.33% val_time = 1762637106.84
INFO:  ----------
INFO:  best_overall_accuracy: 50.60% 
INFO:  --------------------------------------------------
INFO:  TRAIN:epoch = 24/6000 classification_loss = 0.00000 train_time = 0.20
INFO:  ----------
INFO:  late_risk Accuracy: 64.57% val_time = 1762637107.07
INFO:  day_for_shipping Accuracy: 28.95% val_time = 1762637107.07
INFO:  on_time Accuracy: 59.33% val_time = 1762637107.07
INFO:  ----------
INFO:  best_overall_accuracy: 50.95% 
INFO:  --------------------------------------------------
INFO:  TRAIN:epoch = 25/6000 classification_loss = 0.00000 train_time = 0.20
INFO:  ----------
INFO:  late_risk Accuracy: 64.57% val_time = 1762637107.30
INFO:  day_for_shipping Accuracy: 28.52% val_time = 1762637107.30
INFO:  on_time Accuracy: 59.33% val_time = 1762637107.30
INFO:  --------------------------------------------------
INFO:  TRAIN:epoch = 26/6000 classification_loss = 0.00000 train_time = 0.20
INFO:  ----------
INFO:  late_risk Accuracy: 64.57% val_time = 1762637107.53
INFO:  day_for_shipping Accuracy: 28.97% val_time = 1762637107.53
INFO:  on_time Accuracy: 59.33% val_time = 1762637107.53
INFO:  ----------
INFO:  best_overall_accuracy: 50.96% 
INFO:  --------------------------------------------------
INFO:  TRAIN:epoch = 27/6000 classification_loss = 0.00000 train_time = 0.32
INFO:  ----------
INFO:  late_risk Accuracy: 64.57% val_time = 1762637107.89
INFO:  day_for_shipping Accuracy: 31.49% val_time = 1762637107.89
INFO:  on_time Accuracy: 59.33% val_time = 1762637107.89
INFO:  ----------
INFO:  best_overall_accuracy: 51.80% 
INFO:  --------------------------------------------------
INFO:  TRAIN:epoch = 28/6000 classification_loss = 0.00000 train_time = 0.20
INFO:  ----------
INFO:  late_risk Accuracy: 59.33% val_time = 1762637108.12
INFO:  day_for_shipping Accuracy: 34.43% val_time = 1762637108.12
INFO:  on_time Accuracy: 59.33% val_time = 1762637108.12
INFO:  --------------------------------------------------
INFO:  TRAIN:epoch = 29/6000 classification_loss = 0.00000 train_time = 0.20
INFO:  ----------
INFO:  late_risk Accuracy: 59.33% val_time = 1762637108.35
INFO:  day_for_shipping Accuracy: 28.25% val_time = 1762637108.35
INFO:  on_time Accuracy: 59.33% val_time = 1762637108.35
INFO:  --------------------------------------------------
INFO:  TRAIN:epoch = 30/6000 classification_loss = 0.00000 train_time = 0.20
INFO:  ----------
INFO:  late_risk Accuracy: 59.33% val_time = 1762637108.58
INFO:  day_for_shipping Accuracy: 34.39% val_time = 1762637108.58
INFO:  on_time Accuracy: 59.33% val_time = 1762637108.58
INFO:  --------------------------------------------------
INFO:  TRAIN:epoch = 31/6000 classification_loss = 0.00000 train_time = 0.20
INFO:  ----------
INFO:  late_risk Accuracy: 59.33% val_time = 1762637108.81
INFO:  day_for_shipping Accuracy: 33.89% val_time = 1762637108.81
INFO:  on_time Accuracy: 59.33% val_time = 1762637108.81
INFO:  --------------------------------------------------
INFO:  TRAIN:epoch = 32/6000 classification_loss = 0.00000 train_time = 0.20
INFO:  ----------
INFO:  late_risk Accuracy: 59.33% val_time = 1762637109.04
INFO:  day_for_shipping Accuracy: 31.80% val_time = 1762637109.04
INFO:  on_time Accuracy: 59.33% val_time = 1762637109.04
INFO:  --------------------------------------------------
INFO:  TRAIN:epoch = 33/6000 classification_loss = 0.00000 train_time = 0.20
INFO:  ----------
INFO:  late_risk Accuracy: 40.67% val_time = 1762637109.27
INFO:  day_for_shipping Accuracy: 30.24% val_time = 1762637109.27
INFO:  on_time Accuracy: 59.33% val_time = 1762637109.27
INFO:  --------------------------------------------------
INFO:  TRAIN:epoch = 34/6000 classification_loss = 0.00000 train_time = 0.20
INFO:  ----------
INFO:  late_risk Accuracy: 40.67% val_time = 1762637109.50
INFO:  day_for_shipping Accuracy: 32.31% val_time = 1762637109.50
INFO:  on_time Accuracy: 59.33% val_time = 1762637109.50
INFO:  --------------------------------------------------
INFO:  TRAIN:epoch = 35/6000 classification_loss = 0.00000 train_time = 0.31
INFO:  ----------
INFO:  late_risk Accuracy: 56.40% val_time = 1762637109.84
INFO:  day_for_shipping Accuracy: 26.94% val_time = 1762637109.84
INFO:  on_time Accuracy: 40.67% val_time = 1762637109.84
INFO:  --------------------------------------------------
INFO:  TRAIN:epoch = 36/6000 classification_loss = 0.00000 train_time = 0.20
INFO:  ----------
INFO:  late_risk Accuracy: 64.57% val_time = 1762637110.07
INFO:  day_for_shipping Accuracy: 29.15% val_time = 1762637110.07
INFO:  on_time Accuracy: 40.67% val_time = 1762637110.07
INFO:  --------------------------------------------------
INFO:  TRAIN:epoch = 37/6000 classification_loss = 0.00000 train_time = 0.20
INFO:  ----------
INFO:  late_risk Accuracy: 64.57% val_time = 1762637110.30
INFO:  day_for_shipping Accuracy: 31.80% val_time = 1762637110.30
INFO:  on_time Accuracy: 59.33% val_time = 1762637110.30
INFO:  ----------
INFO:  best_overall_accuracy: 51.90% 
INFO:  --------------------------------------------------
INFO:  TRAIN:epoch = 38/6000 classification_loss = 0.00000 train_time = 0.20
INFO:  ----------
INFO:  late_risk Accuracy: 64.57% val_time = 1762637110.54
INFO:  day_for_shipping Accuracy: 40.50% val_time = 1762637110.54
INFO:  on_time Accuracy: 59.33% val_time = 1762637110.54
INFO:  ----------
INFO:  best_overall_accuracy: 54.80% 
INFO:  --------------------------------------------------
INFO:  TRAIN:epoch = 39/6000 classification_loss = 0.00000 train_time = 0.20
INFO:  ----------
INFO:  late_risk Accuracy: 64.57% val_time = 1762637110.78
INFO:  day_for_shipping Accuracy: 38.80% val_time = 1762637110.78
INFO:  on_time Accuracy: 59.33% val_time = 1762637110.78
INFO:  --------------------------------------------------
INFO:  TRAIN:epoch = 40/6000 classification_loss = 0.00000 train_time = 0.20
INFO:  ----------
INFO:  late_risk Accuracy: 64.57% val_time = 1762637111.01
INFO:  day_for_shipping Accuracy: 33.96% val_time = 1762637111.01
INFO:  on_time Accuracy: 40.67% val_time = 1762637111.01
INFO:  --------------------------------------------------
INFO:  TRAIN:epoch = 41/6000 classification_loss = 0.00000 train_time = 0.20
INFO:  ----------
INFO:  late_risk Accuracy: 64.57% val_time = 1762637111.24
INFO:  day_for_shipping Accuracy: 40.61% val_time = 1762637111.24
INFO:  on_time Accuracy: 40.67% val_time = 1762637111.24
INFO:  --------------------------------------------------
INFO:  TRAIN:epoch = 42/6000 classification_loss = 0.00000 train_time = 0.20
INFO:  ----------
INFO:  late_risk Accuracy: 68.45% val_time = 1762637111.47
INFO:  day_for_shipping Accuracy: 41.74% val_time = 1762637111.47
INFO:  on_time Accuracy: 59.33% val_time = 1762637111.47
INFO:  ----------
INFO:  best_overall_accuracy: 56.51% 
INFO:  --------------------------------------------------
INFO:  TRAIN:epoch = 43/6000 classification_loss = 0.00000 train_time = 0.20
INFO:  ----------
INFO:  late_risk Accuracy: 71.75% val_time = 1762637111.71
INFO:  day_for_shipping Accuracy: 38.99% val_time = 1762637111.71
INFO:  on_time Accuracy: 59.33% val_time = 1762637111.71
INFO:  ----------
INFO:  best_overall_accuracy: 56.69% 
INFO:  --------------------------------------------------
INFO:  TRAIN:epoch = 44/6000 classification_loss = 0.00000 train_time = 0.33
INFO:  ----------
INFO:  late_risk Accuracy: 40.67% val_time = 1762637112.07
INFO:  day_for_shipping Accuracy: 44.67% val_time = 1762637112.07
INFO:  on_time Accuracy: 64.57% val_time = 1762637112.07
INFO:  --------------------------------------------------
INFO:  TRAIN:epoch = 45/6000 classification_loss = 0.00000 train_time = 0.20
INFO:  ----------
INFO:  late_risk Accuracy: 64.57% val_time = 1762637112.31
INFO:  day_for_shipping Accuracy: 38.70% val_time = 1762637112.31
INFO:  on_time Accuracy: 59.41% val_time = 1762637112.31
INFO:  --------------------------------------------------
INFO:  TRAIN:epoch = 46/6000 classification_loss = 0.00000 train_time = 0.20
INFO:  ----------
INFO:  late_risk Accuracy: 5.44% val_time = 1762637112.54
INFO:  day_for_shipping Accuracy: 39.85% val_time = 1762637112.54
INFO:  on_time Accuracy: 64.57% val_time = 1762637112.54
INFO:  --------------------------------------------------
INFO:  TRAIN:epoch = 47/6000 classification_loss = 0.00000 train_time = 0.20
INFO:  ----------
INFO:  late_risk Accuracy: 64.57% val_time = 1762637112.77
INFO:  day_for_shipping Accuracy: 38.37% val_time = 1762637112.77
INFO:  on_time Accuracy: 64.57% val_time = 1762637112.77
INFO:  --------------------------------------------------
INFO:  TRAIN:epoch = 48/6000 classification_loss = 0.00000 train_time = 0.20
INFO:  ----------
INFO:  late_risk Accuracy: 64.57% val_time = 1762637113.00
INFO:  day_for_shipping Accuracy: 37.96% val_time = 1762637113.00
INFO:  on_time Accuracy: 70.60% val_time = 1762637113.00
INFO:  ----------
INFO:  best_overall_accuracy: 57.71% 
INFO:  --------------------------------------------------
INFO:  TRAIN:epoch = 49/6000 classification_loss = 0.00000 train_time = 0.20
INFO:  ----------
INFO:  late_risk Accuracy: 70.66% val_time = 1762637113.23
INFO:  day_for_shipping Accuracy: 40.51% val_time = 1762637113.23
INFO:  on_time Accuracy: 72.47% val_time = 1762637113.23
INFO:  ----------
INFO:  best_overall_accuracy: 61.21% 
INFO:  --------------------------------------------------
INFO:  TRAIN:epoch = 50/6000 classification_loss = 0.00000 train_time = 0.20
INFO:  ----------
INFO:  late_risk Accuracy: 71.46% val_time = 1762637113.46
INFO:  day_for_shipping Accuracy: 39.60% val_time = 1762637113.46
INFO:  on_time Accuracy: 70.62% val_time = 1762637113.46
INFO:  --------------------------------------------------
INFO:  TRAIN:epoch = 51/6000 classification_loss = 0.00000 train_time = 0.20
INFO:  ----------
INFO:  late_risk Accuracy: 72.49% val_time = 1762637113.69
INFO:  day_for_shipping Accuracy: 41.82% val_time = 1762637113.69
INFO:  on_time Accuracy: 72.35% val_time = 1762637113.69
INFO:  ----------
INFO:  best_overall_accuracy: 62.22% 
INFO:  --------------------------------------------------
INFO:  TRAIN:epoch = 52/6000 classification_loss = 0.00000 train_time = 0.31
INFO:  ----------
INFO:  late_risk Accuracy: 72.53% val_time = 1762637114.04
INFO:  day_for_shipping Accuracy: 42.87% val_time = 1762637114.04
INFO:  on_time Accuracy: 72.88% val_time = 1762637114.04
INFO:  ----------
INFO:  best_overall_accuracy: 62.76% 
INFO:  --------------------------------------------------
INFO:  TRAIN:epoch = 53/6000 classification_loss = 0.00000 train_time = 0.20
INFO:  ----------
INFO:  late_risk Accuracy: 71.87% val_time = 1762637114.27
INFO:  day_for_shipping Accuracy: 42.27% val_time = 1762637114.27
INFO:  on_time Accuracy: 71.98% val_time = 1762637114.27
INFO:  --------------------------------------------------
INFO:  TRAIN:epoch = 54/6000 classification_loss = 0.00000 train_time = 0.20
INFO:  ----------
INFO:  late_risk Accuracy: 72.74% val_time = 1762637114.50
INFO:  day_for_shipping Accuracy: 44.96% val_time = 1762637114.50
INFO:  on_time Accuracy: 72.65% val_time = 1762637114.50
INFO:  ----------
INFO:  best_overall_accuracy: 63.45% 
INFO:  --------------------------------------------------
INFO:  TRAIN:epoch = 55/6000 classification_loss = 0.00000 train_time = 0.21
INFO:  ----------
INFO:  late_risk Accuracy: 75.98% val_time = 1762637114.74
INFO:  day_for_shipping Accuracy: 48.39% val_time = 1762637114.74
INFO:  on_time Accuracy: 74.99% val_time = 1762637114.74
INFO:  ----------
INFO:  best_overall_accuracy: 66.45% 
INFO:  --------------------------------------------------
INFO:  TRAIN:epoch = 56/6000 classification_loss = 0.00000 train_time = 0.20
INFO:  ----------
INFO:  late_risk Accuracy: 75.26% val_time = 1762637114.97
INFO:  day_for_shipping Accuracy: 50.19% val_time = 1762637114.97
INFO:  on_time Accuracy: 74.73% val_time = 1762637114.97
INFO:  ----------
INFO:  best_overall_accuracy: 66.73% 
INFO:  --------------------------------------------------
INFO:  TRAIN:epoch = 57/6000 classification_loss = 0.00000 train_time = 0.20
INFO:  ----------
INFO:  late_risk Accuracy: 73.78% val_time = 1762637115.20
INFO:  day_for_shipping Accuracy: 38.49% val_time = 1762637115.20
INFO:  on_time Accuracy: 72.59% val_time = 1762637115.20
INFO:  --------------------------------------------------
INFO:  TRAIN:epoch = 58/6000 classification_loss = 0.00000 train_time = 0.20
INFO:  ----------
INFO:  late_risk Accuracy: 76.31% val_time = 1762637115.43
INFO:  day_for_shipping Accuracy: 52.99% val_time = 1762637115.43
INFO:  on_time Accuracy: 75.41% val_time = 1762637115.43
INFO:  ----------
INFO:  best_overall_accuracy: 68.24% 
INFO:  --------------------------------------------------
INFO:  TRAIN:epoch = 59/6000 classification_loss = 0.00000 train_time = 0.20
INFO:  ----------
INFO:  late_risk Accuracy: 74.26% val_time = 1762637115.66
INFO:  day_for_shipping Accuracy: 51.20% val_time = 1762637115.66
INFO:  on_time Accuracy: 79.59% val_time = 1762637115.66
INFO:  ----------
INFO:  best_overall_accuracy: 68.35% 
INFO:  --------------------------------------------------
INFO:  TRAIN:epoch = 60/6000 classification_loss = 0.00000 train_time = 0.20
INFO:  ----------
INFO:  late_risk Accuracy: 79.26% val_time = 1762637115.89
INFO:  day_for_shipping Accuracy: 53.58% val_time = 1762637115.89
INFO:  on_time Accuracy: 78.83% val_time = 1762637115.89
INFO:  ----------
INFO:  best_overall_accuracy: 70.55% 
INFO:  --------------------------------------------------
INFO:  TRAIN:epoch = 61/6000 classification_loss = 0.00000 train_time = 0.31
INFO:  ----------
INFO:  late_risk Accuracy: 80.29% val_time = 1762637116.24
INFO:  day_for_shipping Accuracy: 53.21% val_time = 1762637116.24
INFO:  on_time Accuracy: 79.41% val_time = 1762637116.24
INFO:  ----------
INFO:  best_overall_accuracy: 70.97% 
INFO:  --------------------------------------------------
INFO:  TRAIN:epoch = 62/6000 classification_loss = 0.00000 train_time = 0.20
INFO:  ----------
INFO:  late_risk Accuracy: 78.10% val_time = 1762637116.47
INFO:  day_for_shipping Accuracy: 48.84% val_time = 1762637116.47
INFO:  on_time Accuracy: 78.75% val_time = 1762637116.47
INFO:  --------------------------------------------------
INFO:  TRAIN:epoch = 63/6000 classification_loss = 0.00000 train_time = 0.20
INFO:  ----------
INFO:  late_risk Accuracy: 78.65% val_time = 1762637116.70
INFO:  day_for_shipping Accuracy: 48.08% val_time = 1762637116.70
INFO:  on_time Accuracy: 77.68% val_time = 1762637116.70
INFO:  --------------------------------------------------
INFO:  TRAIN:epoch = 64/6000 classification_loss = 0.00000 train_time = 0.20
INFO:  ----------
INFO:  late_risk Accuracy: 78.22% val_time = 1762637116.93
INFO:  day_for_shipping Accuracy: 48.57% val_time = 1762637116.93
INFO:  on_time Accuracy: 77.21% val_time = 1762637116.93
INFO:  --------------------------------------------------
INFO:  TRAIN:epoch = 65/6000 classification_loss = 0.00000 train_time = 0.20
INFO:  ----------
INFO:  late_risk Accuracy: 77.25% val_time = 1762637117.17
INFO:  day_for_shipping Accuracy: 49.80% val_time = 1762637117.17
INFO:  on_time Accuracy: 78.98% val_time = 1762637117.17
INFO:  --------------------------------------------------
INFO:  TRAIN:epoch = 66/6000 classification_loss = 0.00000 train_time = 0.20
INFO:  ----------
INFO:  late_risk Accuracy: 81.97% val_time = 1762637117.39
INFO:  day_for_shipping Accuracy: 58.26% val_time = 1762637117.39
INFO:  on_time Accuracy: 81.81% val_time = 1762637117.39
INFO:  ----------
INFO:  best_overall_accuracy: 74.01% 
INFO:  --------------------------------------------------
INFO:  TRAIN:epoch = 67/6000 classification_loss = 0.00000 train_time = 0.20
INFO:  ----------
INFO:  late_risk Accuracy: 76.29% val_time = 1762637117.62
INFO:  day_for_shipping Accuracy: 50.26% val_time = 1762637117.62
INFO:  on_time Accuracy: 77.29% val_time = 1762637117.62
INFO:  --------------------------------------------------
INFO:  TRAIN:epoch = 68/6000 classification_loss = 0.00000 train_time = 0.20
INFO:  ----------
INFO:  late_risk Accuracy: 82.41% val_time = 1762637117.85
INFO:  day_for_shipping Accuracy: 56.00% val_time = 1762637117.85
INFO:  on_time Accuracy: 82.00% val_time = 1762637117.85
INFO:  --------------------------------------------------
INFO:  TRAIN:epoch = 69/6000 classification_loss = 0.00000 train_time = 0.32
INFO:  ----------
INFO:  late_risk Accuracy: 82.51% val_time = 1762637118.21
INFO:  day_for_shipping Accuracy: 61.51% val_time = 1762637118.21
INFO:  on_time Accuracy: 82.18% val_time = 1762637118.21
INFO:  ----------
INFO:  best_overall_accuracy: 75.40% 
INFO:  --------------------------------------------------
INFO:  TRAIN:epoch = 70/6000 classification_loss = 0.00000 train_time = 0.20
INFO:  ----------
INFO:  late_risk Accuracy: 76.45% val_time = 1762637118.44
INFO:  day_for_shipping Accuracy: 45.66% val_time = 1762637118.44
INFO:  on_time Accuracy: 75.10% val_time = 1762637118.44
INFO:  --------------------------------------------------
INFO:  TRAIN:epoch = 71/6000 classification_loss = 0.00000 train_time = 0.20
INFO:  ----------
INFO:  late_risk Accuracy: 73.46% val_time = 1762637118.67
INFO:  day_for_shipping Accuracy: 46.56% val_time = 1762637118.67
INFO:  on_time Accuracy: 73.74% val_time = 1762637118.67
INFO:  --------------------------------------------------
INFO:  TRAIN:epoch = 72/6000 classification_loss = 0.00000 train_time = 0.20
INFO:  ----------
INFO:  late_risk Accuracy: 74.60% val_time = 1762637118.90
INFO:  day_for_shipping Accuracy: 54.71% val_time = 1762637118.90
INFO:  on_time Accuracy: 73.99% val_time = 1762637118.90
INFO:  --------------------------------------------------
INFO:  TRAIN:epoch = 73/6000 classification_loss = 0.00000 train_time = 0.20
INFO:  ----------
INFO:  late_risk Accuracy: 73.85% val_time = 1762637119.13
INFO:  day_for_shipping Accuracy: 50.54% val_time = 1762637119.13
INFO:  on_time Accuracy: 73.87% val_time = 1762637119.13
INFO:  --------------------------------------------------
INFO:  TRAIN:epoch = 74/6000 classification_loss = 0.00000 train_time = 0.20
INFO:  ----------
INFO:  late_risk Accuracy: 71.96% val_time = 1762637119.36
INFO:  day_for_shipping Accuracy: 52.90% val_time = 1762637119.36
INFO:  on_time Accuracy: 71.98% val_time = 1762637119.36
INFO:  --------------------------------------------------
INFO:  TRAIN:epoch = 75/6000 classification_loss = 0.00000 train_time = 0.20
INFO:  ----------
INFO:  late_risk Accuracy: 74.61% val_time = 1762637119.59
INFO:  day_for_shipping Accuracy: 56.40% val_time = 1762637119.59
INFO:  on_time Accuracy: 74.63% val_time = 1762637119.59
INFO:  --------------------------------------------------
INFO:  TRAIN:epoch = 76/6000 classification_loss = 0.00000 train_time = 0.20
INFO:  ----------
INFO:  late_risk Accuracy: 74.60% val_time = 1762637119.82
INFO:  day_for_shipping Accuracy: 49.93% val_time = 1762637119.82
INFO:  on_time Accuracy: 74.26% val_time = 1762637119.82
INFO:  --------------------------------------------------
INFO:  TRAIN:epoch = 77/6000 classification_loss = 0.00000 train_time = 0.32
INFO:  ----------
INFO:  late_risk Accuracy: 72.82% val_time = 1762637120.17
INFO:  day_for_shipping Accuracy: 54.40% val_time = 1762637120.17
INFO:  on_time Accuracy: 61.75% val_time = 1762637120.17
INFO:  --------------------------------------------------
INFO:  TRAIN:epoch = 78/6000 classification_loss = 0.00000 train_time = 0.20
INFO:  ----------
INFO:  late_risk Accuracy: 75.41% val_time = 1762637120.40
INFO:  day_for_shipping Accuracy: 54.81% val_time = 1762637120.40
INFO:  on_time Accuracy: 74.58% val_time = 1762637120.40
INFO:  --------------------------------------------------
INFO:  TRAIN:epoch = 79/6000 classification_loss = 0.00000 train_time = 0.20
INFO:  ----------
INFO:  late_risk Accuracy: 50.83% val_time = 1762637120.63
INFO:  day_for_shipping Accuracy: 47.69% val_time = 1762637120.63
INFO:  on_time Accuracy: 70.97% val_time = 1762637120.63
INFO:  --------------------------------------------------
INFO:  TRAIN:epoch = 80/6000 classification_loss = 0.00000 train_time = 0.20
INFO:  ----------
INFO:  late_risk Accuracy: 51.08% val_time = 1762637120.86
INFO:  day_for_shipping Accuracy: 58.39% val_time = 1762637120.86
INFO:  on_time Accuracy: 74.69% val_time = 1762637120.86
INFO:  --------------------------------------------------
INFO:  TRAIN:epoch = 81/6000 classification_loss = 0.00000 train_time = 0.20
INFO:  ----------
INFO:  late_risk Accuracy: 73.56% val_time = 1762637121.09
INFO:  day_for_shipping Accuracy: 44.51% val_time = 1762637121.09
INFO:  on_time Accuracy: 73.58% val_time = 1762637121.09
INFO:  --------------------------------------------------
INFO:  TRAIN:epoch = 82/6000 classification_loss = 0.00000 train_time = 0.20
INFO:  ----------
INFO:  late_risk Accuracy: 66.02% val_time = 1762637121.33
INFO:  day_for_shipping Accuracy: 54.94% val_time = 1762637121.33
INFO:  on_time Accuracy: 72.04% val_time = 1762637121.33
INFO:  --------------------------------------------------
INFO:  TRAIN:epoch = 83/6000 classification_loss = 0.00000 train_time = 0.22
INFO:  ----------
INFO:  late_risk Accuracy: 74.34% val_time = 1762637121.59
INFO:  day_for_shipping Accuracy: 50.32% val_time = 1762637121.59
INFO:  on_time Accuracy: 74.32% val_time = 1762637121.59
INFO:  --------------------------------------------------
INFO:  TRAIN:epoch = 84/6000 classification_loss = 0.00000 train_time = 0.22
INFO:  ----------
INFO:  late_risk Accuracy: 74.54% val_time = 1762637121.84
INFO:  day_for_shipping Accuracy: 54.92% val_time = 1762637121.84
INFO:  on_time Accuracy: 74.60% val_time = 1762637121.84
INFO:  --------------------------------------------------
INFO:  TRAIN:epoch = 85/6000 classification_loss = 0.00000 train_time = 0.23
INFO:  ----------
INFO:  late_risk Accuracy: 74.34% val_time = 1762637122.10
INFO:  day_for_shipping Accuracy: 57.83% val_time = 1762637122.10
INFO:  on_time Accuracy: 74.40% val_time = 1762637122.10
INFO:  --------------------------------------------------
INFO:  TRAIN:epoch = 86/6000 classification_loss = 0.00000 train_time = 0.36
INFO:  ----------
INFO:  late_risk Accuracy: 73.74% val_time = 1762637122.49
INFO:  day_for_shipping Accuracy: 47.34% val_time = 1762637122.49
INFO:  on_time Accuracy: 73.68% val_time = 1762637122.49
INFO:  --------------------------------------------------
INFO:  TRAIN:epoch = 87/6000 classification_loss = 0.00000 train_time = 0.21
INFO:  ----------
INFO:  late_risk Accuracy: 73.66% val_time = 1762637122.73
INFO:  day_for_shipping Accuracy: 58.84% val_time = 1762637122.73
INFO:  on_time Accuracy: 73.64% val_time = 1762637122.73
INFO:  --------------------------------------------------
INFO:  TRAIN:epoch = 88/6000 classification_loss = 0.00000 train_time = 0.20
INFO:  ----------
INFO:  late_risk Accuracy: 73.89% val_time = 1762637122.97
INFO:  day_for_shipping Accuracy: 50.54% val_time = 1762637122.97
INFO:  on_time Accuracy: 73.89% val_time = 1762637122.97
INFO:  --------------------------------------------------
INFO:  TRAIN:epoch = 89/6000 classification_loss = 0.00000 train_time = 0.21
INFO:  ----------
INFO:  late_risk Accuracy: 73.64% val_time = 1762637123.21
INFO:  day_for_shipping Accuracy: 52.93% val_time = 1762637123.21
INFO:  on_time Accuracy: 73.64% val_time = 1762637123.21
INFO:  --------------------------------------------------
INFO:  TRAIN:epoch = 90/6000 classification_loss = 0.00000 train_time = 0.22
INFO:  ----------
INFO:  late_risk Accuracy: 74.13% val_time = 1762637123.46
INFO:  day_for_shipping Accuracy: 55.53% val_time = 1762637123.46
INFO:  on_time Accuracy: 74.15% val_time = 1762637123.46
INFO:  --------------------------------------------------
INFO:  TRAIN:epoch = 91/6000 classification_loss = 0.00000 train_time = 0.23
INFO:  ----------
INFO:  late_risk Accuracy: 73.58% val_time = 1762637123.72
INFO:  day_for_shipping Accuracy: 54.42% val_time = 1762637123.72
INFO:  on_time Accuracy: 65.14% val_time = 1762637123.72
INFO:  --------------------------------------------------
INFO:  TRAIN:epoch = 92/6000 classification_loss = 0.00000 train_time = 0.22
INFO:  ----------
INFO:  late_risk Accuracy: 70.70% val_time = 1762637123.97
INFO:  day_for_shipping Accuracy: 52.23% val_time = 1762637123.97
INFO:  on_time Accuracy: 65.02% val_time = 1762637123.97
INFO:  --------------------------------------------------
INFO:  TRAIN:epoch = 93/6000 classification_loss = 0.00000 train_time = 0.21
INFO:  ----------
INFO:  late_risk Accuracy: 65.00% val_time = 1762637124.22
INFO:  day_for_shipping Accuracy: 53.07% val_time = 1762637124.22
INFO:  on_time Accuracy: 64.57% val_time = 1762637124.22
INFO:  --------------------------------------------------
INFO:  TRAIN:epoch = 94/6000 classification_loss = 0.00000 train_time = 0.36
INFO:  ----------
INFO:  late_risk Accuracy: 71.48% val_time = 1762637124.61
INFO:  day_for_shipping Accuracy: 33.73% val_time = 1762637124.61
INFO:  on_time Accuracy: 64.57% val_time = 1762637124.61
INFO:  --------------------------------------------------
INFO:  TRAIN:epoch = 95/6000 classification_loss = 0.00000 train_time = 0.23
INFO:  ----------
INFO:  late_risk Accuracy: 70.93% val_time = 1762637124.86
INFO:  day_for_shipping Accuracy: 31.25% val_time = 1762637124.86
INFO:  on_time Accuracy: 64.57% val_time = 1762637124.86
INFO:  --------------------------------------------------
INFO:  TRAIN:epoch = 96/6000 classification_loss = 0.00000 train_time = 0.22
INFO:  ----------
INFO:  late_risk Accuracy: 71.46% val_time = 1762637125.12
INFO:  day_for_shipping Accuracy: 32.11% val_time = 1762637125.12
INFO:  on_time Accuracy: 53.23% val_time = 1762637125.12
INFO:  --------------------------------------------------
INFO:  TRAIN:epoch = 97/6000 classification_loss = 0.00000 train_time = 0.23
INFO:  ----------
INFO:  late_risk Accuracy: 65.20% val_time = 1762637125.38
INFO:  day_for_shipping Accuracy: 36.40% val_time = 1762637125.38
INFO:  on_time Accuracy: 43.83% val_time = 1762637125.38
INFO:  --------------------------------------------------
INFO:  TRAIN:epoch = 98/6000 classification_loss = 0.00000 train_time = 0.23
INFO:  ----------
INFO:  late_risk Accuracy: 64.57% val_time = 1762637125.65
INFO:  day_for_shipping Accuracy: 39.93% val_time = 1762637125.65
INFO:  on_time Accuracy: 43.83% val_time = 1762637125.65
INFO:  --------------------------------------------------
INFO:  TRAIN:epoch = 99/6000 classification_loss = 0.00000 train_time = 0.28
INFO:  ----------
INFO:  late_risk Accuracy: 64.57% val_time = 1762637125.97
INFO:  day_for_shipping Accuracy: 43.48% val_time = 1762637125.97
INFO:  on_time Accuracy: 61.22% val_time = 1762637125.97
INFO:  --------------------------------------------------
INFO:  TRAIN:epoch = 100/6000 classification_loss = 0.00000 train_time = 0.21
INFO:  ----------
INFO:  late_risk Accuracy: 70.35% val_time = 1762637126.22
INFO:  day_for_shipping Accuracy: 42.52% val_time = 1762637126.22
INFO:  on_time Accuracy: 65.39% val_time = 1762637126.22
INFO:  --------------------------------------------------
INFO:  TRAIN:epoch = 101/6000 classification_loss = 0.00000 train_time = 0.21
INFO:  ----------
INFO:  late_risk Accuracy: 74.30% val_time = 1762637126.46
INFO:  day_for_shipping Accuracy: 42.64% val_time = 1762637126.46
INFO:  on_time Accuracy: 64.83% val_time = 1762637126.46
INFO:  --------------------------------------------------
INFO:  TRAIN:epoch = 102/6000 classification_loss = 0.00000 train_time = 0.32
INFO:  ----------
INFO:  late_risk Accuracy: 75.61% val_time = 1762637126.82
INFO:  day_for_shipping Accuracy: 42.91% val_time = 1762637126.82
INFO:  on_time Accuracy: 67.21% val_time = 1762637126.82
INFO:  --------------------------------------------------
INFO:  TRAIN:epoch = 103/6000 classification_loss = 0.00000 train_time = 0.21
INFO:  ----------
INFO:  late_risk Accuracy: 74.93% val_time = 1762637127.05
INFO:  day_for_shipping Accuracy: 46.62% val_time = 1762637127.05
INFO:  on_time Accuracy: 74.48% val_time = 1762637127.05
INFO:  --------------------------------------------------
INFO:  TRAIN:epoch = 104/6000 classification_loss = 0.00000 train_time = 0.21
INFO:  ----------
INFO:  late_risk Accuracy: 78.18% val_time = 1762637127.29
INFO:  day_for_shipping Accuracy: 52.27% val_time = 1762637127.29
INFO:  on_time Accuracy: 74.21% val_time = 1762637127.29
INFO:  --------------------------------------------------
INFO:  TRAIN:epoch = 105/6000 classification_loss = 0.00000 train_time = 0.21
INFO:  ----------
INFO:  late_risk Accuracy: 79.47% val_time = 1762637127.54
INFO:  day_for_shipping Accuracy: 53.03% val_time = 1762637127.54
INFO:  on_time Accuracy: 74.09% val_time = 1762637127.54
INFO:  --------------------------------------------------
INFO:  TRAIN:epoch = 106/6000 classification_loss = 0.00000 train_time = 0.21
INFO:  ----------
INFO:  late_risk Accuracy: 72.02% val_time = 1762637127.78
INFO:  day_for_shipping Accuracy: 55.20% val_time = 1762637127.78
INFO:  on_time Accuracy: 76.82% val_time = 1762637127.78
INFO:  --------------------------------------------------
INFO:  TRAIN:epoch = 107/6000 classification_loss = 0.00000 train_time = 0.21
INFO:  ----------
INFO:  late_risk Accuracy: 76.37% val_time = 1762637128.02
INFO:  day_for_shipping Accuracy: 48.26% val_time = 1762637128.02
INFO:  on_time Accuracy: 74.83% val_time = 1762637128.02
INFO:  --------------------------------------------------
INFO:  TRAIN:epoch = 108/6000 classification_loss = 0.00000 train_time = 0.21
INFO:  ----------
INFO:  late_risk Accuracy: 79.86% val_time = 1762637128.26
INFO:  day_for_shipping Accuracy: 55.72% val_time = 1762637128.26
INFO:  on_time Accuracy: 74.54% val_time = 1762637128.26
INFO:  --------------------------------------------------
INFO:  TRAIN:epoch = 109/6000 classification_loss = 0.00000 train_time = 0.21
INFO:  ----------
INFO:  late_risk Accuracy: 77.11% val_time = 1762637128.50
INFO:  day_for_shipping Accuracy: 52.80% val_time = 1762637128.50
INFO:  on_time Accuracy: 74.52% val_time = 1762637128.50
INFO:  --------------------------------------------------
INFO:  TRAIN:epoch = 110/6000 classification_loss = 0.00000 train_time = 0.21
INFO:  ----------
INFO:  late_risk Accuracy: 72.29% val_time = 1762637128.74
INFO:  day_for_shipping Accuracy: 48.20% val_time = 1762637128.74
INFO:  on_time Accuracy: 72.49% val_time = 1762637128.74
INFO:  --------------------------------------------------
INFO:  TRAIN:epoch = 111/6000 classification_loss = 0.00000 train_time = 0.33
INFO:  ----------
INFO:  late_risk Accuracy: 78.57% val_time = 1762637129.10
INFO:  day_for_shipping Accuracy: 56.17% val_time = 1762637129.10
INFO:  on_time Accuracy: 74.03% val_time = 1762637129.10
INFO:  --------------------------------------------------
INFO:  TRAIN:epoch = 112/6000 classification_loss = 0.00000 train_time = 0.21
INFO:  ----------
INFO:  late_risk Accuracy: 77.52% val_time = 1762637129.34
INFO:  day_for_shipping Accuracy: 55.96% val_time = 1762637129.34
INFO:  on_time Accuracy: 74.71% val_time = 1762637129.34
INFO:  --------------------------------------------------
INFO:  TRAIN:epoch = 113/6000 classification_loss = 0.00000 train_time = 0.21
INFO:  ----------
INFO:  late_risk Accuracy: 79.92% val_time = 1762637129.58
INFO:  day_for_shipping Accuracy: 58.16% val_time = 1762637129.58
INFO:  on_time Accuracy: 74.40% val_time = 1762637129.58
INFO:  --------------------------------------------------
INFO:  TRAIN:epoch = 114/6000 classification_loss = 0.00000 train_time = 0.21
INFO:  ----------
INFO:  late_risk Accuracy: 79.96% val_time = 1762637129.83
INFO:  day_for_shipping Accuracy: 59.15% val_time = 1762637129.83
INFO:  on_time Accuracy: 76.08% val_time = 1762637129.83
INFO:  --------------------------------------------------
INFO:  TRAIN:epoch = 115/6000 classification_loss = 0.00000 train_time = 0.21
INFO:  ----------
INFO:  late_risk Accuracy: 77.25% val_time = 1762637130.07
INFO:  day_for_shipping Accuracy: 58.55% val_time = 1762637130.07
INFO:  on_time Accuracy: 75.38% val_time = 1762637130.07
INFO:  --------------------------------------------------
INFO:  TRAIN:epoch = 116/6000 classification_loss = 0.00000 train_time = 0.21
INFO:  ----------
INFO:  late_risk Accuracy: 70.01% val_time = 1762637130.31
INFO:  day_for_shipping Accuracy: 51.49% val_time = 1762637130.31
INFO:  on_time Accuracy: 75.20% val_time = 1762637130.31
INFO:  --------------------------------------------------
INFO:  TRAIN:epoch = 117/6000 classification_loss = 0.00000 train_time = 0.21
INFO:  ----------
INFO:  late_risk Accuracy: 73.72% val_time = 1762637130.55
INFO:  day_for_shipping Accuracy: 50.65% val_time = 1762637130.55
INFO:  on_time Accuracy: 75.43% val_time = 1762637130.55
INFO:  --------------------------------------------------
INFO:  TRAIN:epoch = 118/6000 classification_loss = 0.00000 train_time = 0.21
INFO:  ----------
INFO:  late_risk Accuracy: 74.13% val_time = 1762637130.80
INFO:  day_for_shipping Accuracy: 58.45% val_time = 1762637130.80
INFO:  on_time Accuracy: 76.29% val_time = 1762637130.80
INFO:  --------------------------------------------------
INFO:  TRAIN:epoch = 119/6000 classification_loss = 0.00000 train_time = 0.34
INFO:  ----------
INFO:  late_risk Accuracy: 74.73% val_time = 1762637131.17
INFO:  day_for_shipping Accuracy: 55.94% val_time = 1762637131.17
INFO:  on_time Accuracy: 75.36% val_time = 1762637131.17
INFO:  --------------------------------------------------
INFO:  TRAIN:epoch = 120/6000 classification_loss = 0.00000 train_time = 0.21
INFO:  ----------
INFO:  late_risk Accuracy: 74.99% val_time = 1762637131.41
INFO:  day_for_shipping Accuracy: 56.78% val_time = 1762637131.41
INFO:  on_time Accuracy: 75.02% val_time = 1762637131.41
INFO:  simulator training stage cost time: 31.20959448814392
INFO:  best_acc1 0.8251121076233184
INFO:  best_acc2 0.6151296549034899
INFO:  best_acc3 0.8217976213686878
INFO:  best_overall_accuracy 0.7540131279651655
