INFO:  --------------------------------Een Init----------------------------------
INFO:  Code will run in cuda:0
INFO:  --------------------------------Dataset Init------------------------------
INFO:  --------------------------------Model Init--------------------------------
INFO:  --------------------------------Session Init------------------------------
INFO:  ------------------------------------ Main --------------------------------
INFO:  --------------------------------------------------
INFO:  TRAIN:epoch = 0/6000 classification_loss = 0.00000 train_time = 0.72
INFO:  ----------
INFO:  late_risk Accuracy: 59.33% val_time = 1762587855.87
INFO:  day_for_shipping Accuracy: 27.90% val_time = 1762587855.87
INFO:  on_time Accuracy: 59.33% val_time = 1762587855.87
INFO:  ----------
INFO:  best_overall_accuracy: 48.85% 
INFO:  --------------------------------------------------
INFO:  TRAIN:epoch = 1/6000 classification_loss = 0.00000 train_time = 0.29
INFO:  ----------
INFO:  late_risk Accuracy: 59.33% val_time = 1762587856.21
INFO:  day_for_shipping Accuracy: 21.97% val_time = 1762587856.21
INFO:  on_time Accuracy: 59.33% val_time = 1762587856.21
INFO:  --------------------------------------------------
INFO:  TRAIN:epoch = 2/6000 classification_loss = 0.00000 train_time = 0.22
INFO:  ----------
INFO:  late_risk Accuracy: 59.33% val_time = 1762587856.46
INFO:  day_for_shipping Accuracy: 21.97% val_time = 1762587856.46
INFO:  on_time Accuracy: 59.33% val_time = 1762587856.46
INFO:  --------------------------------------------------
INFO:  TRAIN:epoch = 3/6000 classification_loss = 0.00000 train_time = 0.36
INFO:  ----------
INFO:  late_risk Accuracy: 59.33% val_time = 1762587856.85
INFO:  day_for_shipping Accuracy: 21.97% val_time = 1762587856.85
INFO:  on_time Accuracy: 59.33% val_time = 1762587856.85
INFO:  --------------------------------------------------
INFO:  TRAIN:epoch = 4/6000 classification_loss = 0.00000 train_time = 0.20
INFO:  ----------
INFO:  late_risk Accuracy: 40.67% val_time = 1762587857.07
INFO:  day_for_shipping Accuracy: 21.97% val_time = 1762587857.07
INFO:  on_time Accuracy: 59.33% val_time = 1762587857.07
INFO:  --------------------------------------------------
INFO:  TRAIN:epoch = 5/6000 classification_loss = 0.00000 train_time = 0.20
INFO:  ----------
INFO:  late_risk Accuracy: 59.33% val_time = 1762587857.30
INFO:  day_for_shipping Accuracy: 21.97% val_time = 1762587857.30
INFO:  on_time Accuracy: 59.33% val_time = 1762587857.30
INFO:  --------------------------------------------------
INFO:  TRAIN:epoch = 6/6000 classification_loss = 0.00000 train_time = 0.20
INFO:  ----------
INFO:  late_risk Accuracy: 40.67% val_time = 1762587857.53
INFO:  day_for_shipping Accuracy: 27.90% val_time = 1762587857.53
INFO:  on_time Accuracy: 59.33% val_time = 1762587857.53
INFO:  --------------------------------------------------
INFO:  TRAIN:epoch = 7/6000 classification_loss = 0.00000 train_time = 0.20
INFO:  ----------
INFO:  late_risk Accuracy: 59.33% val_time = 1762587857.75
INFO:  day_for_shipping Accuracy: 27.90% val_time = 1762587857.75
INFO:  on_time Accuracy: 59.33% val_time = 1762587857.75
INFO:  --------------------------------------------------
INFO:  TRAIN:epoch = 8/6000 classification_loss = 0.00000 train_time = 0.20
INFO:  ----------
INFO:  late_risk Accuracy: 59.33% val_time = 1762587857.98
INFO:  day_for_shipping Accuracy: 27.90% val_time = 1762587857.98
INFO:  on_time Accuracy: 59.33% val_time = 1762587857.98
INFO:  --------------------------------------------------
INFO:  TRAIN:epoch = 9/6000 classification_loss = 0.00000 train_time = 0.20
INFO:  ----------
INFO:  late_risk Accuracy: 59.33% val_time = 1762587858.21
INFO:  day_for_shipping Accuracy: 27.90% val_time = 1762587858.21
INFO:  on_time Accuracy: 59.33% val_time = 1762587858.21
INFO:  --------------------------------------------------
INFO:  TRAIN:epoch = 10/6000 classification_loss = 0.00000 train_time = 0.20
INFO:  ----------
INFO:  late_risk Accuracy: 59.33% val_time = 1762587858.43
INFO:  day_for_shipping Accuracy: 27.90% val_time = 1762587858.43
INFO:  on_time Accuracy: 59.33% val_time = 1762587858.43
INFO:  --------------------------------------------------
INFO:  TRAIN:epoch = 11/6000 classification_loss = 0.00000 train_time = 0.34
INFO:  ----------
INFO:  late_risk Accuracy: 59.33% val_time = 1762587858.79
INFO:  day_for_shipping Accuracy: 27.90% val_time = 1762587858.79
INFO:  on_time Accuracy: 59.33% val_time = 1762587858.79
INFO:  --------------------------------------------------
INFO:  TRAIN:epoch = 12/6000 classification_loss = 0.00000 train_time = 0.21
INFO:  ----------
INFO:  late_risk Accuracy: 59.33% val_time = 1762587859.03
INFO:  day_for_shipping Accuracy: 27.90% val_time = 1762587859.03
INFO:  on_time Accuracy: 59.33% val_time = 1762587859.03
INFO:  --------------------------------------------------
INFO:  TRAIN:epoch = 13/6000 classification_loss = 0.00000 train_time = 0.20
INFO:  ----------
INFO:  late_risk Accuracy: 59.33% val_time = 1762587859.25
INFO:  day_for_shipping Accuracy: 27.90% val_time = 1762587859.25
INFO:  on_time Accuracy: 59.33% val_time = 1762587859.25
INFO:  --------------------------------------------------
INFO:  TRAIN:epoch = 14/6000 classification_loss = 0.00000 train_time = 0.21
INFO:  ----------
INFO:  late_risk Accuracy: 59.33% val_time = 1762587859.49
INFO:  day_for_shipping Accuracy: 27.90% val_time = 1762587859.49
INFO:  on_time Accuracy: 59.33% val_time = 1762587859.49
INFO:  --------------------------------------------------
INFO:  TRAIN:epoch = 15/6000 classification_loss = 0.00000 train_time = 0.21
INFO:  ----------
INFO:  late_risk Accuracy: 59.33% val_time = 1762587859.72
INFO:  day_for_shipping Accuracy: 27.90% val_time = 1762587859.72
INFO:  on_time Accuracy: 59.33% val_time = 1762587859.72
INFO:  --------------------------------------------------
INFO:  TRAIN:epoch = 16/6000 classification_loss = 0.00000 train_time = 0.21
INFO:  ----------
INFO:  late_risk Accuracy: 59.33% val_time = 1762587859.96
INFO:  day_for_shipping Accuracy: 27.90% val_time = 1762587859.96
INFO:  on_time Accuracy: 59.33% val_time = 1762587859.96
INFO:  --------------------------------------------------
INFO:  TRAIN:epoch = 17/6000 classification_loss = 0.00000 train_time = 0.21
INFO:  ----------
INFO:  late_risk Accuracy: 59.33% val_time = 1762587860.19
INFO:  day_for_shipping Accuracy: 27.90% val_time = 1762587860.19
INFO:  on_time Accuracy: 59.33% val_time = 1762587860.19
INFO:  --------------------------------------------------
INFO:  TRAIN:epoch = 18/6000 classification_loss = 0.00000 train_time = 0.21
INFO:  ----------
INFO:  late_risk Accuracy: 64.57% val_time = 1762587860.43
INFO:  day_for_shipping Accuracy: 27.90% val_time = 1762587860.43
INFO:  on_time Accuracy: 59.33% val_time = 1762587860.43
INFO:  ----------
INFO:  best_overall_accuracy: 50.60% 
INFO:  --------------------------------------------------
INFO:  TRAIN:epoch = 19/6000 classification_loss = 0.00000 train_time = 0.35
INFO:  ----------
INFO:  late_risk Accuracy: 40.67% val_time = 1762587860.81
INFO:  day_for_shipping Accuracy: 31.33% val_time = 1762587860.81
INFO:  on_time Accuracy: 0.00% val_time = 1762587860.81
INFO:  --------------------------------------------------
INFO:  TRAIN:epoch = 20/6000 classification_loss = 0.00000 train_time = 0.21
INFO:  ----------
INFO:  late_risk Accuracy: 59.33% val_time = 1762587861.04
INFO:  day_for_shipping Accuracy: 31.64% val_time = 1762587861.04
INFO:  on_time Accuracy: 40.67% val_time = 1762587861.04
INFO:  --------------------------------------------------
INFO:  TRAIN:epoch = 21/6000 classification_loss = 0.00000 train_time = 0.21
INFO:  ----------
INFO:  late_risk Accuracy: 52.64% val_time = 1762587861.28
INFO:  day_for_shipping Accuracy: 33.14% val_time = 1762587861.28
INFO:  on_time Accuracy: 59.33% val_time = 1762587861.28
INFO:  --------------------------------------------------
INFO:  TRAIN:epoch = 22/6000 classification_loss = 0.00000 train_time = 0.21
INFO:  ----------
INFO:  late_risk Accuracy: 64.57% val_time = 1762587861.51
INFO:  day_for_shipping Accuracy: 27.37% val_time = 1762587861.51
INFO:  on_time Accuracy: 47.40% val_time = 1762587861.51
INFO:  --------------------------------------------------
INFO:  TRAIN:epoch = 23/6000 classification_loss = 0.00000 train_time = 0.21
INFO:  ----------
INFO:  late_risk Accuracy: 64.57% val_time = 1762587861.75
INFO:  day_for_shipping Accuracy: 37.02% val_time = 1762587861.75
INFO:  on_time Accuracy: 64.57% val_time = 1762587861.75
INFO:  ----------
INFO:  best_overall_accuracy: 55.39% 
INFO:  --------------------------------------------------
INFO:  TRAIN:epoch = 24/6000 classification_loss = 0.00000 train_time = 0.21
INFO:  ----------
INFO:  late_risk Accuracy: 72.37% val_time = 1762587861.98
INFO:  day_for_shipping Accuracy: 39.52% val_time = 1762587861.98
INFO:  on_time Accuracy: 62.94% val_time = 1762587861.98
INFO:  ----------
INFO:  best_overall_accuracy: 58.28% 
INFO:  --------------------------------------------------
INFO:  TRAIN:epoch = 25/6000 classification_loss = 0.00000 train_time = 0.21
INFO:  ----------
INFO:  late_risk Accuracy: 70.68% val_time = 1762587862.22
INFO:  day_for_shipping Accuracy: 40.51% val_time = 1762587862.22
INFO:  on_time Accuracy: 72.49% val_time = 1762587862.22
INFO:  ----------
INFO:  best_overall_accuracy: 61.23% 
INFO:  --------------------------------------------------
INFO:  TRAIN:epoch = 26/6000 classification_loss = 0.00000 train_time = 0.20
INFO:  ----------
INFO:  late_risk Accuracy: 72.29% val_time = 1762587862.46
INFO:  day_for_shipping Accuracy: 39.93% val_time = 1762587862.46
INFO:  on_time Accuracy: 70.54% val_time = 1762587862.46
INFO:  --------------------------------------------------
INFO:  TRAIN:epoch = 27/6000 classification_loss = 0.00000 train_time = 0.35
INFO:  ----------
INFO:  late_risk Accuracy: 72.41% val_time = 1762587862.84
INFO:  day_for_shipping Accuracy: 39.48% val_time = 1762587862.84
INFO:  on_time Accuracy: 72.49% val_time = 1762587862.84
INFO:  ----------
INFO:  best_overall_accuracy: 61.46% 
INFO:  --------------------------------------------------
INFO:  TRAIN:epoch = 28/6000 classification_loss = 0.00000 train_time = 0.21
INFO:  ----------
INFO:  late_risk Accuracy: 70.56% val_time = 1762587863.08
INFO:  day_for_shipping Accuracy: 39.52% val_time = 1762587863.08
INFO:  on_time Accuracy: 65.39% val_time = 1762587863.08
INFO:  --------------------------------------------------
INFO:  TRAIN:epoch = 29/6000 classification_loss = 0.00000 train_time = 0.21
INFO:  ----------
INFO:  late_risk Accuracy: 70.68% val_time = 1762587863.31
INFO:  day_for_shipping Accuracy: 39.52% val_time = 1762587863.31
INFO:  on_time Accuracy: 70.68% val_time = 1762587863.31
INFO:  --------------------------------------------------
INFO:  TRAIN:epoch = 30/6000 classification_loss = 0.00000 train_time = 0.21
INFO:  ----------
INFO:  late_risk Accuracy: 70.68% val_time = 1762587863.54
INFO:  day_for_shipping Accuracy: 39.52% val_time = 1762587863.54
INFO:  on_time Accuracy: 72.10% val_time = 1762587863.54
INFO:  --------------------------------------------------
INFO:  TRAIN:epoch = 31/6000 classification_loss = 0.00000 train_time = 0.21
INFO:  ----------
INFO:  late_risk Accuracy: 72.49% val_time = 1762587863.78
INFO:  day_for_shipping Accuracy: 39.97% val_time = 1762587863.78
INFO:  on_time Accuracy: 72.49% val_time = 1762587863.78
INFO:  ----------
INFO:  best_overall_accuracy: 61.65% 
INFO:  --------------------------------------------------
INFO:  TRAIN:epoch = 32/6000 classification_loss = 0.00000 train_time = 0.21
INFO:  ----------
INFO:  late_risk Accuracy: 72.49% val_time = 1762587864.02
INFO:  day_for_shipping Accuracy: 39.70% val_time = 1762587864.02
INFO:  on_time Accuracy: 70.68% val_time = 1762587864.02
INFO:  --------------------------------------------------
INFO:  TRAIN:epoch = 33/6000 classification_loss = 0.00000 train_time = 0.21
INFO:  ----------
INFO:  late_risk Accuracy: 72.49% val_time = 1762587864.25
INFO:  day_for_shipping Accuracy: 39.64% val_time = 1762587864.25
INFO:  on_time Accuracy: 72.49% val_time = 1762587864.25
INFO:  --------------------------------------------------
INFO:  TRAIN:epoch = 34/6000 classification_loss = 0.00000 train_time = 0.21
INFO:  ----------
INFO:  late_risk Accuracy: 70.68% val_time = 1762587864.49
INFO:  day_for_shipping Accuracy: 38.82% val_time = 1762587864.49
INFO:  on_time Accuracy: 70.68% val_time = 1762587864.49
INFO:  --------------------------------------------------
INFO:  TRAIN:epoch = 35/6000 classification_loss = 0.00000 train_time = 0.36
INFO:  ----------
INFO:  late_risk Accuracy: 72.49% val_time = 1762587864.87
INFO:  day_for_shipping Accuracy: 39.52% val_time = 1762587864.87
INFO:  on_time Accuracy: 58.63% val_time = 1762587864.87
INFO:  --------------------------------------------------
INFO:  TRAIN:epoch = 36/6000 classification_loss = 0.00000 train_time = 0.21
INFO:  ----------
INFO:  late_risk Accuracy: 72.49% val_time = 1762587865.11
INFO:  day_for_shipping Accuracy: 39.87% val_time = 1762587865.11
INFO:  on_time Accuracy: 64.57% val_time = 1762587865.11
INFO:  --------------------------------------------------
INFO:  TRAIN:epoch = 37/6000 classification_loss = 0.00000 train_time = 0.21
INFO:  ----------
INFO:  late_risk Accuracy: 70.68% val_time = 1762587865.34
INFO:  day_for_shipping Accuracy: 40.50% val_time = 1762587865.34
INFO:  on_time Accuracy: 64.57% val_time = 1762587865.34
INFO:  --------------------------------------------------
INFO:  TRAIN:epoch = 38/6000 classification_loss = 0.00000 train_time = 0.21
INFO:  ----------
INFO:  late_risk Accuracy: 72.49% val_time = 1762587865.58
INFO:  day_for_shipping Accuracy: 38.80% val_time = 1762587865.58
INFO:  on_time Accuracy: 64.57% val_time = 1762587865.58
INFO:  --------------------------------------------------
INFO:  TRAIN:epoch = 39/6000 classification_loss = 0.00000 train_time = 0.20
INFO:  ----------
INFO:  late_risk Accuracy: 70.68% val_time = 1762587865.81
INFO:  day_for_shipping Accuracy: 39.48% val_time = 1762587865.81
INFO:  on_time Accuracy: 64.01% val_time = 1762587865.81
INFO:  --------------------------------------------------
INFO:  TRAIN:epoch = 40/6000 classification_loss = 0.00000 train_time = 0.20
INFO:  ----------
INFO:  late_risk Accuracy: 72.49% val_time = 1762587866.04
INFO:  day_for_shipping Accuracy: 42.80% val_time = 1762587866.04
INFO:  on_time Accuracy: 64.57% val_time = 1762587866.04
INFO:  --------------------------------------------------
INFO:  TRAIN:epoch = 41/6000 classification_loss = 0.00000 train_time = 0.20
INFO:  ----------
INFO:  late_risk Accuracy: 72.49% val_time = 1762587866.27
INFO:  day_for_shipping Accuracy: 42.80% val_time = 1762587866.27
INFO:  on_time Accuracy: 66.39% val_time = 1762587866.27
INFO:  --------------------------------------------------
INFO:  TRAIN:epoch = 42/6000 classification_loss = 0.00000 train_time = 0.20
INFO:  ----------
INFO:  late_risk Accuracy: 72.49% val_time = 1762587866.50
INFO:  day_for_shipping Accuracy: 42.80% val_time = 1762587866.50
INFO:  on_time Accuracy: 66.39% val_time = 1762587866.50
INFO:  --------------------------------------------------
INFO:  TRAIN:epoch = 43/6000 classification_loss = 0.00000 train_time = 0.20
INFO:  ----------
INFO:  late_risk Accuracy: 72.49% val_time = 1762587866.73
INFO:  day_for_shipping Accuracy: 41.80% val_time = 1762587866.73
INFO:  on_time Accuracy: 64.57% val_time = 1762587866.73
INFO:  --------------------------------------------------
INFO:  TRAIN:epoch = 44/6000 classification_loss = 0.00000 train_time = 0.34
INFO:  ----------
INFO:  late_risk Accuracy: 72.49% val_time = 1762587867.10
INFO:  day_for_shipping Accuracy: 41.82% val_time = 1762587867.10
INFO:  on_time Accuracy: 64.57% val_time = 1762587867.10
INFO:  --------------------------------------------------
INFO:  TRAIN:epoch = 45/6000 classification_loss = 0.00000 train_time = 0.20
INFO:  ----------
INFO:  late_risk Accuracy: 72.49% val_time = 1762587867.33
INFO:  day_for_shipping Accuracy: 42.70% val_time = 1762587867.33
INFO:  on_time Accuracy: 64.57% val_time = 1762587867.33
INFO:  --------------------------------------------------
INFO:  TRAIN:epoch = 46/6000 classification_loss = 0.00000 train_time = 0.20
INFO:  ----------
INFO:  late_risk Accuracy: 72.49% val_time = 1762587867.56
INFO:  day_for_shipping Accuracy: 42.72% val_time = 1762587867.56
INFO:  on_time Accuracy: 64.57% val_time = 1762587867.56
INFO:  --------------------------------------------------
INFO:  TRAIN:epoch = 47/6000 classification_loss = 0.00000 train_time = 0.20
INFO:  ----------
INFO:  late_risk Accuracy: 72.49% val_time = 1762587867.79
INFO:  day_for_shipping Accuracy: 36.44% val_time = 1762587867.79
INFO:  on_time Accuracy: 64.57% val_time = 1762587867.79
INFO:  --------------------------------------------------
INFO:  TRAIN:epoch = 48/6000 classification_loss = 0.00000 train_time = 0.20
INFO:  ----------
INFO:  late_risk Accuracy: 70.68% val_time = 1762587868.02
INFO:  day_for_shipping Accuracy: 36.38% val_time = 1762587868.02
INFO:  on_time Accuracy: 59.33% val_time = 1762587868.02
INFO:  --------------------------------------------------
INFO:  TRAIN:epoch = 49/6000 classification_loss = 0.00000 train_time = 0.20
INFO:  ----------
INFO:  late_risk Accuracy: 70.68% val_time = 1762587868.24
INFO:  day_for_shipping Accuracy: 41.82% val_time = 1762587868.24
INFO:  on_time Accuracy: 64.57% val_time = 1762587868.24
INFO:  --------------------------------------------------
INFO:  TRAIN:epoch = 50/6000 classification_loss = 0.00000 train_time = 0.20
INFO:  ----------
INFO:  late_risk Accuracy: 70.68% val_time = 1762587868.47
INFO:  day_for_shipping Accuracy: 42.85% val_time = 1762587868.47
INFO:  on_time Accuracy: 64.57% val_time = 1762587868.47
INFO:  --------------------------------------------------
INFO:  TRAIN:epoch = 51/6000 classification_loss = 0.00000 train_time = 0.20
INFO:  ----------
INFO:  late_risk Accuracy: 40.67% val_time = 1762587868.70
INFO:  day_for_shipping Accuracy: 39.52% val_time = 1762587868.70
INFO:  on_time Accuracy: 64.57% val_time = 1762587868.70
INFO:  --------------------------------------------------
INFO:  TRAIN:epoch = 52/6000 classification_loss = 0.00000 train_time = 0.34
INFO:  ----------
INFO:  late_risk Accuracy: 64.57% val_time = 1762587869.07
INFO:  day_for_shipping Accuracy: 34.22% val_time = 1762587869.07
INFO:  on_time Accuracy: 64.57% val_time = 1762587869.07
INFO:  --------------------------------------------------
INFO:  TRAIN:epoch = 53/6000 classification_loss = 0.00000 train_time = 0.20
INFO:  ----------
INFO:  late_risk Accuracy: 52.60% val_time = 1762587869.30
INFO:  day_for_shipping Accuracy: 31.80% val_time = 1762587869.30
INFO:  on_time Accuracy: 64.57% val_time = 1762587869.30
INFO:  --------------------------------------------------
INFO:  TRAIN:epoch = 54/6000 classification_loss = 0.00000 train_time = 0.20
INFO:  ----------
INFO:  late_risk Accuracy: 40.67% val_time = 1762587869.53
INFO:  day_for_shipping Accuracy: 40.50% val_time = 1762587869.53
INFO:  on_time Accuracy: 64.57% val_time = 1762587869.53
INFO:  --------------------------------------------------
INFO:  TRAIN:epoch = 55/6000 classification_loss = 0.00000 train_time = 0.20
INFO:  ----------
INFO:  late_risk Accuracy: 40.67% val_time = 1762587869.76
INFO:  day_for_shipping Accuracy: 39.52% val_time = 1762587869.76
INFO:  on_time Accuracy: 64.57% val_time = 1762587869.76
INFO:  --------------------------------------------------
INFO:  TRAIN:epoch = 56/6000 classification_loss = 0.00000 train_time = 0.21
INFO:  ----------
INFO:  late_risk Accuracy: 64.57% val_time = 1762587870.00
INFO:  day_for_shipping Accuracy: 39.52% val_time = 1762587870.00
INFO:  on_time Accuracy: 64.57% val_time = 1762587870.00
INFO:  --------------------------------------------------
INFO:  TRAIN:epoch = 57/6000 classification_loss = 0.00000 train_time = 0.21
INFO:  ----------
INFO:  late_risk Accuracy: 64.57% val_time = 1762587870.24
INFO:  day_for_shipping Accuracy: 39.50% val_time = 1762587870.24
INFO:  on_time Accuracy: 64.94% val_time = 1762587870.24
INFO:  --------------------------------------------------
INFO:  TRAIN:epoch = 58/6000 classification_loss = 0.00000 train_time = 0.21
INFO:  ----------
INFO:  late_risk Accuracy: 64.57% val_time = 1762587870.49
INFO:  day_for_shipping Accuracy: 39.38% val_time = 1762587870.49
INFO:  on_time Accuracy: 64.57% val_time = 1762587870.49
INFO:  --------------------------------------------------
INFO:  TRAIN:epoch = 59/6000 classification_loss = 0.00000 train_time = 0.21
INFO:  ----------
INFO:  late_risk Accuracy: 64.57% val_time = 1762587870.72
INFO:  day_for_shipping Accuracy: 39.44% val_time = 1762587870.72
INFO:  on_time Accuracy: 64.57% val_time = 1762587870.72
INFO:  --------------------------------------------------
INFO:  TRAIN:epoch = 60/6000 classification_loss = 0.00000 train_time = 0.21
INFO:  ----------
INFO:  late_risk Accuracy: 64.57% val_time = 1762587870.96
INFO:  day_for_shipping Accuracy: 39.38% val_time = 1762587870.96
INFO:  on_time Accuracy: 64.57% val_time = 1762587870.96
INFO:  --------------------------------------------------
INFO:  TRAIN:epoch = 61/6000 classification_loss = 0.00000 train_time = 0.36
INFO:  ----------
INFO:  late_risk Accuracy: 64.57% val_time = 1762587871.35
INFO:  day_for_shipping Accuracy: 39.36% val_time = 1762587871.35
INFO:  on_time Accuracy: 64.57% val_time = 1762587871.35
INFO:  --------------------------------------------------
INFO:  TRAIN:epoch = 62/6000 classification_loss = 0.00000 train_time = 0.21
INFO:  ----------
INFO:  late_risk Accuracy: 64.57% val_time = 1762587871.60
INFO:  day_for_shipping Accuracy: 39.34% val_time = 1762587871.60
INFO:  on_time Accuracy: 64.57% val_time = 1762587871.60
INFO:  --------------------------------------------------
INFO:  TRAIN:epoch = 63/6000 classification_loss = 0.00000 train_time = 0.22
INFO:  ----------
INFO:  late_risk Accuracy: 64.57% val_time = 1762587871.84
INFO:  day_for_shipping Accuracy: 39.27% val_time = 1762587871.84
INFO:  on_time Accuracy: 64.57% val_time = 1762587871.84
INFO:  --------------------------------------------------
INFO:  TRAIN:epoch = 64/6000 classification_loss = 0.00000 train_time = 0.21
INFO:  ----------
INFO:  late_risk Accuracy: 40.67% val_time = 1762587872.07
INFO:  day_for_shipping Accuracy: 39.36% val_time = 1762587872.07
INFO:  on_time Accuracy: 70.50% val_time = 1762587872.07
INFO:  --------------------------------------------------
INFO:  TRAIN:epoch = 65/6000 classification_loss = 0.00000 train_time = 0.21
INFO:  ----------
INFO:  late_risk Accuracy: 40.67% val_time = 1762587872.31
INFO:  day_for_shipping Accuracy: 39.38% val_time = 1762587872.31
INFO:  on_time Accuracy: 70.52% val_time = 1762587872.31
INFO:  --------------------------------------------------
INFO:  TRAIN:epoch = 66/6000 classification_loss = 0.00000 train_time = 0.21
INFO:  ----------
INFO:  late_risk Accuracy: 40.67% val_time = 1762587872.55
INFO:  day_for_shipping Accuracy: 39.38% val_time = 1762587872.55
INFO:  on_time Accuracy: 70.54% val_time = 1762587872.55
INFO:  --------------------------------------------------
INFO:  TRAIN:epoch = 67/6000 classification_loss = 0.00000 train_time = 0.21
INFO:  ----------
INFO:  late_risk Accuracy: 64.57% val_time = 1762587872.78
INFO:  day_for_shipping Accuracy: 39.42% val_time = 1762587872.78
INFO:  on_time Accuracy: 70.58% val_time = 1762587872.78
INFO:  --------------------------------------------------
INFO:  TRAIN:epoch = 68/6000 classification_loss = 0.00000 train_time = 0.20
INFO:  ----------
INFO:  late_risk Accuracy: 64.57% val_time = 1762587873.01
INFO:  day_for_shipping Accuracy: 39.36% val_time = 1762587873.01
INFO:  on_time Accuracy: 70.50% val_time = 1762587873.01
INFO:  --------------------------------------------------
INFO:  TRAIN:epoch = 69/6000 classification_loss = 0.00000 train_time = 0.35
INFO:  ----------
INFO:  late_risk Accuracy: 64.57% val_time = 1762587873.39
INFO:  day_for_shipping Accuracy: 39.44% val_time = 1762587873.39
INFO:  on_time Accuracy: 70.62% val_time = 1762587873.39
INFO:  --------------------------------------------------
INFO:  TRAIN:epoch = 70/6000 classification_loss = 0.00000 train_time = 0.20
INFO:  ----------
INFO:  late_risk Accuracy: 64.57% val_time = 1762587873.61
INFO:  day_for_shipping Accuracy: 39.48% val_time = 1762587873.61
INFO:  on_time Accuracy: 70.64% val_time = 1762587873.61
INFO:  --------------------------------------------------
INFO:  TRAIN:epoch = 71/6000 classification_loss = 0.00000 train_time = 0.20
INFO:  ----------
INFO:  late_risk Accuracy: 64.57% val_time = 1762587873.84
INFO:  day_for_shipping Accuracy: 33.94% val_time = 1762587873.84
INFO:  on_time Accuracy: 59.33% val_time = 1762587873.84
INFO:  --------------------------------------------------
INFO:  TRAIN:epoch = 72/6000 classification_loss = 0.00000 train_time = 0.20
INFO:  ----------
INFO:  late_risk Accuracy: 64.57% val_time = 1762587874.08
INFO:  day_for_shipping Accuracy: 33.98% val_time = 1762587874.08
INFO:  on_time Accuracy: 59.33% val_time = 1762587874.08
INFO:  --------------------------------------------------
INFO:  TRAIN:epoch = 73/6000 classification_loss = 0.00000 train_time = 0.20
INFO:  ----------
INFO:  late_risk Accuracy: 64.57% val_time = 1762587874.31
INFO:  day_for_shipping Accuracy: 39.38% val_time = 1762587874.31
INFO:  on_time Accuracy: 64.57% val_time = 1762587874.31
INFO:  --------------------------------------------------
INFO:  TRAIN:epoch = 74/6000 classification_loss = 0.00000 train_time = 0.21
INFO:  ----------
INFO:  late_risk Accuracy: 64.57% val_time = 1762587874.54
INFO:  day_for_shipping Accuracy: 39.48% val_time = 1762587874.54
INFO:  on_time Accuracy: 64.57% val_time = 1762587874.54
INFO:  --------------------------------------------------
INFO:  TRAIN:epoch = 75/6000 classification_loss = 0.00000 train_time = 0.20
INFO:  ----------
INFO:  late_risk Accuracy: 64.57% val_time = 1762587874.77
INFO:  day_for_shipping Accuracy: 39.46% val_time = 1762587874.77
INFO:  on_time Accuracy: 70.48% val_time = 1762587874.77
INFO:  --------------------------------------------------
INFO:  TRAIN:epoch = 76/6000 classification_loss = 0.00000 train_time = 0.23
INFO:  ----------
INFO:  late_risk Accuracy: 64.57% val_time = 1762587875.04
INFO:  day_for_shipping Accuracy: 39.42% val_time = 1762587875.04
INFO:  on_time Accuracy: 70.58% val_time = 1762587875.04
INFO:  --------------------------------------------------
INFO:  TRAIN:epoch = 77/6000 classification_loss = 0.00000 train_time = 0.35
INFO:  ----------
INFO:  late_risk Accuracy: 64.57% val_time = 1762587875.42
INFO:  day_for_shipping Accuracy: 39.42% val_time = 1762587875.42
INFO:  on_time Accuracy: 70.58% val_time = 1762587875.42
INFO:  --------------------------------------------------
INFO:  TRAIN:epoch = 78/6000 classification_loss = 0.00000 train_time = 0.28
INFO:  ----------
INFO:  late_risk Accuracy: 64.57% val_time = 1762587875.76
INFO:  day_for_shipping Accuracy: 39.42% val_time = 1762587875.76
INFO:  on_time Accuracy: 70.58% val_time = 1762587875.76
INFO:  --------------------------------------------------
INFO:  TRAIN:epoch = 79/6000 classification_loss = 0.00000 train_time = 0.28
INFO:  ----------
INFO:  late_risk Accuracy: 64.57% val_time = 1762587876.08
INFO:  day_for_shipping Accuracy: 39.42% val_time = 1762587876.08
INFO:  on_time Accuracy: 71.81% val_time = 1762587876.08
INFO:  --------------------------------------------------
INFO:  TRAIN:epoch = 80/6000 classification_loss = 0.00000 train_time = 0.21
INFO:  ----------
INFO:  late_risk Accuracy: 40.67% val_time = 1762587876.32
INFO:  day_for_shipping Accuracy: 39.42% val_time = 1762587876.32
INFO:  on_time Accuracy: 56.87% val_time = 1762587876.32
INFO:  --------------------------------------------------
INFO:  TRAIN:epoch = 81/6000 classification_loss = 0.00000 train_time = 0.21
INFO:  ----------
INFO:  late_risk Accuracy: 59.33% val_time = 1762587876.55
INFO:  day_for_shipping Accuracy: 34.26% val_time = 1762587876.55
INFO:  on_time Accuracy: 64.57% val_time = 1762587876.55
INFO:  --------------------------------------------------
INFO:  TRAIN:epoch = 82/6000 classification_loss = 0.00000 train_time = 0.21
INFO:  ----------
INFO:  late_risk Accuracy: 59.33% val_time = 1762587876.79
INFO:  day_for_shipping Accuracy: 35.52% val_time = 1762587876.79
INFO:  on_time Accuracy: 59.33% val_time = 1762587876.79
INFO:  simulator training stage cost time: 21.6733980178833
INFO:  best_acc1 0.7248976408656658
INFO:  best_acc2 0.3996880483525054
INFO:  best_acc3 0.7248976408656658
INFO:  best_overall_accuracy 0.616494443361279
