INFO:  --------------------------------Een Init----------------------------------
INFO:  Code will run in cuda:0
INFO:  --------------------------------Dataset Init------------------------------
INFO:  --------------------------------Model Init--------------------------------
INFO:  --------------------------------Session Init------------------------------
INFO:  ------------------------------------ Main --------------------------------
INFO:  --------------------------------------------------
INFO:  TRAIN:epoch = 0/6000 classification_loss = 0.00000 train_time = 2.18
INFO:  ----------
INFO:  late_risk Accuracy: 59.33% val_time = 1762661104.97
INFO:  day_for_shipping Accuracy: 27.90% val_time = 1762661104.97
INFO:  on_time Accuracy: 59.33% val_time = 1762661104.97
INFO:  ----------
INFO:  best_overall_accuracy: 48.85% 
INFO:  --------------------------------------------------
INFO:  TRAIN:epoch = 1/6000 classification_loss = 0.00000 train_time = 0.17
INFO:  ----------
INFO:  late_risk Accuracy: 59.33% val_time = 1762661105.16
INFO:  day_for_shipping Accuracy: 21.97% val_time = 1762661105.16
INFO:  on_time Accuracy: 59.33% val_time = 1762661105.16
INFO:  --------------------------------------------------
INFO:  TRAIN:epoch = 2/6000 classification_loss = 0.00000 train_time = 0.17
INFO:  ----------
INFO:  late_risk Accuracy: 59.33% val_time = 1762661105.35
INFO:  day_for_shipping Accuracy: 21.97% val_time = 1762661105.35
INFO:  on_time Accuracy: 59.33% val_time = 1762661105.35
INFO:  --------------------------------------------------
INFO:  TRAIN:epoch = 3/6000 classification_loss = 0.00000 train_time = 0.30
INFO:  ----------
INFO:  late_risk Accuracy: 59.33% val_time = 1762661105.67
INFO:  day_for_shipping Accuracy: 21.97% val_time = 1762661105.67
INFO:  on_time Accuracy: 59.33% val_time = 1762661105.67
INFO:  --------------------------------------------------
INFO:  TRAIN:epoch = 4/6000 classification_loss = 0.00000 train_time = 0.17
INFO:  ----------
INFO:  late_risk Accuracy: 40.67% val_time = 1762661105.86
INFO:  day_for_shipping Accuracy: 21.97% val_time = 1762661105.86
INFO:  on_time Accuracy: 59.33% val_time = 1762661105.86
INFO:  --------------------------------------------------
INFO:  TRAIN:epoch = 5/6000 classification_loss = 0.00000 train_time = 0.17
INFO:  ----------
INFO:  late_risk Accuracy: 59.33% val_time = 1762661106.04
INFO:  day_for_shipping Accuracy: 21.97% val_time = 1762661106.04
INFO:  on_time Accuracy: 59.33% val_time = 1762661106.04
INFO:  --------------------------------------------------
INFO:  TRAIN:epoch = 6/6000 classification_loss = 0.00000 train_time = 0.17
INFO:  ----------
INFO:  late_risk Accuracy: 40.67% val_time = 1762661106.23
INFO:  day_for_shipping Accuracy: 27.90% val_time = 1762661106.23
INFO:  on_time Accuracy: 59.33% val_time = 1762661106.23
INFO:  --------------------------------------------------
INFO:  TRAIN:epoch = 7/6000 classification_loss = 0.00000 train_time = 0.17
INFO:  ----------
INFO:  late_risk Accuracy: 40.67% val_time = 1762661106.42
INFO:  day_for_shipping Accuracy: 27.90% val_time = 1762661106.42
INFO:  on_time Accuracy: 59.33% val_time = 1762661106.42
INFO:  --------------------------------------------------
INFO:  TRAIN:epoch = 8/6000 classification_loss = 0.00000 train_time = 0.17
INFO:  ----------
INFO:  late_risk Accuracy: 59.33% val_time = 1762661106.61
INFO:  day_for_shipping Accuracy: 27.90% val_time = 1762661106.61
INFO:  on_time Accuracy: 59.33% val_time = 1762661106.61
INFO:  --------------------------------------------------
INFO:  TRAIN:epoch = 9/6000 classification_loss = 0.00000 train_time = 0.17
INFO:  ----------
INFO:  late_risk Accuracy: 59.33% val_time = 1762661106.79
INFO:  day_for_shipping Accuracy: 27.90% val_time = 1762661106.79
INFO:  on_time Accuracy: 59.33% val_time = 1762661106.79
INFO:  --------------------------------------------------
INFO:  TRAIN:epoch = 10/6000 classification_loss = 0.00000 train_time = 0.17
INFO:  ----------
INFO:  late_risk Accuracy: 59.33% val_time = 1762661106.98
INFO:  day_for_shipping Accuracy: 27.90% val_time = 1762661106.98
INFO:  on_time Accuracy: 59.33% val_time = 1762661106.98
INFO:  --------------------------------------------------
INFO:  TRAIN:epoch = 11/6000 classification_loss = 0.00000 train_time = 0.31
INFO:  ----------
INFO:  late_risk Accuracy: 63.19% val_time = 1762661107.31
INFO:  day_for_shipping Accuracy: 27.90% val_time = 1762661107.31
INFO:  on_time Accuracy: 59.33% val_time = 1762661107.31
INFO:  ----------
INFO:  best_overall_accuracy: 50.14% 
INFO:  --------------------------------------------------
INFO:  TRAIN:epoch = 12/6000 classification_loss = 0.00000 train_time = 0.17
INFO:  ----------
INFO:  late_risk Accuracy: 40.67% val_time = 1762661107.50
INFO:  day_for_shipping Accuracy: 27.90% val_time = 1762661107.50
INFO:  on_time Accuracy: 59.33% val_time = 1762661107.50
INFO:  --------------------------------------------------
INFO:  TRAIN:epoch = 13/6000 classification_loss = 0.00000 train_time = 0.17
INFO:  ----------
INFO:  late_risk Accuracy: 40.67% val_time = 1762661107.69
INFO:  day_for_shipping Accuracy: 27.90% val_time = 1762661107.69
INFO:  on_time Accuracy: 59.33% val_time = 1762661107.69
INFO:  --------------------------------------------------
INFO:  TRAIN:epoch = 14/6000 classification_loss = 0.00000 train_time = 0.17
INFO:  ----------
INFO:  late_risk Accuracy: 59.33% val_time = 1762661107.88
INFO:  day_for_shipping Accuracy: 27.90% val_time = 1762661107.88
INFO:  on_time Accuracy: 59.33% val_time = 1762661107.88
INFO:  --------------------------------------------------
INFO:  TRAIN:epoch = 15/6000 classification_loss = 0.00000 train_time = 0.17
INFO:  ----------
INFO:  late_risk Accuracy: 59.33% val_time = 1762661108.07
INFO:  day_for_shipping Accuracy: 27.90% val_time = 1762661108.07
INFO:  on_time Accuracy: 59.33% val_time = 1762661108.07
INFO:  --------------------------------------------------
INFO:  TRAIN:epoch = 16/6000 classification_loss = 0.00000 train_time = 0.17
INFO:  ----------
INFO:  late_risk Accuracy: 59.33% val_time = 1762661108.26
INFO:  day_for_shipping Accuracy: 27.90% val_time = 1762661108.26
INFO:  on_time Accuracy: 59.33% val_time = 1762661108.26
INFO:  --------------------------------------------------
INFO:  TRAIN:epoch = 17/6000 classification_loss = 0.00000 train_time = 0.16
INFO:  ----------
INFO:  late_risk Accuracy: 59.33% val_time = 1762661108.44
INFO:  day_for_shipping Accuracy: 27.90% val_time = 1762661108.44
INFO:  on_time Accuracy: 59.33% val_time = 1762661108.44
INFO:  --------------------------------------------------
INFO:  TRAIN:epoch = 18/6000 classification_loss = 0.00000 train_time = 0.16
INFO:  ----------
INFO:  late_risk Accuracy: 59.33% val_time = 1762661108.63
INFO:  day_for_shipping Accuracy: 27.90% val_time = 1762661108.63
INFO:  on_time Accuracy: 59.33% val_time = 1762661108.63
INFO:  --------------------------------------------------
INFO:  TRAIN:epoch = 19/6000 classification_loss = 0.00000 train_time = 0.31
INFO:  ----------
INFO:  late_risk Accuracy: 59.33% val_time = 1762661108.97
INFO:  day_for_shipping Accuracy: 27.90% val_time = 1762661108.97
INFO:  on_time Accuracy: 59.33% val_time = 1762661108.97
INFO:  --------------------------------------------------
INFO:  TRAIN:epoch = 20/6000 classification_loss = 0.00000 train_time = 0.17
INFO:  ----------
INFO:  late_risk Accuracy: 59.33% val_time = 1762661109.16
INFO:  day_for_shipping Accuracy: 27.90% val_time = 1762661109.16
INFO:  on_time Accuracy: 59.33% val_time = 1762661109.16
INFO:  --------------------------------------------------
INFO:  TRAIN:epoch = 21/6000 classification_loss = 0.00000 train_time = 0.17
INFO:  ----------
INFO:  late_risk Accuracy: 40.67% val_time = 1762661109.34
INFO:  day_for_shipping Accuracy: 27.90% val_time = 1762661109.34
INFO:  on_time Accuracy: 47.36% val_time = 1762661109.34
INFO:  --------------------------------------------------
INFO:  TRAIN:epoch = 22/6000 classification_loss = 0.00000 train_time = 0.17
INFO:  ----------
INFO:  late_risk Accuracy: 41.53% val_time = 1762661109.53
INFO:  day_for_shipping Accuracy: 27.51% val_time = 1762661109.53
INFO:  on_time Accuracy: 59.33% val_time = 1762661109.53
INFO:  --------------------------------------------------
INFO:  TRAIN:epoch = 23/6000 classification_loss = 0.00000 train_time = 0.16
INFO:  ----------
INFO:  late_risk Accuracy: 64.57% val_time = 1762661109.72
INFO:  day_for_shipping Accuracy: 35.41% val_time = 1762661109.72
INFO:  on_time Accuracy: 59.33% val_time = 1762661109.72
INFO:  ----------
INFO:  best_overall_accuracy: 53.10% 
INFO:  --------------------------------------------------
INFO:  TRAIN:epoch = 24/6000 classification_loss = 0.00000 train_time = 0.17
INFO:  ----------
INFO:  late_risk Accuracy: 64.57% val_time = 1762661109.90
INFO:  day_for_shipping Accuracy: 40.81% val_time = 1762661109.90
INFO:  on_time Accuracy: 72.43% val_time = 1762661109.90
INFO:  ----------
INFO:  best_overall_accuracy: 59.27% 
INFO:  --------------------------------------------------
INFO:  TRAIN:epoch = 25/6000 classification_loss = 0.00000 train_time = 0.17
INFO:  ----------
INFO:  late_risk Accuracy: 54.30% val_time = 1762661110.09
INFO:  day_for_shipping Accuracy: 39.62% val_time = 1762661110.09
INFO:  on_time Accuracy: 71.94% val_time = 1762661110.09
INFO:  --------------------------------------------------
INFO:  TRAIN:epoch = 26/6000 classification_loss = 0.00000 train_time = 0.17
INFO:  ----------
INFO:  late_risk Accuracy: 70.64% val_time = 1762661110.28
INFO:  day_for_shipping Accuracy: 39.48% val_time = 1762661110.28
INFO:  on_time Accuracy: 71.18% val_time = 1762661110.28
INFO:  ----------
INFO:  best_overall_accuracy: 60.43% 
INFO:  --------------------------------------------------
INFO:  TRAIN:epoch = 27/6000 classification_loss = 0.00000 train_time = 0.30
INFO:  ----------
INFO:  late_risk Accuracy: 72.51% val_time = 1762661110.60
INFO:  day_for_shipping Accuracy: 40.89% val_time = 1762661110.60
INFO:  on_time Accuracy: 71.32% val_time = 1762661110.60
INFO:  ----------
INFO:  best_overall_accuracy: 61.57% 
INFO:  --------------------------------------------------
INFO:  TRAIN:epoch = 28/6000 classification_loss = 0.00000 train_time = 0.16
INFO:  ----------
INFO:  late_risk Accuracy: 72.47% val_time = 1762661110.79
INFO:  day_for_shipping Accuracy: 41.08% val_time = 1762661110.79
INFO:  on_time Accuracy: 70.89% val_time = 1762661110.79
INFO:  --------------------------------------------------
INFO:  TRAIN:epoch = 29/6000 classification_loss = 0.00000 train_time = 0.17
INFO:  ----------
INFO:  late_risk Accuracy: 72.86% val_time = 1762661110.98
INFO:  day_for_shipping Accuracy: 39.05% val_time = 1762661110.98
INFO:  on_time Accuracy: 72.49% val_time = 1762661110.98
INFO:  --------------------------------------------------
INFO:  TRAIN:epoch = 30/6000 classification_loss = 0.00000 train_time = 0.17
INFO:  ----------
INFO:  late_risk Accuracy: 72.47% val_time = 1762661111.17
INFO:  day_for_shipping Accuracy: 42.11% val_time = 1762661111.17
INFO:  on_time Accuracy: 72.49% val_time = 1762661111.17
INFO:  ----------
INFO:  best_overall_accuracy: 62.36% 
INFO:  --------------------------------------------------
INFO:  TRAIN:epoch = 31/6000 classification_loss = 0.00000 train_time = 0.17
INFO:  ----------
INFO:  late_risk Accuracy: 72.35% val_time = 1762661111.36
INFO:  day_for_shipping Accuracy: 42.46% val_time = 1762661111.36
INFO:  on_time Accuracy: 72.49% val_time = 1762661111.36
INFO:  ----------
INFO:  best_overall_accuracy: 62.44% 
INFO:  --------------------------------------------------
INFO:  TRAIN:epoch = 32/6000 classification_loss = 0.00000 train_time = 0.17
INFO:  ----------
INFO:  late_risk Accuracy: 72.24% val_time = 1762661111.56
INFO:  day_for_shipping Accuracy: 41.76% val_time = 1762661111.56
INFO:  on_time Accuracy: 70.95% val_time = 1762661111.56
INFO:  --------------------------------------------------
INFO:  TRAIN:epoch = 33/6000 classification_loss = 0.00000 train_time = 0.17
INFO:  ----------
INFO:  late_risk Accuracy: 74.03% val_time = 1762661111.74
INFO:  day_for_shipping Accuracy: 43.17% val_time = 1762661111.74
INFO:  on_time Accuracy: 70.60% val_time = 1762661111.74
INFO:  ----------
INFO:  best_overall_accuracy: 62.60% 
INFO:  --------------------------------------------------
INFO:  TRAIN:epoch = 34/6000 classification_loss = 0.00000 train_time = 0.17
INFO:  ----------
INFO:  late_risk Accuracy: 75.96% val_time = 1762661111.94
INFO:  day_for_shipping Accuracy: 45.10% val_time = 1762661111.94
INFO:  on_time Accuracy: 72.41% val_time = 1762661111.94
INFO:  ----------
INFO:  best_overall_accuracy: 64.49% 
INFO:  --------------------------------------------------
INFO:  TRAIN:epoch = 35/6000 classification_loss = 0.00000 train_time = 0.32
INFO:  ----------
INFO:  late_risk Accuracy: 76.62% val_time = 1762661112.28
INFO:  day_for_shipping Accuracy: 46.52% val_time = 1762661112.28
INFO:  on_time Accuracy: 76.17% val_time = 1762661112.28
INFO:  ----------
INFO:  best_overall_accuracy: 66.44% 
INFO:  --------------------------------------------------
INFO:  TRAIN:epoch = 36/6000 classification_loss = 0.00000 train_time = 0.17
INFO:  ----------
INFO:  late_risk Accuracy: 72.04% val_time = 1762661112.47
INFO:  day_for_shipping Accuracy: 47.98% val_time = 1762661112.47
INFO:  on_time Accuracy: 73.45% val_time = 1762661112.47
INFO:  --------------------------------------------------
INFO:  TRAIN:epoch = 37/6000 classification_loss = 0.00000 train_time = 0.17
INFO:  ----------
INFO:  late_risk Accuracy: 76.31% val_time = 1762661112.66
INFO:  day_for_shipping Accuracy: 49.89% val_time = 1762661112.66
INFO:  on_time Accuracy: 79.82% val_time = 1762661112.66
INFO:  ----------
INFO:  best_overall_accuracy: 68.67% 
INFO:  --------------------------------------------------
INFO:  TRAIN:epoch = 38/6000 classification_loss = 0.00000 train_time = 0.17
INFO:  ----------
INFO:  late_risk Accuracy: 79.65% val_time = 1762661112.85
INFO:  day_for_shipping Accuracy: 54.49% val_time = 1762661112.85
INFO:  on_time Accuracy: 80.07% val_time = 1762661112.85
INFO:  ----------
INFO:  best_overall_accuracy: 71.40% 
INFO:  --------------------------------------------------
INFO:  TRAIN:epoch = 39/6000 classification_loss = 0.00000 train_time = 0.17
INFO:  ----------
INFO:  late_risk Accuracy: 79.59% val_time = 1762661113.04
INFO:  day_for_shipping Accuracy: 54.67% val_time = 1762661113.04
INFO:  on_time Accuracy: 79.94% val_time = 1762661113.04
INFO:  --------------------------------------------------
INFO:  TRAIN:epoch = 40/6000 classification_loss = 0.00000 train_time = 0.17
INFO:  ----------
INFO:  late_risk Accuracy: 80.39% val_time = 1762661113.23
INFO:  day_for_shipping Accuracy: 55.16% val_time = 1762661113.23
INFO:  on_time Accuracy: 80.44% val_time = 1762661113.23
INFO:  ----------
INFO:  best_overall_accuracy: 72.00% 
INFO:  --------------------------------------------------
INFO:  TRAIN:epoch = 41/6000 classification_loss = 0.00000 train_time = 0.17
INFO:  ----------
INFO:  late_risk Accuracy: 81.56% val_time = 1762661113.42
INFO:  day_for_shipping Accuracy: 55.51% val_time = 1762661113.42
INFO:  on_time Accuracy: 81.34% val_time = 1762661113.42
INFO:  ----------
INFO:  best_overall_accuracy: 72.80% 
INFO:  --------------------------------------------------
INFO:  TRAIN:epoch = 42/6000 classification_loss = 0.00000 train_time = 0.17
INFO:  ----------
INFO:  late_risk Accuracy: 74.26% val_time = 1762661113.61
INFO:  day_for_shipping Accuracy: 48.43% val_time = 1762661113.61
INFO:  on_time Accuracy: 78.22% val_time = 1762661113.61
INFO:  --------------------------------------------------
INFO:  TRAIN:epoch = 43/6000 classification_loss = 0.00000 train_time = 0.17
INFO:  ----------
INFO:  late_risk Accuracy: 79.57% val_time = 1762661113.80
INFO:  day_for_shipping Accuracy: 57.03% val_time = 1762661113.80
INFO:  on_time Accuracy: 66.87% val_time = 1762661113.80
INFO:  --------------------------------------------------
INFO:  TRAIN:epoch = 44/6000 classification_loss = 0.00000 train_time = 0.30
INFO:  ----------
INFO:  late_risk Accuracy: 74.01% val_time = 1762661114.12
INFO:  day_for_shipping Accuracy: 49.76% val_time = 1762661114.12
INFO:  on_time Accuracy: 59.33% val_time = 1762661114.12
INFO:  --------------------------------------------------
INFO:  TRAIN:epoch = 45/6000 classification_loss = 0.00000 train_time = 0.17
INFO:  ----------
INFO:  late_risk Accuracy: 70.09% val_time = 1762661114.31
INFO:  day_for_shipping Accuracy: 45.29% val_time = 1762661114.31
INFO:  on_time Accuracy: 60.13% val_time = 1762661114.31
INFO:  --------------------------------------------------
INFO:  TRAIN:epoch = 46/6000 classification_loss = 0.00000 train_time = 0.17
INFO:  ----------
INFO:  late_risk Accuracy: 81.65% val_time = 1762661114.50
INFO:  day_for_shipping Accuracy: 60.05% val_time = 1762661114.50
INFO:  on_time Accuracy: 64.69% val_time = 1762661114.50
INFO:  --------------------------------------------------
INFO:  TRAIN:epoch = 47/6000 classification_loss = 0.00000 train_time = 0.17
INFO:  ----------
INFO:  late_risk Accuracy: 78.98% val_time = 1762661114.69
INFO:  day_for_shipping Accuracy: 55.68% val_time = 1762661114.69
INFO:  on_time Accuracy: 59.33% val_time = 1762661114.69
INFO:  --------------------------------------------------
INFO:  TRAIN:epoch = 48/6000 classification_loss = 0.00000 train_time = 0.17
INFO:  ----------
INFO:  late_risk Accuracy: 78.20% val_time = 1762661114.88
INFO:  day_for_shipping Accuracy: 53.07% val_time = 1762661114.88
INFO:  on_time Accuracy: 59.33% val_time = 1762661114.88
INFO:  --------------------------------------------------
INFO:  TRAIN:epoch = 49/6000 classification_loss = 0.00000 train_time = 0.17
INFO:  ----------
INFO:  late_risk Accuracy: 81.61% val_time = 1762661115.07
INFO:  day_for_shipping Accuracy: 58.39% val_time = 1762661115.07
INFO:  on_time Accuracy: 65.08% val_time = 1762661115.07
INFO:  --------------------------------------------------
INFO:  TRAIN:epoch = 50/6000 classification_loss = 0.00000 train_time = 0.17
INFO:  ----------
INFO:  late_risk Accuracy: 80.56% val_time = 1762661115.26
INFO:  day_for_shipping Accuracy: 58.90% val_time = 1762661115.26
INFO:  on_time Accuracy: 72.22% val_time = 1762661115.26
INFO:  --------------------------------------------------
INFO:  TRAIN:epoch = 51/6000 classification_loss = 0.00000 train_time = 0.17
INFO:  ----------
INFO:  late_risk Accuracy: 82.75% val_time = 1762661115.44
INFO:  day_for_shipping Accuracy: 60.48% val_time = 1762661115.44
INFO:  on_time Accuracy: 66.19% val_time = 1762661115.44
INFO:  --------------------------------------------------
INFO:  TRAIN:epoch = 52/6000 classification_loss = 0.00000 train_time = 0.30
INFO:  ----------
INFO:  late_risk Accuracy: 81.61% val_time = 1762661115.77
INFO:  day_for_shipping Accuracy: 60.56% val_time = 1762661115.77
INFO:  on_time Accuracy: 64.57% val_time = 1762661115.77
INFO:  --------------------------------------------------
INFO:  TRAIN:epoch = 53/6000 classification_loss = 0.00000 train_time = 0.17
INFO:  ----------
INFO:  late_risk Accuracy: 71.90% val_time = 1762661115.96
INFO:  day_for_shipping Accuracy: 46.42% val_time = 1762661115.96
INFO:  on_time Accuracy: 64.57% val_time = 1762661115.96
INFO:  --------------------------------------------------
INFO:  TRAIN:epoch = 54/6000 classification_loss = 0.00000 train_time = 0.17
INFO:  ----------
INFO:  late_risk Accuracy: 81.30% val_time = 1762661116.15
INFO:  day_for_shipping Accuracy: 59.58% val_time = 1762661116.15
INFO:  on_time Accuracy: 72.57% val_time = 1762661116.15
INFO:  --------------------------------------------------
INFO:  TRAIN:epoch = 55/6000 classification_loss = 0.00000 train_time = 0.17
INFO:  ----------
INFO:  late_risk Accuracy: 81.54% val_time = 1762661116.34
INFO:  day_for_shipping Accuracy: 59.43% val_time = 1762661116.34
INFO:  on_time Accuracy: 80.60% val_time = 1762661116.34
INFO:  ----------
INFO:  best_overall_accuracy: 73.85% 
INFO:  --------------------------------------------------
INFO:  TRAIN:epoch = 56/6000 classification_loss = 0.00000 train_time = 0.17
INFO:  ----------
INFO:  late_risk Accuracy: 80.78% val_time = 1762661116.53
INFO:  day_for_shipping Accuracy: 60.13% val_time = 1762661116.53
INFO:  on_time Accuracy: 64.73% val_time = 1762661116.53
INFO:  --------------------------------------------------
INFO:  TRAIN:epoch = 57/6000 classification_loss = 0.00000 train_time = 0.17
INFO:  ----------
INFO:  late_risk Accuracy: 71.59% val_time = 1762661116.72
INFO:  day_for_shipping Accuracy: 45.76% val_time = 1762661116.72
INFO:  on_time Accuracy: 64.65% val_time = 1762661116.72
INFO:  --------------------------------------------------
INFO:  TRAIN:epoch = 58/6000 classification_loss = 0.00000 train_time = 0.17
INFO:  ----------
INFO:  late_risk Accuracy: 71.11% val_time = 1762661116.91
INFO:  day_for_shipping Accuracy: 42.70% val_time = 1762661116.91
INFO:  on_time Accuracy: 70.74% val_time = 1762661116.91
INFO:  --------------------------------------------------
INFO:  TRAIN:epoch = 59/6000 classification_loss = 0.00000 train_time = 0.17
INFO:  ----------
INFO:  late_risk Accuracy: 82.10% val_time = 1762661117.10
INFO:  day_for_shipping Accuracy: 62.35% val_time = 1762661117.10
INFO:  on_time Accuracy: 75.28% val_time = 1762661117.10
INFO:  --------------------------------------------------
INFO:  TRAIN:epoch = 60/6000 classification_loss = 0.00000 train_time = 0.17
INFO:  ----------
INFO:  late_risk Accuracy: 82.08% val_time = 1762661117.29
INFO:  day_for_shipping Accuracy: 62.66% val_time = 1762661117.29
INFO:  on_time Accuracy: 64.57% val_time = 1762661117.29
INFO:  --------------------------------------------------
INFO:  TRAIN:epoch = 61/6000 classification_loss = 0.00000 train_time = 0.31
INFO:  ----------
INFO:  late_risk Accuracy: 81.52% val_time = 1762661117.61
INFO:  day_for_shipping Accuracy: 59.89% val_time = 1762661117.61
INFO:  on_time Accuracy: 64.57% val_time = 1762661117.61
INFO:  --------------------------------------------------
INFO:  TRAIN:epoch = 62/6000 classification_loss = 0.00000 train_time = 0.17
INFO:  ----------
INFO:  late_risk Accuracy: 69.60% val_time = 1762661117.81
INFO:  day_for_shipping Accuracy: 45.78% val_time = 1762661117.81
INFO:  on_time Accuracy: 64.57% val_time = 1762661117.81
INFO:  --------------------------------------------------
INFO:  TRAIN:epoch = 63/6000 classification_loss = 0.00000 train_time = 0.18
INFO:  ----------
INFO:  late_risk Accuracy: 79.53% val_time = 1762661118.01
INFO:  day_for_shipping Accuracy: 53.11% val_time = 1762661118.01
INFO:  on_time Accuracy: 64.57% val_time = 1762661118.01
INFO:  --------------------------------------------------
INFO:  TRAIN:epoch = 64/6000 classification_loss = 0.00000 train_time = 0.17
INFO:  ----------
INFO:  late_risk Accuracy: 77.46% val_time = 1762661118.19
INFO:  day_for_shipping Accuracy: 55.18% val_time = 1762661118.19
INFO:  on_time Accuracy: 64.57% val_time = 1762661118.19
INFO:  --------------------------------------------------
INFO:  TRAIN:epoch = 65/6000 classification_loss = 0.00000 train_time = 0.17
INFO:  ----------
INFO:  late_risk Accuracy: 81.05% val_time = 1762661118.39
INFO:  day_for_shipping Accuracy: 50.24% val_time = 1762661118.39
INFO:  on_time Accuracy: 64.57% val_time = 1762661118.39
INFO:  --------------------------------------------------
INFO:  TRAIN:epoch = 66/6000 classification_loss = 0.00000 train_time = 0.17
INFO:  ----------
INFO:  late_risk Accuracy: 80.85% val_time = 1762661118.58
INFO:  day_for_shipping Accuracy: 50.28% val_time = 1762661118.58
INFO:  on_time Accuracy: 59.33% val_time = 1762661118.58
INFO:  --------------------------------------------------
INFO:  TRAIN:epoch = 67/6000 classification_loss = 0.00000 train_time = 0.17
INFO:  ----------
INFO:  late_risk Accuracy: 71.26% val_time = 1762661118.77
INFO:  day_for_shipping Accuracy: 33.55% val_time = 1762661118.77
INFO:  on_time Accuracy: 40.67% val_time = 1762661118.77
INFO:  --------------------------------------------------
INFO:  TRAIN:epoch = 68/6000 classification_loss = 0.00000 train_time = 0.17
INFO:  ----------
INFO:  late_risk Accuracy: 69.02% val_time = 1762661118.96
INFO:  day_for_shipping Accuracy: 45.08% val_time = 1762661118.96
INFO:  on_time Accuracy: 40.67% val_time = 1762661118.96
INFO:  --------------------------------------------------
INFO:  TRAIN:epoch = 69/6000 classification_loss = 0.00000 train_time = 0.30
INFO:  ----------
INFO:  late_risk Accuracy: 74.69% val_time = 1762661119.28
INFO:  day_for_shipping Accuracy: 49.13% val_time = 1762661119.28
INFO:  on_time Accuracy: 72.98% val_time = 1762661119.28
INFO:  --------------------------------------------------
INFO:  TRAIN:epoch = 70/6000 classification_loss = 0.00000 train_time = 0.17
INFO:  ----------
INFO:  late_risk Accuracy: 79.96% val_time = 1762661119.47
INFO:  day_for_shipping Accuracy: 48.26% val_time = 1762661119.47
INFO:  on_time Accuracy: 64.57% val_time = 1762661119.47
INFO:  --------------------------------------------------
INFO:  TRAIN:epoch = 71/6000 classification_loss = 0.00000 train_time = 0.17
INFO:  ----------
INFO:  late_risk Accuracy: 71.44% val_time = 1762661119.65
INFO:  day_for_shipping Accuracy: 42.21% val_time = 1762661119.65
INFO:  on_time Accuracy: 64.57% val_time = 1762661119.65
INFO:  --------------------------------------------------
INFO:  TRAIN:epoch = 72/6000 classification_loss = 0.00000 train_time = 0.17
INFO:  ----------
INFO:  late_risk Accuracy: 80.04% val_time = 1762661119.84
INFO:  day_for_shipping Accuracy: 46.19% val_time = 1762661119.84
INFO:  on_time Accuracy: 65.12% val_time = 1762661119.84
INFO:  --------------------------------------------------
INFO:  TRAIN:epoch = 73/6000 classification_loss = 0.00000 train_time = 0.18
INFO:  ----------
INFO:  late_risk Accuracy: 79.55% val_time = 1762661120.05
INFO:  day_for_shipping Accuracy: 47.71% val_time = 1762661120.05
INFO:  on_time Accuracy: 78.71% val_time = 1762661120.05
INFO:  --------------------------------------------------
INFO:  TRAIN:epoch = 74/6000 classification_loss = 0.00000 train_time = 0.17
INFO:  ----------
INFO:  late_risk Accuracy: 75.80% val_time = 1762661120.23
INFO:  day_for_shipping Accuracy: 41.72% val_time = 1762661120.23
INFO:  on_time Accuracy: 76.53% val_time = 1762661120.23
INFO:  --------------------------------------------------
INFO:  TRAIN:epoch = 75/6000 classification_loss = 0.00000 train_time = 0.17
INFO:  ----------
INFO:  late_risk Accuracy: 75.96% val_time = 1762661120.43
INFO:  day_for_shipping Accuracy: 50.11% val_time = 1762661120.43
INFO:  on_time Accuracy: 77.71% val_time = 1762661120.43
INFO:  --------------------------------------------------
INFO:  TRAIN:epoch = 76/6000 classification_loss = 0.00000 train_time = 0.17
INFO:  ----------
INFO:  late_risk Accuracy: 69.43% val_time = 1762661120.61
INFO:  day_for_shipping Accuracy: 42.52% val_time = 1762661120.61
INFO:  on_time Accuracy: 67.89% val_time = 1762661120.61
INFO:  --------------------------------------------------
INFO:  TRAIN:epoch = 77/6000 classification_loss = 0.00000 train_time = 0.30
INFO:  ----------
INFO:  late_risk Accuracy: 66.23% val_time = 1762661120.94
INFO:  day_for_shipping Accuracy: 42.04% val_time = 1762661120.94
INFO:  on_time Accuracy: 70.81% val_time = 1762661120.94
INFO:  --------------------------------------------------
INFO:  TRAIN:epoch = 78/6000 classification_loss = 0.00000 train_time = 0.17
INFO:  ----------
INFO:  late_risk Accuracy: 72.31% val_time = 1762661121.13
INFO:  day_for_shipping Accuracy: 49.44% val_time = 1762661121.13
INFO:  on_time Accuracy: 71.03% val_time = 1762661121.13
INFO:  --------------------------------------------------
INFO:  TRAIN:epoch = 79/6000 classification_loss = 0.00000 train_time = 0.17
INFO:  ----------
INFO:  late_risk Accuracy: 68.30% val_time = 1762661121.32
INFO:  day_for_shipping Accuracy: 41.84% val_time = 1762661121.32
INFO:  on_time Accuracy: 71.71% val_time = 1762661121.32
INFO:  --------------------------------------------------
INFO:  TRAIN:epoch = 80/6000 classification_loss = 0.00000 train_time = 0.17
INFO:  ----------
INFO:  late_risk Accuracy: 72.70% val_time = 1762661121.51
INFO:  day_for_shipping Accuracy: 50.01% val_time = 1762661121.51
INFO:  on_time Accuracy: 74.75% val_time = 1762661121.51
INFO:  --------------------------------------------------
INFO:  TRAIN:epoch = 81/6000 classification_loss = 0.00000 train_time = 0.17
INFO:  ----------
INFO:  late_risk Accuracy: 71.48% val_time = 1762661121.71
INFO:  day_for_shipping Accuracy: 43.11% val_time = 1762661121.71
INFO:  on_time Accuracy: 72.68% val_time = 1762661121.71
INFO:  --------------------------------------------------
INFO:  TRAIN:epoch = 82/6000 classification_loss = 0.00000 train_time = 0.17
INFO:  ----------
INFO:  late_risk Accuracy: 72.61% val_time = 1762661121.90
INFO:  day_for_shipping Accuracy: 46.89% val_time = 1762661121.90
INFO:  on_time Accuracy: 74.79% val_time = 1762661121.90
INFO:  --------------------------------------------------
INFO:  TRAIN:epoch = 83/6000 classification_loss = 0.00000 train_time = 0.17
INFO:  ----------
INFO:  late_risk Accuracy: 73.68% val_time = 1762661122.08
INFO:  day_for_shipping Accuracy: 50.24% val_time = 1762661122.08
INFO:  on_time Accuracy: 71.83% val_time = 1762661122.08
INFO:  --------------------------------------------------
INFO:  TRAIN:epoch = 84/6000 classification_loss = 0.00000 train_time = 0.17
INFO:  ----------
INFO:  late_risk Accuracy: 75.78% val_time = 1762661122.27
INFO:  day_for_shipping Accuracy: 51.59% val_time = 1762661122.27
INFO:  on_time Accuracy: 75.26% val_time = 1762661122.27
INFO:  --------------------------------------------------
INFO:  TRAIN:epoch = 85/6000 classification_loss = 0.00000 train_time = 0.17
INFO:  ----------
INFO:  late_risk Accuracy: 73.64% val_time = 1762661122.46
INFO:  day_for_shipping Accuracy: 46.60% val_time = 1762661122.46
INFO:  on_time Accuracy: 74.91% val_time = 1762661122.46
INFO:  --------------------------------------------------
INFO:  TRAIN:epoch = 86/6000 classification_loss = 0.00000 train_time = 0.32
INFO:  ----------
INFO:  late_risk Accuracy: 70.68% val_time = 1762661122.81
INFO:  day_for_shipping Accuracy: 40.16% val_time = 1762661122.81
INFO:  on_time Accuracy: 70.58% val_time = 1762661122.81
INFO:  --------------------------------------------------
INFO:  TRAIN:epoch = 87/6000 classification_loss = 0.00000 train_time = 0.17
INFO:  ----------
INFO:  late_risk Accuracy: 70.66% val_time = 1762661123.00
INFO:  day_for_shipping Accuracy: 41.84% val_time = 1762661123.00
INFO:  on_time Accuracy: 70.62% val_time = 1762661123.00
INFO:  --------------------------------------------------
INFO:  TRAIN:epoch = 88/6000 classification_loss = 0.00000 train_time = 0.17
INFO:  ----------
INFO:  late_risk Accuracy: 76.49% val_time = 1762661123.19
INFO:  day_for_shipping Accuracy: 49.50% val_time = 1762661123.19
INFO:  on_time Accuracy: 75.86% val_time = 1762661123.19
INFO:  --------------------------------------------------
INFO:  TRAIN:epoch = 89/6000 classification_loss = 0.00000 train_time = 0.17
INFO:  ----------
INFO:  late_risk Accuracy: 65.45% val_time = 1762661123.37
INFO:  day_for_shipping Accuracy: 47.26% val_time = 1762661123.37
INFO:  on_time Accuracy: 75.63% val_time = 1762661123.37
INFO:  --------------------------------------------------
INFO:  TRAIN:epoch = 90/6000 classification_loss = 0.00000 train_time = 0.17
INFO:  ----------
INFO:  late_risk Accuracy: 68.53% val_time = 1762661123.56
INFO:  day_for_shipping Accuracy: 53.25% val_time = 1762661123.56
INFO:  on_time Accuracy: 80.29% val_time = 1762661123.56
INFO:  --------------------------------------------------
INFO:  TRAIN:epoch = 91/6000 classification_loss = 0.00000 train_time = 0.17
INFO:  ----------
INFO:  late_risk Accuracy: 61.06% val_time = 1762661123.75
INFO:  day_for_shipping Accuracy: 54.73% val_time = 1762661123.75
INFO:  on_time Accuracy: 75.59% val_time = 1762661123.75
INFO:  --------------------------------------------------
INFO:  TRAIN:epoch = 92/6000 classification_loss = 0.00000 train_time = 0.17
INFO:  ----------
INFO:  late_risk Accuracy: 61.81% val_time = 1762661123.95
INFO:  day_for_shipping Accuracy: 55.62% val_time = 1762661123.95
INFO:  on_time Accuracy: 73.19% val_time = 1762661123.95
INFO:  --------------------------------------------------
INFO:  TRAIN:epoch = 93/6000 classification_loss = 0.00000 train_time = 0.17
INFO:  ----------
INFO:  late_risk Accuracy: 63.99% val_time = 1762661124.13
INFO:  day_for_shipping Accuracy: 55.90% val_time = 1762661124.13
INFO:  on_time Accuracy: 76.14% val_time = 1762661124.13
INFO:  --------------------------------------------------
INFO:  TRAIN:epoch = 94/6000 classification_loss = 0.00000 train_time = 0.31
INFO:  ----------
INFO:  late_risk Accuracy: 61.40% val_time = 1762661124.46
INFO:  day_for_shipping Accuracy: 54.69% val_time = 1762661124.46
INFO:  on_time Accuracy: 75.43% val_time = 1762661124.46
INFO:  --------------------------------------------------
INFO:  TRAIN:epoch = 95/6000 classification_loss = 0.00000 train_time = 0.17
INFO:  ----------
INFO:  late_risk Accuracy: 64.77% val_time = 1762661124.66
INFO:  day_for_shipping Accuracy: 56.07% val_time = 1762661124.66
INFO:  on_time Accuracy: 77.01% val_time = 1762661124.66
INFO:  --------------------------------------------------
INFO:  TRAIN:epoch = 96/6000 classification_loss = 0.00000 train_time = 0.17
INFO:  ----------
INFO:  late_risk Accuracy: 81.24% val_time = 1762661124.85
INFO:  day_for_shipping Accuracy: 58.78% val_time = 1762661124.85
INFO:  on_time Accuracy: 77.03% val_time = 1762661124.85
INFO:  --------------------------------------------------
INFO:  TRAIN:epoch = 97/6000 classification_loss = 0.00000 train_time = 0.17
INFO:  ----------
INFO:  late_risk Accuracy: 75.59% val_time = 1762661125.04
INFO:  day_for_shipping Accuracy: 58.16% val_time = 1762661125.04
INFO:  on_time Accuracy: 77.46% val_time = 1762661125.04
INFO:  --------------------------------------------------
INFO:  TRAIN:epoch = 98/6000 classification_loss = 0.00000 train_time = 0.17
INFO:  ----------
INFO:  late_risk Accuracy: 75.67% val_time = 1762661125.23
INFO:  day_for_shipping Accuracy: 56.15% val_time = 1762661125.23
INFO:  on_time Accuracy: 81.11% val_time = 1762661125.23
INFO:  --------------------------------------------------
INFO:  TRAIN:epoch = 99/6000 classification_loss = 0.00000 train_time = 0.17
INFO:  ----------
INFO:  late_risk Accuracy: 74.48% val_time = 1762661125.41
INFO:  day_for_shipping Accuracy: 53.54% val_time = 1762661125.41
INFO:  on_time Accuracy: 78.77% val_time = 1762661125.41
INFO:  --------------------------------------------------
INFO:  TRAIN:epoch = 100/6000 classification_loss = 0.00000 train_time = 0.17
INFO:  ----------
INFO:  late_risk Accuracy: 69.86% val_time = 1762661125.60
INFO:  day_for_shipping Accuracy: 55.35% val_time = 1762661125.60
INFO:  on_time Accuracy: 79.98% val_time = 1762661125.60
INFO:  --------------------------------------------------
INFO:  TRAIN:epoch = 101/6000 classification_loss = 0.00000 train_time = 0.17
INFO:  ----------
INFO:  late_risk Accuracy: 74.19% val_time = 1762661125.79
INFO:  day_for_shipping Accuracy: 46.54% val_time = 1762661125.79
INFO:  on_time Accuracy: 76.66% val_time = 1762661125.79
INFO:  --------------------------------------------------
INFO:  TRAIN:epoch = 102/6000 classification_loss = 0.00000 train_time = 0.31
INFO:  ----------
INFO:  late_risk Accuracy: 73.76% val_time = 1762661126.12
INFO:  day_for_shipping Accuracy: 53.13% val_time = 1762661126.12
INFO:  on_time Accuracy: 78.53% val_time = 1762661126.12
INFO:  --------------------------------------------------
INFO:  TRAIN:epoch = 103/6000 classification_loss = 0.00000 train_time = 0.17
INFO:  ----------
INFO:  late_risk Accuracy: 69.51% val_time = 1762661126.31
INFO:  day_for_shipping Accuracy: 55.92% val_time = 1762661126.31
INFO:  on_time Accuracy: 78.94% val_time = 1762661126.31
INFO:  --------------------------------------------------
INFO:  TRAIN:epoch = 104/6000 classification_loss = 0.00000 train_time = 0.18
INFO:  ----------
INFO:  late_risk Accuracy: 73.54% val_time = 1762661126.51
INFO:  day_for_shipping Accuracy: 50.75% val_time = 1762661126.51
INFO:  on_time Accuracy: 73.97% val_time = 1762661126.51
INFO:  --------------------------------------------------
INFO:  TRAIN:epoch = 105/6000 classification_loss = 0.00000 train_time = 0.17
INFO:  ----------
INFO:  late_risk Accuracy: 77.21% val_time = 1762661126.70
INFO:  day_for_shipping Accuracy: 55.86% val_time = 1762661126.70
INFO:  on_time Accuracy: 79.88% val_time = 1762661126.70
INFO:  --------------------------------------------------
INFO:  TRAIN:epoch = 106/6000 classification_loss = 0.00000 train_time = 0.17
INFO:  ----------
INFO:  late_risk Accuracy: 68.28% val_time = 1762661126.89
INFO:  day_for_shipping Accuracy: 52.99% val_time = 1762661126.89
INFO:  on_time Accuracy: 71.26% val_time = 1762661126.89
INFO:  simulator training stage cost time: 24.189619541168213
INFO:  best_acc1 0.8153636186391109
INFO:  best_acc2 0.5942678884772861
INFO:  best_acc3 0.8060050692142718
INFO:  best_overall_accuracy 0.7385455254435563
