INFO:  --------------------------------Een Init----------------------------------
INFO:  Code will run in cuda:0
INFO:  --------------------------------Dataset Init------------------------------
INFO:  --------------------------------Model Init--------------------------------
INFO:  --------------------------------Session Init------------------------------
INFO:  ------------------------------------ Main --------------------------------
INFO:  --------------------------------------------------
INFO:  TRAIN:epoch = 0/6000 classification_loss = 0.00000 train_time = 1.53
INFO:  ----------
INFO:  Late_delivery_risk Accuracy: 57.13% val_time = 1762327319.19
INFO:  Days for shipping (real) Accuracy: 15.90% val_time = 1762327319.19
INFO:  on_time Accuracy: 81.55% val_time = 1762327319.19
INFO:  ----------
INFO:  best_overall_accuracy: 51.53% 
INFO:  --------------------------------------------------
INFO:  TRAIN:epoch = 1/6000 classification_loss = 0.00000 train_time = 1.16
INFO:  ----------
INFO:  Late_delivery_risk Accuracy: 58.37% val_time = 1762327320.49
INFO:  Days for shipping (real) Accuracy: 15.90% val_time = 1762327320.49
INFO:  on_time Accuracy: 81.55% val_time = 1762327320.49
INFO:  ----------
INFO:  best_overall_accuracy: 51.94% 
INFO:  --------------------------------------------------
INFO:  TRAIN:epoch = 2/6000 classification_loss = 0.00000 train_time = 1.02
INFO:  ----------
INFO:  Late_delivery_risk Accuracy: 57.13% val_time = 1762327321.65
INFO:  Days for shipping (real) Accuracy: 15.90% val_time = 1762327321.65
INFO:  on_time Accuracy: 81.55% val_time = 1762327321.65
INFO:  --------------------------------------------------
INFO:  TRAIN:epoch = 3/6000 classification_loss = 0.00000 train_time = 1.16
INFO:  ----------
INFO:  Late_delivery_risk Accuracy: 42.87% val_time = 1762327322.96
INFO:  Days for shipping (real) Accuracy: 15.90% val_time = 1762327322.96
INFO:  on_time Accuracy: 81.55% val_time = 1762327322.96
INFO:  --------------------------------------------------
INFO:  TRAIN:epoch = 4/6000 classification_loss = 0.00000 train_time = 1.03
INFO:  ----------
INFO:  Late_delivery_risk Accuracy: 57.13% val_time = 1762327324.13
INFO:  Days for shipping (real) Accuracy: 15.90% val_time = 1762327324.13
INFO:  on_time Accuracy: 81.55% val_time = 1762327324.13
INFO:  --------------------------------------------------
INFO:  TRAIN:epoch = 5/6000 classification_loss = 0.00000 train_time = 1.02
INFO:  ----------
INFO:  Late_delivery_risk Accuracy: 57.13% val_time = 1762327325.30
INFO:  Days for shipping (real) Accuracy: 15.90% val_time = 1762327325.30
INFO:  on_time Accuracy: 81.55% val_time = 1762327325.30
INFO:  --------------------------------------------------
INFO:  TRAIN:epoch = 6/6000 classification_loss = 0.00000 train_time = 1.16
INFO:  ----------
INFO:  Late_delivery_risk Accuracy: 57.13% val_time = 1762327326.60
INFO:  Days for shipping (real) Accuracy: 31.46% val_time = 1762327326.60
INFO:  on_time Accuracy: 81.55% val_time = 1762327326.60
INFO:  ----------
INFO:  best_overall_accuracy: 56.71% 
INFO:  --------------------------------------------------
INFO:  TRAIN:epoch = 7/6000 classification_loss = 0.00000 train_time = 1.02
INFO:  ----------
INFO:  Late_delivery_risk Accuracy: 57.13% val_time = 1762327327.76
INFO:  Days for shipping (real) Accuracy: 31.46% val_time = 1762327327.76
INFO:  on_time Accuracy: 81.55% val_time = 1762327327.76
INFO:  --------------------------------------------------
INFO:  TRAIN:epoch = 8/6000 classification_loss = 0.00000 train_time = 1.06
INFO:  ----------
INFO:  Late_delivery_risk Accuracy: 57.13% val_time = 1762327328.95
INFO:  Days for shipping (real) Accuracy: 33.42% val_time = 1762327328.95
INFO:  on_time Accuracy: 81.55% val_time = 1762327328.95
INFO:  ----------
INFO:  best_overall_accuracy: 57.37% 
INFO:  --------------------------------------------------
INFO:  TRAIN:epoch = 9/6000 classification_loss = 0.00000 train_time = 0.88
INFO:  ----------
INFO:  Late_delivery_risk Accuracy: 57.13% val_time = 1762327329.95
INFO:  Days for shipping (real) Accuracy: 34.03% val_time = 1762327329.95
INFO:  on_time Accuracy: 81.55% val_time = 1762327329.95
INFO:  ----------
INFO:  best_overall_accuracy: 57.57% 
INFO:  --------------------------------------------------
INFO:  TRAIN:epoch = 10/6000 classification_loss = 0.00000 train_time = 0.91
INFO:  ----------
INFO:  Late_delivery_risk Accuracy: 70.13% val_time = 1762327330.99
INFO:  Days for shipping (real) Accuracy: 31.46% val_time = 1762327330.99
INFO:  on_time Accuracy: 81.55% val_time = 1762327330.99
INFO:  ----------
INFO:  best_overall_accuracy: 61.05% 
INFO:  --------------------------------------------------
INFO:  TRAIN:epoch = 11/6000 classification_loss = 0.00000 train_time = 1.10
INFO:  ----------
INFO:  Late_delivery_risk Accuracy: 70.13% val_time = 1762327332.23
INFO:  Days for shipping (real) Accuracy: 34.03% val_time = 1762327332.23
INFO:  on_time Accuracy: 81.55% val_time = 1762327332.23
INFO:  ----------
INFO:  best_overall_accuracy: 61.90% 
INFO:  --------------------------------------------------
INFO:  TRAIN:epoch = 12/6000 classification_loss = 0.00000 train_time = 0.99
INFO:  ----------
INFO:  Late_delivery_risk Accuracy: 70.13% val_time = 1762327333.36
INFO:  Days for shipping (real) Accuracy: 34.03% val_time = 1762327333.36
INFO:  on_time Accuracy: 81.55% val_time = 1762327333.36
INFO:  --------------------------------------------------
INFO:  TRAIN:epoch = 13/6000 classification_loss = 0.00000 train_time = 1.11
INFO:  ----------
INFO:  Late_delivery_risk Accuracy: 57.13% val_time = 1762327334.61
INFO:  Days for shipping (real) Accuracy: 31.46% val_time = 1762327334.61
INFO:  on_time Accuracy: 81.55% val_time = 1762327334.61
INFO:  --------------------------------------------------
INFO:  TRAIN:epoch = 14/6000 classification_loss = 0.00000 train_time = 0.98
INFO:  ----------
INFO:  Late_delivery_risk Accuracy: 70.19% val_time = 1762327335.74
INFO:  Days for shipping (real) Accuracy: 30.90% val_time = 1762327335.74
INFO:  on_time Accuracy: 81.55% val_time = 1762327335.74
INFO:  --------------------------------------------------
INFO:  TRAIN:epoch = 15/6000 classification_loss = 0.00000 train_time = 0.98
INFO:  ----------
INFO:  Late_delivery_risk Accuracy: 70.19% val_time = 1762327336.86
INFO:  Days for shipping (real) Accuracy: 34.03% val_time = 1762327336.86
INFO:  on_time Accuracy: 81.55% val_time = 1762327336.86
INFO:  ----------
INFO:  best_overall_accuracy: 61.92% 
INFO:  --------------------------------------------------
INFO:  TRAIN:epoch = 16/6000 classification_loss = 0.00000 train_time = 1.11
INFO:  ----------
INFO:  Late_delivery_risk Accuracy: 70.19% val_time = 1762327338.11
INFO:  Days for shipping (real) Accuracy: 34.03% val_time = 1762327338.11
INFO:  on_time Accuracy: 81.55% val_time = 1762327338.11
INFO:  --------------------------------------------------
INFO:  TRAIN:epoch = 17/6000 classification_loss = 0.00000 train_time = 0.98
INFO:  ----------
INFO:  Late_delivery_risk Accuracy: 70.19% val_time = 1762327339.23
INFO:  Days for shipping (real) Accuracy: 34.09% val_time = 1762327339.23
INFO:  on_time Accuracy: 81.61% val_time = 1762327339.23
INFO:  ----------
INFO:  best_overall_accuracy: 61.96% 
INFO:  --------------------------------------------------
INFO:  TRAIN:epoch = 18/6000 classification_loss = 0.00000 train_time = 1.10
INFO:  ----------
INFO:  Late_delivery_risk Accuracy: 70.26% val_time = 1762327340.47
INFO:  Days for shipping (real) Accuracy: 34.09% val_time = 1762327340.47
INFO:  on_time Accuracy: 81.61% val_time = 1762327340.47
INFO:  ----------
INFO:  best_overall_accuracy: 61.99% 
INFO:  --------------------------------------------------
INFO:  TRAIN:epoch = 19/6000 classification_loss = 0.00000 train_time = 0.98
INFO:  ----------
INFO:  Late_delivery_risk Accuracy: 70.19% val_time = 1762327341.59
INFO:  Days for shipping (real) Accuracy: 34.06% val_time = 1762327341.59
INFO:  on_time Accuracy: 81.61% val_time = 1762327341.59
INFO:  --------------------------------------------------
INFO:  TRAIN:epoch = 20/6000 classification_loss = 0.00000 train_time = 0.98
INFO:  ----------
INFO:  Late_delivery_risk Accuracy: 70.19% val_time = 1762327342.71
INFO:  Days for shipping (real) Accuracy: 34.13% val_time = 1762327342.71
INFO:  on_time Accuracy: 81.61% val_time = 1762327342.71
INFO:  --------------------------------------------------
INFO:  TRAIN:epoch = 21/6000 classification_loss = 0.00000 train_time = 1.10
INFO:  ----------
INFO:  Late_delivery_risk Accuracy: 70.20% val_time = 1762327343.96
INFO:  Days for shipping (real) Accuracy: 34.03% val_time = 1762327343.96
INFO:  on_time Accuracy: 81.61% val_time = 1762327343.96
INFO:  --------------------------------------------------
INFO:  TRAIN:epoch = 22/6000 classification_loss = 0.00000 train_time = 0.99
INFO:  ----------
INFO:  Late_delivery_risk Accuracy: 70.19% val_time = 1762327345.08
INFO:  Days for shipping (real) Accuracy: 34.09% val_time = 1762327345.08
INFO:  on_time Accuracy: 81.61% val_time = 1762327345.08
INFO:  --------------------------------------------------
INFO:  TRAIN:epoch = 23/6000 classification_loss = 0.00000 train_time = 0.98
INFO:  ----------
INFO:  Late_delivery_risk Accuracy: 70.19% val_time = 1762327346.20
INFO:  Days for shipping (real) Accuracy: 34.09% val_time = 1762327346.20
INFO:  on_time Accuracy: 81.61% val_time = 1762327346.20
INFO:  --------------------------------------------------
INFO:  TRAIN:epoch = 24/6000 classification_loss = 0.00000 train_time = 1.10
INFO:  ----------
INFO:  Late_delivery_risk Accuracy: 70.19% val_time = 1762327347.44
INFO:  Days for shipping (real) Accuracy: 34.04% val_time = 1762327347.44
INFO:  on_time Accuracy: 81.61% val_time = 1762327347.44
INFO:  --------------------------------------------------
INFO:  TRAIN:epoch = 25/6000 classification_loss = 0.00000 train_time = 0.99
INFO:  ----------
INFO:  Late_delivery_risk Accuracy: 70.19% val_time = 1762327348.57
INFO:  Days for shipping (real) Accuracy: 34.13% val_time = 1762327348.57
INFO:  on_time Accuracy: 81.61% val_time = 1762327348.57
INFO:  --------------------------------------------------
INFO:  TRAIN:epoch = 26/6000 classification_loss = 0.00000 train_time = 1.10
INFO:  ----------
INFO:  Late_delivery_risk Accuracy: 70.19% val_time = 1762327349.81
INFO:  Days for shipping (real) Accuracy: 34.03% val_time = 1762327349.81
INFO:  on_time Accuracy: 81.61% val_time = 1762327349.81
INFO:  --------------------------------------------------
INFO:  TRAIN:epoch = 27/6000 classification_loss = 0.00000 train_time = 0.98
INFO:  ----------
INFO:  Late_delivery_risk Accuracy: 70.13% val_time = 1762327350.93
INFO:  Days for shipping (real) Accuracy: 34.03% val_time = 1762327350.93
INFO:  on_time Accuracy: 81.61% val_time = 1762327350.93
INFO:  --------------------------------------------------
INFO:  TRAIN:epoch = 28/6000 classification_loss = 0.00000 train_time = 0.98
INFO:  ----------
INFO:  Late_delivery_risk Accuracy: 70.19% val_time = 1762327352.06
INFO:  Days for shipping (real) Accuracy: 34.09% val_time = 1762327352.06
INFO:  on_time Accuracy: 81.61% val_time = 1762327352.06
INFO:  --------------------------------------------------
INFO:  TRAIN:epoch = 29/6000 classification_loss = 0.00000 train_time = 1.10
INFO:  ----------
INFO:  Late_delivery_risk Accuracy: 70.19% val_time = 1762327353.29
INFO:  Days for shipping (real) Accuracy: 34.09% val_time = 1762327353.29
INFO:  on_time Accuracy: 81.61% val_time = 1762327353.29
INFO:  --------------------------------------------------
INFO:  TRAIN:epoch = 30/6000 classification_loss = 0.00000 train_time = 0.99
INFO:  ----------
INFO:  Late_delivery_risk Accuracy: 70.22% val_time = 1762327354.42
INFO:  Days for shipping (real) Accuracy: 34.03% val_time = 1762327354.42
INFO:  on_time Accuracy: 81.61% val_time = 1762327354.42
INFO:  --------------------------------------------------
INFO:  TRAIN:epoch = 31/6000 classification_loss = 0.00000 train_time = 1.11
INFO:  ----------
INFO:  Late_delivery_risk Accuracy: 70.19% val_time = 1762327355.67
INFO:  Days for shipping (real) Accuracy: 31.46% val_time = 1762327355.67
INFO:  on_time Accuracy: 81.61% val_time = 1762327355.67
INFO:  --------------------------------------------------
INFO:  TRAIN:epoch = 32/6000 classification_loss = 0.00000 train_time = 0.98
INFO:  ----------
INFO:  Late_delivery_risk Accuracy: 70.19% val_time = 1762327356.78
INFO:  Days for shipping (real) Accuracy: 34.03% val_time = 1762327356.78
INFO:  on_time Accuracy: 81.61% val_time = 1762327356.78
INFO:  --------------------------------------------------
INFO:  TRAIN:epoch = 33/6000 classification_loss = 0.00000 train_time = 0.98
INFO:  ----------
INFO:  Late_delivery_risk Accuracy: 70.19% val_time = 1762327357.91
INFO:  Days for shipping (real) Accuracy: 34.03% val_time = 1762327357.91
INFO:  on_time Accuracy: 81.61% val_time = 1762327357.91
INFO:  --------------------------------------------------
INFO:  TRAIN:epoch = 34/6000 classification_loss = 0.00000 train_time = 1.05
INFO:  ----------
INFO:  Late_delivery_risk Accuracy: 70.19% val_time = 1762327359.09
INFO:  Days for shipping (real) Accuracy: 34.09% val_time = 1762327359.09
INFO:  on_time Accuracy: 81.61% val_time = 1762327359.09
INFO:  --------------------------------------------------
INFO:  TRAIN:epoch = 35/6000 classification_loss = 0.00000 train_time = 0.82
INFO:  ----------
INFO:  Late_delivery_risk Accuracy: 70.19% val_time = 1762327360.04
INFO:  Days for shipping (real) Accuracy: 34.03% val_time = 1762327360.04
INFO:  on_time Accuracy: 81.61% val_time = 1762327360.04
INFO:  --------------------------------------------------
INFO:  TRAIN:epoch = 36/6000 classification_loss = 0.00000 train_time = 0.82
INFO:  ----------
INFO:  Late_delivery_risk Accuracy: 70.19% val_time = 1762327361.00
INFO:  Days for shipping (real) Accuracy: 34.03% val_time = 1762327361.00
INFO:  on_time Accuracy: 81.55% val_time = 1762327361.00
INFO:  --------------------------------------------------
INFO:  TRAIN:epoch = 37/6000 classification_loss = 0.00000 train_time = 0.94
INFO:  ----------
INFO:  Late_delivery_risk Accuracy: 70.23% val_time = 1762327362.07
INFO:  Days for shipping (real) Accuracy: 34.03% val_time = 1762327362.07
INFO:  on_time Accuracy: 81.61% val_time = 1762327362.07
INFO:  --------------------------------------------------
INFO:  TRAIN:epoch = 38/6000 classification_loss = 0.00000 train_time = 0.82
INFO:  ----------
INFO:  Late_delivery_risk Accuracy: 70.45% val_time = 1762327363.01
INFO:  Days for shipping (real) Accuracy: 34.09% val_time = 1762327363.01
INFO:  on_time Accuracy: 81.55% val_time = 1762327363.01
INFO:  ----------
INFO:  best_overall_accuracy: 62.03% 
INFO:  --------------------------------------------------
INFO:  TRAIN:epoch = 39/6000 classification_loss = 0.00000 train_time = 0.94
INFO:  ----------
INFO:  Late_delivery_risk Accuracy: 70.19% val_time = 1762327364.09
INFO:  Days for shipping (real) Accuracy: 34.09% val_time = 1762327364.09
INFO:  on_time Accuracy: 81.61% val_time = 1762327364.09
INFO:  --------------------------------------------------
INFO:  TRAIN:epoch = 40/6000 classification_loss = 0.00000 train_time = 0.82
INFO:  ----------
INFO:  Late_delivery_risk Accuracy: 70.18% val_time = 1762327365.04
INFO:  Days for shipping (real) Accuracy: 34.09% val_time = 1762327365.04
INFO:  on_time Accuracy: 81.61% val_time = 1762327365.04
INFO:  --------------------------------------------------
INFO:  TRAIN:epoch = 41/6000 classification_loss = 0.00000 train_time = 0.83
INFO:  ----------
INFO:  Late_delivery_risk Accuracy: 70.19% val_time = 1762327365.99
INFO:  Days for shipping (real) Accuracy: 34.09% val_time = 1762327365.99
INFO:  on_time Accuracy: 81.61% val_time = 1762327365.99
INFO:  --------------------------------------------------
INFO:  TRAIN:epoch = 42/6000 classification_loss = 0.00000 train_time = 0.94
INFO:  ----------
INFO:  Late_delivery_risk Accuracy: 70.19% val_time = 1762327367.06
INFO:  Days for shipping (real) Accuracy: 34.09% val_time = 1762327367.06
INFO:  on_time Accuracy: 81.61% val_time = 1762327367.06
INFO:  --------------------------------------------------
INFO:  TRAIN:epoch = 43/6000 classification_loss = 0.00000 train_time = 0.83
INFO:  ----------
INFO:  Late_delivery_risk Accuracy: 70.19% val_time = 1762327368.01
INFO:  Days for shipping (real) Accuracy: 34.09% val_time = 1762327368.01
INFO:  on_time Accuracy: 81.61% val_time = 1762327368.01
INFO:  --------------------------------------------------
INFO:  TRAIN:epoch = 44/6000 classification_loss = 0.00000 train_time = 0.94
INFO:  ----------
INFO:  Late_delivery_risk Accuracy: 70.19% val_time = 1762327369.08
INFO:  Days for shipping (real) Accuracy: 34.09% val_time = 1762327369.08
INFO:  on_time Accuracy: 81.61% val_time = 1762327369.08
INFO:  --------------------------------------------------
INFO:  TRAIN:epoch = 45/6000 classification_loss = 0.00000 train_time = 0.82
INFO:  ----------
INFO:  Late_delivery_risk Accuracy: 70.19% val_time = 1762327370.03
INFO:  Days for shipping (real) Accuracy: 34.09% val_time = 1762327370.03
INFO:  on_time Accuracy: 81.61% val_time = 1762327370.03
INFO:  --------------------------------------------------
INFO:  TRAIN:epoch = 46/6000 classification_loss = 0.00000 train_time = 0.83
INFO:  ----------
INFO:  Late_delivery_risk Accuracy: 70.19% val_time = 1762327370.99
INFO:  Days for shipping (real) Accuracy: 34.09% val_time = 1762327370.99
INFO:  on_time Accuracy: 81.61% val_time = 1762327370.99
INFO:  --------------------------------------------------
INFO:  TRAIN:epoch = 47/6000 classification_loss = 0.00000 train_time = 0.94
INFO:  ----------
INFO:  Late_delivery_risk Accuracy: 70.18% val_time = 1762327372.05
INFO:  Days for shipping (real) Accuracy: 34.09% val_time = 1762327372.05
INFO:  on_time Accuracy: 81.61% val_time = 1762327372.05
INFO:  --------------------------------------------------
INFO:  TRAIN:epoch = 48/6000 classification_loss = 0.00000 train_time = 0.83
INFO:  ----------
INFO:  Late_delivery_risk Accuracy: 70.13% val_time = 1762327373.01
INFO:  Days for shipping (real) Accuracy: 34.09% val_time = 1762327373.01
INFO:  on_time Accuracy: 81.61% val_time = 1762327373.01
INFO:  --------------------------------------------------
INFO:  TRAIN:epoch = 49/6000 classification_loss = 0.00000 train_time = 0.95
INFO:  ----------
INFO:  Late_delivery_risk Accuracy: 70.19% val_time = 1762327374.08
INFO:  Days for shipping (real) Accuracy: 34.09% val_time = 1762327374.08
INFO:  on_time Accuracy: 81.61% val_time = 1762327374.08
INFO:  --------------------------------------------------
INFO:  TRAIN:epoch = 50/6000 classification_loss = 0.00000 train_time = 0.82
INFO:  ----------
INFO:  Late_delivery_risk Accuracy: 70.19% val_time = 1762327375.03
INFO:  Days for shipping (real) Accuracy: 34.09% val_time = 1762327375.03
INFO:  on_time Accuracy: 81.61% val_time = 1762327375.03
INFO:  --------------------------------------------------
INFO:  TRAIN:epoch = 51/6000 classification_loss = 0.00000 train_time = 0.83
INFO:  ----------
INFO:  Late_delivery_risk Accuracy: 57.13% val_time = 1762327375.99
INFO:  Days for shipping (real) Accuracy: 34.09% val_time = 1762327375.99
INFO:  on_time Accuracy: 81.55% val_time = 1762327375.99
INFO:  --------------------------------------------------
INFO:  TRAIN:epoch = 52/6000 classification_loss = 0.00000 train_time = 0.94
INFO:  ----------
INFO:  Late_delivery_risk Accuracy: 70.16% val_time = 1762327377.06
INFO:  Days for shipping (real) Accuracy: 34.09% val_time = 1762327377.06
INFO:  on_time Accuracy: 81.55% val_time = 1762327377.06
INFO:  --------------------------------------------------
INFO:  TRAIN:epoch = 53/6000 classification_loss = 0.00000 train_time = 0.82
INFO:  ----------
INFO:  Late_delivery_risk Accuracy: 70.19% val_time = 1762327378.01
INFO:  Days for shipping (real) Accuracy: 34.09% val_time = 1762327378.01
INFO:  on_time Accuracy: 81.61% val_time = 1762327378.01
INFO:  --------------------------------------------------
INFO:  TRAIN:epoch = 54/6000 classification_loss = 0.00000 train_time = 0.82
INFO:  ----------
INFO:  Late_delivery_risk Accuracy: 70.19% val_time = 1762327378.96
INFO:  Days for shipping (real) Accuracy: 33.99% val_time = 1762327378.96
INFO:  on_time Accuracy: 81.55% val_time = 1762327378.96
INFO:  --------------------------------------------------
INFO:  TRAIN:epoch = 55/6000 classification_loss = 0.00000 train_time = 0.94
INFO:  ----------
INFO:  Late_delivery_risk Accuracy: 70.19% val_time = 1762327380.03
INFO:  Days for shipping (real) Accuracy: 34.09% val_time = 1762327380.03
INFO:  on_time Accuracy: 81.61% val_time = 1762327380.03
INFO:  --------------------------------------------------
INFO:  TRAIN:epoch = 56/6000 classification_loss = 0.00000 train_time = 0.82
INFO:  ----------
INFO:  Late_delivery_risk Accuracy: 70.19% val_time = 1762327380.98
INFO:  Days for shipping (real) Accuracy: 34.09% val_time = 1762327380.98
INFO:  on_time Accuracy: 81.61% val_time = 1762327380.98
INFO:  --------------------------------------------------
INFO:  TRAIN:epoch = 57/6000 classification_loss = 0.00000 train_time = 0.94
INFO:  ----------
INFO:  Late_delivery_risk Accuracy: 70.19% val_time = 1762327382.05
INFO:  Days for shipping (real) Accuracy: 34.09% val_time = 1762327382.05
INFO:  on_time Accuracy: 81.61% val_time = 1762327382.05
INFO:  --------------------------------------------------
INFO:  TRAIN:epoch = 58/6000 classification_loss = 0.00000 train_time = 0.83
INFO:  ----------
INFO:  Late_delivery_risk Accuracy: 70.19% val_time = 1762327383.01
INFO:  Days for shipping (real) Accuracy: 34.09% val_time = 1762327383.01
INFO:  on_time Accuracy: 81.61% val_time = 1762327383.01
INFO:  --------------------------------------------------
INFO:  TRAIN:epoch = 59/6000 classification_loss = 0.00000 train_time = 0.82
INFO:  ----------
INFO:  Late_delivery_risk Accuracy: 70.17% val_time = 1762327383.95
INFO:  Days for shipping (real) Accuracy: 34.03% val_time = 1762327383.95
INFO:  on_time Accuracy: 81.61% val_time = 1762327383.95
INFO:  --------------------------------------------------
INFO:  TRAIN:epoch = 60/6000 classification_loss = 0.00000 train_time = 0.95
INFO:  ----------
INFO:  Late_delivery_risk Accuracy: 70.13% val_time = 1762327385.03
INFO:  Days for shipping (real) Accuracy: 34.09% val_time = 1762327385.03
INFO:  on_time Accuracy: 81.61% val_time = 1762327385.03
INFO:  --------------------------------------------------
INFO:  TRAIN:epoch = 61/6000 classification_loss = 0.00000 train_time = 0.82
INFO:  ----------
INFO:  Late_delivery_risk Accuracy: 70.19% val_time = 1762327385.98
INFO:  Days for shipping (real) Accuracy: 34.03% val_time = 1762327385.98
INFO:  on_time Accuracy: 81.61% val_time = 1762327385.98
INFO:  --------------------------------------------------
INFO:  TRAIN:epoch = 62/6000 classification_loss = 0.00000 train_time = 0.94
INFO:  ----------
INFO:  Late_delivery_risk Accuracy: 70.19% val_time = 1762327387.05
INFO:  Days for shipping (real) Accuracy: 34.09% val_time = 1762327387.05
INFO:  on_time Accuracy: 81.61% val_time = 1762327387.05
INFO:  --------------------------------------------------
INFO:  TRAIN:epoch = 63/6000 classification_loss = 0.00000 train_time = 0.83
INFO:  ----------
INFO:  Late_delivery_risk Accuracy: 70.19% val_time = 1762327388.01
INFO:  Days for shipping (real) Accuracy: 34.09% val_time = 1762327388.01
INFO:  on_time Accuracy: 81.61% val_time = 1762327388.01
INFO:  --------------------------------------------------
INFO:  TRAIN:epoch = 64/6000 classification_loss = 0.00000 train_time = 0.83
INFO:  ----------
INFO:  Late_delivery_risk Accuracy: 70.19% val_time = 1762327388.96
INFO:  Days for shipping (real) Accuracy: 34.03% val_time = 1762327388.96
INFO:  on_time Accuracy: 81.61% val_time = 1762327388.96
INFO:  --------------------------------------------------
INFO:  TRAIN:epoch = 65/6000 classification_loss = 0.00000 train_time = 0.94
INFO:  ----------
INFO:  Late_delivery_risk Accuracy: 70.19% val_time = 1762327390.04
INFO:  Days for shipping (real) Accuracy: 34.09% val_time = 1762327390.04
INFO:  on_time Accuracy: 81.61% val_time = 1762327390.04
INFO:  --------------------------------------------------
INFO:  TRAIN:epoch = 66/6000 classification_loss = 0.00000 train_time = 0.83
INFO:  ----------
INFO:  Late_delivery_risk Accuracy: 70.19% val_time = 1762327390.99
INFO:  Days for shipping (real) Accuracy: 34.09% val_time = 1762327390.99
INFO:  on_time Accuracy: 81.55% val_time = 1762327390.99
INFO:  --------------------------------------------------
INFO:  TRAIN:epoch = 67/6000 classification_loss = 0.00000 train_time = 0.94
INFO:  ----------
INFO:  Late_delivery_risk Accuracy: 70.19% val_time = 1762327392.06
INFO:  Days for shipping (real) Accuracy: 34.03% val_time = 1762327392.06
INFO:  on_time Accuracy: 81.61% val_time = 1762327392.06
INFO:  --------------------------------------------------
INFO:  TRAIN:epoch = 68/6000 classification_loss = 0.00000 train_time = 0.83
INFO:  ----------
INFO:  Late_delivery_risk Accuracy: 70.19% val_time = 1762327393.02
INFO:  Days for shipping (real) Accuracy: 34.09% val_time = 1762327393.02
INFO:  on_time Accuracy: 81.61% val_time = 1762327393.02
INFO:  --------------------------------------------------
INFO:  TRAIN:epoch = 69/6000 classification_loss = 0.00000 train_time = 0.82
INFO:  ----------
INFO:  Late_delivery_risk Accuracy: 70.21% val_time = 1762327393.97
INFO:  Days for shipping (real) Accuracy: 34.09% val_time = 1762327393.97
INFO:  on_time Accuracy: 81.61% val_time = 1762327393.97
INFO:  --------------------------------------------------
INFO:  TRAIN:epoch = 70/6000 classification_loss = 0.00000 train_time = 1.14
INFO:  ----------
INFO:  Late_delivery_risk Accuracy: 70.19% val_time = 1762327395.24
INFO:  Days for shipping (real) Accuracy: 34.09% val_time = 1762327395.24
INFO:  on_time Accuracy: 81.61% val_time = 1762327395.24
INFO:  --------------------------------------------------
INFO:  TRAIN:epoch = 71/6000 classification_loss = 0.00000 train_time = 0.90
INFO:  ----------
INFO:  Late_delivery_risk Accuracy: 70.19% val_time = 1762327396.27
INFO:  Days for shipping (real) Accuracy: 34.09% val_time = 1762327396.27
INFO:  on_time Accuracy: 81.55% val_time = 1762327396.27
INFO:  --------------------------------------------------
INFO:  TRAIN:epoch = 72/6000 classification_loss = 0.00000 train_time = 0.92
INFO:  ----------
INFO:  Late_delivery_risk Accuracy: 70.19% val_time = 1762327397.32
INFO:  Days for shipping (real) Accuracy: 34.03% val_time = 1762327397.32
INFO:  on_time Accuracy: 81.61% val_time = 1762327397.32
INFO:  --------------------------------------------------
INFO:  TRAIN:epoch = 73/6000 classification_loss = 0.00000 train_time = 1.04
INFO:  ----------
INFO:  Late_delivery_risk Accuracy: 70.19% val_time = 1762327398.49
INFO:  Days for shipping (real) Accuracy: 34.09% val_time = 1762327398.49
INFO:  on_time Accuracy: 81.61% val_time = 1762327398.49
INFO:  --------------------------------------------------
INFO:  TRAIN:epoch = 74/6000 classification_loss = 0.00000 train_time = 0.94
INFO:  ----------
INFO:  Late_delivery_risk Accuracy: 70.19% val_time = 1762327399.56
INFO:  Days for shipping (real) Accuracy: 34.09% val_time = 1762327399.56
INFO:  on_time Accuracy: 81.61% val_time = 1762327399.56
INFO:  --------------------------------------------------
INFO:  TRAIN:epoch = 75/6000 classification_loss = 0.00000 train_time = 1.06
INFO:  ----------
INFO:  Late_delivery_risk Accuracy: 70.19% val_time = 1762327400.76
INFO:  Days for shipping (real) Accuracy: 34.09% val_time = 1762327400.76
INFO:  on_time Accuracy: 81.61% val_time = 1762327400.76
INFO:  --------------------------------------------------
INFO:  TRAIN:epoch = 76/6000 classification_loss = 0.00000 train_time = 0.91
INFO:  ----------
INFO:  Late_delivery_risk Accuracy: 70.13% val_time = 1762327401.80
INFO:  Days for shipping (real) Accuracy: 34.09% val_time = 1762327401.80
INFO:  on_time Accuracy: 81.61% val_time = 1762327401.80
INFO:  --------------------------------------------------
INFO:  TRAIN:epoch = 77/6000 classification_loss = 0.00000 train_time = 0.91
INFO:  ----------
INFO:  Late_delivery_risk Accuracy: 70.19% val_time = 1762327402.84
INFO:  Days for shipping (real) Accuracy: 34.03% val_time = 1762327402.84
INFO:  on_time Accuracy: 81.61% val_time = 1762327402.84
INFO:  --------------------------------------------------
INFO:  TRAIN:epoch = 78/6000 classification_loss = 0.00000 train_time = 1.07
INFO:  ----------
INFO:  Late_delivery_risk Accuracy: 70.19% val_time = 1762327404.04
INFO:  Days for shipping (real) Accuracy: 34.09% val_time = 1762327404.04
INFO:  on_time Accuracy: 81.61% val_time = 1762327404.04
INFO:  --------------------------------------------------
INFO:  TRAIN:epoch = 79/6000 classification_loss = 0.00000 train_time = 0.93
INFO:  ----------
INFO:  Late_delivery_risk Accuracy: 70.19% val_time = 1762327405.11
INFO:  Days for shipping (real) Accuracy: 34.09% val_time = 1762327405.11
INFO:  on_time Accuracy: 81.61% val_time = 1762327405.11
INFO:  --------------------------------------------------
INFO:  TRAIN:epoch = 80/6000 classification_loss = 0.00000 train_time = 1.07
INFO:  ----------
INFO:  Late_delivery_risk Accuracy: 70.19% val_time = 1762327406.31
INFO:  Days for shipping (real) Accuracy: 34.04% val_time = 1762327406.31
INFO:  on_time Accuracy: 81.61% val_time = 1762327406.31
INFO:  --------------------------------------------------
INFO:  TRAIN:epoch = 81/6000 classification_loss = 0.00000 train_time = 0.89
INFO:  ----------
INFO:  Late_delivery_risk Accuracy: 70.13% val_time = 1762327407.33
INFO:  Days for shipping (real) Accuracy: 34.03% val_time = 1762327407.33
INFO:  on_time Accuracy: 81.61% val_time = 1762327407.33
INFO:  --------------------------------------------------
INFO:  TRAIN:epoch = 82/6000 classification_loss = 0.00000 train_time = 0.89
INFO:  ----------
INFO:  Late_delivery_risk Accuracy: 70.13% val_time = 1762327408.35
INFO:  Days for shipping (real) Accuracy: 34.03% val_time = 1762327408.35
INFO:  on_time Accuracy: 81.61% val_time = 1762327408.35
INFO:  --------------------------------------------------
INFO:  TRAIN:epoch = 83/6000 classification_loss = 0.00000 train_time = 1.04
INFO:  ----------
INFO:  Late_delivery_risk Accuracy: 70.19% val_time = 1762327409.52
INFO:  Days for shipping (real) Accuracy: 34.09% val_time = 1762327409.52
INFO:  on_time Accuracy: 81.61% val_time = 1762327409.52
INFO:  --------------------------------------------------
INFO:  TRAIN:epoch = 84/6000 classification_loss = 0.00000 train_time = 0.88
INFO:  ----------
INFO:  Late_delivery_risk Accuracy: 70.18% val_time = 1762327410.53
INFO:  Days for shipping (real) Accuracy: 34.09% val_time = 1762327410.53
INFO:  on_time Accuracy: 81.55% val_time = 1762327410.53
INFO:  --------------------------------------------------
INFO:  TRAIN:epoch = 85/6000 classification_loss = 0.00000 train_time = 1.01
INFO:  ----------
INFO:  Late_delivery_risk Accuracy: 70.13% val_time = 1762327411.67
INFO:  Days for shipping (real) Accuracy: 34.03% val_time = 1762327411.67
INFO:  on_time Accuracy: 81.61% val_time = 1762327411.67
INFO:  --------------------------------------------------
INFO:  TRAIN:epoch = 86/6000 classification_loss = 0.00000 train_time = 0.86
INFO:  ----------
INFO:  Late_delivery_risk Accuracy: 70.13% val_time = 1762327412.66
INFO:  Days for shipping (real) Accuracy: 34.09% val_time = 1762327412.66
INFO:  on_time Accuracy: 81.61% val_time = 1762327412.66
INFO:  --------------------------------------------------
INFO:  TRAIN:epoch = 87/6000 classification_loss = 0.00000 train_time = 0.86
INFO:  ----------
INFO:  Late_delivery_risk Accuracy: 70.13% val_time = 1762327413.65
INFO:  Days for shipping (real) Accuracy: 34.09% val_time = 1762327413.65
INFO:  on_time Accuracy: 81.61% val_time = 1762327413.65
INFO:  --------------------------------------------------
INFO:  TRAIN:epoch = 88/6000 classification_loss = 0.00000 train_time = 0.99
INFO:  ----------
INFO:  Late_delivery_risk Accuracy: 70.19% val_time = 1762327414.76
INFO:  Days for shipping (real) Accuracy: 34.09% val_time = 1762327414.76
INFO:  on_time Accuracy: 81.61% val_time = 1762327414.76
INFO:  --------------------------------------------------
INFO:  TRAIN:epoch = 89/6000 classification_loss = 0.00000 train_time = 0.85
INFO:  ----------
INFO:  Late_delivery_risk Accuracy: 70.13% val_time = 1762327415.75
INFO:  Days for shipping (real) Accuracy: 34.09% val_time = 1762327415.75
INFO:  on_time Accuracy: 81.56% val_time = 1762327415.75
INFO:  simulator training stage cost time: 98.22844409942627
INFO:  best_acc1 0.7045454545454546
INFO:  best_acc2 0.3409090909090909
INFO:  best_acc3 0.815522243713733
INFO:  best_overall_accuracy 0.6203255963894262
