INFO:  --------------------------------Een Init----------------------------------
INFO:  Code will run in cuda:0
INFO:  --------------------------------Dataset Init------------------------------
INFO:  --------------------------------Model Init--------------------------------
INFO:  --------------------------------Session Init------------------------------
INFO:  ------------------------------------ Main --------------------------------
INFO:  --------------------------------------------------
INFO:  TRAIN:epoch = 0/6000 classification_loss = 0.00000 train_time = 0.89
INFO:  ----------
INFO:  Late_delivery_risk Accuracy: 57.13% val_time = 1762577823.24
INFO:  Days for shipping (real) Accuracy: 15.90% val_time = 1762577823.24
INFO:  on_time Accuracy: 81.55% val_time = 1762577823.24
INFO:  ----------
INFO:  best_overall_accuracy: 51.53% 
INFO:  --------------------------------------------------
INFO:  TRAIN:epoch = 1/6000 classification_loss = 0.00000 train_time = 0.70
INFO:  ----------
INFO:  Late_delivery_risk Accuracy: 42.87% val_time = 1762577824.02
INFO:  Days for shipping (real) Accuracy: 15.90% val_time = 1762577824.02
INFO:  on_time Accuracy: 81.55% val_time = 1762577824.02
INFO:  --------------------------------------------------
INFO:  TRAIN:epoch = 2/6000 classification_loss = 0.00000 train_time = 0.59
INFO:  ----------
INFO:  Late_delivery_risk Accuracy: 57.13% val_time = 1762577824.69
INFO:  Days for shipping (real) Accuracy: 15.90% val_time = 1762577824.69
INFO:  on_time Accuracy: 81.55% val_time = 1762577824.69
INFO:  --------------------------------------------------
INFO:  TRAIN:epoch = 3/6000 classification_loss = 0.00000 train_time = 0.70
INFO:  ----------
INFO:  Late_delivery_risk Accuracy: 57.13% val_time = 1762577825.47
INFO:  Days for shipping (real) Accuracy: 15.32% val_time = 1762577825.47
INFO:  on_time Accuracy: 81.55% val_time = 1762577825.47
INFO:  --------------------------------------------------
INFO:  TRAIN:epoch = 4/6000 classification_loss = 0.00000 train_time = 0.59
INFO:  ----------
INFO:  Late_delivery_risk Accuracy: 57.13% val_time = 1762577826.13
INFO:  Days for shipping (real) Accuracy: 16.07% val_time = 1762577826.13
INFO:  on_time Accuracy: 81.55% val_time = 1762577826.13
INFO:  ----------
INFO:  best_overall_accuracy: 51.58% 
INFO:  --------------------------------------------------
INFO:  TRAIN:epoch = 5/6000 classification_loss = 0.00000 train_time = 0.59
INFO:  ----------
INFO:  Late_delivery_risk Accuracy: 57.13% val_time = 1762577826.80
INFO:  Days for shipping (real) Accuracy: 15.90% val_time = 1762577826.80
INFO:  on_time Accuracy: 81.55% val_time = 1762577826.80
INFO:  --------------------------------------------------
INFO:  TRAIN:epoch = 6/6000 classification_loss = 0.00000 train_time = 0.70
INFO:  ----------
INFO:  Late_delivery_risk Accuracy: 42.87% val_time = 1762577827.57
INFO:  Days for shipping (real) Accuracy: 16.13% val_time = 1762577827.57
INFO:  on_time Accuracy: 81.55% val_time = 1762577827.57
INFO:  --------------------------------------------------
INFO:  TRAIN:epoch = 7/6000 classification_loss = 0.00000 train_time = 0.61
INFO:  ----------
INFO:  Late_delivery_risk Accuracy: 70.13% val_time = 1762577828.25
INFO:  Days for shipping (real) Accuracy: 34.03% val_time = 1762577828.25
INFO:  on_time Accuracy: 81.61% val_time = 1762577828.25
INFO:  ----------
INFO:  best_overall_accuracy: 61.93% 
INFO:  --------------------------------------------------
INFO:  TRAIN:epoch = 8/6000 classification_loss = 0.00000 train_time = 0.71
INFO:  ----------
INFO:  Late_delivery_risk Accuracy: 70.16% val_time = 1762577829.04
INFO:  Days for shipping (real) Accuracy: 34.12% val_time = 1762577829.04
INFO:  on_time Accuracy: 81.55% val_time = 1762577829.04
INFO:  ----------
INFO:  best_overall_accuracy: 61.94% 
INFO:  --------------------------------------------------
INFO:  TRAIN:epoch = 9/6000 classification_loss = 0.00000 train_time = 0.59
INFO:  ----------
INFO:  Late_delivery_risk Accuracy: 70.13% val_time = 1762577829.70
INFO:  Days for shipping (real) Accuracy: 34.08% val_time = 1762577829.70
INFO:  on_time Accuracy: 81.53% val_time = 1762577829.70
INFO:  --------------------------------------------------
INFO:  TRAIN:epoch = 10/6000 classification_loss = 0.00000 train_time = 0.59
INFO:  ----------
INFO:  Late_delivery_risk Accuracy: 70.16% val_time = 1762577830.36
INFO:  Days for shipping (real) Accuracy: 34.02% val_time = 1762577830.36
INFO:  on_time Accuracy: 81.61% val_time = 1762577830.36
INFO:  --------------------------------------------------
INFO:  TRAIN:epoch = 11/6000 classification_loss = 0.00000 train_time = 0.71
INFO:  ----------
INFO:  Late_delivery_risk Accuracy: 70.13% val_time = 1762577831.14
INFO:  Days for shipping (real) Accuracy: 34.07% val_time = 1762577831.14
INFO:  on_time Accuracy: 81.61% val_time = 1762577831.14
INFO:  --------------------------------------------------
INFO:  TRAIN:epoch = 12/6000 classification_loss = 0.00000 train_time = 0.59
INFO:  ----------
INFO:  Late_delivery_risk Accuracy: 70.13% val_time = 1762577831.81
INFO:  Days for shipping (real) Accuracy: 34.12% val_time = 1762577831.81
INFO:  on_time Accuracy: 81.61% val_time = 1762577831.81
INFO:  ----------
INFO:  best_overall_accuracy: 61.95% 
INFO:  --------------------------------------------------
INFO:  TRAIN:epoch = 13/6000 classification_loss = 0.00000 train_time = 0.71
INFO:  ----------
INFO:  Late_delivery_risk Accuracy: 70.13% val_time = 1762577832.59
INFO:  Days for shipping (real) Accuracy: 34.12% val_time = 1762577832.59
INFO:  on_time Accuracy: 81.61% val_time = 1762577832.59
INFO:  ----------
INFO:  best_overall_accuracy: 61.95% 
INFO:  --------------------------------------------------
INFO:  TRAIN:epoch = 14/6000 classification_loss = 0.00000 train_time = 0.59
INFO:  ----------
INFO:  Late_delivery_risk Accuracy: 70.19% val_time = 1762577833.26
INFO:  Days for shipping (real) Accuracy: 34.09% val_time = 1762577833.26
INFO:  on_time Accuracy: 81.46% val_time = 1762577833.26
INFO:  --------------------------------------------------
INFO:  TRAIN:epoch = 15/6000 classification_loss = 0.00000 train_time = 0.59
INFO:  ----------
INFO:  Late_delivery_risk Accuracy: 70.13% val_time = 1762577833.93
INFO:  Days for shipping (real) Accuracy: 34.10% val_time = 1762577833.93
INFO:  on_time Accuracy: 81.61% val_time = 1762577833.93
INFO:  --------------------------------------------------
INFO:  TRAIN:epoch = 16/6000 classification_loss = 0.00000 train_time = 0.71
INFO:  ----------
INFO:  Late_delivery_risk Accuracy: 70.19% val_time = 1762577834.71
INFO:  Days for shipping (real) Accuracy: 34.10% val_time = 1762577834.71
INFO:  on_time Accuracy: 81.61% val_time = 1762577834.71
INFO:  ----------
INFO:  best_overall_accuracy: 61.97% 
INFO:  --------------------------------------------------
INFO:  TRAIN:epoch = 17/6000 classification_loss = 0.00000 train_time = 0.60
INFO:  ----------
INFO:  Late_delivery_risk Accuracy: 70.16% val_time = 1762577835.39
INFO:  Days for shipping (real) Accuracy: 34.04% val_time = 1762577835.39
INFO:  on_time Accuracy: 81.61% val_time = 1762577835.39
INFO:  --------------------------------------------------
INFO:  TRAIN:epoch = 18/6000 classification_loss = 0.00000 train_time = 0.71
INFO:  ----------
INFO:  Late_delivery_risk Accuracy: 70.19% val_time = 1762577836.17
INFO:  Days for shipping (real) Accuracy: 34.10% val_time = 1762577836.17
INFO:  on_time Accuracy: 81.61% val_time = 1762577836.17
INFO:  --------------------------------------------------
INFO:  TRAIN:epoch = 19/6000 classification_loss = 0.00000 train_time = 0.59
INFO:  ----------
INFO:  Late_delivery_risk Accuracy: 70.13% val_time = 1762577836.85
INFO:  Days for shipping (real) Accuracy: 34.04% val_time = 1762577836.85
INFO:  on_time Accuracy: 81.61% val_time = 1762577836.85
INFO:  --------------------------------------------------
INFO:  TRAIN:epoch = 20/6000 classification_loss = 0.00000 train_time = 0.76
INFO:  ----------
INFO:  Late_delivery_risk Accuracy: 70.19% val_time = 1762577837.69
INFO:  Days for shipping (real) Accuracy: 34.10% val_time = 1762577837.69
INFO:  on_time Accuracy: 81.61% val_time = 1762577837.69
INFO:  --------------------------------------------------
INFO:  TRAIN:epoch = 21/6000 classification_loss = 0.00000 train_time = 0.87
INFO:  ----------
INFO:  Late_delivery_risk Accuracy: 70.13% val_time = 1762577838.64
INFO:  Days for shipping (real) Accuracy: 34.03% val_time = 1762577838.64
INFO:  on_time Accuracy: 81.61% val_time = 1762577838.64
INFO:  --------------------------------------------------
INFO:  TRAIN:epoch = 22/6000 classification_loss = 0.00000 train_time = 0.59
INFO:  ----------
INFO:  Late_delivery_risk Accuracy: 70.19% val_time = 1762577839.31
INFO:  Days for shipping (real) Accuracy: 34.10% val_time = 1762577839.31
INFO:  on_time Accuracy: 81.54% val_time = 1762577839.31
INFO:  --------------------------------------------------
INFO:  TRAIN:epoch = 23/6000 classification_loss = 0.00000 train_time = 0.71
INFO:  ----------
INFO:  Late_delivery_risk Accuracy: 70.18% val_time = 1762577840.09
INFO:  Days for shipping (real) Accuracy: 34.29% val_time = 1762577840.09
INFO:  on_time Accuracy: 81.61% val_time = 1762577840.09
INFO:  ----------
INFO:  best_overall_accuracy: 62.03% 
INFO:  --------------------------------------------------
INFO:  TRAIN:epoch = 24/6000 classification_loss = 0.00000 train_time = 0.59
INFO:  ----------
INFO:  Late_delivery_risk Accuracy: 70.19% val_time = 1762577840.75
INFO:  Days for shipping (real) Accuracy: 34.09% val_time = 1762577840.75
INFO:  on_time Accuracy: 81.60% val_time = 1762577840.75
INFO:  --------------------------------------------------
INFO:  TRAIN:epoch = 25/6000 classification_loss = 0.00000 train_time = 0.59
INFO:  ----------
INFO:  Late_delivery_risk Accuracy: 70.21% val_time = 1762577841.42
INFO:  Days for shipping (real) Accuracy: 34.03% val_time = 1762577841.42
INFO:  on_time Accuracy: 81.61% val_time = 1762577841.42
INFO:  --------------------------------------------------
INFO:  TRAIN:epoch = 26/6000 classification_loss = 0.00000 train_time = 0.71
INFO:  ----------
INFO:  Late_delivery_risk Accuracy: 70.19% val_time = 1762577842.20
INFO:  Days for shipping (real) Accuracy: 34.08% val_time = 1762577842.20
INFO:  on_time Accuracy: 81.61% val_time = 1762577842.20
INFO:  --------------------------------------------------
INFO:  TRAIN:epoch = 27/6000 classification_loss = 0.00000 train_time = 0.59
INFO:  ----------
INFO:  Late_delivery_risk Accuracy: 70.14% val_time = 1762577842.87
INFO:  Days for shipping (real) Accuracy: 34.06% val_time = 1762577842.87
INFO:  on_time Accuracy: 81.61% val_time = 1762577842.87
INFO:  --------------------------------------------------
INFO:  TRAIN:epoch = 28/6000 classification_loss = 0.00000 train_time = 0.60
INFO:  ----------
INFO:  Late_delivery_risk Accuracy: 70.19% val_time = 1762577843.54
INFO:  Days for shipping (real) Accuracy: 34.08% val_time = 1762577843.54
INFO:  on_time Accuracy: 81.56% val_time = 1762577843.54
INFO:  --------------------------------------------------
INFO:  TRAIN:epoch = 29/6000 classification_loss = 0.00000 train_time = 0.71
INFO:  ----------
INFO:  Late_delivery_risk Accuracy: 70.20% val_time = 1762577844.32
INFO:  Days for shipping (real) Accuracy: 34.05% val_time = 1762577844.32
INFO:  on_time Accuracy: 81.61% val_time = 1762577844.32
INFO:  --------------------------------------------------
INFO:  TRAIN:epoch = 30/6000 classification_loss = 0.00000 train_time = 0.59
INFO:  ----------
INFO:  Late_delivery_risk Accuracy: 70.19% val_time = 1762577844.99
INFO:  Days for shipping (real) Accuracy: 34.09% val_time = 1762577844.99
INFO:  on_time Accuracy: 81.55% val_time = 1762577844.99
INFO:  --------------------------------------------------
INFO:  TRAIN:epoch = 31/6000 classification_loss = 0.00000 train_time = 0.71
INFO:  ----------
INFO:  Late_delivery_risk Accuracy: 70.26% val_time = 1762577845.77
INFO:  Days for shipping (real) Accuracy: 34.03% val_time = 1762577845.77
INFO:  on_time Accuracy: 81.61% val_time = 1762577845.77
INFO:  --------------------------------------------------
INFO:  TRAIN:epoch = 32/6000 classification_loss = 0.00000 train_time = 0.60
INFO:  ----------
INFO:  Late_delivery_risk Accuracy: 70.19% val_time = 1762577846.44
INFO:  Days for shipping (real) Accuracy: 34.09% val_time = 1762577846.44
INFO:  on_time Accuracy: 81.61% val_time = 1762577846.44
INFO:  --------------------------------------------------
INFO:  TRAIN:epoch = 33/6000 classification_loss = 0.00000 train_time = 0.59
INFO:  ----------
INFO:  Late_delivery_risk Accuracy: 70.19% val_time = 1762577847.10
INFO:  Days for shipping (real) Accuracy: 34.01% val_time = 1762577847.10
INFO:  on_time Accuracy: 81.61% val_time = 1762577847.10
INFO:  --------------------------------------------------
INFO:  TRAIN:epoch = 34/6000 classification_loss = 0.00000 train_time = 0.72
INFO:  ----------
INFO:  Late_delivery_risk Accuracy: 70.19% val_time = 1762577847.90
INFO:  Days for shipping (real) Accuracy: 34.19% val_time = 1762577847.90
INFO:  on_time Accuracy: 81.64% val_time = 1762577847.90
INFO:  --------------------------------------------------
INFO:  TRAIN:epoch = 35/6000 classification_loss = 0.00000 train_time = 0.59
INFO:  ----------
INFO:  Late_delivery_risk Accuracy: 70.15% val_time = 1762577848.56
INFO:  Days for shipping (real) Accuracy: 34.09% val_time = 1762577848.56
INFO:  on_time Accuracy: 81.61% val_time = 1762577848.56
INFO:  --------------------------------------------------
INFO:  TRAIN:epoch = 36/6000 classification_loss = 0.00000 train_time = 0.71
INFO:  ----------
INFO:  Late_delivery_risk Accuracy: 70.19% val_time = 1762577849.34
INFO:  Days for shipping (real) Accuracy: 34.09% val_time = 1762577849.34
INFO:  on_time Accuracy: 81.55% val_time = 1762577849.34
INFO:  --------------------------------------------------
INFO:  TRAIN:epoch = 37/6000 classification_loss = 0.00000 train_time = 0.60
INFO:  ----------
INFO:  Late_delivery_risk Accuracy: 70.19% val_time = 1762577850.01
INFO:  Days for shipping (real) Accuracy: 34.03% val_time = 1762577850.01
INFO:  on_time Accuracy: 81.61% val_time = 1762577850.01
INFO:  --------------------------------------------------
INFO:  TRAIN:epoch = 38/6000 classification_loss = 0.00000 train_time = 0.60
INFO:  ----------
INFO:  Late_delivery_risk Accuracy: 70.19% val_time = 1762577850.69
INFO:  Days for shipping (real) Accuracy: 34.09% val_time = 1762577850.69
INFO:  on_time Accuracy: 81.56% val_time = 1762577850.69
INFO:  --------------------------------------------------
INFO:  TRAIN:epoch = 39/6000 classification_loss = 0.00000 train_time = 0.71
INFO:  ----------
INFO:  Late_delivery_risk Accuracy: 70.19% val_time = 1762577851.47
INFO:  Days for shipping (real) Accuracy: 34.09% val_time = 1762577851.47
INFO:  on_time Accuracy: 81.61% val_time = 1762577851.47
INFO:  --------------------------------------------------
INFO:  TRAIN:epoch = 40/6000 classification_loss = 0.00000 train_time = 0.60
INFO:  ----------
INFO:  Late_delivery_risk Accuracy: 70.19% val_time = 1762577852.14
INFO:  Days for shipping (real) Accuracy: 34.09% val_time = 1762577852.14
INFO:  on_time Accuracy: 81.64% val_time = 1762577852.14
INFO:  --------------------------------------------------
INFO:  TRAIN:epoch = 41/6000 classification_loss = 0.00000 train_time = 0.71
INFO:  ----------
INFO:  Late_delivery_risk Accuracy: 70.19% val_time = 1762577852.92
INFO:  Days for shipping (real) Accuracy: 34.05% val_time = 1762577852.92
INFO:  on_time Accuracy: 81.61% val_time = 1762577852.92
INFO:  --------------------------------------------------
INFO:  TRAIN:epoch = 42/6000 classification_loss = 0.00000 train_time = 0.59
INFO:  ----------
INFO:  Late_delivery_risk Accuracy: 70.19% val_time = 1762577853.59
INFO:  Days for shipping (real) Accuracy: 34.09% val_time = 1762577853.59
INFO:  on_time Accuracy: 81.61% val_time = 1762577853.59
INFO:  --------------------------------------------------
INFO:  TRAIN:epoch = 43/6000 classification_loss = 0.00000 train_time = 0.59
INFO:  ----------
INFO:  Late_delivery_risk Accuracy: 70.19% val_time = 1762577854.25
INFO:  Days for shipping (real) Accuracy: 34.03% val_time = 1762577854.25
INFO:  on_time Accuracy: 81.61% val_time = 1762577854.25
INFO:  --------------------------------------------------
INFO:  TRAIN:epoch = 44/6000 classification_loss = 0.00000 train_time = 0.71
INFO:  ----------
INFO:  Late_delivery_risk Accuracy: 70.19% val_time = 1762577855.04
INFO:  Days for shipping (real) Accuracy: 34.09% val_time = 1762577855.04
INFO:  on_time Accuracy: 81.59% val_time = 1762577855.04
INFO:  --------------------------------------------------
INFO:  TRAIN:epoch = 45/6000 classification_loss = 0.00000 train_time = 0.59
INFO:  ----------
INFO:  Late_delivery_risk Accuracy: 70.13% val_time = 1762577855.70
INFO:  Days for shipping (real) Accuracy: 34.09% val_time = 1762577855.70
INFO:  on_time Accuracy: 81.61% val_time = 1762577855.70
INFO:  --------------------------------------------------
INFO:  TRAIN:epoch = 46/6000 classification_loss = 0.00000 train_time = 0.59
INFO:  ----------
INFO:  Late_delivery_risk Accuracy: 70.19% val_time = 1762577856.37
INFO:  Days for shipping (real) Accuracy: 34.09% val_time = 1762577856.37
INFO:  on_time Accuracy: 81.56% val_time = 1762577856.37
INFO:  --------------------------------------------------
INFO:  TRAIN:epoch = 47/6000 classification_loss = 0.00000 train_time = 0.71
INFO:  ----------
INFO:  Late_delivery_risk Accuracy: 70.19% val_time = 1762577857.15
INFO:  Days for shipping (real) Accuracy: 34.03% val_time = 1762577857.15
INFO:  on_time Accuracy: 81.61% val_time = 1762577857.15
INFO:  --------------------------------------------------
INFO:  TRAIN:epoch = 48/6000 classification_loss = 0.00000 train_time = 0.59
INFO:  ----------
INFO:  Late_delivery_risk Accuracy: 70.19% val_time = 1762577857.81
INFO:  Days for shipping (real) Accuracy: 34.09% val_time = 1762577857.81
INFO:  on_time Accuracy: 81.57% val_time = 1762577857.81
INFO:  --------------------------------------------------
INFO:  TRAIN:epoch = 49/6000 classification_loss = 0.00000 train_time = 0.72
INFO:  ----------
INFO:  Late_delivery_risk Accuracy: 70.13% val_time = 1762577858.60
INFO:  Days for shipping (real) Accuracy: 34.03% val_time = 1762577858.60
INFO:  on_time Accuracy: 81.61% val_time = 1762577858.60
INFO:  --------------------------------------------------
INFO:  TRAIN:epoch = 50/6000 classification_loss = 0.00000 train_time = 0.59
INFO:  ----------
INFO:  Late_delivery_risk Accuracy: 70.19% val_time = 1762577859.26
INFO:  Days for shipping (real) Accuracy: 34.09% val_time = 1762577859.26
INFO:  on_time Accuracy: 81.55% val_time = 1762577859.26
INFO:  --------------------------------------------------
INFO:  TRAIN:epoch = 51/6000 classification_loss = 0.00000 train_time = 0.59
INFO:  ----------
INFO:  Late_delivery_risk Accuracy: 70.19% val_time = 1762577859.93
INFO:  Days for shipping (real) Accuracy: 34.09% val_time = 1762577859.93
INFO:  on_time Accuracy: 81.61% val_time = 1762577859.93
INFO:  --------------------------------------------------
INFO:  TRAIN:epoch = 52/6000 classification_loss = 0.00000 train_time = 0.71
INFO:  ----------
INFO:  Late_delivery_risk Accuracy: 70.19% val_time = 1762577860.71
INFO:  Days for shipping (real) Accuracy: 34.09% val_time = 1762577860.71
INFO:  on_time Accuracy: 81.55% val_time = 1762577860.71
INFO:  --------------------------------------------------
INFO:  TRAIN:epoch = 53/6000 classification_loss = 0.00000 train_time = 0.59
INFO:  ----------
INFO:  Late_delivery_risk Accuracy: 70.13% val_time = 1762577861.37
INFO:  Days for shipping (real) Accuracy: 34.03% val_time = 1762577861.37
INFO:  on_time Accuracy: 81.61% val_time = 1762577861.37
INFO:  --------------------------------------------------
INFO:  TRAIN:epoch = 54/6000 classification_loss = 0.00000 train_time = 0.71
INFO:  ----------
INFO:  Late_delivery_risk Accuracy: 70.19% val_time = 1762577862.15
INFO:  Days for shipping (real) Accuracy: 34.09% val_time = 1762577862.15
INFO:  on_time Accuracy: 81.55% val_time = 1762577862.15
INFO:  --------------------------------------------------
INFO:  TRAIN:epoch = 55/6000 classification_loss = 0.00000 train_time = 0.60
INFO:  ----------
INFO:  Late_delivery_risk Accuracy: 70.19% val_time = 1762577862.82
INFO:  Days for shipping (real) Accuracy: 34.03% val_time = 1762577862.82
INFO:  on_time Accuracy: 81.61% val_time = 1762577862.82
INFO:  --------------------------------------------------
INFO:  TRAIN:epoch = 56/6000 classification_loss = 0.00000 train_time = 0.60
INFO:  ----------
INFO:  Late_delivery_risk Accuracy: 70.19% val_time = 1762577863.49
INFO:  Days for shipping (real) Accuracy: 34.09% val_time = 1762577863.49
INFO:  on_time Accuracy: 81.55% val_time = 1762577863.49
INFO:  --------------------------------------------------
INFO:  TRAIN:epoch = 57/6000 classification_loss = 0.00000 train_time = 0.71
INFO:  ----------
INFO:  Late_delivery_risk Accuracy: 70.12% val_time = 1762577864.27
INFO:  Days for shipping (real) Accuracy: 34.09% val_time = 1762577864.27
INFO:  on_time Accuracy: 81.61% val_time = 1762577864.27
INFO:  --------------------------------------------------
INFO:  TRAIN:epoch = 58/6000 classification_loss = 0.00000 train_time = 0.60
INFO:  ----------
INFO:  Late_delivery_risk Accuracy: 70.19% val_time = 1762577864.95
INFO:  Days for shipping (real) Accuracy: 34.09% val_time = 1762577864.95
INFO:  on_time Accuracy: 81.51% val_time = 1762577864.95
INFO:  --------------------------------------------------
INFO:  TRAIN:epoch = 59/6000 classification_loss = 0.00000 train_time = 0.61
INFO:  ----------
INFO:  Late_delivery_risk Accuracy: 70.13% val_time = 1762577865.63
INFO:  Days for shipping (real) Accuracy: 34.03% val_time = 1762577865.63
INFO:  on_time Accuracy: 81.61% val_time = 1762577865.63
INFO:  --------------------------------------------------
INFO:  TRAIN:epoch = 60/6000 classification_loss = 0.00000 train_time = 0.71
INFO:  ----------
INFO:  Late_delivery_risk Accuracy: 70.19% val_time = 1762577866.41
INFO:  Days for shipping (real) Accuracy: 34.09% val_time = 1762577866.41
INFO:  on_time Accuracy: 81.55% val_time = 1762577866.41
INFO:  --------------------------------------------------
INFO:  TRAIN:epoch = 61/6000 classification_loss = 0.00000 train_time = 0.59
INFO:  ----------
INFO:  Late_delivery_risk Accuracy: 70.19% val_time = 1762577867.07
INFO:  Days for shipping (real) Accuracy: 34.03% val_time = 1762577867.07
INFO:  on_time Accuracy: 81.61% val_time = 1762577867.07
INFO:  --------------------------------------------------
INFO:  TRAIN:epoch = 62/6000 classification_loss = 0.00000 train_time = 0.71
INFO:  ----------
INFO:  Late_delivery_risk Accuracy: 70.19% val_time = 1762577867.85
INFO:  Days for shipping (real) Accuracy: 34.09% val_time = 1762577867.85
INFO:  on_time Accuracy: 81.55% val_time = 1762577867.85
INFO:  --------------------------------------------------
INFO:  TRAIN:epoch = 63/6000 classification_loss = 0.00000 train_time = 0.59
INFO:  ----------
INFO:  Late_delivery_risk Accuracy: 70.19% val_time = 1762577868.52
INFO:  Days for shipping (real) Accuracy: 34.09% val_time = 1762577868.52
INFO:  on_time Accuracy: 81.61% val_time = 1762577868.52
INFO:  --------------------------------------------------
INFO:  TRAIN:epoch = 64/6000 classification_loss = 0.00000 train_time = 0.59
INFO:  ----------
INFO:  Late_delivery_risk Accuracy: 70.19% val_time = 1762577869.18
INFO:  Days for shipping (real) Accuracy: 34.09% val_time = 1762577869.18
INFO:  on_time Accuracy: 81.55% val_time = 1762577869.18
INFO:  --------------------------------------------------
INFO:  TRAIN:epoch = 65/6000 classification_loss = 0.00000 train_time = 0.71
INFO:  ----------
INFO:  Late_delivery_risk Accuracy: 70.19% val_time = 1762577869.96
INFO:  Days for shipping (real) Accuracy: 34.03% val_time = 1762577869.96
INFO:  on_time Accuracy: 81.61% val_time = 1762577869.96
INFO:  --------------------------------------------------
INFO:  TRAIN:epoch = 66/6000 classification_loss = 0.00000 train_time = 0.59
INFO:  ----------
INFO:  Late_delivery_risk Accuracy: 70.19% val_time = 1762577870.63
INFO:  Days for shipping (real) Accuracy: 34.09% val_time = 1762577870.63
INFO:  on_time Accuracy: 81.55% val_time = 1762577870.63
INFO:  --------------------------------------------------
INFO:  TRAIN:epoch = 67/6000 classification_loss = 0.00000 train_time = 0.71
INFO:  ----------
INFO:  Late_delivery_risk Accuracy: 70.19% val_time = 1762577871.41
INFO:  Days for shipping (real) Accuracy: 34.09% val_time = 1762577871.41
INFO:  on_time Accuracy: 81.56% val_time = 1762577871.41
INFO:  --------------------------------------------------
INFO:  TRAIN:epoch = 68/6000 classification_loss = 0.00000 train_time = 0.59
INFO:  ----------
INFO:  Late_delivery_risk Accuracy: 70.19% val_time = 1762577872.07
INFO:  Days for shipping (real) Accuracy: 34.03% val_time = 1762577872.07
INFO:  on_time Accuracy: 81.55% val_time = 1762577872.07
INFO:  --------------------------------------------------
INFO:  TRAIN:epoch = 69/6000 classification_loss = 0.00000 train_time = 0.59
INFO:  ----------
INFO:  Late_delivery_risk Accuracy: 70.19% val_time = 1762577872.73
INFO:  Days for shipping (real) Accuracy: 33.99% val_time = 1762577872.73
INFO:  on_time Accuracy: 81.61% val_time = 1762577872.73
INFO:  --------------------------------------------------
INFO:  TRAIN:epoch = 70/6000 classification_loss = 0.00000 train_time = 0.71
INFO:  ----------
INFO:  Late_delivery_risk Accuracy: 70.19% val_time = 1762577873.52
INFO:  Days for shipping (real) Accuracy: 34.06% val_time = 1762577873.52
INFO:  on_time Accuracy: 81.61% val_time = 1762577873.52
INFO:  --------------------------------------------------
INFO:  TRAIN:epoch = 71/6000 classification_loss = 0.00000 train_time = 0.60
INFO:  ----------
INFO:  Late_delivery_risk Accuracy: 70.24% val_time = 1762577874.19
INFO:  Days for shipping (real) Accuracy: 34.03% val_time = 1762577874.19
INFO:  on_time Accuracy: 81.61% val_time = 1762577874.19
INFO:  --------------------------------------------------
INFO:  TRAIN:epoch = 72/6000 classification_loss = 0.00000 train_time = 0.71
INFO:  ----------
INFO:  Late_delivery_risk Accuracy: 70.19% val_time = 1762577874.98
INFO:  Days for shipping (real) Accuracy: 34.09% val_time = 1762577874.98
INFO:  on_time Accuracy: 81.55% val_time = 1762577874.98
INFO:  --------------------------------------------------
INFO:  TRAIN:epoch = 73/6000 classification_loss = 0.00000 train_time = 0.59
INFO:  ----------
INFO:  Late_delivery_risk Accuracy: 70.24% val_time = 1762577875.64
INFO:  Days for shipping (real) Accuracy: 34.03% val_time = 1762577875.64
INFO:  on_time Accuracy: 81.67% val_time = 1762577875.64
INFO:  --------------------------------------------------
INFO:  TRAIN:epoch = 74/6000 classification_loss = 0.00000 train_time = 0.59
INFO:  ----------
INFO:  Late_delivery_risk Accuracy: 70.19% val_time = 1762577876.31
INFO:  Days for shipping (real) Accuracy: 34.03% val_time = 1762577876.31
INFO:  on_time Accuracy: 81.60% val_time = 1762577876.31
INFO:  simulator training stage cost time: 54.03104376792908
INFO:  best_acc1 0.7017649903288201
INFO:  best_acc2 0.34290377176015474
INFO:  best_acc3 0.8161266924564797
INFO:  best_overall_accuracy 0.6202651515151515
