INFO:  --------------------------------Een Init----------------------------------
INFO:  Code will run in cuda:0
INFO:  --------------------------------Dataset Init------------------------------
INFO:  --------------------------------Model Init--------------------------------
INFO:  --------------------------------Session Init------------------------------
INFO:  ------------------------------------ Main --------------------------------
INFO:  --------------------------------------------------
INFO:  TRAIN:epoch = 0/6000 classification_loss = 0.00000 train_time = 2.40
INFO:  ----------
INFO:  Late_delivery_risk Accuracy: 57.13% val_time = 1762577638.36
INFO:  Days for shipping (real) Accuracy: 15.90% val_time = 1762577638.36
INFO:  on_time Accuracy: 81.55% val_time = 1762577638.36
INFO:  ----------
INFO:  best_overall_accuracy: 51.53% 
INFO:  --------------------------------------------------
INFO:  TRAIN:epoch = 1/6000 classification_loss = 0.00000 train_time = 0.74
INFO:  ----------
INFO:  Late_delivery_risk Accuracy: 42.87% val_time = 1762577639.16
INFO:  Days for shipping (real) Accuracy: 15.90% val_time = 1762577639.16
INFO:  on_time Accuracy: 81.55% val_time = 1762577639.16
INFO:  --------------------------------------------------
INFO:  TRAIN:epoch = 2/6000 classification_loss = 0.00000 train_time = 0.61
INFO:  ----------
INFO:  Late_delivery_risk Accuracy: 57.13% val_time = 1762577639.84
INFO:  Days for shipping (real) Accuracy: 15.90% val_time = 1762577639.84
INFO:  on_time Accuracy: 81.55% val_time = 1762577639.84
INFO:  --------------------------------------------------
INFO:  TRAIN:epoch = 3/6000 classification_loss = 0.00000 train_time = 0.74
INFO:  ----------
INFO:  Late_delivery_risk Accuracy: 57.13% val_time = 1762577640.66
INFO:  Days for shipping (real) Accuracy: 15.32% val_time = 1762577640.66
INFO:  on_time Accuracy: 81.55% val_time = 1762577640.66
INFO:  --------------------------------------------------
INFO:  TRAIN:epoch = 4/6000 classification_loss = 0.00000 train_time = 0.60
INFO:  ----------
INFO:  Late_delivery_risk Accuracy: 57.13% val_time = 1762577641.34
INFO:  Days for shipping (real) Accuracy: 16.07% val_time = 1762577641.34
INFO:  on_time Accuracy: 81.55% val_time = 1762577641.34
INFO:  ----------
INFO:  best_overall_accuracy: 51.58% 
INFO:  --------------------------------------------------
INFO:  TRAIN:epoch = 5/6000 classification_loss = 0.00000 train_time = 0.62
INFO:  ----------
INFO:  Late_delivery_risk Accuracy: 57.13% val_time = 1762577642.03
INFO:  Days for shipping (real) Accuracy: 15.90% val_time = 1762577642.03
INFO:  on_time Accuracy: 81.55% val_time = 1762577642.03
INFO:  --------------------------------------------------
INFO:  TRAIN:epoch = 6/6000 classification_loss = 0.00000 train_time = 0.74
INFO:  ----------
INFO:  Late_delivery_risk Accuracy: 42.87% val_time = 1762577642.84
INFO:  Days for shipping (real) Accuracy: 16.13% val_time = 1762577642.84
INFO:  on_time Accuracy: 81.55% val_time = 1762577642.84
INFO:  --------------------------------------------------
INFO:  TRAIN:epoch = 7/6000 classification_loss = 0.00000 train_time = 0.62
INFO:  ----------
INFO:  Late_delivery_risk Accuracy: 70.13% val_time = 1762577643.53
INFO:  Days for shipping (real) Accuracy: 34.03% val_time = 1762577643.53
INFO:  on_time Accuracy: 81.61% val_time = 1762577643.53
INFO:  ----------
INFO:  best_overall_accuracy: 61.93% 
INFO:  --------------------------------------------------
INFO:  TRAIN:epoch = 8/6000 classification_loss = 0.00000 train_time = 0.75
INFO:  ----------
INFO:  Late_delivery_risk Accuracy: 70.16% val_time = 1762577644.35
INFO:  Days for shipping (real) Accuracy: 34.12% val_time = 1762577644.35
INFO:  on_time Accuracy: 81.55% val_time = 1762577644.35
INFO:  ----------
INFO:  best_overall_accuracy: 61.94% 
INFO:  --------------------------------------------------
INFO:  TRAIN:epoch = 9/6000 classification_loss = 0.00000 train_time = 0.61
INFO:  ----------
INFO:  Late_delivery_risk Accuracy: 70.13% val_time = 1762577645.03
INFO:  Days for shipping (real) Accuracy: 34.08% val_time = 1762577645.03
INFO:  on_time Accuracy: 81.53% val_time = 1762577645.03
INFO:  --------------------------------------------------
INFO:  TRAIN:epoch = 10/6000 classification_loss = 0.00000 train_time = 0.62
INFO:  ----------
INFO:  Late_delivery_risk Accuracy: 70.16% val_time = 1762577645.72
INFO:  Days for shipping (real) Accuracy: 34.02% val_time = 1762577645.72
INFO:  on_time Accuracy: 81.61% val_time = 1762577645.72
INFO:  --------------------------------------------------
INFO:  TRAIN:epoch = 11/6000 classification_loss = 0.00000 train_time = 0.74
INFO:  ----------
INFO:  Late_delivery_risk Accuracy: 70.13% val_time = 1762577646.54
INFO:  Days for shipping (real) Accuracy: 34.07% val_time = 1762577646.54
INFO:  on_time Accuracy: 81.61% val_time = 1762577646.54
INFO:  --------------------------------------------------
INFO:  TRAIN:epoch = 12/6000 classification_loss = 0.00000 train_time = 0.62
INFO:  ----------
INFO:  Late_delivery_risk Accuracy: 70.13% val_time = 1762577647.22
INFO:  Days for shipping (real) Accuracy: 34.12% val_time = 1762577647.22
INFO:  on_time Accuracy: 81.61% val_time = 1762577647.22
INFO:  ----------
INFO:  best_overall_accuracy: 61.95% 
INFO:  --------------------------------------------------
INFO:  TRAIN:epoch = 13/6000 classification_loss = 0.00000 train_time = 0.72
INFO:  ----------
INFO:  Late_delivery_risk Accuracy: 70.13% val_time = 1762577648.02
INFO:  Days for shipping (real) Accuracy: 34.12% val_time = 1762577648.02
INFO:  on_time Accuracy: 81.61% val_time = 1762577648.02
INFO:  ----------
INFO:  best_overall_accuracy: 61.95% 
INFO:  --------------------------------------------------
INFO:  TRAIN:epoch = 14/6000 classification_loss = 0.00000 train_time = 0.60
INFO:  ----------
INFO:  Late_delivery_risk Accuracy: 70.19% val_time = 1762577648.70
INFO:  Days for shipping (real) Accuracy: 34.09% val_time = 1762577648.70
INFO:  on_time Accuracy: 81.46% val_time = 1762577648.70
INFO:  --------------------------------------------------
INFO:  TRAIN:epoch = 15/6000 classification_loss = 0.00000 train_time = 0.63
INFO:  ----------
INFO:  Late_delivery_risk Accuracy: 70.13% val_time = 1762577649.40
INFO:  Days for shipping (real) Accuracy: 34.10% val_time = 1762577649.40
INFO:  on_time Accuracy: 81.61% val_time = 1762577649.40
INFO:  --------------------------------------------------
INFO:  TRAIN:epoch = 16/6000 classification_loss = 0.00000 train_time = 0.77
INFO:  ----------
INFO:  Late_delivery_risk Accuracy: 70.19% val_time = 1762577650.25
INFO:  Days for shipping (real) Accuracy: 34.10% val_time = 1762577650.25
INFO:  on_time Accuracy: 81.61% val_time = 1762577650.25
INFO:  ----------
INFO:  best_overall_accuracy: 61.97% 
INFO:  --------------------------------------------------
INFO:  TRAIN:epoch = 17/6000 classification_loss = 0.00000 train_time = 0.63
INFO:  ----------
INFO:  Late_delivery_risk Accuracy: 70.16% val_time = 1762577650.95
INFO:  Days for shipping (real) Accuracy: 34.04% val_time = 1762577650.95
INFO:  on_time Accuracy: 81.61% val_time = 1762577650.95
INFO:  --------------------------------------------------
INFO:  TRAIN:epoch = 18/6000 classification_loss = 0.00000 train_time = 0.77
INFO:  ----------
INFO:  Late_delivery_risk Accuracy: 70.19% val_time = 1762577651.79
INFO:  Days for shipping (real) Accuracy: 34.10% val_time = 1762577651.79
INFO:  on_time Accuracy: 81.61% val_time = 1762577651.79
INFO:  --------------------------------------------------
INFO:  TRAIN:epoch = 19/6000 classification_loss = 0.00000 train_time = 0.60
INFO:  ----------
INFO:  Late_delivery_risk Accuracy: 70.13% val_time = 1762577652.47
INFO:  Days for shipping (real) Accuracy: 34.04% val_time = 1762577652.47
INFO:  on_time Accuracy: 81.61% val_time = 1762577652.47
INFO:  --------------------------------------------------
INFO:  TRAIN:epoch = 20/6000 classification_loss = 0.00000 train_time = 0.59
INFO:  ----------
INFO:  Late_delivery_risk Accuracy: 70.19% val_time = 1762577653.13
INFO:  Days for shipping (real) Accuracy: 34.10% val_time = 1762577653.13
INFO:  on_time Accuracy: 81.61% val_time = 1762577653.13
INFO:  --------------------------------------------------
INFO:  TRAIN:epoch = 21/6000 classification_loss = 0.00000 train_time = 0.71
INFO:  ----------
INFO:  Late_delivery_risk Accuracy: 70.13% val_time = 1762577653.92
INFO:  Days for shipping (real) Accuracy: 34.03% val_time = 1762577653.92
INFO:  on_time Accuracy: 81.61% val_time = 1762577653.92
INFO:  --------------------------------------------------
INFO:  TRAIN:epoch = 22/6000 classification_loss = 0.00000 train_time = 0.59
INFO:  ----------
INFO:  Late_delivery_risk Accuracy: 70.19% val_time = 1762577654.58
INFO:  Days for shipping (real) Accuracy: 34.10% val_time = 1762577654.58
INFO:  on_time Accuracy: 81.54% val_time = 1762577654.58
INFO:  --------------------------------------------------
INFO:  TRAIN:epoch = 23/6000 classification_loss = 0.00000 train_time = 0.71
INFO:  ----------
INFO:  Late_delivery_risk Accuracy: 70.18% val_time = 1762577655.36
INFO:  Days for shipping (real) Accuracy: 34.29% val_time = 1762577655.36
INFO:  on_time Accuracy: 81.61% val_time = 1762577655.36
INFO:  ----------
INFO:  best_overall_accuracy: 62.03% 
INFO:  --------------------------------------------------
INFO:  TRAIN:epoch = 24/6000 classification_loss = 0.00000 train_time = 0.66
INFO:  ----------
INFO:  Late_delivery_risk Accuracy: 70.19% val_time = 1762577656.10
INFO:  Days for shipping (real) Accuracy: 34.09% val_time = 1762577656.10
INFO:  on_time Accuracy: 81.60% val_time = 1762577656.10
INFO:  --------------------------------------------------
INFO:  TRAIN:epoch = 25/6000 classification_loss = 0.00000 train_time = 0.65
INFO:  ----------
INFO:  Late_delivery_risk Accuracy: 70.21% val_time = 1762577656.82
INFO:  Days for shipping (real) Accuracy: 34.03% val_time = 1762577656.82
INFO:  on_time Accuracy: 81.61% val_time = 1762577656.82
INFO:  --------------------------------------------------
INFO:  TRAIN:epoch = 26/6000 classification_loss = 0.00000 train_time = 0.79
INFO:  ----------
INFO:  Late_delivery_risk Accuracy: 70.19% val_time = 1762577657.69
INFO:  Days for shipping (real) Accuracy: 34.08% val_time = 1762577657.69
INFO:  on_time Accuracy: 81.61% val_time = 1762577657.69
INFO:  --------------------------------------------------
INFO:  TRAIN:epoch = 27/6000 classification_loss = 0.00000 train_time = 0.61
INFO:  ----------
INFO:  Late_delivery_risk Accuracy: 70.14% val_time = 1762577658.37
INFO:  Days for shipping (real) Accuracy: 34.06% val_time = 1762577658.37
INFO:  on_time Accuracy: 81.61% val_time = 1762577658.37
INFO:  --------------------------------------------------
INFO:  TRAIN:epoch = 28/6000 classification_loss = 0.00000 train_time = 0.60
INFO:  ----------
INFO:  Late_delivery_risk Accuracy: 70.19% val_time = 1762577659.04
INFO:  Days for shipping (real) Accuracy: 34.08% val_time = 1762577659.04
INFO:  on_time Accuracy: 81.56% val_time = 1762577659.04
INFO:  --------------------------------------------------
INFO:  TRAIN:epoch = 29/6000 classification_loss = 0.00000 train_time = 0.70
INFO:  ----------
INFO:  Late_delivery_risk Accuracy: 70.20% val_time = 1762577659.81
INFO:  Days for shipping (real) Accuracy: 34.05% val_time = 1762577659.81
INFO:  on_time Accuracy: 81.61% val_time = 1762577659.81
INFO:  --------------------------------------------------
INFO:  TRAIN:epoch = 30/6000 classification_loss = 0.00000 train_time = 0.59
INFO:  ----------
INFO:  Late_delivery_risk Accuracy: 70.19% val_time = 1762577660.48
INFO:  Days for shipping (real) Accuracy: 34.09% val_time = 1762577660.48
INFO:  on_time Accuracy: 81.55% val_time = 1762577660.48
INFO:  --------------------------------------------------
INFO:  TRAIN:epoch = 31/6000 classification_loss = 0.00000 train_time = 0.74
INFO:  ----------
INFO:  Late_delivery_risk Accuracy: 70.26% val_time = 1762577661.28
INFO:  Days for shipping (real) Accuracy: 34.03% val_time = 1762577661.28
INFO:  on_time Accuracy: 81.61% val_time = 1762577661.28
INFO:  --------------------------------------------------
INFO:  TRAIN:epoch = 32/6000 classification_loss = 0.00000 train_time = 0.61
INFO:  ----------
INFO:  Late_delivery_risk Accuracy: 70.19% val_time = 1762577661.97
INFO:  Days for shipping (real) Accuracy: 34.09% val_time = 1762577661.97
INFO:  on_time Accuracy: 81.61% val_time = 1762577661.97
INFO:  --------------------------------------------------
INFO:  TRAIN:epoch = 33/6000 classification_loss = 0.00000 train_time = 0.61
INFO:  ----------
INFO:  Late_delivery_risk Accuracy: 70.19% val_time = 1762577662.66
INFO:  Days for shipping (real) Accuracy: 34.01% val_time = 1762577662.66
INFO:  on_time Accuracy: 81.61% val_time = 1762577662.66
INFO:  --------------------------------------------------
INFO:  TRAIN:epoch = 34/6000 classification_loss = 0.00000 train_time = 0.75
INFO:  ----------
INFO:  Late_delivery_risk Accuracy: 70.19% val_time = 1762577663.48
INFO:  Days for shipping (real) Accuracy: 34.19% val_time = 1762577663.48
INFO:  on_time Accuracy: 81.64% val_time = 1762577663.48
INFO:  --------------------------------------------------
INFO:  TRAIN:epoch = 35/6000 classification_loss = 0.00000 train_time = 0.62
INFO:  ----------
INFO:  Late_delivery_risk Accuracy: 70.15% val_time = 1762577664.17
INFO:  Days for shipping (real) Accuracy: 34.09% val_time = 1762577664.17
INFO:  on_time Accuracy: 81.61% val_time = 1762577664.17
INFO:  --------------------------------------------------
INFO:  TRAIN:epoch = 36/6000 classification_loss = 0.00000 train_time = 0.74
INFO:  ----------
INFO:  Late_delivery_risk Accuracy: 70.19% val_time = 1762577664.98
INFO:  Days for shipping (real) Accuracy: 34.09% val_time = 1762577664.98
INFO:  on_time Accuracy: 81.55% val_time = 1762577664.98
INFO:  --------------------------------------------------
INFO:  TRAIN:epoch = 37/6000 classification_loss = 0.00000 train_time = 0.62
INFO:  ----------
INFO:  Late_delivery_risk Accuracy: 70.19% val_time = 1762577665.68
INFO:  Days for shipping (real) Accuracy: 34.03% val_time = 1762577665.68
INFO:  on_time Accuracy: 81.61% val_time = 1762577665.68
INFO:  --------------------------------------------------
INFO:  TRAIN:epoch = 38/6000 classification_loss = 0.00000 train_time = 0.61
INFO:  ----------
INFO:  Late_delivery_risk Accuracy: 70.19% val_time = 1762577666.36
INFO:  Days for shipping (real) Accuracy: 34.09% val_time = 1762577666.36
INFO:  on_time Accuracy: 81.56% val_time = 1762577666.36
INFO:  --------------------------------------------------
INFO:  TRAIN:epoch = 39/6000 classification_loss = 0.00000 train_time = 0.74
INFO:  ----------
INFO:  Late_delivery_risk Accuracy: 70.19% val_time = 1762577667.17
INFO:  Days for shipping (real) Accuracy: 34.09% val_time = 1762577667.17
INFO:  on_time Accuracy: 81.61% val_time = 1762577667.17
INFO:  --------------------------------------------------
INFO:  TRAIN:epoch = 40/6000 classification_loss = 0.00000 train_time = 0.61
INFO:  ----------
INFO:  Late_delivery_risk Accuracy: 70.19% val_time = 1762577667.86
INFO:  Days for shipping (real) Accuracy: 34.09% val_time = 1762577667.86
INFO:  on_time Accuracy: 81.64% val_time = 1762577667.86
INFO:  --------------------------------------------------
INFO:  TRAIN:epoch = 41/6000 classification_loss = 0.00000 train_time = 0.76
INFO:  ----------
INFO:  Late_delivery_risk Accuracy: 70.19% val_time = 1762577668.69
INFO:  Days for shipping (real) Accuracy: 34.05% val_time = 1762577668.69
INFO:  on_time Accuracy: 81.61% val_time = 1762577668.69
INFO:  --------------------------------------------------
INFO:  TRAIN:epoch = 42/6000 classification_loss = 0.00000 train_time = 0.62
INFO:  ----------
INFO:  Late_delivery_risk Accuracy: 70.19% val_time = 1762577669.37
INFO:  Days for shipping (real) Accuracy: 34.09% val_time = 1762577669.37
INFO:  on_time Accuracy: 81.61% val_time = 1762577669.37
INFO:  --------------------------------------------------
INFO:  TRAIN:epoch = 43/6000 classification_loss = 0.00000 train_time = 0.61
INFO:  ----------
INFO:  Late_delivery_risk Accuracy: 70.19% val_time = 1762577670.06
INFO:  Days for shipping (real) Accuracy: 34.03% val_time = 1762577670.06
INFO:  on_time Accuracy: 81.61% val_time = 1762577670.06
INFO:  --------------------------------------------------
INFO:  TRAIN:epoch = 44/6000 classification_loss = 0.00000 train_time = 0.74
INFO:  ----------
INFO:  Late_delivery_risk Accuracy: 70.19% val_time = 1762577670.88
INFO:  Days for shipping (real) Accuracy: 34.09% val_time = 1762577670.88
INFO:  on_time Accuracy: 81.59% val_time = 1762577670.88
INFO:  --------------------------------------------------
INFO:  TRAIN:epoch = 45/6000 classification_loss = 0.00000 train_time = 0.62
INFO:  ----------
INFO:  Late_delivery_risk Accuracy: 70.13% val_time = 1762577671.56
INFO:  Days for shipping (real) Accuracy: 34.09% val_time = 1762577671.56
INFO:  on_time Accuracy: 81.61% val_time = 1762577671.56
INFO:  --------------------------------------------------
INFO:  TRAIN:epoch = 46/6000 classification_loss = 0.00000 train_time = 0.62
INFO:  ----------
INFO:  Late_delivery_risk Accuracy: 70.19% val_time = 1762577672.26
INFO:  Days for shipping (real) Accuracy: 34.09% val_time = 1762577672.26
INFO:  on_time Accuracy: 81.56% val_time = 1762577672.26
INFO:  --------------------------------------------------
INFO:  TRAIN:epoch = 47/6000 classification_loss = 0.00000 train_time = 0.75
INFO:  ----------
INFO:  Late_delivery_risk Accuracy: 70.19% val_time = 1762577673.08
INFO:  Days for shipping (real) Accuracy: 34.03% val_time = 1762577673.08
INFO:  on_time Accuracy: 81.61% val_time = 1762577673.08
INFO:  --------------------------------------------------
INFO:  TRAIN:epoch = 48/6000 classification_loss = 0.00000 train_time = 0.62
INFO:  ----------
INFO:  Late_delivery_risk Accuracy: 70.19% val_time = 1762577673.77
INFO:  Days for shipping (real) Accuracy: 34.09% val_time = 1762577673.77
INFO:  on_time Accuracy: 81.57% val_time = 1762577673.77
INFO:  --------------------------------------------------
INFO:  TRAIN:epoch = 49/6000 classification_loss = 0.00000 train_time = 0.74
INFO:  ----------
INFO:  Late_delivery_risk Accuracy: 70.13% val_time = 1762577674.58
INFO:  Days for shipping (real) Accuracy: 34.03% val_time = 1762577674.58
INFO:  on_time Accuracy: 81.61% val_time = 1762577674.58
INFO:  --------------------------------------------------
INFO:  TRAIN:epoch = 50/6000 classification_loss = 0.00000 train_time = 0.61
INFO:  ----------
INFO:  Late_delivery_risk Accuracy: 70.19% val_time = 1762577675.27
INFO:  Days for shipping (real) Accuracy: 34.09% val_time = 1762577675.27
INFO:  on_time Accuracy: 81.55% val_time = 1762577675.27
INFO:  --------------------------------------------------
INFO:  TRAIN:epoch = 51/6000 classification_loss = 0.00000 train_time = 0.62
INFO:  ----------
INFO:  Late_delivery_risk Accuracy: 70.19% val_time = 1762577675.96
INFO:  Days for shipping (real) Accuracy: 34.09% val_time = 1762577675.96
INFO:  on_time Accuracy: 81.61% val_time = 1762577675.96
INFO:  --------------------------------------------------
INFO:  TRAIN:epoch = 52/6000 classification_loss = 0.00000 train_time = 0.74
INFO:  ----------
INFO:  Late_delivery_risk Accuracy: 70.19% val_time = 1762577676.78
INFO:  Days for shipping (real) Accuracy: 34.09% val_time = 1762577676.78
INFO:  on_time Accuracy: 81.55% val_time = 1762577676.78
INFO:  --------------------------------------------------
INFO:  TRAIN:epoch = 53/6000 classification_loss = 0.00000 train_time = 0.61
INFO:  ----------
INFO:  Late_delivery_risk Accuracy: 70.13% val_time = 1762577677.46
INFO:  Days for shipping (real) Accuracy: 34.03% val_time = 1762577677.46
INFO:  on_time Accuracy: 81.61% val_time = 1762577677.46
INFO:  --------------------------------------------------
INFO:  TRAIN:epoch = 54/6000 classification_loss = 0.00000 train_time = 0.74
INFO:  ----------
INFO:  Late_delivery_risk Accuracy: 70.19% val_time = 1762577678.28
INFO:  Days for shipping (real) Accuracy: 34.09% val_time = 1762577678.28
INFO:  on_time Accuracy: 81.55% val_time = 1762577678.28
INFO:  --------------------------------------------------
INFO:  TRAIN:epoch = 55/6000 classification_loss = 0.00000 train_time = 0.62
INFO:  ----------
INFO:  Late_delivery_risk Accuracy: 70.19% val_time = 1762577678.97
INFO:  Days for shipping (real) Accuracy: 34.03% val_time = 1762577678.97
INFO:  on_time Accuracy: 81.61% val_time = 1762577678.97
INFO:  --------------------------------------------------
INFO:  TRAIN:epoch = 56/6000 classification_loss = 0.00000 train_time = 0.61
INFO:  ----------
INFO:  Late_delivery_risk Accuracy: 70.19% val_time = 1762577679.66
INFO:  Days for shipping (real) Accuracy: 34.09% val_time = 1762577679.66
INFO:  on_time Accuracy: 81.55% val_time = 1762577679.66
INFO:  --------------------------------------------------
INFO:  TRAIN:epoch = 57/6000 classification_loss = 0.00000 train_time = 0.75
INFO:  ----------
INFO:  Late_delivery_risk Accuracy: 70.12% val_time = 1762577680.49
INFO:  Days for shipping (real) Accuracy: 34.09% val_time = 1762577680.49
INFO:  on_time Accuracy: 81.61% val_time = 1762577680.49
INFO:  --------------------------------------------------
INFO:  TRAIN:epoch = 58/6000 classification_loss = 0.00000 train_time = 0.61
INFO:  ----------
INFO:  Late_delivery_risk Accuracy: 70.19% val_time = 1762577681.17
INFO:  Days for shipping (real) Accuracy: 34.09% val_time = 1762577681.17
INFO:  on_time Accuracy: 81.51% val_time = 1762577681.17
INFO:  --------------------------------------------------
INFO:  TRAIN:epoch = 59/6000 classification_loss = 0.00000 train_time = 0.61
INFO:  ----------
INFO:  Late_delivery_risk Accuracy: 70.13% val_time = 1762577681.86
INFO:  Days for shipping (real) Accuracy: 34.03% val_time = 1762577681.86
INFO:  on_time Accuracy: 81.61% val_time = 1762577681.86
INFO:  --------------------------------------------------
INFO:  TRAIN:epoch = 60/6000 classification_loss = 0.00000 train_time = 0.74
INFO:  ----------
INFO:  Late_delivery_risk Accuracy: 70.19% val_time = 1762577682.67
INFO:  Days for shipping (real) Accuracy: 34.09% val_time = 1762577682.67
INFO:  on_time Accuracy: 81.55% val_time = 1762577682.67
INFO:  --------------------------------------------------
INFO:  TRAIN:epoch = 61/6000 classification_loss = 0.00000 train_time = 0.61
INFO:  ----------
INFO:  Late_delivery_risk Accuracy: 70.19% val_time = 1762577683.36
INFO:  Days for shipping (real) Accuracy: 34.03% val_time = 1762577683.36
INFO:  on_time Accuracy: 81.61% val_time = 1762577683.36
INFO:  --------------------------------------------------
INFO:  TRAIN:epoch = 62/6000 classification_loss = 0.00000 train_time = 0.74
INFO:  ----------
INFO:  Late_delivery_risk Accuracy: 70.19% val_time = 1762577684.18
INFO:  Days for shipping (real) Accuracy: 34.09% val_time = 1762577684.18
INFO:  on_time Accuracy: 81.55% val_time = 1762577684.18
INFO:  --------------------------------------------------
INFO:  TRAIN:epoch = 63/6000 classification_loss = 0.00000 train_time = 0.62
INFO:  ----------
INFO:  Late_delivery_risk Accuracy: 70.19% val_time = 1762577684.87
INFO:  Days for shipping (real) Accuracy: 34.09% val_time = 1762577684.87
INFO:  on_time Accuracy: 81.61% val_time = 1762577684.87
INFO:  --------------------------------------------------
INFO:  TRAIN:epoch = 64/6000 classification_loss = 0.00000 train_time = 0.61
INFO:  ----------
INFO:  Late_delivery_risk Accuracy: 70.19% val_time = 1762577685.55
INFO:  Days for shipping (real) Accuracy: 34.09% val_time = 1762577685.55
INFO:  on_time Accuracy: 81.55% val_time = 1762577685.55
INFO:  --------------------------------------------------
INFO:  TRAIN:epoch = 65/6000 classification_loss = 0.00000 train_time = 0.74
INFO:  ----------
INFO:  Late_delivery_risk Accuracy: 70.19% val_time = 1762577686.37
INFO:  Days for shipping (real) Accuracy: 34.03% val_time = 1762577686.37
INFO:  on_time Accuracy: 81.61% val_time = 1762577686.37
INFO:  --------------------------------------------------
INFO:  TRAIN:epoch = 66/6000 classification_loss = 0.00000 train_time = 0.61
INFO:  ----------
INFO:  Late_delivery_risk Accuracy: 70.19% val_time = 1762577687.06
INFO:  Days for shipping (real) Accuracy: 34.09% val_time = 1762577687.06
INFO:  on_time Accuracy: 81.55% val_time = 1762577687.06
INFO:  --------------------------------------------------
INFO:  TRAIN:epoch = 67/6000 classification_loss = 0.00000 train_time = 0.73
INFO:  ----------
INFO:  Late_delivery_risk Accuracy: 70.19% val_time = 1762577687.86
INFO:  Days for shipping (real) Accuracy: 34.09% val_time = 1762577687.86
INFO:  on_time Accuracy: 81.56% val_time = 1762577687.86
INFO:  --------------------------------------------------
INFO:  TRAIN:epoch = 68/6000 classification_loss = 0.00000 train_time = 0.61
INFO:  ----------
INFO:  Late_delivery_risk Accuracy: 70.19% val_time = 1762577688.55
INFO:  Days for shipping (real) Accuracy: 34.03% val_time = 1762577688.55
INFO:  on_time Accuracy: 81.55% val_time = 1762577688.55
INFO:  --------------------------------------------------
INFO:  TRAIN:epoch = 69/6000 classification_loss = 0.00000 train_time = 0.62
INFO:  ----------
INFO:  Late_delivery_risk Accuracy: 70.19% val_time = 1762577689.25
INFO:  Days for shipping (real) Accuracy: 33.99% val_time = 1762577689.25
INFO:  on_time Accuracy: 81.61% val_time = 1762577689.25
INFO:  --------------------------------------------------
INFO:  TRAIN:epoch = 70/6000 classification_loss = 0.00000 train_time = 0.75
INFO:  ----------
INFO:  Late_delivery_risk Accuracy: 70.19% val_time = 1762577690.07
INFO:  Days for shipping (real) Accuracy: 34.06% val_time = 1762577690.07
INFO:  on_time Accuracy: 81.61% val_time = 1762577690.07
INFO:  --------------------------------------------------
INFO:  TRAIN:epoch = 71/6000 classification_loss = 0.00000 train_time = 0.61
INFO:  ----------
INFO:  Late_delivery_risk Accuracy: 70.24% val_time = 1762577690.76
INFO:  Days for shipping (real) Accuracy: 34.03% val_time = 1762577690.76
INFO:  on_time Accuracy: 81.61% val_time = 1762577690.76
INFO:  --------------------------------------------------
INFO:  TRAIN:epoch = 72/6000 classification_loss = 0.00000 train_time = 0.74
INFO:  ----------
INFO:  Late_delivery_risk Accuracy: 70.19% val_time = 1762577691.57
INFO:  Days for shipping (real) Accuracy: 34.09% val_time = 1762577691.57
INFO:  on_time Accuracy: 81.55% val_time = 1762577691.57
INFO:  --------------------------------------------------
INFO:  TRAIN:epoch = 73/6000 classification_loss = 0.00000 train_time = 0.62
INFO:  ----------
INFO:  Late_delivery_risk Accuracy: 70.24% val_time = 1762577692.26
INFO:  Days for shipping (real) Accuracy: 34.03% val_time = 1762577692.26
INFO:  on_time Accuracy: 81.67% val_time = 1762577692.26
INFO:  --------------------------------------------------
INFO:  TRAIN:epoch = 74/6000 classification_loss = 0.00000 train_time = 0.60
INFO:  ----------
INFO:  Late_delivery_risk Accuracy: 70.19% val_time = 1762577692.93
INFO:  Days for shipping (real) Accuracy: 34.03% val_time = 1762577692.93
INFO:  on_time Accuracy: 81.60% val_time = 1762577692.93
INFO:  simulator training stage cost time: 57.062421798706055
INFO:  best_acc1 0.7017649903288201
INFO:  best_acc2 0.34290377176015474
INFO:  best_acc3 0.8161266924564797
INFO:  best_overall_accuracy 0.6202651515151515
