INFO:  --------------------------------Een Init----------------------------------
INFO:  Code will run in cuda:0
INFO:  --------------------------------Dataset Init------------------------------
INFO:  --------------------------------Model Init--------------------------------
INFO:  --------------------------------Session Init------------------------------
INFO:  ------------------------------------ Main --------------------------------
INFO:  --------------------------------------------------
INFO:  TRAIN:epoch = 0/6000 classification_loss = 0.00000 train_time = 0.41
INFO:  ----------
INFO:  late_risk Accuracy: 0.00% val_time = 1762587908.03
INFO:  day_for_shipping Accuracy: 2.49% val_time = 1762587908.03
INFO:  on_time Accuracy: 23.70% val_time = 1762587908.03
INFO:  ----------
INFO:  best_overall_accuracy: 8.73% 
INFO:  --------------------------------------------------
INFO:  TRAIN:epoch = 1/6000 classification_loss = 0.00000 train_time = 0.10
INFO:  ----------
INFO:  late_risk Accuracy: 50.78% val_time = 1762587908.15
INFO:  day_for_shipping Accuracy: 2.99% val_time = 1762587908.15
INFO:  on_time Accuracy: 76.30% val_time = 1762587908.15
INFO:  ----------
INFO:  best_overall_accuracy: 43.35% 
INFO:  --------------------------------------------------
INFO:  TRAIN:epoch = 2/6000 classification_loss = 0.00000 train_time = 0.10
INFO:  ----------
INFO:  late_risk Accuracy: 50.78% val_time = 1762587908.27
INFO:  day_for_shipping Accuracy: 2.99% val_time = 1762587908.27
INFO:  on_time Accuracy: 76.30% val_time = 1762587908.27
INFO:  --------------------------------------------------
INFO:  TRAIN:epoch = 3/6000 classification_loss = 0.00000 train_time = 0.10
INFO:  ----------
INFO:  late_risk Accuracy: 50.78% val_time = 1762587908.39
INFO:  day_for_shipping Accuracy: 2.99% val_time = 1762587908.39
INFO:  on_time Accuracy: 76.30% val_time = 1762587908.39
INFO:  --------------------------------------------------
INFO:  TRAIN:epoch = 4/6000 classification_loss = 0.00000 train_time = 0.10
INFO:  ----------
INFO:  late_risk Accuracy: 50.78% val_time = 1762587908.51
INFO:  day_for_shipping Accuracy: 0.00% val_time = 1762587908.51
INFO:  on_time Accuracy: 0.00% val_time = 1762587908.51
INFO:  --------------------------------------------------
INFO:  TRAIN:epoch = 5/6000 classification_loss = 0.00000 train_time = 0.10
INFO:  ----------
INFO:  late_risk Accuracy: 50.78% val_time = 1762587908.63
INFO:  day_for_shipping Accuracy: 0.00% val_time = 1762587908.63
INFO:  on_time Accuracy: 0.00% val_time = 1762587908.63
INFO:  --------------------------------------------------
INFO:  TRAIN:epoch = 6/6000 classification_loss = 0.00000 train_time = 0.10
INFO:  ----------
INFO:  late_risk Accuracy: 50.78% val_time = 1762587908.75
INFO:  day_for_shipping Accuracy: 0.00% val_time = 1762587908.75
INFO:  on_time Accuracy: 0.00% val_time = 1762587908.75
INFO:  --------------------------------------------------
INFO:  TRAIN:epoch = 7/6000 classification_loss = 0.00000 train_time = 0.22
INFO:  ----------
INFO:  late_risk Accuracy: 0.00% val_time = 1762587908.98
INFO:  day_for_shipping Accuracy: 0.00% val_time = 1762587908.98
INFO:  on_time Accuracy: 0.00% val_time = 1762587908.98
INFO:  --------------------------------------------------
INFO:  TRAIN:epoch = 8/6000 classification_loss = 0.00000 train_time = 0.10
INFO:  ----------
INFO:  late_risk Accuracy: 50.78% val_time = 1762587909.10
INFO:  day_for_shipping Accuracy: 0.04% val_time = 1762587909.10
INFO:  on_time Accuracy: 0.00% val_time = 1762587909.10
INFO:  --------------------------------------------------
INFO:  TRAIN:epoch = 9/6000 classification_loss = 0.00000 train_time = 0.10
INFO:  ----------
INFO:  late_risk Accuracy: 50.78% val_time = 1762587909.22
INFO:  day_for_shipping Accuracy: 2.99% val_time = 1762587909.22
INFO:  on_time Accuracy: 76.30% val_time = 1762587909.22
INFO:  --------------------------------------------------
INFO:  TRAIN:epoch = 10/6000 classification_loss = 0.00000 train_time = 0.10
INFO:  ----------
INFO:  late_risk Accuracy: 49.22% val_time = 1762587909.34
INFO:  day_for_shipping Accuracy: 2.49% val_time = 1762587909.34
INFO:  on_time Accuracy: 23.70% val_time = 1762587909.34
INFO:  --------------------------------------------------
INFO:  TRAIN:epoch = 11/6000 classification_loss = 0.00000 train_time = 0.10
INFO:  ----------
INFO:  late_risk Accuracy: 50.78% val_time = 1762587909.46
INFO:  day_for_shipping Accuracy: 0.00% val_time = 1762587909.46
INFO:  on_time Accuracy: 76.30% val_time = 1762587909.46
INFO:  --------------------------------------------------
INFO:  TRAIN:epoch = 12/6000 classification_loss = 0.00000 train_time = 0.10
INFO:  ----------
INFO:  late_risk Accuracy: 50.78% val_time = 1762587909.58
INFO:  day_for_shipping Accuracy: 0.04% val_time = 1762587909.58
INFO:  on_time Accuracy: 76.30% val_time = 1762587909.58
INFO:  --------------------------------------------------
INFO:  TRAIN:epoch = 13/6000 classification_loss = 0.00000 train_time = 0.10
INFO:  ----------
INFO:  late_risk Accuracy: 0.00% val_time = 1762587909.70
INFO:  day_for_shipping Accuracy: 0.04% val_time = 1762587909.70
INFO:  on_time Accuracy: 0.00% val_time = 1762587909.70
INFO:  --------------------------------------------------
INFO:  TRAIN:epoch = 14/6000 classification_loss = 0.00000 train_time = 0.10
INFO:  ----------
INFO:  late_risk Accuracy: 50.78% val_time = 1762587909.81
INFO:  day_for_shipping Accuracy: 2.99% val_time = 1762587909.81
INFO:  on_time Accuracy: 76.30% val_time = 1762587909.81
INFO:  --------------------------------------------------
INFO:  TRAIN:epoch = 15/6000 classification_loss = 0.00000 train_time = 0.10
INFO:  ----------
INFO:  late_risk Accuracy: 50.78% val_time = 1762587909.93
INFO:  day_for_shipping Accuracy: 0.00% val_time = 1762587909.93
INFO:  on_time Accuracy: 0.00% val_time = 1762587909.93
INFO:  --------------------------------------------------
INFO:  TRAIN:epoch = 16/6000 classification_loss = 0.00000 train_time = 0.10
INFO:  ----------
INFO:  late_risk Accuracy: 49.22% val_time = 1762587910.05
INFO:  day_for_shipping Accuracy: 0.00% val_time = 1762587910.05
INFO:  on_time Accuracy: 0.00% val_time = 1762587910.05
INFO:  --------------------------------------------------
INFO:  TRAIN:epoch = 17/6000 classification_loss = 0.00000 train_time = 0.10
INFO:  ----------
INFO:  late_risk Accuracy: 49.22% val_time = 1762587910.16
INFO:  day_for_shipping Accuracy: 2.49% val_time = 1762587910.16
INFO:  on_time Accuracy: 23.70% val_time = 1762587910.16
INFO:  --------------------------------------------------
INFO:  TRAIN:epoch = 18/6000 classification_loss = 0.00000 train_time = 0.10
INFO:  ----------
INFO:  late_risk Accuracy: 50.78% val_time = 1762587910.28
INFO:  day_for_shipping Accuracy: 2.99% val_time = 1762587910.28
INFO:  on_time Accuracy: 76.30% val_time = 1762587910.28
INFO:  --------------------------------------------------
INFO:  TRAIN:epoch = 19/6000 classification_loss = 0.00000 train_time = 0.10
INFO:  ----------
INFO:  late_risk Accuracy: 50.78% val_time = 1762587910.40
INFO:  day_for_shipping Accuracy: 2.99% val_time = 1762587910.40
INFO:  on_time Accuracy: 76.30% val_time = 1762587910.40
INFO:  --------------------------------------------------
INFO:  TRAIN:epoch = 20/6000 classification_loss = 0.00000 train_time = 0.10
INFO:  ----------
INFO:  late_risk Accuracy: 50.78% val_time = 1762587910.51
INFO:  day_for_shipping Accuracy: 0.00% val_time = 1762587910.51
INFO:  on_time Accuracy: 0.00% val_time = 1762587910.51
INFO:  --------------------------------------------------
INFO:  TRAIN:epoch = 21/6000 classification_loss = 0.00000 train_time = 0.10
INFO:  ----------
INFO:  late_risk Accuracy: 49.22% val_time = 1762587910.63
INFO:  day_for_shipping Accuracy: 0.14% val_time = 1762587910.63
INFO:  on_time Accuracy: 0.00% val_time = 1762587910.63
INFO:  --------------------------------------------------
INFO:  TRAIN:epoch = 22/6000 classification_loss = 0.00000 train_time = 0.10
INFO:  ----------
INFO:  late_risk Accuracy: 49.22% val_time = 1762587910.75
INFO:  day_for_shipping Accuracy: 0.14% val_time = 1762587910.75
INFO:  on_time Accuracy: 76.30% val_time = 1762587910.75
INFO:  --------------------------------------------------
INFO:  TRAIN:epoch = 23/6000 classification_loss = 0.00000 train_time = 0.22
INFO:  ----------
INFO:  late_risk Accuracy: 49.22% val_time = 1762587910.98
INFO:  day_for_shipping Accuracy: 0.00% val_time = 1762587910.98
INFO:  on_time Accuracy: 76.30% val_time = 1762587910.98
INFO:  --------------------------------------------------
INFO:  TRAIN:epoch = 24/6000 classification_loss = 0.00000 train_time = 0.10
INFO:  ----------
INFO:  late_risk Accuracy: 49.22% val_time = 1762587911.09
INFO:  day_for_shipping Accuracy: 0.00% val_time = 1762587911.09
INFO:  on_time Accuracy: 76.30% val_time = 1762587911.09
INFO:  --------------------------------------------------
INFO:  TRAIN:epoch = 25/6000 classification_loss = 0.00000 train_time = 0.10
INFO:  ----------
INFO:  late_risk Accuracy: 49.22% val_time = 1762587911.21
INFO:  day_for_shipping Accuracy: 0.04% val_time = 1762587911.21
INFO:  on_time Accuracy: 76.30% val_time = 1762587911.21
INFO:  --------------------------------------------------
INFO:  TRAIN:epoch = 26/6000 classification_loss = 0.00000 train_time = 0.10
INFO:  ----------
INFO:  late_risk Accuracy: 49.22% val_time = 1762587911.33
INFO:  day_for_shipping Accuracy: 0.07% val_time = 1762587911.33
INFO:  on_time Accuracy: 0.00% val_time = 1762587911.33
INFO:  --------------------------------------------------
INFO:  TRAIN:epoch = 27/6000 classification_loss = 0.00000 train_time = 0.10
INFO:  ----------
INFO:  late_risk Accuracy: 50.78% val_time = 1762587911.44
INFO:  day_for_shipping Accuracy: 2.99% val_time = 1762587911.44
INFO:  on_time Accuracy: 76.30% val_time = 1762587911.44
INFO:  --------------------------------------------------
INFO:  TRAIN:epoch = 28/6000 classification_loss = 0.00000 train_time = 0.10
INFO:  ----------
INFO:  late_risk Accuracy: 49.22% val_time = 1762587911.56
INFO:  day_for_shipping Accuracy: 0.04% val_time = 1762587911.56
INFO:  on_time Accuracy: 0.00% val_time = 1762587911.56
INFO:  --------------------------------------------------
INFO:  TRAIN:epoch = 29/6000 classification_loss = 0.00000 train_time = 0.10
INFO:  ----------
INFO:  late_risk Accuracy: 49.22% val_time = 1762587911.68
INFO:  day_for_shipping Accuracy: 2.99% val_time = 1762587911.68
INFO:  on_time Accuracy: 76.30% val_time = 1762587911.68
INFO:  --------------------------------------------------
INFO:  TRAIN:epoch = 30/6000 classification_loss = 0.00000 train_time = 0.10
INFO:  ----------
INFO:  late_risk Accuracy: 50.78% val_time = 1762587911.79
INFO:  day_for_shipping Accuracy: 0.00% val_time = 1762587911.79
INFO:  on_time Accuracy: 76.30% val_time = 1762587911.79
INFO:  --------------------------------------------------
INFO:  TRAIN:epoch = 31/6000 classification_loss = 0.00000 train_time = 0.10
INFO:  ----------
INFO:  late_risk Accuracy: 50.78% val_time = 1762587911.91
INFO:  day_for_shipping Accuracy: 0.00% val_time = 1762587911.91
INFO:  on_time Accuracy: 76.30% val_time = 1762587911.91
INFO:  --------------------------------------------------
INFO:  TRAIN:epoch = 32/6000 classification_loss = 0.00000 train_time = 0.10
INFO:  ----------
INFO:  late_risk Accuracy: 49.22% val_time = 1762587912.02
INFO:  day_for_shipping Accuracy: 0.00% val_time = 1762587912.02
INFO:  on_time Accuracy: 76.30% val_time = 1762587912.02
INFO:  --------------------------------------------------
INFO:  TRAIN:epoch = 33/6000 classification_loss = 0.00000 train_time = 0.10
INFO:  ----------
INFO:  late_risk Accuracy: 49.22% val_time = 1762587912.14
INFO:  day_for_shipping Accuracy: 0.00% val_time = 1762587912.14
INFO:  on_time Accuracy: 76.30% val_time = 1762587912.14
INFO:  --------------------------------------------------
INFO:  TRAIN:epoch = 34/6000 classification_loss = 0.00000 train_time = 0.10
INFO:  ----------
INFO:  late_risk Accuracy: 49.22% val_time = 1762587912.26
INFO:  day_for_shipping Accuracy: 0.00% val_time = 1762587912.26
INFO:  on_time Accuracy: 76.30% val_time = 1762587912.26
INFO:  --------------------------------------------------
INFO:  TRAIN:epoch = 35/6000 classification_loss = 0.00000 train_time = 0.10
INFO:  ----------
INFO:  late_risk Accuracy: 50.78% val_time = 1762587912.38
INFO:  day_for_shipping Accuracy: 0.04% val_time = 1762587912.38
INFO:  on_time Accuracy: 76.30% val_time = 1762587912.38
INFO:  --------------------------------------------------
INFO:  TRAIN:epoch = 36/6000 classification_loss = 0.00000 train_time = 0.10
INFO:  ----------
INFO:  late_risk Accuracy: 50.78% val_time = 1762587912.49
INFO:  day_for_shipping Accuracy: 0.00% val_time = 1762587912.49
INFO:  on_time Accuracy: 76.30% val_time = 1762587912.49
INFO:  --------------------------------------------------
INFO:  TRAIN:epoch = 37/6000 classification_loss = 0.00000 train_time = 0.10
INFO:  ----------
INFO:  late_risk Accuracy: 49.22% val_time = 1762587912.61
INFO:  day_for_shipping Accuracy: 0.00% val_time = 1762587912.61
INFO:  on_time Accuracy: 76.30% val_time = 1762587912.61
INFO:  --------------------------------------------------
INFO:  TRAIN:epoch = 38/6000 classification_loss = 0.00000 train_time = 0.10
INFO:  ----------
INFO:  late_risk Accuracy: 50.78% val_time = 1762587912.73
INFO:  day_for_shipping Accuracy: 0.00% val_time = 1762587912.73
INFO:  on_time Accuracy: 76.30% val_time = 1762587912.73
INFO:  --------------------------------------------------
INFO:  TRAIN:epoch = 39/6000 classification_loss = 0.00000 train_time = 0.22
INFO:  ----------
INFO:  late_risk Accuracy: 49.22% val_time = 1762587912.96
INFO:  day_for_shipping Accuracy: 0.00% val_time = 1762587912.96
INFO:  on_time Accuracy: 76.30% val_time = 1762587912.96
INFO:  --------------------------------------------------
INFO:  TRAIN:epoch = 40/6000 classification_loss = 0.00000 train_time = 0.10
INFO:  ----------
INFO:  late_risk Accuracy: 49.22% val_time = 1762587913.09
INFO:  day_for_shipping Accuracy: 0.04% val_time = 1762587913.09
INFO:  on_time Accuracy: 76.30% val_time = 1762587913.09
INFO:  --------------------------------------------------
INFO:  TRAIN:epoch = 41/6000 classification_loss = 0.00000 train_time = 0.10
INFO:  ----------
INFO:  late_risk Accuracy: 50.78% val_time = 1762587913.21
INFO:  day_for_shipping Accuracy: 0.07% val_time = 1762587913.21
INFO:  on_time Accuracy: 76.30% val_time = 1762587913.21
INFO:  --------------------------------------------------
INFO:  TRAIN:epoch = 42/6000 classification_loss = 0.00000 train_time = 0.10
INFO:  ----------
INFO:  late_risk Accuracy: 50.78% val_time = 1762587913.33
INFO:  day_for_shipping Accuracy: 0.00% val_time = 1762587913.33
INFO:  on_time Accuracy: 76.30% val_time = 1762587913.33
INFO:  --------------------------------------------------
INFO:  TRAIN:epoch = 43/6000 classification_loss = 0.00000 train_time = 0.10
INFO:  ----------
INFO:  late_risk Accuracy: 49.22% val_time = 1762587913.45
INFO:  day_for_shipping Accuracy: 0.04% val_time = 1762587913.45
INFO:  on_time Accuracy: 76.30% val_time = 1762587913.45
INFO:  --------------------------------------------------
INFO:  TRAIN:epoch = 44/6000 classification_loss = 0.00000 train_time = 0.10
INFO:  ----------
INFO:  late_risk Accuracy: 50.78% val_time = 1762587913.57
INFO:  day_for_shipping Accuracy: 0.14% val_time = 1762587913.57
INFO:  on_time Accuracy: 76.30% val_time = 1762587913.57
INFO:  --------------------------------------------------
INFO:  TRAIN:epoch = 45/6000 classification_loss = 0.00000 train_time = 0.10
INFO:  ----------
INFO:  late_risk Accuracy: 50.78% val_time = 1762587913.69
INFO:  day_for_shipping Accuracy: 0.00% val_time = 1762587913.69
INFO:  on_time Accuracy: 76.30% val_time = 1762587913.69
INFO:  --------------------------------------------------
INFO:  TRAIN:epoch = 46/6000 classification_loss = 0.00000 train_time = 0.10
INFO:  ----------
INFO:  late_risk Accuracy: 50.78% val_time = 1762587913.80
INFO:  day_for_shipping Accuracy: 0.00% val_time = 1762587913.80
INFO:  on_time Accuracy: 76.30% val_time = 1762587913.80
INFO:  --------------------------------------------------
INFO:  TRAIN:epoch = 47/6000 classification_loss = 0.00000 train_time = 0.10
INFO:  ----------
INFO:  late_risk Accuracy: 49.22% val_time = 1762587913.92
INFO:  day_for_shipping Accuracy: 0.14% val_time = 1762587913.92
INFO:  on_time Accuracy: 76.30% val_time = 1762587913.92
INFO:  --------------------------------------------------
INFO:  TRAIN:epoch = 48/6000 classification_loss = 0.00000 train_time = 0.10
INFO:  ----------
INFO:  late_risk Accuracy: 49.22% val_time = 1762587914.04
INFO:  day_for_shipping Accuracy: 0.00% val_time = 1762587914.04
INFO:  on_time Accuracy: 76.30% val_time = 1762587914.04
INFO:  --------------------------------------------------
INFO:  TRAIN:epoch = 49/6000 classification_loss = 0.00000 train_time = 0.10
INFO:  ----------
INFO:  late_risk Accuracy: 50.78% val_time = 1762587914.15
INFO:  day_for_shipping Accuracy: 0.00% val_time = 1762587914.15
INFO:  on_time Accuracy: 76.30% val_time = 1762587914.15
INFO:  --------------------------------------------------
INFO:  TRAIN:epoch = 50/6000 classification_loss = 0.00000 train_time = 0.10
INFO:  ----------
INFO:  late_risk Accuracy: 66.88% val_time = 1762587914.27
INFO:  day_for_shipping Accuracy: 0.00% val_time = 1762587914.27
INFO:  on_time Accuracy: 76.30% val_time = 1762587914.27
INFO:  ----------
INFO:  best_overall_accuracy: 47.73% 
INFO:  --------------------------------------------------
INFO:  TRAIN:epoch = 51/6000 classification_loss = 0.00000 train_time = 0.10
INFO:  ----------
INFO:  late_risk Accuracy: 72.49% val_time = 1762587914.39
INFO:  day_for_shipping Accuracy: 0.07% val_time = 1762587914.39
INFO:  on_time Accuracy: 76.30% val_time = 1762587914.39
INFO:  ----------
INFO:  best_overall_accuracy: 49.62% 
INFO:  --------------------------------------------------
INFO:  TRAIN:epoch = 52/6000 classification_loss = 0.00000 train_time = 0.10
INFO:  ----------
INFO:  late_risk Accuracy: 72.49% val_time = 1762587914.50
INFO:  day_for_shipping Accuracy: 0.04% val_time = 1762587914.50
INFO:  on_time Accuracy: 76.30% val_time = 1762587914.50
INFO:  --------------------------------------------------
INFO:  TRAIN:epoch = 53/6000 classification_loss = 0.00000 train_time = 0.10
INFO:  ----------
INFO:  late_risk Accuracy: 72.49% val_time = 1762587914.62
INFO:  day_for_shipping Accuracy: 0.00% val_time = 1762587914.62
INFO:  on_time Accuracy: 76.30% val_time = 1762587914.62
INFO:  --------------------------------------------------
INFO:  TRAIN:epoch = 54/6000 classification_loss = 0.00000 train_time = 0.22
INFO:  ----------
INFO:  late_risk Accuracy: 72.49% val_time = 1762587914.85
INFO:  day_for_shipping Accuracy: 0.00% val_time = 1762587914.85
INFO:  on_time Accuracy: 76.30% val_time = 1762587914.85
INFO:  --------------------------------------------------
INFO:  TRAIN:epoch = 55/6000 classification_loss = 0.00000 train_time = 0.10
INFO:  ----------
INFO:  late_risk Accuracy: 72.49% val_time = 1762587914.97
INFO:  day_for_shipping Accuracy: 0.04% val_time = 1762587914.97
INFO:  on_time Accuracy: 76.30% val_time = 1762587914.97
INFO:  --------------------------------------------------
INFO:  TRAIN:epoch = 56/6000 classification_loss = 0.00000 train_time = 0.10
INFO:  ----------
INFO:  late_risk Accuracy: 72.49% val_time = 1762587915.09
INFO:  day_for_shipping Accuracy: 0.04% val_time = 1762587915.09
INFO:  on_time Accuracy: 76.30% val_time = 1762587915.09
INFO:  --------------------------------------------------
INFO:  TRAIN:epoch = 57/6000 classification_loss = 0.00000 train_time = 0.10
INFO:  ----------
INFO:  late_risk Accuracy: 72.49% val_time = 1762587915.21
INFO:  day_for_shipping Accuracy: 0.00% val_time = 1762587915.21
INFO:  on_time Accuracy: 76.30% val_time = 1762587915.21
INFO:  --------------------------------------------------
INFO:  TRAIN:epoch = 58/6000 classification_loss = 0.00000 train_time = 0.10
INFO:  ----------
INFO:  late_risk Accuracy: 66.88% val_time = 1762587915.32
INFO:  day_for_shipping Accuracy: 0.00% val_time = 1762587915.32
INFO:  on_time Accuracy: 76.30% val_time = 1762587915.32
INFO:  --------------------------------------------------
INFO:  TRAIN:epoch = 59/6000 classification_loss = 0.00000 train_time = 0.10
INFO:  ----------
INFO:  late_risk Accuracy: 66.88% val_time = 1762587915.44
INFO:  day_for_shipping Accuracy: 0.04% val_time = 1762587915.44
INFO:  on_time Accuracy: 76.30% val_time = 1762587915.44
INFO:  --------------------------------------------------
INFO:  TRAIN:epoch = 60/6000 classification_loss = 0.00000 train_time = 0.10
INFO:  ----------
INFO:  late_risk Accuracy: 72.49% val_time = 1762587915.56
INFO:  day_for_shipping Accuracy: 0.00% val_time = 1762587915.56
INFO:  on_time Accuracy: 76.30% val_time = 1762587915.56
INFO:  --------------------------------------------------
INFO:  TRAIN:epoch = 61/6000 classification_loss = 0.00000 train_time = 0.10
INFO:  ----------
INFO:  late_risk Accuracy: 72.49% val_time = 1762587915.68
INFO:  day_for_shipping Accuracy: 0.00% val_time = 1762587915.68
INFO:  on_time Accuracy: 76.30% val_time = 1762587915.68
INFO:  --------------------------------------------------
INFO:  TRAIN:epoch = 62/6000 classification_loss = 0.00000 train_time = 0.10
INFO:  ----------
INFO:  late_risk Accuracy: 72.49% val_time = 1762587915.79
INFO:  day_for_shipping Accuracy: 0.00% val_time = 1762587915.79
INFO:  on_time Accuracy: 76.30% val_time = 1762587915.79
INFO:  --------------------------------------------------
INFO:  TRAIN:epoch = 63/6000 classification_loss = 0.00000 train_time = 0.10
INFO:  ----------
INFO:  late_risk Accuracy: 72.49% val_time = 1762587915.91
INFO:  day_for_shipping Accuracy: 0.00% val_time = 1762587915.91
INFO:  on_time Accuracy: 76.30% val_time = 1762587915.91
INFO:  --------------------------------------------------
INFO:  TRAIN:epoch = 64/6000 classification_loss = 0.00000 train_time = 0.10
INFO:  ----------
INFO:  late_risk Accuracy: 72.49% val_time = 1762587916.03
INFO:  day_for_shipping Accuracy: 0.04% val_time = 1762587916.03
INFO:  on_time Accuracy: 76.30% val_time = 1762587916.03
INFO:  --------------------------------------------------
INFO:  TRAIN:epoch = 65/6000 classification_loss = 0.00000 train_time = 0.10
INFO:  ----------
INFO:  late_risk Accuracy: 66.88% val_time = 1762587916.14
INFO:  day_for_shipping Accuracy: 0.00% val_time = 1762587916.14
INFO:  on_time Accuracy: 76.30% val_time = 1762587916.14
INFO:  --------------------------------------------------
INFO:  TRAIN:epoch = 66/6000 classification_loss = 0.00000 train_time = 0.10
INFO:  ----------
INFO:  late_risk Accuracy: 72.49% val_time = 1762587916.26
INFO:  day_for_shipping Accuracy: 0.00% val_time = 1762587916.26
INFO:  on_time Accuracy: 76.30% val_time = 1762587916.26
INFO:  --------------------------------------------------
INFO:  TRAIN:epoch = 67/6000 classification_loss = 0.00000 train_time = 0.10
INFO:  ----------
INFO:  late_risk Accuracy: 72.49% val_time = 1762587916.38
INFO:  day_for_shipping Accuracy: 0.00% val_time = 1762587916.38
INFO:  on_time Accuracy: 76.30% val_time = 1762587916.38
INFO:  --------------------------------------------------
INFO:  TRAIN:epoch = 68/6000 classification_loss = 0.00000 train_time = 0.10
INFO:  ----------
INFO:  late_risk Accuracy: 72.49% val_time = 1762587916.49
INFO:  day_for_shipping Accuracy: 0.04% val_time = 1762587916.49
INFO:  on_time Accuracy: 76.30% val_time = 1762587916.49
INFO:  --------------------------------------------------
INFO:  TRAIN:epoch = 69/6000 classification_loss = 0.00000 train_time = 0.22
INFO:  ----------
INFO:  late_risk Accuracy: 66.88% val_time = 1762587916.73
INFO:  day_for_shipping Accuracy: 0.04% val_time = 1762587916.73
INFO:  on_time Accuracy: 76.30% val_time = 1762587916.73
INFO:  --------------------------------------------------
INFO:  TRAIN:epoch = 70/6000 classification_loss = 0.00000 train_time = 0.10
INFO:  ----------
INFO:  late_risk Accuracy: 72.49% val_time = 1762587916.84
INFO:  day_for_shipping Accuracy: 0.00% val_time = 1762587916.84
INFO:  on_time Accuracy: 76.30% val_time = 1762587916.84
INFO:  --------------------------------------------------
INFO:  TRAIN:epoch = 71/6000 classification_loss = 0.00000 train_time = 0.10
INFO:  ----------
INFO:  late_risk Accuracy: 72.49% val_time = 1762587916.96
INFO:  day_for_shipping Accuracy: 0.00% val_time = 1762587916.96
INFO:  on_time Accuracy: 76.30% val_time = 1762587916.96
INFO:  --------------------------------------------------
INFO:  TRAIN:epoch = 72/6000 classification_loss = 0.00000 train_time = 0.10
INFO:  ----------
INFO:  late_risk Accuracy: 72.49% val_time = 1762587917.07
INFO:  day_for_shipping Accuracy: 0.00% val_time = 1762587917.07
INFO:  on_time Accuracy: 76.30% val_time = 1762587917.07
INFO:  --------------------------------------------------
INFO:  TRAIN:epoch = 73/6000 classification_loss = 0.00000 train_time = 0.10
INFO:  ----------
INFO:  late_risk Accuracy: 72.49% val_time = 1762587917.19
INFO:  day_for_shipping Accuracy: 0.00% val_time = 1762587917.19
INFO:  on_time Accuracy: 76.30% val_time = 1762587917.19
INFO:  --------------------------------------------------
INFO:  TRAIN:epoch = 74/6000 classification_loss = 0.00000 train_time = 0.10
INFO:  ----------
INFO:  late_risk Accuracy: 72.49% val_time = 1762587917.31
INFO:  day_for_shipping Accuracy: 0.00% val_time = 1762587917.31
INFO:  on_time Accuracy: 76.30% val_time = 1762587917.31
INFO:  --------------------------------------------------
INFO:  TRAIN:epoch = 75/6000 classification_loss = 0.00000 train_time = 0.10
INFO:  ----------
INFO:  late_risk Accuracy: 72.49% val_time = 1762587917.42
INFO:  day_for_shipping Accuracy: 0.00% val_time = 1762587917.42
INFO:  on_time Accuracy: 76.30% val_time = 1762587917.42
INFO:  --------------------------------------------------
INFO:  TRAIN:epoch = 76/6000 classification_loss = 0.00000 train_time = 0.10
INFO:  ----------
INFO:  late_risk Accuracy: 72.49% val_time = 1762587917.54
INFO:  day_for_shipping Accuracy: 0.00% val_time = 1762587917.54
INFO:  on_time Accuracy: 76.30% val_time = 1762587917.54
INFO:  --------------------------------------------------
INFO:  TRAIN:epoch = 77/6000 classification_loss = 0.00000 train_time = 0.10
INFO:  ----------
INFO:  late_risk Accuracy: 72.49% val_time = 1762587917.66
INFO:  day_for_shipping Accuracy: 0.00% val_time = 1762587917.66
INFO:  on_time Accuracy: 76.30% val_time = 1762587917.66
INFO:  --------------------------------------------------
INFO:  TRAIN:epoch = 78/6000 classification_loss = 0.00000 train_time = 0.10
INFO:  ----------
INFO:  late_risk Accuracy: 72.49% val_time = 1762587917.78
INFO:  day_for_shipping Accuracy: 0.07% val_time = 1762587917.78
INFO:  on_time Accuracy: 76.30% val_time = 1762587917.78
INFO:  --------------------------------------------------
INFO:  TRAIN:epoch = 79/6000 classification_loss = 0.00000 train_time = 0.10
INFO:  ----------
INFO:  late_risk Accuracy: 72.49% val_time = 1762587917.90
INFO:  day_for_shipping Accuracy: 0.07% val_time = 1762587917.90
INFO:  on_time Accuracy: 76.30% val_time = 1762587917.90
INFO:  --------------------------------------------------
INFO:  TRAIN:epoch = 80/6000 classification_loss = 0.00000 train_time = 0.10
INFO:  ----------
INFO:  late_risk Accuracy: 72.49% val_time = 1762587918.02
INFO:  day_for_shipping Accuracy: 0.07% val_time = 1762587918.02
INFO:  on_time Accuracy: 76.30% val_time = 1762587918.02
INFO:  --------------------------------------------------
INFO:  TRAIN:epoch = 81/6000 classification_loss = 0.00000 train_time = 0.10
INFO:  ----------
INFO:  late_risk Accuracy: 72.49% val_time = 1762587918.14
INFO:  day_for_shipping Accuracy: 0.07% val_time = 1762587918.14
INFO:  on_time Accuracy: 76.30% val_time = 1762587918.14
INFO:  --------------------------------------------------
INFO:  TRAIN:epoch = 82/6000 classification_loss = 0.00000 train_time = 0.11
INFO:  ----------
INFO:  late_risk Accuracy: 72.49% val_time = 1762587918.26
INFO:  day_for_shipping Accuracy: 0.07% val_time = 1762587918.26
INFO:  on_time Accuracy: 76.30% val_time = 1762587918.26
INFO:  --------------------------------------------------
INFO:  TRAIN:epoch = 83/6000 classification_loss = 0.00000 train_time = 0.10
INFO:  ----------
INFO:  late_risk Accuracy: 72.49% val_time = 1762587918.38
INFO:  day_for_shipping Accuracy: 0.07% val_time = 1762587918.38
INFO:  on_time Accuracy: 76.30% val_time = 1762587918.38
INFO:  --------------------------------------------------
INFO:  TRAIN:epoch = 84/6000 classification_loss = 0.00000 train_time = 0.10
INFO:  ----------
INFO:  late_risk Accuracy: 72.49% val_time = 1762587918.50
INFO:  day_for_shipping Accuracy: 0.07% val_time = 1762587918.50
INFO:  on_time Accuracy: 76.30% val_time = 1762587918.50
INFO:  --------------------------------------------------
INFO:  TRAIN:epoch = 85/6000 classification_loss = 0.00000 train_time = 0.22
INFO:  ----------
INFO:  late_risk Accuracy: 72.49% val_time = 1762587918.73
INFO:  day_for_shipping Accuracy: 0.07% val_time = 1762587918.73
INFO:  on_time Accuracy: 76.30% val_time = 1762587918.73
INFO:  --------------------------------------------------
INFO:  TRAIN:epoch = 86/6000 classification_loss = 0.00000 train_time = 0.10
INFO:  ----------
INFO:  late_risk Accuracy: 72.49% val_time = 1762587918.85
INFO:  day_for_shipping Accuracy: 0.07% val_time = 1762587918.85
INFO:  on_time Accuracy: 76.30% val_time = 1762587918.85
INFO:  --------------------------------------------------
INFO:  TRAIN:epoch = 87/6000 classification_loss = 0.00000 train_time = 0.10
INFO:  ----------
INFO:  late_risk Accuracy: 72.49% val_time = 1762587918.96
INFO:  day_for_shipping Accuracy: 0.07% val_time = 1762587918.96
INFO:  on_time Accuracy: 76.30% val_time = 1762587918.96
INFO:  --------------------------------------------------
INFO:  TRAIN:epoch = 88/6000 classification_loss = 0.00000 train_time = 0.10
INFO:  ----------
INFO:  late_risk Accuracy: 72.49% val_time = 1762587919.08
INFO:  day_for_shipping Accuracy: 0.07% val_time = 1762587919.08
INFO:  on_time Accuracy: 76.30% val_time = 1762587919.08
INFO:  --------------------------------------------------
INFO:  TRAIN:epoch = 89/6000 classification_loss = 0.00000 train_time = 0.10
INFO:  ----------
INFO:  late_risk Accuracy: 72.49% val_time = 1762587919.20
INFO:  day_for_shipping Accuracy: 0.07% val_time = 1762587919.20
INFO:  on_time Accuracy: 76.30% val_time = 1762587919.20
INFO:  --------------------------------------------------
INFO:  TRAIN:epoch = 90/6000 classification_loss = 0.00000 train_time = 0.10
INFO:  ----------
INFO:  late_risk Accuracy: 72.49% val_time = 1762587919.31
INFO:  day_for_shipping Accuracy: 0.07% val_time = 1762587919.31
INFO:  on_time Accuracy: 76.30% val_time = 1762587919.31
INFO:  --------------------------------------------------
INFO:  TRAIN:epoch = 91/6000 classification_loss = 0.00000 train_time = 0.10
INFO:  ----------
INFO:  late_risk Accuracy: 72.49% val_time = 1762587919.43
INFO:  day_for_shipping Accuracy: 0.07% val_time = 1762587919.43
INFO:  on_time Accuracy: 76.30% val_time = 1762587919.43
INFO:  --------------------------------------------------
INFO:  TRAIN:epoch = 92/6000 classification_loss = 0.00000 train_time = 0.10
INFO:  ----------
INFO:  late_risk Accuracy: 72.49% val_time = 1762587919.54
INFO:  day_for_shipping Accuracy: 0.00% val_time = 1762587919.54
INFO:  on_time Accuracy: 76.30% val_time = 1762587919.54
INFO:  --------------------------------------------------
INFO:  TRAIN:epoch = 93/6000 classification_loss = 0.00000 train_time = 0.10
INFO:  ----------
INFO:  late_risk Accuracy: 72.49% val_time = 1762587919.66
INFO:  day_for_shipping Accuracy: 0.00% val_time = 1762587919.66
INFO:  on_time Accuracy: 76.30% val_time = 1762587919.66
INFO:  --------------------------------------------------
INFO:  TRAIN:epoch = 94/6000 classification_loss = 0.00000 train_time = 0.10
INFO:  ----------
INFO:  late_risk Accuracy: 72.49% val_time = 1762587919.78
INFO:  day_for_shipping Accuracy: 0.00% val_time = 1762587919.78
INFO:  on_time Accuracy: 76.30% val_time = 1762587919.78
INFO:  --------------------------------------------------
INFO:  TRAIN:epoch = 95/6000 classification_loss = 0.00000 train_time = 0.10
INFO:  ----------
INFO:  late_risk Accuracy: 72.49% val_time = 1762587919.89
INFO:  day_for_shipping Accuracy: 0.00% val_time = 1762587919.89
INFO:  on_time Accuracy: 76.30% val_time = 1762587919.89
INFO:  --------------------------------------------------
INFO:  TRAIN:epoch = 96/6000 classification_loss = 0.00000 train_time = 0.10
INFO:  ----------
INFO:  late_risk Accuracy: 72.49% val_time = 1762587920.01
INFO:  day_for_shipping Accuracy: 0.00% val_time = 1762587920.01
INFO:  on_time Accuracy: 76.30% val_time = 1762587920.01
INFO:  --------------------------------------------------
INFO:  TRAIN:epoch = 97/6000 classification_loss = 0.00000 train_time = 0.10
INFO:  ----------
INFO:  late_risk Accuracy: 72.49% val_time = 1762587920.13
INFO:  day_for_shipping Accuracy: 0.00% val_time = 1762587920.13
INFO:  on_time Accuracy: 76.30% val_time = 1762587920.13
INFO:  --------------------------------------------------
INFO:  TRAIN:epoch = 98/6000 classification_loss = 0.00000 train_time = 0.10
INFO:  ----------
INFO:  late_risk Accuracy: 72.49% val_time = 1762587920.24
INFO:  day_for_shipping Accuracy: 0.00% val_time = 1762587920.24
INFO:  on_time Accuracy: 76.30% val_time = 1762587920.24
INFO:  --------------------------------------------------
INFO:  TRAIN:epoch = 99/6000 classification_loss = 0.00000 train_time = 0.10
INFO:  ----------
INFO:  late_risk Accuracy: 72.49% val_time = 1762587920.36
INFO:  day_for_shipping Accuracy: 0.00% val_time = 1762587920.36
INFO:  on_time Accuracy: 76.30% val_time = 1762587920.36
INFO:  --------------------------------------------------
INFO:  TRAIN:epoch = 100/6000 classification_loss = 0.00000 train_time = 0.22
INFO:  ----------
INFO:  late_risk Accuracy: 72.49% val_time = 1762587920.60
INFO:  day_for_shipping Accuracy: 0.00% val_time = 1762587920.60
INFO:  on_time Accuracy: 76.30% val_time = 1762587920.60
INFO:  --------------------------------------------------
INFO:  TRAIN:epoch = 101/6000 classification_loss = 0.00000 train_time = 0.10
INFO:  ----------
INFO:  late_risk Accuracy: 72.49% val_time = 1762587920.71
INFO:  day_for_shipping Accuracy: 0.00% val_time = 1762587920.71
INFO:  on_time Accuracy: 76.30% val_time = 1762587920.71
INFO:  --------------------------------------------------
INFO:  TRAIN:epoch = 102/6000 classification_loss = 0.00000 train_time = 0.10
INFO:  ----------
INFO:  late_risk Accuracy: 72.49% val_time = 1762587920.83
INFO:  day_for_shipping Accuracy: 0.00% val_time = 1762587920.83
INFO:  on_time Accuracy: 76.30% val_time = 1762587920.83
INFO:  simulator training stage cost time: 13.228641271591187
INFO:  best_acc1 0.7249466950959488
INFO:  best_acc2 0.0007107320540156361
INFO:  best_acc3 0.7629708599857854
INFO:  best_overall_accuracy 0.49620942904524995
