INFO:  --------------------------------Een Init----------------------------------
INFO:  Code will run in cuda:0
INFO:  --------------------------------Dataset Init------------------------------
INFO:  --------------------------------Model Init--------------------------------
INFO:  --------------------------------Session Init------------------------------
INFO:  ------------------------------------ Main --------------------------------
INFO:  --------------------------------------------------
INFO:  TRAIN:epoch = 0/6000 classification_loss = 0.00000 train_time = 0.47
INFO:  ----------
INFO:  late_risk Accuracy: 0.00% val_time = 1762661199.21
INFO:  day_for_shipping Accuracy: 2.49% val_time = 1762661199.21
INFO:  on_time Accuracy: 23.70% val_time = 1762661199.21
INFO:  ----------
INFO:  best_overall_accuracy: 8.73% 
INFO:  --------------------------------------------------
INFO:  TRAIN:epoch = 1/6000 classification_loss = 0.00000 train_time = 0.08
INFO:  ----------
INFO:  late_risk Accuracy: 50.78% val_time = 1762661199.31
INFO:  day_for_shipping Accuracy: 2.99% val_time = 1762661199.31
INFO:  on_time Accuracy: 76.30% val_time = 1762661199.31
INFO:  ----------
INFO:  best_overall_accuracy: 43.35% 
INFO:  --------------------------------------------------
INFO:  TRAIN:epoch = 2/6000 classification_loss = 0.00000 train_time = 0.08
INFO:  ----------
INFO:  late_risk Accuracy: 50.78% val_time = 1762661199.40
INFO:  day_for_shipping Accuracy: 2.99% val_time = 1762661199.40
INFO:  on_time Accuracy: 76.30% val_time = 1762661199.40
INFO:  --------------------------------------------------
INFO:  TRAIN:epoch = 3/6000 classification_loss = 0.00000 train_time = 0.08
INFO:  ----------
INFO:  late_risk Accuracy: 50.78% val_time = 1762661199.49
INFO:  day_for_shipping Accuracy: 2.99% val_time = 1762661199.49
INFO:  on_time Accuracy: 76.30% val_time = 1762661199.49
INFO:  --------------------------------------------------
INFO:  TRAIN:epoch = 4/6000 classification_loss = 0.00000 train_time = 0.08
INFO:  ----------
INFO:  late_risk Accuracy: 50.78% val_time = 1762661199.58
INFO:  day_for_shipping Accuracy: 0.00% val_time = 1762661199.58
INFO:  on_time Accuracy: 0.00% val_time = 1762661199.58
INFO:  --------------------------------------------------
INFO:  TRAIN:epoch = 5/6000 classification_loss = 0.00000 train_time = 0.08
INFO:  ----------
INFO:  late_risk Accuracy: 0.00% val_time = 1762661199.67
INFO:  day_for_shipping Accuracy: 0.00% val_time = 1762661199.67
INFO:  on_time Accuracy: 0.00% val_time = 1762661199.67
INFO:  --------------------------------------------------
INFO:  TRAIN:epoch = 6/6000 classification_loss = 0.00000 train_time = 0.08
INFO:  ----------
INFO:  late_risk Accuracy: 0.00% val_time = 1762661199.77
INFO:  day_for_shipping Accuracy: 0.04% val_time = 1762661199.77
INFO:  on_time Accuracy: 0.00% val_time = 1762661199.77
INFO:  --------------------------------------------------
INFO:  TRAIN:epoch = 7/6000 classification_loss = 0.00000 train_time = 0.19
INFO:  ----------
INFO:  late_risk Accuracy: 0.00% val_time = 1762661199.96
INFO:  day_for_shipping Accuracy: 0.00% val_time = 1762661199.96
INFO:  on_time Accuracy: 0.00% val_time = 1762661199.96
INFO:  --------------------------------------------------
INFO:  TRAIN:epoch = 8/6000 classification_loss = 0.00000 train_time = 0.08
INFO:  ----------
INFO:  late_risk Accuracy: 0.00% val_time = 1762661200.06
INFO:  day_for_shipping Accuracy: 0.07% val_time = 1762661200.06
INFO:  on_time Accuracy: 0.00% val_time = 1762661200.06
INFO:  --------------------------------------------------
INFO:  TRAIN:epoch = 9/6000 classification_loss = 0.00000 train_time = 0.08
INFO:  ----------
INFO:  late_risk Accuracy: 49.22% val_time = 1762661200.15
INFO:  day_for_shipping Accuracy: 2.49% val_time = 1762661200.15
INFO:  on_time Accuracy: 23.70% val_time = 1762661200.15
INFO:  --------------------------------------------------
INFO:  TRAIN:epoch = 10/6000 classification_loss = 0.00000 train_time = 0.08
INFO:  ----------
INFO:  late_risk Accuracy: 50.78% val_time = 1762661200.24
INFO:  day_for_shipping Accuracy: 2.99% val_time = 1762661200.24
INFO:  on_time Accuracy: 76.30% val_time = 1762661200.24
INFO:  --------------------------------------------------
INFO:  TRAIN:epoch = 11/6000 classification_loss = 0.00000 train_time = 0.08
INFO:  ----------
INFO:  late_risk Accuracy: 49.22% val_time = 1762661200.33
INFO:  day_for_shipping Accuracy: 2.49% val_time = 1762661200.33
INFO:  on_time Accuracy: 23.70% val_time = 1762661200.33
INFO:  --------------------------------------------------
INFO:  TRAIN:epoch = 12/6000 classification_loss = 0.00000 train_time = 0.08
INFO:  ----------
INFO:  late_risk Accuracy: 49.22% val_time = 1762661200.42
INFO:  day_for_shipping Accuracy: 2.49% val_time = 1762661200.42
INFO:  on_time Accuracy: 23.70% val_time = 1762661200.42
INFO:  --------------------------------------------------
INFO:  TRAIN:epoch = 13/6000 classification_loss = 0.00000 train_time = 0.08
INFO:  ----------
INFO:  late_risk Accuracy: 50.78% val_time = 1762661200.52
INFO:  day_for_shipping Accuracy: 0.04% val_time = 1762661200.52
INFO:  on_time Accuracy: 0.00% val_time = 1762661200.52
INFO:  --------------------------------------------------
INFO:  TRAIN:epoch = 14/6000 classification_loss = 0.00000 train_time = 0.08
INFO:  ----------
INFO:  late_risk Accuracy: 49.22% val_time = 1762661200.61
INFO:  day_for_shipping Accuracy: 2.49% val_time = 1762661200.61
INFO:  on_time Accuracy: 23.70% val_time = 1762661200.61
INFO:  --------------------------------------------------
INFO:  TRAIN:epoch = 15/6000 classification_loss = 0.00000 train_time = 0.08
INFO:  ----------
INFO:  late_risk Accuracy: 50.78% val_time = 1762661200.70
INFO:  day_for_shipping Accuracy: 0.00% val_time = 1762661200.70
INFO:  on_time Accuracy: 0.00% val_time = 1762661200.70
INFO:  --------------------------------------------------
INFO:  TRAIN:epoch = 16/6000 classification_loss = 0.00000 train_time = 0.08
INFO:  ----------
INFO:  late_risk Accuracy: 49.22% val_time = 1762661200.79
INFO:  day_for_shipping Accuracy: 2.99% val_time = 1762661200.79
INFO:  on_time Accuracy: 76.30% val_time = 1762661200.79
INFO:  --------------------------------------------------
INFO:  TRAIN:epoch = 17/6000 classification_loss = 0.00000 train_time = 0.08
INFO:  ----------
INFO:  late_risk Accuracy: 50.78% val_time = 1762661200.89
INFO:  day_for_shipping Accuracy: 0.00% val_time = 1762661200.89
INFO:  on_time Accuracy: 0.00% val_time = 1762661200.89
INFO:  --------------------------------------------------
INFO:  TRAIN:epoch = 18/6000 classification_loss = 0.00000 train_time = 0.08
INFO:  ----------
INFO:  late_risk Accuracy: 50.78% val_time = 1762661200.98
INFO:  day_for_shipping Accuracy: 2.99% val_time = 1762661200.98
INFO:  on_time Accuracy: 76.30% val_time = 1762661200.98
INFO:  --------------------------------------------------
INFO:  TRAIN:epoch = 19/6000 classification_loss = 0.00000 train_time = 0.08
INFO:  ----------
INFO:  late_risk Accuracy: 49.22% val_time = 1762661201.07
INFO:  day_for_shipping Accuracy: 2.99% val_time = 1762661201.07
INFO:  on_time Accuracy: 76.30% val_time = 1762661201.07
INFO:  --------------------------------------------------
INFO:  TRAIN:epoch = 20/6000 classification_loss = 0.00000 train_time = 0.08
INFO:  ----------
INFO:  late_risk Accuracy: 50.78% val_time = 1762661201.17
INFO:  day_for_shipping Accuracy: 2.99% val_time = 1762661201.17
INFO:  on_time Accuracy: 76.30% val_time = 1762661201.17
INFO:  --------------------------------------------------
INFO:  TRAIN:epoch = 21/6000 classification_loss = 0.00000 train_time = 0.08
INFO:  ----------
INFO:  late_risk Accuracy: 50.78% val_time = 1762661201.26
INFO:  day_for_shipping Accuracy: 2.99% val_time = 1762661201.26
INFO:  on_time Accuracy: 76.30% val_time = 1762661201.26
INFO:  --------------------------------------------------
INFO:  TRAIN:epoch = 22/6000 classification_loss = 0.00000 train_time = 0.08
INFO:  ----------
INFO:  late_risk Accuracy: 50.78% val_time = 1762661201.35
INFO:  day_for_shipping Accuracy: 2.99% val_time = 1762661201.35
INFO:  on_time Accuracy: 76.30% val_time = 1762661201.35
INFO:  --------------------------------------------------
INFO:  TRAIN:epoch = 23/6000 classification_loss = 0.00000 train_time = 0.18
INFO:  ----------
INFO:  late_risk Accuracy: 49.22% val_time = 1762661201.54
INFO:  day_for_shipping Accuracy: 2.99% val_time = 1762661201.54
INFO:  on_time Accuracy: 76.30% val_time = 1762661201.54
INFO:  --------------------------------------------------
INFO:  TRAIN:epoch = 24/6000 classification_loss = 0.00000 train_time = 0.08
INFO:  ----------
INFO:  late_risk Accuracy: 49.22% val_time = 1762661201.63
INFO:  day_for_shipping Accuracy: 2.99% val_time = 1762661201.63
INFO:  on_time Accuracy: 76.30% val_time = 1762661201.63
INFO:  --------------------------------------------------
INFO:  TRAIN:epoch = 25/6000 classification_loss = 0.00000 train_time = 0.08
INFO:  ----------
INFO:  late_risk Accuracy: 66.88% val_time = 1762661201.72
INFO:  day_for_shipping Accuracy: 2.99% val_time = 1762661201.72
INFO:  on_time Accuracy: 76.30% val_time = 1762661201.72
INFO:  ----------
INFO:  best_overall_accuracy: 48.72% 
INFO:  --------------------------------------------------
INFO:  TRAIN:epoch = 26/6000 classification_loss = 0.00000 train_time = 0.08
INFO:  ----------
INFO:  late_risk Accuracy: 66.88% val_time = 1762661201.82
INFO:  day_for_shipping Accuracy: 2.88% val_time = 1762661201.82
INFO:  on_time Accuracy: 76.30% val_time = 1762661201.82
INFO:  --------------------------------------------------
INFO:  TRAIN:epoch = 27/6000 classification_loss = 0.00000 train_time = 0.08
INFO:  ----------
INFO:  late_risk Accuracy: 72.49% val_time = 1762661201.91
INFO:  day_for_shipping Accuracy: 2.88% val_time = 1762661201.91
INFO:  on_time Accuracy: 76.30% val_time = 1762661201.91
INFO:  ----------
INFO:  best_overall_accuracy: 50.56% 
INFO:  --------------------------------------------------
INFO:  TRAIN:epoch = 28/6000 classification_loss = 0.00000 train_time = 0.08
INFO:  ----------
INFO:  late_risk Accuracy: 72.49% val_time = 1762661202.00
INFO:  day_for_shipping Accuracy: 2.59% val_time = 1762661202.00
INFO:  on_time Accuracy: 76.30% val_time = 1762661202.00
INFO:  --------------------------------------------------
INFO:  TRAIN:epoch = 29/6000 classification_loss = 0.00000 train_time = 0.08
INFO:  ----------
INFO:  late_risk Accuracy: 72.49% val_time = 1762661202.09
INFO:  day_for_shipping Accuracy: 2.59% val_time = 1762661202.09
INFO:  on_time Accuracy: 76.30% val_time = 1762661202.09
INFO:  --------------------------------------------------
INFO:  TRAIN:epoch = 30/6000 classification_loss = 0.00000 train_time = 0.08
INFO:  ----------
INFO:  late_risk Accuracy: 72.49% val_time = 1762661202.18
INFO:  day_for_shipping Accuracy: 2.88% val_time = 1762661202.18
INFO:  on_time Accuracy: 76.30% val_time = 1762661202.18
INFO:  --------------------------------------------------
INFO:  TRAIN:epoch = 31/6000 classification_loss = 0.00000 train_time = 0.08
INFO:  ----------
INFO:  late_risk Accuracy: 72.49% val_time = 1762661202.28
INFO:  day_for_shipping Accuracy: 2.63% val_time = 1762661202.28
INFO:  on_time Accuracy: 76.30% val_time = 1762661202.28
INFO:  --------------------------------------------------
INFO:  TRAIN:epoch = 32/6000 classification_loss = 0.00000 train_time = 0.08
INFO:  ----------
INFO:  late_risk Accuracy: 72.49% val_time = 1762661202.37
INFO:  day_for_shipping Accuracy: 2.88% val_time = 1762661202.37
INFO:  on_time Accuracy: 69.12% val_time = 1762661202.37
INFO:  --------------------------------------------------
INFO:  TRAIN:epoch = 33/6000 classification_loss = 0.00000 train_time = 0.08
INFO:  ----------
INFO:  late_risk Accuracy: 72.49% val_time = 1762661202.46
INFO:  day_for_shipping Accuracy: 2.88% val_time = 1762661202.46
INFO:  on_time Accuracy: 76.30% val_time = 1762661202.46
INFO:  --------------------------------------------------
INFO:  TRAIN:epoch = 34/6000 classification_loss = 0.00000 train_time = 0.08
INFO:  ----------
INFO:  late_risk Accuracy: 72.49% val_time = 1762661202.56
INFO:  day_for_shipping Accuracy: 0.00% val_time = 1762661202.56
INFO:  on_time Accuracy: 76.30% val_time = 1762661202.56
INFO:  --------------------------------------------------
INFO:  TRAIN:epoch = 35/6000 classification_loss = 0.00000 train_time = 0.08
INFO:  ----------
INFO:  late_risk Accuracy: 72.49% val_time = 1762661202.65
INFO:  day_for_shipping Accuracy: 0.07% val_time = 1762661202.65
INFO:  on_time Accuracy: 76.30% val_time = 1762661202.65
INFO:  --------------------------------------------------
INFO:  TRAIN:epoch = 36/6000 classification_loss = 0.00000 train_time = 0.08
INFO:  ----------
INFO:  late_risk Accuracy: 72.49% val_time = 1762661202.74
INFO:  day_for_shipping Accuracy: 0.00% val_time = 1762661202.74
INFO:  on_time Accuracy: 76.30% val_time = 1762661202.74
INFO:  --------------------------------------------------
INFO:  TRAIN:epoch = 37/6000 classification_loss = 0.00000 train_time = 0.08
INFO:  ----------
INFO:  late_risk Accuracy: 72.49% val_time = 1762661202.84
INFO:  day_for_shipping Accuracy: 0.00% val_time = 1762661202.84
INFO:  on_time Accuracy: 76.30% val_time = 1762661202.84
INFO:  --------------------------------------------------
INFO:  TRAIN:epoch = 38/6000 classification_loss = 0.00000 train_time = 0.08
INFO:  ----------
INFO:  late_risk Accuracy: 72.49% val_time = 1762661202.93
INFO:  day_for_shipping Accuracy: 0.00% val_time = 1762661202.93
INFO:  on_time Accuracy: 76.30% val_time = 1762661202.93
INFO:  --------------------------------------------------
INFO:  TRAIN:epoch = 39/6000 classification_loss = 0.00000 train_time = 0.18
INFO:  ----------
INFO:  late_risk Accuracy: 72.49% val_time = 1762661203.13
INFO:  day_for_shipping Accuracy: 0.07% val_time = 1762661203.13
INFO:  on_time Accuracy: 76.30% val_time = 1762661203.13
INFO:  --------------------------------------------------
INFO:  TRAIN:epoch = 40/6000 classification_loss = 0.00000 train_time = 0.08
INFO:  ----------
INFO:  late_risk Accuracy: 72.49% val_time = 1762661203.22
INFO:  day_for_shipping Accuracy: 0.04% val_time = 1762661203.22
INFO:  on_time Accuracy: 76.30% val_time = 1762661203.22
INFO:  --------------------------------------------------
INFO:  TRAIN:epoch = 41/6000 classification_loss = 0.00000 train_time = 0.08
INFO:  ----------
INFO:  late_risk Accuracy: 72.49% val_time = 1762661203.32
INFO:  day_for_shipping Accuracy: 0.11% val_time = 1762661203.32
INFO:  on_time Accuracy: 76.30% val_time = 1762661203.32
INFO:  --------------------------------------------------
INFO:  TRAIN:epoch = 42/6000 classification_loss = 0.00000 train_time = 0.08
INFO:  ----------
INFO:  late_risk Accuracy: 72.49% val_time = 1762661203.41
INFO:  day_for_shipping Accuracy: 0.04% val_time = 1762661203.41
INFO:  on_time Accuracy: 76.30% val_time = 1762661203.41
INFO:  --------------------------------------------------
INFO:  TRAIN:epoch = 43/6000 classification_loss = 0.00000 train_time = 0.08
INFO:  ----------
INFO:  late_risk Accuracy: 72.49% val_time = 1762661203.51
INFO:  day_for_shipping Accuracy: 0.04% val_time = 1762661203.51
INFO:  on_time Accuracy: 76.30% val_time = 1762661203.51
INFO:  --------------------------------------------------
INFO:  TRAIN:epoch = 44/6000 classification_loss = 0.00000 train_time = 0.08
INFO:  ----------
INFO:  late_risk Accuracy: 72.49% val_time = 1762661203.60
INFO:  day_for_shipping Accuracy: 0.00% val_time = 1762661203.60
INFO:  on_time Accuracy: 76.30% val_time = 1762661203.60
INFO:  --------------------------------------------------
INFO:  TRAIN:epoch = 45/6000 classification_loss = 0.00000 train_time = 0.08
INFO:  ----------
INFO:  late_risk Accuracy: 72.49% val_time = 1762661203.69
INFO:  day_for_shipping Accuracy: 0.04% val_time = 1762661203.69
INFO:  on_time Accuracy: 76.30% val_time = 1762661203.69
INFO:  --------------------------------------------------
INFO:  TRAIN:epoch = 46/6000 classification_loss = 0.00000 train_time = 0.08
INFO:  ----------
INFO:  late_risk Accuracy: 72.49% val_time = 1762661203.78
INFO:  day_for_shipping Accuracy: 0.00% val_time = 1762661203.78
INFO:  on_time Accuracy: 76.30% val_time = 1762661203.78
INFO:  --------------------------------------------------
INFO:  TRAIN:epoch = 47/6000 classification_loss = 0.00000 train_time = 0.08
INFO:  ----------
INFO:  late_risk Accuracy: 72.49% val_time = 1762661203.88
INFO:  day_for_shipping Accuracy: 0.04% val_time = 1762661203.88
INFO:  on_time Accuracy: 76.30% val_time = 1762661203.88
INFO:  --------------------------------------------------
INFO:  TRAIN:epoch = 48/6000 classification_loss = 0.00000 train_time = 0.08
INFO:  ----------
INFO:  late_risk Accuracy: 72.49% val_time = 1762661203.97
INFO:  day_for_shipping Accuracy: 0.00% val_time = 1762661203.97
INFO:  on_time Accuracy: 76.30% val_time = 1762661203.97
INFO:  --------------------------------------------------
INFO:  TRAIN:epoch = 49/6000 classification_loss = 0.00000 train_time = 0.08
INFO:  ----------
INFO:  late_risk Accuracy: 66.88% val_time = 1762661204.06
INFO:  day_for_shipping Accuracy: 0.18% val_time = 1762661204.06
INFO:  on_time Accuracy: 76.30% val_time = 1762661204.06
INFO:  --------------------------------------------------
INFO:  TRAIN:epoch = 50/6000 classification_loss = 0.00000 train_time = 0.08
INFO:  ----------
INFO:  late_risk Accuracy: 72.49% val_time = 1762661204.15
INFO:  day_for_shipping Accuracy: 0.11% val_time = 1762661204.15
INFO:  on_time Accuracy: 76.30% val_time = 1762661204.15
INFO:  --------------------------------------------------
INFO:  TRAIN:epoch = 51/6000 classification_loss = 0.00000 train_time = 0.08
INFO:  ----------
INFO:  late_risk Accuracy: 72.49% val_time = 1762661204.25
INFO:  day_for_shipping Accuracy: 0.18% val_time = 1762661204.25
INFO:  on_time Accuracy: 76.30% val_time = 1762661204.25
INFO:  --------------------------------------------------
INFO:  TRAIN:epoch = 52/6000 classification_loss = 0.00000 train_time = 0.08
INFO:  ----------
INFO:  late_risk Accuracy: 72.49% val_time = 1762661204.34
INFO:  day_for_shipping Accuracy: 0.00% val_time = 1762661204.34
INFO:  on_time Accuracy: 76.30% val_time = 1762661204.34
INFO:  --------------------------------------------------
INFO:  TRAIN:epoch = 53/6000 classification_loss = 0.00000 train_time = 0.08
INFO:  ----------
INFO:  late_risk Accuracy: 49.22% val_time = 1762661204.43
INFO:  day_for_shipping Accuracy: 0.00% val_time = 1762661204.43
INFO:  on_time Accuracy: 59.99% val_time = 1762661204.43
INFO:  --------------------------------------------------
INFO:  TRAIN:epoch = 54/6000 classification_loss = 0.00000 train_time = 0.18
INFO:  ----------
INFO:  late_risk Accuracy: 72.49% val_time = 1762661204.62
INFO:  day_for_shipping Accuracy: 0.00% val_time = 1762661204.62
INFO:  on_time Accuracy: 76.30% val_time = 1762661204.62
INFO:  --------------------------------------------------
INFO:  TRAIN:epoch = 55/6000 classification_loss = 0.00000 train_time = 0.08
INFO:  ----------
INFO:  late_risk Accuracy: 72.49% val_time = 1762661204.72
INFO:  day_for_shipping Accuracy: 0.00% val_time = 1762661204.72
INFO:  on_time Accuracy: 76.30% val_time = 1762661204.72
INFO:  --------------------------------------------------
INFO:  TRAIN:epoch = 56/6000 classification_loss = 0.00000 train_time = 0.08
INFO:  ----------
INFO:  late_risk Accuracy: 72.49% val_time = 1762661204.81
INFO:  day_for_shipping Accuracy: 0.00% val_time = 1762661204.81
INFO:  on_time Accuracy: 76.30% val_time = 1762661204.81
INFO:  --------------------------------------------------
INFO:  TRAIN:epoch = 57/6000 classification_loss = 0.00000 train_time = 0.08
INFO:  ----------
INFO:  late_risk Accuracy: 72.49% val_time = 1762661204.90
INFO:  day_for_shipping Accuracy: 0.00% val_time = 1762661204.90
INFO:  on_time Accuracy: 76.30% val_time = 1762661204.90
INFO:  --------------------------------------------------
INFO:  TRAIN:epoch = 58/6000 classification_loss = 0.00000 train_time = 0.08
INFO:  ----------
INFO:  late_risk Accuracy: 72.49% val_time = 1762661204.99
INFO:  day_for_shipping Accuracy: 0.00% val_time = 1762661204.99
INFO:  on_time Accuracy: 76.30% val_time = 1762661204.99
INFO:  --------------------------------------------------
INFO:  TRAIN:epoch = 59/6000 classification_loss = 0.00000 train_time = 0.08
INFO:  ----------
INFO:  late_risk Accuracy: 72.49% val_time = 1762661205.08
INFO:  day_for_shipping Accuracy: 0.04% val_time = 1762661205.08
INFO:  on_time Accuracy: 76.30% val_time = 1762661205.08
INFO:  --------------------------------------------------
INFO:  TRAIN:epoch = 60/6000 classification_loss = 0.00000 train_time = 0.08
INFO:  ----------
INFO:  late_risk Accuracy: 72.49% val_time = 1762661205.18
INFO:  day_for_shipping Accuracy: 0.04% val_time = 1762661205.18
INFO:  on_time Accuracy: 76.30% val_time = 1762661205.18
INFO:  --------------------------------------------------
INFO:  TRAIN:epoch = 61/6000 classification_loss = 0.00000 train_time = 0.08
INFO:  ----------
INFO:  late_risk Accuracy: 72.49% val_time = 1762661205.27
INFO:  day_for_shipping Accuracy: 0.04% val_time = 1762661205.27
INFO:  on_time Accuracy: 76.30% val_time = 1762661205.27
INFO:  --------------------------------------------------
INFO:  TRAIN:epoch = 62/6000 classification_loss = 0.00000 train_time = 0.08
INFO:  ----------
INFO:  late_risk Accuracy: 72.49% val_time = 1762661205.37
INFO:  day_for_shipping Accuracy: 0.04% val_time = 1762661205.37
INFO:  on_time Accuracy: 76.30% val_time = 1762661205.37
INFO:  --------------------------------------------------
INFO:  TRAIN:epoch = 63/6000 classification_loss = 0.00000 train_time = 0.08
INFO:  ----------
INFO:  late_risk Accuracy: 72.49% val_time = 1762661205.46
INFO:  day_for_shipping Accuracy: 0.00% val_time = 1762661205.46
INFO:  on_time Accuracy: 76.30% val_time = 1762661205.46
INFO:  --------------------------------------------------
INFO:  TRAIN:epoch = 64/6000 classification_loss = 0.00000 train_time = 0.08
INFO:  ----------
INFO:  late_risk Accuracy: 72.49% val_time = 1762661205.55
INFO:  day_for_shipping Accuracy: 0.00% val_time = 1762661205.55
INFO:  on_time Accuracy: 76.30% val_time = 1762661205.55
INFO:  --------------------------------------------------
INFO:  TRAIN:epoch = 65/6000 classification_loss = 0.00000 train_time = 0.08
INFO:  ----------
INFO:  late_risk Accuracy: 72.49% val_time = 1762661205.64
INFO:  day_for_shipping Accuracy: 0.00% val_time = 1762661205.64
INFO:  on_time Accuracy: 76.30% val_time = 1762661205.64
INFO:  --------------------------------------------------
INFO:  TRAIN:epoch = 66/6000 classification_loss = 0.00000 train_time = 0.08
INFO:  ----------
INFO:  late_risk Accuracy: 72.49% val_time = 1762661205.74
INFO:  day_for_shipping Accuracy: 0.00% val_time = 1762661205.74
INFO:  on_time Accuracy: 76.30% val_time = 1762661205.74
INFO:  --------------------------------------------------
INFO:  TRAIN:epoch = 67/6000 classification_loss = 0.00000 train_time = 0.08
INFO:  ----------
INFO:  late_risk Accuracy: 72.49% val_time = 1762661205.83
INFO:  day_for_shipping Accuracy: 0.04% val_time = 1762661205.83
INFO:  on_time Accuracy: 76.30% val_time = 1762661205.83
INFO:  --------------------------------------------------
INFO:  TRAIN:epoch = 68/6000 classification_loss = 0.00000 train_time = 0.08
INFO:  ----------
INFO:  late_risk Accuracy: 72.49% val_time = 1762661205.92
INFO:  day_for_shipping Accuracy: 0.04% val_time = 1762661205.92
INFO:  on_time Accuracy: 76.30% val_time = 1762661205.92
INFO:  --------------------------------------------------
INFO:  TRAIN:epoch = 69/6000 classification_loss = 0.00000 train_time = 0.18
INFO:  ----------
INFO:  late_risk Accuracy: 72.49% val_time = 1762661206.11
INFO:  day_for_shipping Accuracy: 0.04% val_time = 1762661206.11
INFO:  on_time Accuracy: 76.30% val_time = 1762661206.11
INFO:  --------------------------------------------------
INFO:  TRAIN:epoch = 70/6000 classification_loss = 0.00000 train_time = 0.08
INFO:  ----------
INFO:  late_risk Accuracy: 72.49% val_time = 1762661206.21
INFO:  day_for_shipping Accuracy: 0.00% val_time = 1762661206.21
INFO:  on_time Accuracy: 76.30% val_time = 1762661206.21
INFO:  --------------------------------------------------
INFO:  TRAIN:epoch = 71/6000 classification_loss = 0.00000 train_time = 0.08
INFO:  ----------
INFO:  late_risk Accuracy: 72.49% val_time = 1762661206.30
INFO:  day_for_shipping Accuracy: 0.00% val_time = 1762661206.30
INFO:  on_time Accuracy: 76.30% val_time = 1762661206.30
INFO:  --------------------------------------------------
INFO:  TRAIN:epoch = 72/6000 classification_loss = 0.00000 train_time = 0.08
INFO:  ----------
INFO:  late_risk Accuracy: 72.49% val_time = 1762661206.39
INFO:  day_for_shipping Accuracy: 0.00% val_time = 1762661206.39
INFO:  on_time Accuracy: 76.30% val_time = 1762661206.39
INFO:  --------------------------------------------------
INFO:  TRAIN:epoch = 73/6000 classification_loss = 0.00000 train_time = 0.08
INFO:  ----------
INFO:  late_risk Accuracy: 72.49% val_time = 1762661206.48
INFO:  day_for_shipping Accuracy: 0.00% val_time = 1762661206.48
INFO:  on_time Accuracy: 76.30% val_time = 1762661206.48
INFO:  --------------------------------------------------
INFO:  TRAIN:epoch = 74/6000 classification_loss = 0.00000 train_time = 0.08
INFO:  ----------
INFO:  late_risk Accuracy: 72.49% val_time = 1762661206.57
INFO:  day_for_shipping Accuracy: 0.00% val_time = 1762661206.57
INFO:  on_time Accuracy: 76.30% val_time = 1762661206.57
INFO:  --------------------------------------------------
INFO:  TRAIN:epoch = 75/6000 classification_loss = 0.00000 train_time = 0.08
INFO:  ----------
INFO:  late_risk Accuracy: 72.49% val_time = 1762661206.67
INFO:  day_for_shipping Accuracy: 2.06% val_time = 1762661206.67
INFO:  on_time Accuracy: 76.30% val_time = 1762661206.67
INFO:  --------------------------------------------------
INFO:  TRAIN:epoch = 76/6000 classification_loss = 0.00000 train_time = 0.08
INFO:  ----------
INFO:  late_risk Accuracy: 72.49% val_time = 1762661206.76
INFO:  day_for_shipping Accuracy: 0.43% val_time = 1762661206.76
INFO:  on_time Accuracy: 76.30% val_time = 1762661206.76
INFO:  --------------------------------------------------
INFO:  TRAIN:epoch = 77/6000 classification_loss = 0.00000 train_time = 0.08
INFO:  ----------
INFO:  late_risk Accuracy: 72.49% val_time = 1762661206.85
INFO:  day_for_shipping Accuracy: 2.06% val_time = 1762661206.85
INFO:  on_time Accuracy: 76.30% val_time = 1762661206.85
INFO:  --------------------------------------------------
INFO:  TRAIN:epoch = 78/6000 classification_loss = 0.00000 train_time = 0.08
INFO:  ----------
INFO:  late_risk Accuracy: 72.49% val_time = 1762661206.94
INFO:  day_for_shipping Accuracy: 2.13% val_time = 1762661206.94
INFO:  on_time Accuracy: 76.30% val_time = 1762661206.94
INFO:  simulator training stage cost time: 8.222447872161865
INFO:  best_acc1 0.7249466950959488
INFO:  best_acc2 0.028784648187633263
INFO:  best_acc3 0.7629708599857854
INFO:  best_overall_accuracy 0.5055674010897891
