INFO:  --------------------------------Een Init----------------------------------
INFO:  Code will run in cuda:0
INFO:  --------------------------------Dataset Init------------------------------
INFO:  --------------------------------Model Init--------------------------------
INFO:  --------------------------------Session Init------------------------------
INFO:  ------------------------------------ Main --------------------------------
INFO:  --------------------------------------------------
INFO:  TRAIN:epoch = 0/6000 classification_loss = 0.00000 train_time = 0.52
INFO:  ----------
INFO:  late_risk Accuracy: 0.00% val_time = 1762588098.94
INFO:  day_for_shipping Accuracy: 2.49% val_time = 1762588098.94
INFO:  on_time Accuracy: 23.70% val_time = 1762588098.94
INFO:  ----------
INFO:  best_overall_accuracy: 8.73% 
INFO:  --------------------------------------------------
INFO:  TRAIN:epoch = 1/6000 classification_loss = 0.00000 train_time = 0.10
INFO:  ----------
INFO:  late_risk Accuracy: 50.78% val_time = 1762588099.05
INFO:  day_for_shipping Accuracy: 2.99% val_time = 1762588099.05
INFO:  on_time Accuracy: 76.30% val_time = 1762588099.05
INFO:  ----------
INFO:  best_overall_accuracy: 43.35% 
INFO:  --------------------------------------------------
INFO:  TRAIN:epoch = 2/6000 classification_loss = 0.00000 train_time = 0.10
INFO:  ----------
INFO:  late_risk Accuracy: 50.78% val_time = 1762588099.16
INFO:  day_for_shipping Accuracy: 2.99% val_time = 1762588099.16
INFO:  on_time Accuracy: 76.30% val_time = 1762588099.16
INFO:  --------------------------------------------------
INFO:  TRAIN:epoch = 3/6000 classification_loss = 0.00000 train_time = 0.10
INFO:  ----------
INFO:  late_risk Accuracy: 50.78% val_time = 1762588099.27
INFO:  day_for_shipping Accuracy: 2.99% val_time = 1762588099.27
INFO:  on_time Accuracy: 76.30% val_time = 1762588099.27
INFO:  --------------------------------------------------
INFO:  TRAIN:epoch = 4/6000 classification_loss = 0.00000 train_time = 0.10
INFO:  ----------
INFO:  late_risk Accuracy: 0.00% val_time = 1762588099.38
INFO:  day_for_shipping Accuracy: 0.00% val_time = 1762588099.38
INFO:  on_time Accuracy: 0.00% val_time = 1762588099.38
INFO:  --------------------------------------------------
INFO:  TRAIN:epoch = 5/6000 classification_loss = 0.00000 train_time = 0.10
INFO:  ----------
INFO:  late_risk Accuracy: 0.00% val_time = 1762588099.49
INFO:  day_for_shipping Accuracy: 0.00% val_time = 1762588099.49
INFO:  on_time Accuracy: 0.00% val_time = 1762588099.49
INFO:  --------------------------------------------------
INFO:  TRAIN:epoch = 6/6000 classification_loss = 0.00000 train_time = 0.09
INFO:  ----------
INFO:  late_risk Accuracy: 0.00% val_time = 1762588099.60
INFO:  day_for_shipping Accuracy: 0.00% val_time = 1762588099.60
INFO:  on_time Accuracy: 0.00% val_time = 1762588099.60
INFO:  --------------------------------------------------
INFO:  TRAIN:epoch = 7/6000 classification_loss = 0.00000 train_time = 0.09
INFO:  ----------
INFO:  late_risk Accuracy: 49.22% val_time = 1762588099.71
INFO:  day_for_shipping Accuracy: 0.00% val_time = 1762588099.71
INFO:  on_time Accuracy: 0.00% val_time = 1762588099.71
INFO:  --------------------------------------------------
INFO:  TRAIN:epoch = 8/6000 classification_loss = 0.00000 train_time = 0.10
INFO:  ----------
INFO:  late_risk Accuracy: 50.78% val_time = 1762588099.82
INFO:  day_for_shipping Accuracy: 2.99% val_time = 1762588099.82
INFO:  on_time Accuracy: 76.30% val_time = 1762588099.82
INFO:  --------------------------------------------------
INFO:  TRAIN:epoch = 9/6000 classification_loss = 0.00000 train_time = 0.21
INFO:  ----------
INFO:  late_risk Accuracy: 49.22% val_time = 1762588100.04
INFO:  day_for_shipping Accuracy: 2.99% val_time = 1762588100.04
INFO:  on_time Accuracy: 76.30% val_time = 1762588100.04
INFO:  --------------------------------------------------
INFO:  TRAIN:epoch = 10/6000 classification_loss = 0.00000 train_time = 0.10
INFO:  ----------
INFO:  late_risk Accuracy: 49.22% val_time = 1762588100.15
INFO:  day_for_shipping Accuracy: 0.00% val_time = 1762588100.15
INFO:  on_time Accuracy: 0.00% val_time = 1762588100.15
INFO:  --------------------------------------------------
INFO:  TRAIN:epoch = 11/6000 classification_loss = 0.00000 train_time = 0.10
INFO:  ----------
INFO:  late_risk Accuracy: 49.22% val_time = 1762588100.26
INFO:  day_for_shipping Accuracy: 2.99% val_time = 1762588100.26
INFO:  on_time Accuracy: 76.30% val_time = 1762588100.26
INFO:  --------------------------------------------------
INFO:  TRAIN:epoch = 12/6000 classification_loss = 0.00000 train_time = 0.10
INFO:  ----------
INFO:  late_risk Accuracy: 50.78% val_time = 1762588100.37
INFO:  day_for_shipping Accuracy: 0.04% val_time = 1762588100.37
INFO:  on_time Accuracy: 0.00% val_time = 1762588100.37
INFO:  --------------------------------------------------
INFO:  TRAIN:epoch = 13/6000 classification_loss = 0.00000 train_time = 0.10
INFO:  ----------
INFO:  late_risk Accuracy: 50.78% val_time = 1762588100.48
INFO:  day_for_shipping Accuracy: 2.99% val_time = 1762588100.48
INFO:  on_time Accuracy: 76.30% val_time = 1762588100.48
INFO:  --------------------------------------------------
INFO:  TRAIN:epoch = 14/6000 classification_loss = 0.00000 train_time = 0.10
INFO:  ----------
INFO:  late_risk Accuracy: 50.78% val_time = 1762588100.59
INFO:  day_for_shipping Accuracy: 0.00% val_time = 1762588100.59
INFO:  on_time Accuracy: 0.00% val_time = 1762588100.59
INFO:  --------------------------------------------------
INFO:  TRAIN:epoch = 15/6000 classification_loss = 0.00000 train_time = 0.10
INFO:  ----------
INFO:  late_risk Accuracy: 50.78% val_time = 1762588100.70
INFO:  day_for_shipping Accuracy: 2.99% val_time = 1762588100.70
INFO:  on_time Accuracy: 76.30% val_time = 1762588100.70
INFO:  --------------------------------------------------
INFO:  TRAIN:epoch = 16/6000 classification_loss = 0.00000 train_time = 0.10
INFO:  ----------
INFO:  late_risk Accuracy: 50.78% val_time = 1762588100.81
INFO:  day_for_shipping Accuracy: 2.99% val_time = 1762588100.81
INFO:  on_time Accuracy: 76.30% val_time = 1762588100.81
INFO:  --------------------------------------------------
INFO:  TRAIN:epoch = 17/6000 classification_loss = 0.00000 train_time = 0.10
INFO:  ----------
INFO:  late_risk Accuracy: 50.78% val_time = 1762588100.92
INFO:  day_for_shipping Accuracy: 2.99% val_time = 1762588100.92
INFO:  on_time Accuracy: 76.30% val_time = 1762588100.92
INFO:  --------------------------------------------------
INFO:  TRAIN:epoch = 18/6000 classification_loss = 0.00000 train_time = 0.10
INFO:  ----------
INFO:  late_risk Accuracy: 50.78% val_time = 1762588101.03
INFO:  day_for_shipping Accuracy: 0.00% val_time = 1762588101.03
INFO:  on_time Accuracy: 76.30% val_time = 1762588101.03
INFO:  --------------------------------------------------
INFO:  TRAIN:epoch = 19/6000 classification_loss = 0.00000 train_time = 0.10
INFO:  ----------
INFO:  late_risk Accuracy: 50.78% val_time = 1762588101.14
INFO:  day_for_shipping Accuracy: 0.00% val_time = 1762588101.14
INFO:  on_time Accuracy: 76.30% val_time = 1762588101.14
INFO:  --------------------------------------------------
INFO:  TRAIN:epoch = 20/6000 classification_loss = 0.00000 train_time = 0.10
INFO:  ----------
INFO:  late_risk Accuracy: 68.05% val_time = 1762588101.25
INFO:  day_for_shipping Accuracy: 0.00% val_time = 1762588101.25
INFO:  on_time Accuracy: 76.30% val_time = 1762588101.25
INFO:  ----------
INFO:  best_overall_accuracy: 48.12% 
INFO:  --------------------------------------------------
INFO:  TRAIN:epoch = 21/6000 classification_loss = 0.00000 train_time = 0.10
INFO:  ----------
INFO:  late_risk Accuracy: 55.19% val_time = 1762588101.36
INFO:  day_for_shipping Accuracy: 0.00% val_time = 1762588101.36
INFO:  on_time Accuracy: 76.30% val_time = 1762588101.36
INFO:  --------------------------------------------------
INFO:  TRAIN:epoch = 22/6000 classification_loss = 0.00000 train_time = 0.10
INFO:  ----------
INFO:  late_risk Accuracy: 49.22% val_time = 1762588101.47
INFO:  day_for_shipping Accuracy: 0.00% val_time = 1762588101.47
INFO:  on_time Accuracy: 76.30% val_time = 1762588101.47
INFO:  --------------------------------------------------
INFO:  TRAIN:epoch = 23/6000 classification_loss = 0.00000 train_time = 0.10
INFO:  ----------
INFO:  late_risk Accuracy: 66.88% val_time = 1762588101.59
INFO:  day_for_shipping Accuracy: 0.04% val_time = 1762588101.59
INFO:  on_time Accuracy: 76.30% val_time = 1762588101.59
INFO:  --------------------------------------------------
INFO:  TRAIN:epoch = 24/6000 classification_loss = 0.00000 train_time = 0.21
INFO:  ----------
INFO:  late_risk Accuracy: 72.49% val_time = 1762588101.80
INFO:  day_for_shipping Accuracy: 0.00% val_time = 1762588101.80
INFO:  on_time Accuracy: 76.30% val_time = 1762588101.80
INFO:  ----------
INFO:  best_overall_accuracy: 49.60% 
INFO:  --------------------------------------------------
INFO:  TRAIN:epoch = 25/6000 classification_loss = 0.00000 train_time = 0.10
INFO:  ----------
INFO:  late_risk Accuracy: 72.49% val_time = 1762588101.91
INFO:  day_for_shipping Accuracy: 0.00% val_time = 1762588101.91
INFO:  on_time Accuracy: 76.30% val_time = 1762588101.91
INFO:  --------------------------------------------------
INFO:  TRAIN:epoch = 26/6000 classification_loss = 0.00000 train_time = 0.10
INFO:  ----------
INFO:  late_risk Accuracy: 72.49% val_time = 1762588102.02
INFO:  day_for_shipping Accuracy: 0.00% val_time = 1762588102.02
INFO:  on_time Accuracy: 76.30% val_time = 1762588102.02
INFO:  --------------------------------------------------
INFO:  TRAIN:epoch = 27/6000 classification_loss = 0.00000 train_time = 0.10
INFO:  ----------
INFO:  late_risk Accuracy: 72.49% val_time = 1762588102.13
INFO:  day_for_shipping Accuracy: 0.00% val_time = 1762588102.13
INFO:  on_time Accuracy: 76.30% val_time = 1762588102.13
INFO:  --------------------------------------------------
INFO:  TRAIN:epoch = 28/6000 classification_loss = 0.00000 train_time = 0.10
INFO:  ----------
INFO:  late_risk Accuracy: 72.49% val_time = 1762588102.24
INFO:  day_for_shipping Accuracy: 0.00% val_time = 1762588102.24
INFO:  on_time Accuracy: 76.30% val_time = 1762588102.24
INFO:  --------------------------------------------------
INFO:  TRAIN:epoch = 29/6000 classification_loss = 0.00000 train_time = 0.10
INFO:  ----------
INFO:  late_risk Accuracy: 72.49% val_time = 1762588102.35
INFO:  day_for_shipping Accuracy: 0.00% val_time = 1762588102.35
INFO:  on_time Accuracy: 76.30% val_time = 1762588102.35
INFO:  --------------------------------------------------
INFO:  TRAIN:epoch = 30/6000 classification_loss = 0.00000 train_time = 0.10
INFO:  ----------
INFO:  late_risk Accuracy: 72.49% val_time = 1762588102.46
INFO:  day_for_shipping Accuracy: 6.82% val_time = 1762588102.46
INFO:  on_time Accuracy: 76.30% val_time = 1762588102.46
INFO:  ----------
INFO:  best_overall_accuracy: 51.87% 
INFO:  --------------------------------------------------
INFO:  TRAIN:epoch = 31/6000 classification_loss = 0.00000 train_time = 0.10
INFO:  ----------
INFO:  late_risk Accuracy: 72.49% val_time = 1762588102.58
INFO:  day_for_shipping Accuracy: 0.04% val_time = 1762588102.58
INFO:  on_time Accuracy: 76.30% val_time = 1762588102.58
INFO:  --------------------------------------------------
INFO:  TRAIN:epoch = 32/6000 classification_loss = 0.00000 train_time = 0.10
INFO:  ----------
INFO:  late_risk Accuracy: 72.49% val_time = 1762588102.69
INFO:  day_for_shipping Accuracy: 0.00% val_time = 1762588102.69
INFO:  on_time Accuracy: 76.30% val_time = 1762588102.69
INFO:  --------------------------------------------------
INFO:  TRAIN:epoch = 33/6000 classification_loss = 0.00000 train_time = 0.10
INFO:  ----------
INFO:  late_risk Accuracy: 66.88% val_time = 1762588102.80
INFO:  day_for_shipping Accuracy: 0.00% val_time = 1762588102.80
INFO:  on_time Accuracy: 76.30% val_time = 1762588102.80
INFO:  --------------------------------------------------
INFO:  TRAIN:epoch = 34/6000 classification_loss = 0.00000 train_time = 0.10
INFO:  ----------
INFO:  late_risk Accuracy: 66.88% val_time = 1762588102.91
INFO:  day_for_shipping Accuracy: 0.04% val_time = 1762588102.91
INFO:  on_time Accuracy: 76.30% val_time = 1762588102.91
INFO:  --------------------------------------------------
INFO:  TRAIN:epoch = 35/6000 classification_loss = 0.00000 train_time = 0.10
INFO:  ----------
INFO:  late_risk Accuracy: 66.88% val_time = 1762588103.02
INFO:  day_for_shipping Accuracy: 0.00% val_time = 1762588103.02
INFO:  on_time Accuracy: 76.30% val_time = 1762588103.02
INFO:  --------------------------------------------------
INFO:  TRAIN:epoch = 36/6000 classification_loss = 0.00000 train_time = 0.10
INFO:  ----------
INFO:  late_risk Accuracy: 66.88% val_time = 1762588103.13
INFO:  day_for_shipping Accuracy: 0.00% val_time = 1762588103.13
INFO:  on_time Accuracy: 76.30% val_time = 1762588103.13
INFO:  --------------------------------------------------
INFO:  TRAIN:epoch = 37/6000 classification_loss = 0.00000 train_time = 0.10
INFO:  ----------
INFO:  late_risk Accuracy: 72.49% val_time = 1762588103.24
INFO:  day_for_shipping Accuracy: 0.00% val_time = 1762588103.24
INFO:  on_time Accuracy: 76.30% val_time = 1762588103.24
INFO:  --------------------------------------------------
INFO:  TRAIN:epoch = 38/6000 classification_loss = 0.00000 train_time = 0.20
INFO:  ----------
INFO:  late_risk Accuracy: 72.49% val_time = 1762588103.46
INFO:  day_for_shipping Accuracy: 0.07% val_time = 1762588103.46
INFO:  on_time Accuracy: 76.30% val_time = 1762588103.46
INFO:  --------------------------------------------------
INFO:  TRAIN:epoch = 39/6000 classification_loss = 0.00000 train_time = 0.10
INFO:  ----------
INFO:  late_risk Accuracy: 66.88% val_time = 1762588103.57
INFO:  day_for_shipping Accuracy: 0.00% val_time = 1762588103.57
INFO:  on_time Accuracy: 76.30% val_time = 1762588103.57
INFO:  --------------------------------------------------
INFO:  TRAIN:epoch = 40/6000 classification_loss = 0.00000 train_time = 0.10
INFO:  ----------
INFO:  late_risk Accuracy: 66.88% val_time = 1762588103.68
INFO:  day_for_shipping Accuracy: 0.07% val_time = 1762588103.68
INFO:  on_time Accuracy: 76.30% val_time = 1762588103.68
INFO:  --------------------------------------------------
INFO:  TRAIN:epoch = 41/6000 classification_loss = 0.00000 train_time = 0.10
INFO:  ----------
INFO:  late_risk Accuracy: 66.88% val_time = 1762588103.79
INFO:  day_for_shipping Accuracy: 0.00% val_time = 1762588103.79
INFO:  on_time Accuracy: 76.30% val_time = 1762588103.79
INFO:  --------------------------------------------------
INFO:  TRAIN:epoch = 42/6000 classification_loss = 0.00000 train_time = 0.10
INFO:  ----------
INFO:  late_risk Accuracy: 72.49% val_time = 1762588103.90
INFO:  day_for_shipping Accuracy: 0.00% val_time = 1762588103.90
INFO:  on_time Accuracy: 76.30% val_time = 1762588103.90
INFO:  --------------------------------------------------
INFO:  TRAIN:epoch = 43/6000 classification_loss = 0.00000 train_time = 0.10
INFO:  ----------
INFO:  late_risk Accuracy: 72.49% val_time = 1762588104.01
INFO:  day_for_shipping Accuracy: 0.00% val_time = 1762588104.01
INFO:  on_time Accuracy: 76.30% val_time = 1762588104.01
INFO:  --------------------------------------------------
INFO:  TRAIN:epoch = 44/6000 classification_loss = 0.00000 train_time = 0.10
INFO:  ----------
INFO:  late_risk Accuracy: 72.49% val_time = 1762588104.13
INFO:  day_for_shipping Accuracy: 0.00% val_time = 1762588104.13
INFO:  on_time Accuracy: 76.30% val_time = 1762588104.13
INFO:  --------------------------------------------------
INFO:  TRAIN:epoch = 45/6000 classification_loss = 0.00000 train_time = 0.10
INFO:  ----------
INFO:  late_risk Accuracy: 66.88% val_time = 1762588104.24
INFO:  day_for_shipping Accuracy: 0.07% val_time = 1762588104.24
INFO:  on_time Accuracy: 76.30% val_time = 1762588104.24
INFO:  --------------------------------------------------
INFO:  TRAIN:epoch = 46/6000 classification_loss = 0.00000 train_time = 0.10
INFO:  ----------
INFO:  late_risk Accuracy: 66.88% val_time = 1762588104.35
INFO:  day_for_shipping Accuracy: 0.00% val_time = 1762588104.35
INFO:  on_time Accuracy: 76.30% val_time = 1762588104.35
INFO:  --------------------------------------------------
INFO:  TRAIN:epoch = 47/6000 classification_loss = 0.00000 train_time = 0.10
INFO:  ----------
INFO:  late_risk Accuracy: 66.88% val_time = 1762588104.46
INFO:  day_for_shipping Accuracy: 0.04% val_time = 1762588104.46
INFO:  on_time Accuracy: 76.30% val_time = 1762588104.46
INFO:  --------------------------------------------------
INFO:  TRAIN:epoch = 48/6000 classification_loss = 0.00000 train_time = 0.10
INFO:  ----------
INFO:  late_risk Accuracy: 72.49% val_time = 1762588104.57
INFO:  day_for_shipping Accuracy: 0.00% val_time = 1762588104.57
INFO:  on_time Accuracy: 76.30% val_time = 1762588104.57
INFO:  --------------------------------------------------
INFO:  TRAIN:epoch = 49/6000 classification_loss = 0.00000 train_time = 0.10
INFO:  ----------
INFO:  late_risk Accuracy: 49.22% val_time = 1762588104.68
INFO:  day_for_shipping Accuracy: 0.04% val_time = 1762588104.68
INFO:  on_time Accuracy: 76.30% val_time = 1762588104.68
INFO:  --------------------------------------------------
INFO:  TRAIN:epoch = 50/6000 classification_loss = 0.00000 train_time = 0.10
INFO:  ----------
INFO:  late_risk Accuracy: 49.22% val_time = 1762588104.79
INFO:  day_for_shipping Accuracy: 0.11% val_time = 1762588104.79
INFO:  on_time Accuracy: 76.30% val_time = 1762588104.79
INFO:  --------------------------------------------------
INFO:  TRAIN:epoch = 51/6000 classification_loss = 0.00000 train_time = 0.10
INFO:  ----------
INFO:  late_risk Accuracy: 66.88% val_time = 1762588104.90
INFO:  day_for_shipping Accuracy: 0.11% val_time = 1762588104.90
INFO:  on_time Accuracy: 76.30% val_time = 1762588104.90
INFO:  --------------------------------------------------
INFO:  TRAIN:epoch = 52/6000 classification_loss = 0.00000 train_time = 0.10
INFO:  ----------
INFO:  late_risk Accuracy: 66.88% val_time = 1762588105.01
INFO:  day_for_shipping Accuracy: 0.00% val_time = 1762588105.01
INFO:  on_time Accuracy: 76.30% val_time = 1762588105.01
INFO:  --------------------------------------------------
INFO:  TRAIN:epoch = 53/6000 classification_loss = 0.00000 train_time = 0.20
INFO:  ----------
INFO:  late_risk Accuracy: 66.88% val_time = 1762588105.23
INFO:  day_for_shipping Accuracy: 0.00% val_time = 1762588105.23
INFO:  on_time Accuracy: 76.30% val_time = 1762588105.23
INFO:  --------------------------------------------------
INFO:  TRAIN:epoch = 54/6000 classification_loss = 0.00000 train_time = 0.10
INFO:  ----------
INFO:  late_risk Accuracy: 72.49% val_time = 1762588105.34
INFO:  day_for_shipping Accuracy: 0.04% val_time = 1762588105.34
INFO:  on_time Accuracy: 76.30% val_time = 1762588105.34
INFO:  --------------------------------------------------
INFO:  TRAIN:epoch = 55/6000 classification_loss = 0.00000 train_time = 0.10
INFO:  ----------
INFO:  late_risk Accuracy: 49.22% val_time = 1762588105.45
INFO:  day_for_shipping Accuracy: 0.04% val_time = 1762588105.45
INFO:  on_time Accuracy: 76.30% val_time = 1762588105.45
INFO:  --------------------------------------------------
INFO:  TRAIN:epoch = 56/6000 classification_loss = 0.00000 train_time = 0.10
INFO:  ----------
INFO:  late_risk Accuracy: 72.49% val_time = 1762588105.56
INFO:  day_for_shipping Accuracy: 0.04% val_time = 1762588105.56
INFO:  on_time Accuracy: 76.30% val_time = 1762588105.56
INFO:  --------------------------------------------------
INFO:  TRAIN:epoch = 57/6000 classification_loss = 0.00000 train_time = 0.10
INFO:  ----------
INFO:  late_risk Accuracy: 66.88% val_time = 1762588105.67
INFO:  day_for_shipping Accuracy: 0.00% val_time = 1762588105.67
INFO:  on_time Accuracy: 76.30% val_time = 1762588105.67
INFO:  --------------------------------------------------
INFO:  TRAIN:epoch = 58/6000 classification_loss = 0.00000 train_time = 0.10
INFO:  ----------
INFO:  late_risk Accuracy: 66.88% val_time = 1762588105.78
INFO:  day_for_shipping Accuracy: 0.00% val_time = 1762588105.78
INFO:  on_time Accuracy: 76.30% val_time = 1762588105.78
INFO:  --------------------------------------------------
INFO:  TRAIN:epoch = 59/6000 classification_loss = 0.00000 train_time = 0.10
INFO:  ----------
INFO:  late_risk Accuracy: 66.88% val_time = 1762588105.89
INFO:  day_for_shipping Accuracy: 2.06% val_time = 1762588105.89
INFO:  on_time Accuracy: 76.30% val_time = 1762588105.89
INFO:  --------------------------------------------------
INFO:  TRAIN:epoch = 60/6000 classification_loss = 0.00000 train_time = 0.10
INFO:  ----------
INFO:  late_risk Accuracy: 72.49% val_time = 1762588106.00
INFO:  day_for_shipping Accuracy: 2.06% val_time = 1762588106.00
INFO:  on_time Accuracy: 76.30% val_time = 1762588106.00
INFO:  --------------------------------------------------
INFO:  TRAIN:epoch = 61/6000 classification_loss = 0.00000 train_time = 0.10
INFO:  ----------
INFO:  late_risk Accuracy: 69.55% val_time = 1762588106.11
INFO:  day_for_shipping Accuracy: 2.06% val_time = 1762588106.11
INFO:  on_time Accuracy: 76.30% val_time = 1762588106.11
INFO:  --------------------------------------------------
INFO:  TRAIN:epoch = 62/6000 classification_loss = 0.00000 train_time = 0.10
INFO:  ----------
INFO:  late_risk Accuracy: 72.49% val_time = 1762588106.22
INFO:  day_for_shipping Accuracy: 2.06% val_time = 1762588106.22
INFO:  on_time Accuracy: 76.30% val_time = 1762588106.22
INFO:  --------------------------------------------------
INFO:  TRAIN:epoch = 63/6000 classification_loss = 0.00000 train_time = 0.10
INFO:  ----------
INFO:  late_risk Accuracy: 66.88% val_time = 1762588106.33
INFO:  day_for_shipping Accuracy: 2.06% val_time = 1762588106.33
INFO:  on_time Accuracy: 76.30% val_time = 1762588106.33
INFO:  --------------------------------------------------
INFO:  TRAIN:epoch = 64/6000 classification_loss = 0.00000 train_time = 0.10
INFO:  ----------
INFO:  late_risk Accuracy: 66.88% val_time = 1762588106.44
INFO:  day_for_shipping Accuracy: 2.06% val_time = 1762588106.44
INFO:  on_time Accuracy: 76.30% val_time = 1762588106.44
INFO:  --------------------------------------------------
INFO:  TRAIN:epoch = 65/6000 classification_loss = 0.00000 train_time = 0.10
INFO:  ----------
INFO:  late_risk Accuracy: 66.88% val_time = 1762588106.55
INFO:  day_for_shipping Accuracy: 2.06% val_time = 1762588106.55
INFO:  on_time Accuracy: 76.30% val_time = 1762588106.55
INFO:  --------------------------------------------------
INFO:  TRAIN:epoch = 66/6000 classification_loss = 0.00000 train_time = 0.10
INFO:  ----------
INFO:  late_risk Accuracy: 72.49% val_time = 1762588106.66
INFO:  day_for_shipping Accuracy: 2.06% val_time = 1762588106.66
INFO:  on_time Accuracy: 76.30% val_time = 1762588106.66
INFO:  --------------------------------------------------
INFO:  TRAIN:epoch = 67/6000 classification_loss = 0.00000 train_time = 0.10
INFO:  ----------
INFO:  late_risk Accuracy: 72.49% val_time = 1762588106.77
INFO:  day_for_shipping Accuracy: 0.04% val_time = 1762588106.77
INFO:  on_time Accuracy: 76.30% val_time = 1762588106.77
INFO:  --------------------------------------------------
INFO:  TRAIN:epoch = 68/6000 classification_loss = 0.00000 train_time = 0.20
INFO:  ----------
INFO:  late_risk Accuracy: 72.49% val_time = 1762588106.99
INFO:  day_for_shipping Accuracy: 2.10% val_time = 1762588106.99
INFO:  on_time Accuracy: 76.30% val_time = 1762588106.99
INFO:  --------------------------------------------------
INFO:  TRAIN:epoch = 69/6000 classification_loss = 0.00000 train_time = 0.10
INFO:  ----------
INFO:  late_risk Accuracy: 66.88% val_time = 1762588107.10
INFO:  day_for_shipping Accuracy: 0.04% val_time = 1762588107.10
INFO:  on_time Accuracy: 76.30% val_time = 1762588107.10
INFO:  --------------------------------------------------
INFO:  TRAIN:epoch = 70/6000 classification_loss = 0.00000 train_time = 0.10
INFO:  ----------
INFO:  late_risk Accuracy: 66.88% val_time = 1762588107.21
INFO:  day_for_shipping Accuracy: 2.10% val_time = 1762588107.21
INFO:  on_time Accuracy: 76.30% val_time = 1762588107.21
INFO:  --------------------------------------------------
INFO:  TRAIN:epoch = 71/6000 classification_loss = 0.00000 train_time = 0.10
INFO:  ----------
INFO:  late_risk Accuracy: 66.88% val_time = 1762588107.32
INFO:  day_for_shipping Accuracy: 2.06% val_time = 1762588107.32
INFO:  on_time Accuracy: 76.30% val_time = 1762588107.32
INFO:  --------------------------------------------------
INFO:  TRAIN:epoch = 72/6000 classification_loss = 0.00000 train_time = 0.10
INFO:  ----------
INFO:  late_risk Accuracy: 72.49% val_time = 1762588107.44
INFO:  day_for_shipping Accuracy: 2.10% val_time = 1762588107.44
INFO:  on_time Accuracy: 76.30% val_time = 1762588107.44
INFO:  --------------------------------------------------
INFO:  TRAIN:epoch = 73/6000 classification_loss = 0.00000 train_time = 0.10
INFO:  ----------
INFO:  late_risk Accuracy: 72.49% val_time = 1762588107.55
INFO:  day_for_shipping Accuracy: 2.10% val_time = 1762588107.55
INFO:  on_time Accuracy: 76.30% val_time = 1762588107.55
INFO:  --------------------------------------------------
INFO:  TRAIN:epoch = 74/6000 classification_loss = 0.00000 train_time = 0.10
INFO:  ----------
INFO:  late_risk Accuracy: 72.49% val_time = 1762588107.66
INFO:  day_for_shipping Accuracy: 2.13% val_time = 1762588107.66
INFO:  on_time Accuracy: 76.30% val_time = 1762588107.66
INFO:  --------------------------------------------------
INFO:  TRAIN:epoch = 75/6000 classification_loss = 0.00000 train_time = 0.10
INFO:  ----------
INFO:  late_risk Accuracy: 72.39% val_time = 1762588107.77
INFO:  day_for_shipping Accuracy: 0.07% val_time = 1762588107.77
INFO:  on_time Accuracy: 76.30% val_time = 1762588107.77
INFO:  --------------------------------------------------
INFO:  TRAIN:epoch = 76/6000 classification_loss = 0.00000 train_time = 0.10
INFO:  ----------
INFO:  late_risk Accuracy: 66.88% val_time = 1762588107.88
INFO:  day_for_shipping Accuracy: 2.13% val_time = 1762588107.88
INFO:  on_time Accuracy: 76.30% val_time = 1762588107.88
INFO:  --------------------------------------------------
INFO:  TRAIN:epoch = 77/6000 classification_loss = 0.00000 train_time = 0.10
INFO:  ----------
INFO:  late_risk Accuracy: 66.88% val_time = 1762588107.99
INFO:  day_for_shipping Accuracy: 0.07% val_time = 1762588107.99
INFO:  on_time Accuracy: 76.30% val_time = 1762588107.99
INFO:  --------------------------------------------------
INFO:  TRAIN:epoch = 78/6000 classification_loss = 0.00000 train_time = 0.10
INFO:  ----------
INFO:  late_risk Accuracy: 72.49% val_time = 1762588108.10
INFO:  day_for_shipping Accuracy: 2.10% val_time = 1762588108.10
INFO:  on_time Accuracy: 76.30% val_time = 1762588108.10
INFO:  --------------------------------------------------
INFO:  TRAIN:epoch = 79/6000 classification_loss = 0.00000 train_time = 0.10
INFO:  ----------
INFO:  late_risk Accuracy: 72.49% val_time = 1762588108.21
INFO:  day_for_shipping Accuracy: 2.13% val_time = 1762588108.21
INFO:  on_time Accuracy: 76.30% val_time = 1762588108.21
INFO:  --------------------------------------------------
INFO:  TRAIN:epoch = 80/6000 classification_loss = 0.00000 train_time = 0.10
INFO:  ----------
INFO:  late_risk Accuracy: 72.49% val_time = 1762588108.32
INFO:  day_for_shipping Accuracy: 2.13% val_time = 1762588108.32
INFO:  on_time Accuracy: 76.30% val_time = 1762588108.32
INFO:  --------------------------------------------------
INFO:  TRAIN:epoch = 81/6000 classification_loss = 0.00000 train_time = 0.10
INFO:  ----------
INFO:  late_risk Accuracy: 72.49% val_time = 1762588108.43
INFO:  day_for_shipping Accuracy: 2.13% val_time = 1762588108.43
INFO:  on_time Accuracy: 76.30% val_time = 1762588108.43
INFO:  simulator training stage cost time: 10.025944948196411
INFO:  best_acc1 0.7249466950959488
INFO:  best_acc2 0.06823027718550106
INFO:  best_acc3 0.7629708599857854
INFO:  best_overall_accuracy 0.5187159440890784
INFO:  --------------------------------------------------
INFO:  TRAIN:epoch = 0/6000 loss = 49.77519 profit_loss = 1.48952 late_loss = 3.47787 train_time = 1.41
INFO:  profit = 0.00000 on_time = 0.00000 mi_loss = 49.67390 ma_loss = 0.07593
INFO:  ----------
INFO:  avg_profit = 0.48141 on_time_ratio = 0.00000 overall = 0.48141 val_time = 0.20
INFO:  profit_min_percent_10 = 0.23413 profit_min_percent_20 = 0.36111 profit_min_percent_30 = 0.39550
INFO:  best_dm_accuracy: 0.48141 
INFO:  --------------------------------------------------
INFO:  TRAIN:epoch = 1/6000 loss = 49.44966 profit_loss = 1.46764 late_loss = 3.47518 train_time = 1.58
INFO:  profit = 0.00000 on_time = 0.00000 mi_loss = 49.42817 ma_loss = 0.04425
INFO:  ----------
INFO:  avg_profit = 0.47961 on_time_ratio = 0.00000 overall = 0.47961 val_time = 0.20
INFO:  profit_min_percent_10 = 0.23413 profit_min_percent_20 = 0.37302 profit_min_percent_30 = 0.43757
INFO:  --------------------------------------------------
INFO:  TRAIN:epoch = 2/6000 loss = 49.27929 profit_loss = 1.44030 late_loss = 3.46733 train_time = 1.36
INFO:  profit = 0.00000 on_time = 0.00000 mi_loss = 49.07627 ma_loss = 0.17853
INFO:  ----------
INFO:  avg_profit = 0.47982 on_time_ratio = 0.00000 overall = 0.47982 val_time = 0.21
INFO:  profit_min_percent_10 = 0.23413 profit_min_percent_20 = 0.37302 profit_min_percent_30 = 0.43757
INFO:  --------------------------------------------------
INFO:  TRAIN:epoch = 3/6000 loss = 49.02027 profit_loss = 1.41903 late_loss = 3.47057 train_time = 1.36
INFO:  profit = 0.00000 on_time = 0.00000 mi_loss = 48.89603 ma_loss = 0.25110
INFO:  ----------
INFO:  avg_profit = 0.47943 on_time_ratio = 0.00000 overall = 0.47943 val_time = 0.20
INFO:  profit_min_percent_10 = 0.23413 profit_min_percent_20 = 0.37302 profit_min_percent_30 = 0.43757
INFO:  --------------------------------------------------
INFO:  TRAIN:epoch = 4/6000 loss = 49.22187 profit_loss = 1.43812 late_loss = 3.46568 train_time = 1.35
INFO:  profit = 0.00000 on_time = 0.00000 mi_loss = 49.03798 ma_loss = 0.17098
INFO:  ----------
INFO:  avg_profit = 0.47960 on_time_ratio = 0.00000 overall = 0.47960 val_time = 0.21
INFO:  profit_min_percent_10 = 0.23413 profit_min_percent_20 = 0.37302 profit_min_percent_30 = 0.43757
INFO:  --------------------------------------------------
INFO:  TRAIN:epoch = 5/6000 loss = 48.91499 profit_loss = 1.44035 late_loss = 3.45195 train_time = 1.37
INFO:  profit = 0.00000 on_time = 0.00000 mi_loss = 48.92297 ma_loss = 0.10701
INFO:  ----------
INFO:  avg_profit = 0.47982 on_time_ratio = 0.00000 overall = 0.47982 val_time = 0.20
INFO:  profit_min_percent_10 = 0.23413 profit_min_percent_20 = 0.37302 profit_min_percent_30 = 0.43757
INFO:  --------------------------------------------------
INFO:  TRAIN:epoch = 6/6000 loss = 49.29085 profit_loss = 1.44398 late_loss = 3.48163 train_time = 1.35
INFO:  profit = 0.00000 on_time = 0.00000 mi_loss = 49.25610 ma_loss = 0.09267
INFO:  ----------
INFO:  avg_profit = 0.47979 on_time_ratio = 0.00000 overall = 0.47979 val_time = 0.32
INFO:  profit_min_percent_10 = 0.23413 profit_min_percent_20 = 0.37302 profit_min_percent_30 = 0.43757
INFO:  --------------------------------------------------
INFO:  TRAIN:epoch = 7/6000 loss = 49.18917 profit_loss = 1.43678 late_loss = 3.46483 train_time = 1.36
INFO:  profit = 0.00000 on_time = 0.00000 mi_loss = 49.01613 ma_loss = 0.10778
INFO:  ----------
INFO:  avg_profit = 0.48001 on_time_ratio = 0.00000 overall = 0.48001 val_time = 0.20
INFO:  profit_min_percent_10 = 0.23413 profit_min_percent_20 = 0.37302 profit_min_percent_30 = 0.43757
INFO:  --------------------------------------------------
INFO:  TRAIN:epoch = 8/6000 loss = 49.09721 profit_loss = 1.42402 late_loss = 3.46758 train_time = 1.35
INFO:  profit = 0.00000 on_time = 0.00000 mi_loss = 48.91597 ma_loss = 0.11432
INFO:  ----------
INFO:  avg_profit = 0.48026 on_time_ratio = 0.00000 overall = 0.48026 val_time = 0.20
INFO:  profit_min_percent_10 = 0.23413 profit_min_percent_20 = 0.37302 profit_min_percent_30 = 0.43757
INFO:  --------------------------------------------------
INFO:  TRAIN:epoch = 9/6000 loss = 48.62534 profit_loss = 1.41125 late_loss = 3.44214 train_time = 1.36
INFO:  profit = 0.00000 on_time = 0.00000 mi_loss = 48.53391 ma_loss = 0.09101
INFO:  ----------
INFO:  avg_profit = 0.48081 on_time_ratio = 0.00000 overall = 0.48081 val_time = 0.21
INFO:  profit_min_percent_10 = 0.23413 profit_min_percent_20 = 0.37302 profit_min_percent_30 = 0.43757
INFO:  --------------------------------------------------
INFO:  TRAIN:epoch = 10/6000 loss = 48.73077 profit_loss = 1.39997 late_loss = 3.46721 train_time = 1.36
INFO:  profit = 0.00000 on_time = 0.00000 mi_loss = 48.67175 ma_loss = 0.05704
INFO:  ----------
INFO:  avg_profit = 0.48080 on_time_ratio = 0.00000 overall = 0.48080 val_time = 0.21
INFO:  profit_min_percent_10 = 0.23413 profit_min_percent_20 = 0.37302 profit_min_percent_30 = 0.43757
INFO:  --------------------------------------------------
INFO:  TRAIN:epoch = 11/6000 loss = 48.39321 profit_loss = 1.38667 late_loss = 3.44355 train_time = 1.36
INFO:  profit = 0.00000 on_time = 0.00000 mi_loss = 48.30218 ma_loss = 0.03421
INFO:  ----------
INFO:  avg_profit = 0.48093 on_time_ratio = 0.00000 overall = 0.48093 val_time = 0.20
INFO:  profit_min_percent_10 = 0.23413 profit_min_percent_20 = 0.37302 profit_min_percent_30 = 0.43757
INFO:  --------------------------------------------------
INFO:  TRAIN:epoch = 12/6000 loss = 48.09851 profit_loss = 1.36008 late_loss = 3.44519 train_time = 1.36
INFO:  profit = 0.00000 on_time = 0.00000 mi_loss = 48.05267 ma_loss = 0.02390
INFO:  ----------
INFO:  avg_profit = 0.48085 on_time_ratio = 0.00000 overall = 0.48085 val_time = 0.21
INFO:  profit_min_percent_10 = 0.23413 profit_min_percent_20 = 0.37302 profit_min_percent_30 = 0.43757
INFO:  --------------------------------------------------
INFO:  TRAIN:epoch = 13/6000 loss = 47.90773 profit_loss = 1.35245 late_loss = 3.43960 train_time = 1.47
INFO:  profit = 0.00000 on_time = 0.00000 mi_loss = 47.92057 ma_loss = 0.01356
INFO:  ----------
INFO:  avg_profit = 0.48018 on_time_ratio = 0.00000 overall = 0.48018 val_time = 0.21
INFO:  profit_min_percent_10 = 0.23413 profit_min_percent_20 = 0.37302 profit_min_percent_30 = 0.43757
INFO:  --------------------------------------------------
INFO:  TRAIN:epoch = 14/6000 loss = 47.73555 profit_loss = 1.34321 late_loss = 3.42428 train_time = 1.36
INFO:  profit = 0.00000 on_time = 0.00000 mi_loss = 47.67489 ma_loss = 0.01183
INFO:  ----------
INFO:  avg_profit = 0.47989 on_time_ratio = 0.00000 overall = 0.47989 val_time = 0.20
INFO:  profit_min_percent_10 = 0.23413 profit_min_percent_20 = 0.37302 profit_min_percent_30 = 0.43757
INFO:  --------------------------------------------------
INFO:  TRAIN:epoch = 15/6000 loss = 47.55854 profit_loss = 1.33758 late_loss = 3.40873 train_time = 1.36
INFO:  profit = 0.00000 on_time = 0.00000 mi_loss = 47.46307 ma_loss = 0.00653
INFO:  ----------
INFO:  avg_profit = 0.47973 on_time_ratio = 0.00000 overall = 0.47973 val_time = 0.20
INFO:  profit_min_percent_10 = 0.23413 profit_min_percent_20 = 0.37302 profit_min_percent_30 = 0.43757
INFO:  --------------------------------------------------
INFO:  TRAIN:epoch = 16/6000 loss = 47.20199 profit_loss = 1.32281 late_loss = 3.39550 train_time = 1.36
INFO:  profit = 0.00000 on_time = 0.00000 mi_loss = 47.18311 ma_loss = 0.01125
INFO:  ----------
INFO:  avg_profit = 0.47965 on_time_ratio = 0.00000 overall = 0.47965 val_time = 0.21
INFO:  profit_min_percent_10 = 0.23413 profit_min_percent_20 = 0.37302 profit_min_percent_30 = 0.43757
INFO:  --------------------------------------------------
INFO:  TRAIN:epoch = 17/6000 loss = 47.20243 profit_loss = 1.31611 late_loss = 3.39593 train_time = 1.35
INFO:  profit = 0.00000 on_time = 0.00000 mi_loss = 47.12038 ma_loss = 0.00796
INFO:  ----------
INFO:  avg_profit = 0.47885 on_time_ratio = 0.00000 overall = 0.47885 val_time = 0.21
INFO:  profit_min_percent_10 = 0.23413 profit_min_percent_20 = 0.37302 profit_min_percent_30 = 0.43757
INFO:  --------------------------------------------------
INFO:  TRAIN:epoch = 18/6000 loss = 47.13289 profit_loss = 1.31251 late_loss = 3.39336 train_time = 1.35
INFO:  profit = 0.00000 on_time = 0.00000 mi_loss = 47.05871 ma_loss = 0.00758
INFO:  ----------
INFO:  avg_profit = 0.47910 on_time_ratio = 0.00000 overall = 0.47910 val_time = 0.21
INFO:  profit_min_percent_10 = 0.23413 profit_min_percent_20 = 0.37302 profit_min_percent_30 = 0.43757
INFO:  --------------------------------------------------
INFO:  TRAIN:epoch = 19/6000 loss = 47.15180 profit_loss = 1.30052 late_loss = 3.41148 train_time = 1.47
INFO:  profit = 0.00000 on_time = 0.00000 mi_loss = 47.12000 ma_loss = 0.01139
INFO:  ----------
INFO:  avg_profit = 0.47910 on_time_ratio = 0.00000 overall = 0.47910 val_time = 0.21
INFO:  profit_min_percent_10 = 0.23413 profit_min_percent_20 = 0.37302 profit_min_percent_30 = 0.43757
INFO:  --------------------------------------------------
INFO:  TRAIN:epoch = 20/6000 loss = 47.16713 profit_loss = 1.30381 late_loss = 3.41522 train_time = 1.36
INFO:  profit = 0.00000 on_time = 0.00000 mi_loss = 47.19027 ma_loss = 0.01349
INFO:  ----------
INFO:  avg_profit = 0.47910 on_time_ratio = 0.00000 overall = 0.47910 val_time = 0.20
INFO:  profit_min_percent_10 = 0.23413 profit_min_percent_20 = 0.37302 profit_min_percent_30 = 0.43757
INFO:  --------------------------------------------------
INFO:  TRAIN:epoch = 21/6000 loss = 47.01893 profit_loss = 1.29708 late_loss = 3.39970 train_time = 1.36
INFO:  profit = 0.00000 on_time = 0.00000 mi_loss = 46.96780 ma_loss = 0.00933
INFO:  ----------
INFO:  avg_profit = 0.47904 on_time_ratio = 0.00000 overall = 0.47904 val_time = 0.21
INFO:  profit_min_percent_10 = 0.23413 profit_min_percent_20 = 0.37302 profit_min_percent_30 = 0.43757
INFO:  --------------------------------------------------
INFO:  TRAIN:epoch = 22/6000 loss = 46.97340 profit_loss = 1.29437 late_loss = 3.40265 train_time = 1.36
INFO:  profit = 0.00000 on_time = 0.00000 mi_loss = 46.97023 ma_loss = 0.01194
INFO:  ----------
INFO:  avg_profit = 0.47919 on_time_ratio = 0.00000 overall = 0.47919 val_time = 0.21
INFO:  profit_min_percent_10 = 0.23413 profit_min_percent_20 = 0.37302 profit_min_percent_30 = 0.43757
INFO:  --------------------------------------------------
INFO:  TRAIN:epoch = 23/6000 loss = 47.08709 profit_loss = 1.30136 late_loss = 3.40653 train_time = 1.35
INFO:  profit = 0.00000 on_time = 0.00000 mi_loss = 47.07898 ma_loss = 0.00371
INFO:  ----------
INFO:  avg_profit = 0.47893 on_time_ratio = 0.00000 overall = 0.47893 val_time = 0.20
INFO:  profit_min_percent_10 = 0.23413 profit_min_percent_20 = 0.37302 profit_min_percent_30 = 0.43757
INFO:  --------------------------------------------------
INFO:  TRAIN:epoch = 24/6000 loss = 46.99647 profit_loss = 1.29781 late_loss = 3.39684 train_time = 1.35
INFO:  profit = 0.00000 on_time = 0.00000 mi_loss = 46.94648 ma_loss = 0.00515
INFO:  ----------
INFO:  avg_profit = 0.47903 on_time_ratio = 0.00000 overall = 0.47903 val_time = 0.21
INFO:  profit_min_percent_10 = 0.23413 profit_min_percent_20 = 0.37302 profit_min_percent_30 = 0.43757
INFO:  --------------------------------------------------
INFO:  TRAIN:epoch = 25/6000 loss = 46.86814 profit_loss = 1.29521 late_loss = 3.38609 train_time = 1.46
INFO:  profit = 0.00000 on_time = 0.00000 mi_loss = 46.81300 ma_loss = 0.00634
INFO:  ----------
INFO:  avg_profit = 0.47903 on_time_ratio = 0.00000 overall = 0.47903 val_time = 0.21
INFO:  profit_min_percent_10 = 0.23413 profit_min_percent_20 = 0.37302 profit_min_percent_30 = 0.43757
INFO:  --------------------------------------------------
INFO:  TRAIN:epoch = 26/6000 loss = 46.86564 profit_loss = 1.30148 late_loss = 3.38706 train_time = 1.36
INFO:  profit = 0.00000 on_time = 0.00000 mi_loss = 46.88544 ma_loss = 0.00468
INFO:  ----------
INFO:  avg_profit = 0.47887 on_time_ratio = 0.00000 overall = 0.47887 val_time = 0.20
INFO:  profit_min_percent_10 = 0.23413 profit_min_percent_20 = 0.37302 profit_min_percent_30 = 0.43757
INFO:  --------------------------------------------------
INFO:  TRAIN:epoch = 27/6000 loss = 47.00028 profit_loss = 1.29921 late_loss = 3.39685 train_time = 1.35
INFO:  profit = 0.00000 on_time = 0.00000 mi_loss = 46.96058 ma_loss = 0.00140
INFO:  ----------
INFO:  avg_profit = 0.47887 on_time_ratio = 0.00000 overall = 0.47887 val_time = 0.21
INFO:  profit_min_percent_10 = 0.23413 profit_min_percent_20 = 0.37302 profit_min_percent_30 = 0.43757
INFO:  --------------------------------------------------
INFO:  TRAIN:epoch = 28/6000 loss = 47.04805 profit_loss = 1.29788 late_loss = 3.40991 train_time = 1.37
INFO:  profit = 0.00000 on_time = 0.00000 mi_loss = 47.07786 ma_loss = 0.00115
INFO:  ----------
INFO:  avg_profit = 0.47887 on_time_ratio = 0.00000 overall = 0.47887 val_time = 0.21
INFO:  profit_min_percent_10 = 0.23413 profit_min_percent_20 = 0.37302 profit_min_percent_30 = 0.43757
INFO:  --------------------------------------------------
INFO:  TRAIN:epoch = 29/6000 loss = 46.98992 profit_loss = 1.29862 late_loss = 3.40163 train_time = 1.36
INFO:  profit = 0.00000 on_time = 0.00000 mi_loss = 47.00257 ma_loss = 0.00718
INFO:  ----------
INFO:  avg_profit = 0.47887 on_time_ratio = 0.00000 overall = 0.47887 val_time = 0.21
INFO:  profit_min_percent_10 = 0.23413 profit_min_percent_20 = 0.37302 profit_min_percent_30 = 0.43757
INFO:  --------------------------------------------------
INFO:  TRAIN:epoch = 30/6000 loss = 46.89981 profit_loss = 1.28858 late_loss = 3.39666 train_time = 1.37
INFO:  profit = 0.00000 on_time = 0.00000 mi_loss = 46.85239 ma_loss = 0.00704
INFO:  ----------
INFO:  avg_profit = 0.47893 on_time_ratio = 0.00000 overall = 0.47893 val_time = 0.20
INFO:  profit_min_percent_10 = 0.23413 profit_min_percent_20 = 0.37302 profit_min_percent_30 = 0.43757
INFO:  --------------------------------------------------
INFO:  TRAIN:epoch = 31/6000 loss = 46.82853 profit_loss = 1.29828 late_loss = 3.39279 train_time = 1.48
INFO:  profit = 0.00000 on_time = 0.00000 mi_loss = 46.91071 ma_loss = 0.00671
INFO:  ----------
INFO:  avg_profit = 0.47887 on_time_ratio = 0.00000 overall = 0.47887 val_time = 0.21
INFO:  profit_min_percent_10 = 0.23413 profit_min_percent_20 = 0.37302 profit_min_percent_30 = 0.43757
INFO:  --------------------------------------------------
INFO:  TRAIN:epoch = 32/6000 loss = 47.09967 profit_loss = 1.29591 late_loss = 3.41498 train_time = 1.36
INFO:  profit = 0.00000 on_time = 0.00000 mi_loss = 47.10888 ma_loss = 0.00876
INFO:  ----------
INFO:  avg_profit = 0.47887 on_time_ratio = 0.00000 overall = 0.47887 val_time = 0.20
INFO:  profit_min_percent_10 = 0.23413 profit_min_percent_20 = 0.37302 profit_min_percent_30 = 0.43757
INFO:  --------------------------------------------------
INFO:  TRAIN:epoch = 33/6000 loss = 46.80268 profit_loss = 1.28797 late_loss = 3.39912 train_time = 1.36
INFO:  profit = 0.00000 on_time = 0.00000 mi_loss = 46.87086 ma_loss = 0.01399
INFO:  ----------
INFO:  avg_profit = 0.47887 on_time_ratio = 0.00000 overall = 0.47887 val_time = 0.21
INFO:  profit_min_percent_10 = 0.23413 profit_min_percent_20 = 0.37302 profit_min_percent_30 = 0.43757
INFO:  --------------------------------------------------
INFO:  TRAIN:epoch = 34/6000 loss = 46.89829 profit_loss = 1.29639 late_loss = 3.38759 train_time = 1.35
INFO:  profit = 0.00000 on_time = 0.00000 mi_loss = 46.83973 ma_loss = 0.00862
INFO:  ----------
INFO:  avg_profit = 0.47893 on_time_ratio = 0.00000 overall = 0.47893 val_time = 0.21
INFO:  profit_min_percent_10 = 0.23413 profit_min_percent_20 = 0.37302 profit_min_percent_30 = 0.43757
INFO:  --------------------------------------------------
INFO:  TRAIN:epoch = 35/6000 loss = 46.77243 profit_loss = 1.29231 late_loss = 3.39029 train_time = 1.36
INFO:  profit = 0.00000 on_time = 0.00000 mi_loss = 46.82600 ma_loss = 0.00354
INFO:  ----------
INFO:  avg_profit = 0.47893 on_time_ratio = 0.00000 overall = 0.47893 val_time = 0.21
INFO:  profit_min_percent_10 = 0.23413 profit_min_percent_20 = 0.37302 profit_min_percent_30 = 0.43757
INFO:  --------------------------------------------------
INFO:  TRAIN:epoch = 36/6000 loss = 46.89656 profit_loss = 1.29087 late_loss = 3.39560 train_time = 1.36
INFO:  profit = 0.00000 on_time = 0.00000 mi_loss = 46.86473 ma_loss = 0.00837
INFO:  ----------
INFO:  avg_profit = 0.47893 on_time_ratio = 0.00000 overall = 0.47893 val_time = 0.21
INFO:  profit_min_percent_10 = 0.23413 profit_min_percent_20 = 0.37302 profit_min_percent_30 = 0.43757
INFO:  --------------------------------------------------
INFO:  TRAIN:epoch = 37/6000 loss = 46.85402 profit_loss = 1.29321 late_loss = 3.38395 train_time = 1.47
INFO:  profit = 0.00000 on_time = 0.00000 mi_loss = 46.77160 ma_loss = 0.00385
INFO:  ----------
INFO:  avg_profit = 0.47893 on_time_ratio = 0.00000 overall = 0.47893 val_time = 0.20
INFO:  profit_min_percent_10 = 0.23413 profit_min_percent_20 = 0.37302 profit_min_percent_30 = 0.43757
INFO:  --------------------------------------------------
INFO:  TRAIN:epoch = 38/6000 loss = 47.01937 profit_loss = 1.30115 late_loss = 3.40190 train_time = 1.35
INFO:  profit = 0.00000 on_time = 0.00000 mi_loss = 47.03049 ma_loss = 0.00256
INFO:  ----------
INFO:  avg_profit = 0.47887 on_time_ratio = 0.00000 overall = 0.47887 val_time = 0.21
INFO:  profit_min_percent_10 = 0.23413 profit_min_percent_20 = 0.37302 profit_min_percent_30 = 0.43757
INFO:  --------------------------------------------------
INFO:  TRAIN:epoch = 39/6000 loss = 46.90197 profit_loss = 1.29690 late_loss = 3.39130 train_time = 1.36
INFO:  profit = 0.00000 on_time = 0.00000 mi_loss = 46.88196 ma_loss = 0.02228
INFO:  ----------
INFO:  avg_profit = 0.47887 on_time_ratio = 0.00000 overall = 0.47887 val_time = 0.21
INFO:  profit_min_percent_10 = 0.23413 profit_min_percent_20 = 0.37302 profit_min_percent_30 = 0.43757
INFO:  --------------------------------------------------
INFO:  TRAIN:epoch = 40/6000 loss = 46.88854 profit_loss = 1.28999 late_loss = 3.39517 train_time = 1.37
INFO:  profit = 0.00000 on_time = 0.00000 mi_loss = 46.85159 ma_loss = 0.02777
INFO:  ----------
INFO:  avg_profit = 0.47887 on_time_ratio = 0.00000 overall = 0.47887 val_time = 0.21
INFO:  profit_min_percent_10 = 0.23413 profit_min_percent_20 = 0.37302 profit_min_percent_30 = 0.43757
INFO:  --------------------------------------------------
INFO:  TRAIN:epoch = 41/6000 loss = 47.01614 profit_loss = 1.29537 late_loss = 3.40624 train_time = 1.36
INFO:  profit = 0.00000 on_time = 0.00000 mi_loss = 47.01610 ma_loss = 0.01176
INFO:  ----------
INFO:  avg_profit = 0.47887 on_time_ratio = 0.00000 overall = 0.47887 val_time = 0.21
INFO:  profit_min_percent_10 = 0.23413 profit_min_percent_20 = 0.37302 profit_min_percent_30 = 0.43757
INFO:  --------------------------------------------------
INFO:  TRAIN:epoch = 42/6000 loss = 46.81245 profit_loss = 1.29348 late_loss = 3.38783 train_time = 1.36
INFO:  profit = 0.00000 on_time = 0.00000 mi_loss = 46.81310 ma_loss = 0.00808
INFO:  ----------
INFO:  avg_profit = 0.47887 on_time_ratio = 0.00000 overall = 0.47887 val_time = 0.21
INFO:  profit_min_percent_10 = 0.23413 profit_min_percent_20 = 0.37302 profit_min_percent_30 = 0.43757
INFO:  --------------------------------------------------
INFO:  TRAIN:epoch = 43/6000 loss = 46.81033 profit_loss = 1.28789 late_loss = 3.39534 train_time = 1.36
INFO:  profit = 0.00000 on_time = 0.00000 mi_loss = 46.83231 ma_loss = 0.01525
INFO:  ----------
INFO:  avg_profit = 0.47893 on_time_ratio = 0.00000 overall = 0.47893 val_time = 0.32
INFO:  profit_min_percent_10 = 0.23413 profit_min_percent_20 = 0.37302 profit_min_percent_30 = 0.43757
INFO:  --------------------------------------------------
INFO:  TRAIN:epoch = 44/6000 loss = 47.03349 profit_loss = 1.29012 late_loss = 3.40696 train_time = 1.35
INFO:  profit = 0.00000 on_time = 0.00000 mi_loss = 46.97082 ma_loss = 0.01733
INFO:  ----------
INFO:  avg_profit = 0.47893 on_time_ratio = 0.00000 overall = 0.47893 val_time = 0.21
INFO:  profit_min_percent_10 = 0.23413 profit_min_percent_20 = 0.37302 profit_min_percent_30 = 0.43757
INFO:  --------------------------------------------------
INFO:  TRAIN:epoch = 45/6000 loss = 46.88535 profit_loss = 1.29790 late_loss = 3.38590 train_time = 1.35
INFO:  profit = 0.00000 on_time = 0.00000 mi_loss = 46.83807 ma_loss = 0.01355
INFO:  ----------
INFO:  avg_profit = 0.47887 on_time_ratio = 0.00000 overall = 0.47887 val_time = 0.21
INFO:  profit_min_percent_10 = 0.23413 profit_min_percent_20 = 0.37302 profit_min_percent_30 = 0.43757
INFO:  --------------------------------------------------
INFO:  TRAIN:epoch = 46/6000 loss = 46.98930 profit_loss = 1.30101 late_loss = 3.39687 train_time = 1.36
INFO:  profit = 0.00000 on_time = 0.00000 mi_loss = 46.97879 ma_loss = 0.00972
INFO:  ----------
INFO:  avg_profit = 0.47893 on_time_ratio = 0.00000 overall = 0.47893 val_time = 0.21
INFO:  profit_min_percent_10 = 0.23413 profit_min_percent_20 = 0.37302 profit_min_percent_30 = 0.43757
INFO:  --------------------------------------------------
INFO:  TRAIN:epoch = 47/6000 loss = 46.89823 profit_loss = 1.29059 late_loss = 3.40209 train_time = 1.35
INFO:  profit = 0.00000 on_time = 0.00000 mi_loss = 46.92678 ma_loss = 0.01283
INFO:  ----------
INFO:  avg_profit = 0.47887 on_time_ratio = 0.00000 overall = 0.47887 val_time = 0.21
INFO:  profit_min_percent_10 = 0.23413 profit_min_percent_20 = 0.37302 profit_min_percent_30 = 0.43757
INFO:  --------------------------------------------------
INFO:  TRAIN:epoch = 48/6000 loss = 46.76800 profit_loss = 1.29470 late_loss = 3.38952 train_time = 1.36
INFO:  profit = 0.00000 on_time = 0.00000 mi_loss = 46.84221 ma_loss = 0.01256
INFO:  ----------
INFO:  avg_profit = 0.47893 on_time_ratio = 0.00000 overall = 0.47893 val_time = 0.21
INFO:  profit_min_percent_10 = 0.23413 profit_min_percent_20 = 0.37302 profit_min_percent_30 = 0.43757
INFO:  --------------------------------------------------
INFO:  TRAIN:epoch = 49/6000 loss = 46.85442 profit_loss = 1.29323 late_loss = 3.38460 train_time = 1.37
INFO:  profit = 0.00000 on_time = 0.00000 mi_loss = 46.77822 ma_loss = 0.01193
INFO:  ----------
INFO:  avg_profit = 0.47893 on_time_ratio = 0.00000 overall = 0.47893 val_time = 0.21
INFO:  profit_min_percent_10 = 0.23413 profit_min_percent_20 = 0.37302 profit_min_percent_30 = 0.43757
INFO:  --------------------------------------------------
INFO:  TRAIN:epoch = 50/6000 loss = 46.98019 profit_loss = 1.29300 late_loss = 3.40285 train_time = 1.47
INFO:  profit = 0.00000 on_time = 0.00000 mi_loss = 46.95845 ma_loss = 0.02348
INFO:  ----------
INFO:  avg_profit = 0.47887 on_time_ratio = 0.00000 overall = 0.47887 val_time = 0.21
INFO:  profit_min_percent_10 = 0.23413 profit_min_percent_20 = 0.37302 profit_min_percent_30 = 0.43757
INFO:  --------------------------------------------------
INFO:  TRAIN:epoch = 51/6000 loss = 46.99181 profit_loss = 1.29612 late_loss = 3.39196 train_time = 1.35
INFO:  profit = 0.00000 on_time = 0.00000 mi_loss = 46.88078 ma_loss = 0.01827
INFO:  ----------
INFO:  avg_profit = 0.47887 on_time_ratio = 0.00000 overall = 0.47887 val_time = 0.21
INFO:  profit_min_percent_10 = 0.23413 profit_min_percent_20 = 0.37302 profit_min_percent_30 = 0.43757
INFO:  decision_maker training stage cost time: 93.08694386482239
INFO:  best_dm_accuracy 0.4814142882823944
INFO:  best_profit 0.4814142882823944
INFO:  best_on_time 0.0
INFO:  best_pmp_1 0.2341269850730896
INFO:  best_pmp_2 0.39550071954727173
INFO:  best_pmp_3 0.39550071954727173
[1;34mwandb[0m: 
[1;34mwandb[0m: 🚀 View run [33mstill-valley-120[0m at: [34m[0m
[1;34mwandb[0m: Find logs at: [1;35mwandb/run-20251108_004819-wik6yrwy/logs[0m
